[L1C] #    525 SM 0 CACHE 0 ADDR 80000000
sm   0 warp 0 0x80000000 0x000002b7 x  5  00000000
sm   0 warp 0 0x80000004 0x5e02cfd7 v 31 11111111111111111111111111111111 00000000 00000000 00000000 00000000 00000000 00000000 00000000 00000000 00000000 00000000 00000000 00000000 00000000 00000000 00000000 00000000 00000000 00000000 00000000 00000000 00000000 00000000 00000000 00000000 00000000 00000000 00000000 00000000 00000000 00000000 00000000 00000000 
sm   0 warp 0 0x80000008 0x3c8002b7 x  5  3c800000
sm   0 warp 0 0x8000000c 0x5e02c857 v 16 11111111111111111111111111111111 3c800000 3c800000 3c800000 3c800000 3c800000 3c800000 3c800000 3c800000 3c800000 3c800000 3c800000 3c800000 3c800000 3c800000 3c800000 3c800000 3c800000 3c800000 3c800000 3c800000 3c800000 3c800000 3c800000 3c800000 3c800000 3c800000 3c800000 3c800000 3c800000 3c800000 3c800000 3c800000 
sm   0 warp 0 0x80000010 0x3727c2b7 x  5  3727c000
sm   0 warp 0 0x80000014 0x5ac28293 x  5  3727c5ac
sm   0 warp 0 0x80000018 0x5e02c8d7 v 17 11111111111111111111111111111111 3727c5ac 3727c5ac 3727c5ac 3727c5ac 3727c5ac 3727c5ac 3727c5ac 3727c5ac 3727c5ac 3727c5ac 3727c5ac 3727c5ac 3727c5ac 3727c5ac 3727c5ac 3727c5ac 3727c5ac 3727c5ac 3727c5ac 3727c5ac 3727c5ac 3727c5ac 3727c5ac 3727c5ac 3727c5ac 3727c5ac 3727c5ac 3727c5ac 3727c5ac 3727c5ac 3727c5ac 3727c5ac 
sm   0 warp 0 0x8000001c 0x3f0002b7 x  5  3f000000
sm   0 warp 0 0x80000020 0x5e02c957 v 18 11111111111111111111111111111111 3f000000 3f000000 3f000000 3f000000 3f000000 3f000000 3f000000 3f000000 3f000000 3f000000 3f000000 3f000000 3f000000 3f000000 3f000000 3f000000 3f000000 3f000000 3f000000 3f000000 3f000000 3f000000 3f000000 3f000000 3f000000 3f000000 3f000000 3f000000 3f000000 3f000000 3f000000 3f000000 
sm   0 warp 0 0x80000024 0x3fc002b7 x  5  3fc00000
sm   0 warp 0 0x80000028 0x5e02c9d7 v 19 11111111111111111111111111111111 3fc00000 3fc00000 3fc00000 3fc00000 3fc00000 3fc00000 3fc00000 3fc00000 3fc00000 3fc00000 3fc00000 3fc00000 3fc00000 3fc00000 3fc00000 3fc00000 3fc00000 3fc00000 3fc00000 3fc00000 3fc00000 3fc00000 3fc00000 3fc00000 3fc00000 3fc00000 3fc00000 3fc00000 3fc00000 3fc00000 3fc00000 3fc00000 
sm   0 warp 0 0x8000002c 0x5f3762b7 x  5  5f376000
sm   0 warp 0 0x80000030 0x9df28293 x  5  5f3759df
sm   0 warp 0 0x80000034 0x5e02ca57 v 20 11111111111111111111111111111111 5f3759df 5f3759df 5f3759df 5f3759df 5f3759df 5f3759df 5f3759df 5f3759df 5f3759df 5f3759df 5f3759df 5f3759df 5f3759df 5f3759df 5f3759df 5f3759df 5f3759df 5f3759df 5f3759df 5f3759df 5f3759df 5f3759df 5f3759df 5f3759df 5f3759df 5f3759df 5f3759df 5f3759df 5f3759df 5f3759df 5f3759df 5f3759df 
sm   0 warp 0 0x80000038 0x2bff80d7 v  1 11111111111111111111111111111111 00000000 00000000 00000000 00000000 00000000 00000000 00000000 00000000 00000000 00000000 00000000 00000000 00000000 00000000 00000000 00000000 00000000 00000000 00000000 00000000 00000000 00000000 00000000 00000000 00000000 00000000 00000000 00000000 00000000 00000000 00000000 00000000 
sm   0 warp 0 0x8000003c 0x2bff8157 v  2 11111111111111111111111111111111 00000000 00000000 00000000 00000000 00000000 00000000 00000000 00000000 00000000 00000000 00000000 00000000 00000000 00000000 00000000 00000000 00000000 00000000 00000000 00000000 00000000 00000000 00000000 00000000 00000000 00000000 00000000 00000000 00000000 00000000 00000000 00000000 
sm   0 warp 0 0x80000040 0x90000337 x  6  90000000
sm   0 warp 0 0x80000044 0x5208a557 v 10 11111111111111111111111111111111 0000001f 0000001e 0000001d 0000001c 0000001b 0000001a 00000019 00000018 00000017 00000016 00000015 00000014 00000013 00000012 00000011 00000010 0000000f 0000000e 0000000d 0000000c 0000000b 0000000a 00000009 00000008 00000007 00000006 00000005 00000004 00000003 00000002 00000001 00000000 
sm   0 warp 0 0x80000048 0x96a13557 v 10 11111111111111111111111111111111 0000007c 00000078 00000074 00000070 0000006c 00000068 00000064 00000060 0000005c 00000058 00000054 00000050 0000004c 00000048 00000044 00000040 0000003c 00000038 00000034 00000030 0000002c 00000028 00000024 00000020 0000001c 00000018 00000014 00000010 0000000c 00000008 00000004 00000000 
sm   0 warp 0 0x8000004c 0x02a34557 v 10 11111111111111111111111111111111 9000007c 90000078 90000074 90000070 9000006c 90000068 90000064 90000060 9000005c 90000058 90000054 90000050 9000004c 90000048 90000044 90000040 9000003c 90000038 90000034 90000030 9000002c 90000028 90000024 90000020 9000001c 90000018 90000014 90000010 9000000c 90000008 90000004 90000000 
sm   0 warp 0 0x80000050 0x000521fb lsu.r v  3 op 3 @ 9000007c 90000078 90000074 90000070 9000006c 90000068 90000064 90000060 9000005c 90000058 90000054 90000050 9000004c 90000048 90000044 90000040 9000003c 90000038 90000034 90000030 9000002c 90000028 90000024 90000020 9000001c 90000018 90000014 90000010 9000000c 90000008 90000004 90000000
[L1C] #    631 SM 0 CACHE 1 ADDR 90000000
sm   0 warp 0 0x80000050 0x000521fb v  3 11111111111111111111111111111111 bfc00000 3f800000 bf400000 3fe00000 00000000 bfe00000 3f400000 bf800000 3fc00000 be800000 c0000000 3f000000 bfa00000 3fa00000 bf000000 40000000 3e800000 bfc00000 3f800000 bf400000 3fe00000 00000000 bfe00000 3f400000 bf800000 3fc00000 be800000 c0000000 3f000000 bfa00000 3fa00000 bf000000 
sm   0 warp 0 0x80000054 0x023090d7 v  1 11111111111111111111111111111111 bfc00000 3f800000 bf400000 3fe00000 00000000 bfe00000 3f400000 bf800000 3fc00000 be800000 c0000000 3f000000 bfa00000 3fa00000 bf000000 40000000 3e800000 bfc00000 3f800000 bf400000 3fe00000 00000000 bfe00000 3f400000 bf800000 3fc00000 be800000 c0000000 3f000000 bfa00000 3fa00000 bf000000 
sm   0 warp 0 0x8000005c 0x90000337 x  6  90000000
sm   0 warp 0 0x80000058 0xb2319157 v  2 11111111111111111111111111111111 40100000 3f800000 3f100000 40440000 00000000 40440000 3f100000 3f800000 40100000 3d800000 40800000 3e800000 3fc80000 3fc80000 3e800000 40800000 3d800000 40100000 3f800000 3f100000 40440000 00000000 40440000 3f100000 3f800000 40100000 3d800000 40800000 3e800000 3fc80000 3fc80000 3e800000 
[L1C] #    664 SM 0 CACHE 0 ADDR 80000080
sm   0 warp 0 0x80000060 0x08030313 x  6  90000080
sm   0 warp 0 0x80000064 0x5208a557 v 10 11111111111111111111111111111111 0000001f 0000001e 0000001d 0000001c 0000001b 0000001a 00000019 00000018 00000017 00000016 00000015 00000014 00000013 00000012 00000011 00000010 0000000f 0000000e 0000000d 0000000c 0000000b 0000000a 00000009 00000008 00000007 00000006 00000005 00000004 00000003 00000002 00000001 00000000 
sm   0 warp 0 0x80000068 0x96a13557 v 10 11111111111111111111111111111111 0000007c 00000078 00000074 00000070 0000006c 00000068 00000064 00000060 0000005c 00000058 00000054 00000050 0000004c 00000048 00000044 00000040 0000003c 00000038 00000034 00000030 0000002c 00000028 00000024 00000020 0000001c 00000018 00000014 00000010 0000000c 00000008 00000004 00000000 
sm   0 warp 0 0x8000006c 0x02a34557 v 10 11111111111111111111111111111111 900000fc 900000f8 900000f4 900000f0 900000ec 900000e8 900000e4 900000e0 900000dc 900000d8 900000d4 900000d0 900000cc 900000c8 900000c4 900000c0 900000bc 900000b8 900000b4 900000b0 900000ac 900000a8 900000a4 900000a0 9000009c 90000098 90000094 90000090 9000008c 90000088 90000084 90000080 
sm   0 warp 0 0x80000070 0x000521fb lsu.r v  3 op 3 @ 900000fc 900000f8 900000f4 900000f0 900000ec 900000e8 900000e4 900000e0 900000dc 900000d8 900000d4 900000d0 900000cc 900000c8 900000c4 900000c0 900000bc 900000b8 900000b4 900000b0 900000ac 900000a8 900000a4 900000a0 9000009c 90000098 90000094 90000090 9000008c 90000088 90000084 90000080
[L1C] #    688 SM 0 CACHE 1 ADDR 90000080
sm   0 warp 0 0x80000070 0x000521fb v  3 11111111111111111111111111111111 bf400000 3fe00000 00000000 bfe00000 3f400000 bf800000 3fc00000 be800000 c0000000 3f000000 bfa00000 3fa00000 bf000000 40000000 3e800000 bfc00000 3f800000 bf400000 3fe00000 00000000 bfe00000 3f400000 bf800000 3fc00000 be800000 c0000000 3f000000 bfa00000 3fa00000 bf000000 40000000 3e800000 
sm   0 warp 0 0x80000074 0x023090d7 v  1 11111111111111111111111111111111 c0100000 40300000 bf400000 00000000 3f400000 c0300000 40100000 bfa00000 bf000000 3e800000 c0500000 3fe00000 bfe00000 40500000 be800000 3f000000 3fa00000 c0100000 40300000 bf400000 00000000 3f400000 c0300000 40100000 bfa00000 bf000000 3e800000 c0500000 3fe00000 bfe00000 40500000 be800000 
sm   0 warp 0 0x8000007c 0x70000337 x  6  70000000
sm   0 warp 0 0x80000080 0x5208a557 v 10 11111111111111111111111111111111 0000001f 0000001e 0000001d 0000001c 0000001b 0000001a 00000019 00000018 00000017 00000016 00000015 00000014 00000013 00000012 00000011 00000010 0000000f 0000000e 0000000d 0000000c 0000000b 0000000a 00000009 00000008 00000007 00000006 00000005 00000004 00000003 00000002 00000001 00000000 
sm   0 warp 0 0x80000078 0xb2319157 v  2 11111111111111111111111111111111 40340000 40820000 3f100000 40c40000 3f100000 40820000 40340000 3f880000 40c80000 3ea00000 40b20000 3fe80000 3fe80000 40b20000 3ea00000 40c80000 3f880000 40340000 40820000 3f100000 40c40000 3f100000 40820000 40340000 3f880000 40c80000 3ea00000 40b20000 3fe80000 3fe80000 40b20000 3ea00000 
sm   0 warp 0 0x80000084 0x96a13557 v 10 11111111111111111111111111111111 0000007c 00000078 00000074 00000070 0000006c 00000068 00000064 00000060 0000005c 00000058 00000054 00000050 0000004c 00000048 00000044 00000040 0000003c 00000038 00000034 00000030 0000002c 00000028 00000024 00000020 0000001c 00000018 00000014 00000010 0000000c 00000008 00000004 00000000 
sm   0 warp 0 0x80000088 0x02a34557 v 10 11111111111111111111111111111111 7000007c 70000078 70000074 70000070 7000006c 70000068 70000064 70000060 7000005c 70000058 70000054 70000050 7000004c 70000048 70000044 70000040 7000003c 70000038 70000034 70000030 7000002c 70000028 70000024 70000020 7000001c 70000018 70000014 70000010 7000000c 70000008 70000004 70000000 
sm   0 warp 0 0x8000008c 0x0015607b lsu.w v  1 op 3 mask 11111111111111111111111111111111 c0100000 40300000 bf400000 00000000 3f400000 c0300000 40100000 bfa00000 bf000000 3e800000 c0500000 3fe00000 bfe00000 40500000 be800000 3f000000 3fa00000 c0100000 40300000 bf400000 00000000 3f400000 c0300000 40100000 bfa00000 bf000000 3e800000 c0500000 3fe00000 bfe00000 40500000 be800000 @ 7000007c 70000078 70000074 70000070 7000006c 70000068 70000064 70000060 7000005c 70000058 70000054 70000050 7000004c 70000048 70000044 70000040 7000003c 70000038 70000034 70000030 7000002c 70000028 70000024 70000020 7000001c 70000018 70000014 70000010 7000000c 70000008 70000004 70000000
sm   0 warp 0 0x80000090 0x70000337 x  6  70000000
sm   0 warp 0 0x80000094 0x5208a557 v 10 11111111111111111111111111111111 0000001f 0000001e 0000001d 0000001c 0000001b 0000001a 00000019 00000018 00000017 00000016 00000015 00000014 00000013 00000012 00000011 00000010 0000000f 0000000e 0000000d 0000000c 0000000b 0000000a 00000009 00000008 00000007 00000006 00000005 00000004 00000003 00000002 00000001 00000000 
sm   0 warp 0 0x8000008c 0x0015607b lsu.w finish
sm   0 warp 0 0x80000098 0x02a83557 v 10 11111111111111111111111111111111 0000000f 0000000e 0000000d 0000000c 0000000b 0000000a 00000009 00000008 00000007 00000006 00000005 00000004 00000003 00000002 00000001 00000000 ffffffff fffffffe fffffffd fffffffc fffffffb fffffffa fffffff9 fffffff8 fffffff7 fffffff6 fffffff5 fffffff4 fffffff3 fffffff2 fffffff1 fffffff0 
sm   0 warp 0 0x8000009c 0x26afb557 v 10 11111111111111111111111111111111 0000000f 0000000e 0000000d 0000000c 0000000b 0000000a 00000009 00000008 00000007 00000006 00000005 00000004 00000003 00000002 00000001 00000000 ffffffff fffffffe fffffffd fffffffc fffffffb fffffffa fffffff9 fffffff8 fffffff7 fffffff6 fffffff5 fffffff4 fffffff3 fffffff2 fffffff1 fffffff0 
sm   0 warp 0 0x800000a0 0x96a13557 v 10 11111111111111111111111111111111 0000003c 00000038 00000034 00000030 0000002c 00000028 00000024 00000020 0000001c 00000018 00000014 00000010 0000000c 00000008 00000004 00000000 fffffffc fffffff8 fffffff4 fffffff0 ffffffec ffffffe8 ffffffe4 ffffffe0 ffffffdc ffffffd8 ffffffd4 ffffffd0 ffffffcc ffffffc8 ffffffc4 ffffffc0 
sm   0 warp 0 0x800000a4 0x02a34557 v 10 11111111111111111111111111111111 7000003c 70000038 70000034 70000030 7000002c 70000028 70000024 70000020 7000001c 70000018 70000014 70000010 7000000c 70000008 70000004 70000000 6ffffffc 6ffffff8 6ffffff4 6ffffff0 6fffffec 6fffffe8 6fffffe4 6fffffe0 6fffffdc 6fffffd8 6fffffd4 6fffffd0 6fffffcc 6fffffc8 6fffffc4 6fffffc0 
sm   0 warp 0 0x800000a8 0x0005227b lsu.r v  4 op 3 @ 7000003c 70000038 70000034 70000030 7000002c 70000028 70000024 70000020 7000001c 70000018 70000014 70000010 7000000c 70000008 70000004 70000000 6ffffffc 6ffffff8 6ffffff4 6ffffff0 6fffffec 6fffffe8 6fffffe4 6fffffe0 6fffffdc 6fffffd8 6fffffd4 6fffffd0 6fffffcc 6fffffc8 6fffffc4 6fffffc0
[L1C] #    769 SM 0 CACHE 1 ADDR 6fffff80
[L1C] #    770 SM 0 CACHE 1 ADDR 70000000
sm   0 warp 0 0x800000a8 0x0005227b v  4 11111111111111111111111111111111 00000000 00000000 00000000 00000000 00000000 00000000 00000000 00000000 00000000 00000000 00000000 00000000 00000000 00000000 00000000 00000000 00000000 00000000 00000000 00000000 00000000 00000000 00000000 00000000 00000000 00000000 00000000 00000000 00000000 00000000 00000000 00000000 
sm   0 warp 0 0x800000b0 0x70000337 x  6  70000000
sm   0 warp 0 0x800000ac 0x024090d7 v  1 11111111111111111111111111111111 c0100000 40300000 bf400000 00000000 3f400000 c0300000 40100000 bfa00000 bf000000 3e800000 c0500000 3fe00000 bfe00000 40500000 be800000 3f000000 3fa00000 c0100000 40300000 bf400000 00000000 3f400000 c0300000 40100000 bfa00000 bf000000 3e800000 c0500000 3fe00000 bfe00000 40500000 be800000 
sm   0 warp 0 0x800000b4 0x5208a557 v 10 11111111111111111111111111111111 0000001f 0000001e 0000001d 0000001c 0000001b 0000001a 00000019 00000018 00000017 00000016 00000015 00000014 00000013 00000012 00000011 00000010 0000000f 0000000e 0000000d 0000000c 0000000b 0000000a 00000009 00000008 00000007 00000006 00000005 00000004 00000003 00000002 00000001 00000000 
sm   0 warp 0 0x800000b8 0x96a13557 v 10 11111111111111111111111111111111 0000007c 00000078 00000074 00000070 0000006c 00000068 00000064 00000060 0000005c 00000058 00000054 00000050 0000004c 00000048 00000044 00000040 0000003c 00000038 00000034 00000030 0000002c 00000028 00000024 00000020 0000001c 00000018 00000014 00000010 0000000c 00000008 00000004 00000000 
sm   0 warp 0 0x800000bc 0x02a34557 v 10 11111111111111111111111111111111 7000007c 70000078 70000074 70000070 7000006c 70000068 70000064 70000060 7000005c 70000058 70000054 70000050 7000004c 70000048 70000044 70000040 7000003c 70000038 70000034 70000030 7000002c 70000028 70000024 70000020 7000001c 70000018 70000014 70000010 7000000c 70000008 70000004 70000000 
sm   0 warp 0 0x800000c0 0x0015607b lsu.w v  1 op 3 mask 11111111111111111111111111111111 c0100000 40300000 bf400000 00000000 3f400000 c0300000 40100000 bfa00000 bf000000 3e800000 c0500000 3fe00000 bfe00000 40500000 be800000 3f000000 3fa00000 c0100000 40300000 bf400000 00000000 3f400000 c0300000 40100000 bfa00000 bf000000 3e800000 c0500000 3fe00000 bfe00000 40500000 be800000 @ 7000007c 70000078 70000074 70000070 7000006c 70000068 70000064 70000060 7000005c 70000058 70000054 70000050 7000004c 70000048 70000044 70000040 7000003c 70000038 70000034 70000030 7000002c 70000028 70000024 70000020 7000001c 70000018 70000014 70000010 7000000c 70000008 70000004 70000000
sm   0 warp 0 0x800000c4 0x70000337 x  6  70000000
sm   0 warp 0 0x800000c8 0x5208a557 v 10 11111111111111111111111111111111 0000001f 0000001e 0000001d 0000001c 0000001b 0000001a 00000019 00000018 00000017 00000016 00000015 00000014 00000013 00000012 00000011 00000010 0000000f 0000000e 0000000d 0000000c 0000000b 0000000a 00000009 00000008 00000007 00000006 00000005 00000004 00000003 00000002 00000001 00000000 
sm   0 warp 0 0x800000c0 0x0015607b lsu.w finish
sm   0 warp 0 0x800000cc 0x02a43557 v 10 11111111111111111111111111111111 00000027 00000026 00000025 00000024 00000023 00000022 00000021 00000020 0000001f 0000001e 0000001d 0000001c 0000001b 0000001a 00000019 00000018 00000017 00000016 00000015 00000014 00000013 00000012 00000011 00000010 0000000f 0000000e 0000000d 0000000c 0000000b 0000000a 00000009 00000008 
sm   0 warp 0 0x800000d0 0x26afb557 v 10 11111111111111111111111111111111 00000027 00000026 00000025 00000024 00000023 00000022 00000021 00000020 0000001f 0000001e 0000001d 0000001c 0000001b 0000001a 00000019 00000018 00000017 00000016 00000015 00000014 00000013 00000012 00000011 00000010 0000000f 0000000e 0000000d 0000000c 0000000b 0000000a 00000009 00000008 
sm   0 warp 0 0x800000d4 0x96a13557 v 10 11111111111111111111111111111111 0000009c 00000098 00000094 00000090 0000008c 00000088 00000084 00000080 0000007c 00000078 00000074 00000070 0000006c 00000068 00000064 00000060 0000005c 00000058 00000054 00000050 0000004c 00000048 00000044 00000040 0000003c 00000038 00000034 00000030 0000002c 00000028 00000024 00000020 
sm   0 warp 0 0x800000d8 0x02a34557 v 10 11111111111111111111111111111111 7000009c 70000098 70000094 70000090 7000008c 70000088 70000084 70000080 7000007c 70000078 70000074 70000070 7000006c 70000068 70000064 70000060 7000005c 70000058 70000054 70000050 7000004c 70000048 70000044 70000040 7000003c 70000038 70000034 70000030 7000002c 70000028 70000024 70000020 
sm   0 warp 0 0x800000dc 0x0005227b lsu.r v  4 op 3 @ 7000009c 70000098 70000094 70000090 7000008c 70000088 70000084 70000080 7000007c 70000078 70000074 70000070 7000006c 70000068 70000064 70000060 7000005c 70000058 70000054 70000050 7000004c 70000048 70000044 70000040 7000003c 70000038 70000034 70000030 7000002c 70000028 70000024 70000020
[L1C] #    842 SM 0 CACHE 0 ADDR 80000100
sm   0 warp 0 0x800000dc 0x0005227b v  4 11111111111111111111111111111111 edab41ec c1ce2dfd 7ba9126f 220ac775 7a1dfa7c c21770e6 73332c99 76d637ef c0100000 40300000 bf400000 00000000 3f400000 c0300000 40100000 bfa00000 bf000000 3e800000 c0500000 3fe00000 bfe00000 40500000 be800000 3f000000 3fa00000 c0100000 40300000 bf400000 00000000 3f400000 c0300000 40100000 
sm   0 warp 0 0x800000e4 0x70000337 x  6  70000000
sm   0 warp 0 0x800000e0 0x024090d7 v  1 11111111111111111111111111111111 edab41ec c1b82dfd 7ba9126f 220ac775 7a1dfa7c c22270e6 73332c99 76d637ef c0300000 40400000 c0800000 3fe00000 bf800000 3f000000 40000000 bf400000 3f400000 c0000000 bf000000 3f800000 bfe00000 40800000 c0400000 40300000 00000000 c0300000 40400000 c0800000 3fe00000 bf800000 3f000000 40000000 
sm   0 warp 0 0x800000e8 0x5208a557 v 10 11111111111111111111111111111111 0000001f 0000001e 0000001d 0000001c 0000001b 0000001a 00000019 00000018 00000017 00000016 00000015 00000014 00000013 00000012 00000011 00000010 0000000f 0000000e 0000000d 0000000c 0000000b 0000000a 00000009 00000008 00000007 00000006 00000005 00000004 00000003 00000002 00000001 00000000 
[L1C] #    858 SM 0 CACHE 0 ADDR 80000100
sm   0 warp 0 0x800000ec 0x96a13557 v 10 11111111111111111111111111111111 0000007c 00000078 00000074 00000070 0000006c 00000068 00000064 00000060 0000005c 00000058 00000054 00000050 0000004c 00000048 00000044 00000040 0000003c 00000038 00000034 00000030 0000002c 00000028 00000024 00000020 0000001c 00000018 00000014 00000010 0000000c 00000008 00000004 00000000 
sm   0 warp 0 0x800000f0 0x02a34557 v 10 11111111111111111111111111111111 7000007c 70000078 70000074 70000070 7000006c 70000068 70000064 70000060 7000005c 70000058 70000054 70000050 7000004c 70000048 70000044 70000040 7000003c 70000038 70000034 70000030 7000002c 70000028 70000024 70000020 7000001c 70000018 70000014 70000010 7000000c 70000008 70000004 70000000 
sm   0 warp 0 0x800000f4 0x0015607b lsu.w v  1 op 3 mask 11111111111111111111111111111111 edab41ec c1b82dfd 7ba9126f 220ac775 7a1dfa7c c22270e6 73332c99 76d637ef c0300000 40400000 c0800000 3fe00000 bf800000 3f000000 40000000 bf400000 3f400000 c0000000 bf000000 3f800000 bfe00000 40800000 c0400000 40300000 00000000 c0300000 40400000 c0800000 3fe00000 bf800000 3f000000 40000000 @ 7000007c 70000078 70000074 70000070 7000006c 70000068 70000064 70000060 7000005c 70000058 70000054 70000050 7000004c 70000048 70000044 70000040 7000003c 70000038 70000034 70000030 7000002c 70000028 70000024 70000020 7000001c 70000018 70000014 70000010 7000000c 70000008 70000004 70000000
sm   0 warp 0 0x800000f8 0x70000337 x  6  70000000
sm   0 warp 0 0x800000fc 0x5208a557 v 10 11111111111111111111111111111111 0000001f 0000001e 0000001d 0000001c 0000001b 0000001a 00000019 00000018 00000017 00000016 00000015 00000014 00000013 00000012 00000011 00000010 0000000f 0000000e 0000000d 0000000c 0000000b 0000000a 00000009 00000008 00000007 00000006 00000005 00000004 00000003 00000002 00000001 00000000 
sm   0 warp 0 0x800000f4 0x0015607b lsu.w finish
sm   0 warp 0 0x80000100 0x02a23557 v 10 11111111111111111111111111111111 00000023 00000022 00000021 00000020 0000001f 0000001e 0000001d 0000001c 0000001b 0000001a 00000019 00000018 00000017 00000016 00000015 00000014 00000013 00000012 00000011 00000010 0000000f 0000000e 0000000d 0000000c 0000000b 0000000a 00000009 00000008 00000007 00000006 00000005 00000004 
sm   0 warp 0 0x80000104 0x26afb557 v 10 11111111111111111111111111111111 00000023 00000022 00000021 00000020 0000001f 0000001e 0000001d 0000001c 0000001b 0000001a 00000019 00000018 00000017 00000016 00000015 00000014 00000013 00000012 00000011 00000010 0000000f 0000000e 0000000d 0000000c 0000000b 0000000a 00000009 00000008 00000007 00000006 00000005 00000004 
sm   0 warp 0 0x80000108 0x96a13557 v 10 11111111111111111111111111111111 0000008c 00000088 00000084 00000080 0000007c 00000078 00000074 00000070 0000006c 00000068 00000064 00000060 0000005c 00000058 00000054 00000050 0000004c 00000048 00000044 00000040 0000003c 00000038 00000034 00000030 0000002c 00000028 00000024 00000020 0000001c 00000018 00000014 00000010 
sm   0 warp 0 0x8000010c 0x02a34557 v 10 11111111111111111111111111111111 7000008c 70000088 70000084 70000080 7000007c 70000078 70000074 70000070 7000006c 70000068 70000064 70000060 7000005c 70000058 70000054 70000050 7000004c 70000048 70000044 70000040 7000003c 70000038 70000034 70000030 7000002c 70000028 70000024 70000020 7000001c 70000018 70000014 70000010 
sm   0 warp 0 0x80000110 0x0005227b lsu.r v  4 op 3 @ 7000008c 70000088 70000084 70000080 7000007c 70000078 70000074 70000070 7000006c 70000068 70000064 70000060 7000005c 70000058 70000054 70000050 7000004c 70000048 70000044 70000040 7000003c 70000038 70000034 70000030 7000002c 70000028 70000024 70000020 7000001c 70000018 70000014 70000010
sm   0 warp 0 0x80000110 0x0005227b v  4 11111111111111111111111111111111 7a1dfa7c c21770e6 73332c99 76d637ef edab41ec c1b82dfd 7ba9126f 220ac775 7a1dfa7c c22270e6 73332c99 76d637ef c0300000 40400000 c0800000 3fe00000 bf800000 3f000000 40000000 bf400000 3f400000 c0000000 bf000000 3f800000 bfe00000 40800000 c0400000 40300000 00000000 c0300000 40400000 c0800000 
sm   0 warp 0 0x80000118 0x70000337 x  6  70000000
sm   0 warp 0 0x80000114 0x024090d7 v  1 11111111111111111111111111111111 7a1dfa7c c27387e4 7ba912c9 76d637ef 7a1dfa7c c27e87e4 7ba912c9 76d637ef 7a1dfa7c c21670e6 73332c99 76d637ef c0700000 40600000 c0000000 3f800000 be800000 bfc00000 3fc00000 3e800000 bf800000 40000000 c0600000 40700000 bfe00000 3fa00000 00000000 bfa00000 3fe00000 c0700000 40600000 c0000000 
sm   0 warp 0 0x8000011c 0x5208a557 v 10 11111111111111111111111111111111 0000001f 0000001e 0000001d 0000001c 0000001b 0000001a 00000019 00000018 00000017 00000016 00000015 00000014 00000013 00000012 00000011 00000010 0000000f 0000000e 0000000d 0000000c 0000000b 0000000a 00000009 00000008 00000007 00000006 00000005 00000004 00000003 00000002 00000001 00000000 
sm   0 warp 0 0x80000120 0x96a13557 v 10 11111111111111111111111111111111 0000007c 00000078 00000074 00000070 0000006c 00000068 00000064 00000060 0000005c 00000058 00000054 00000050 0000004c 00000048 00000044 00000040 0000003c 00000038 00000034 00000030 0000002c 00000028 00000024 00000020 0000001c 00000018 00000014 00000010 0000000c 00000008 00000004 00000000 
sm   0 warp 0 0x80000124 0x02a34557 v 10 11111111111111111111111111111111 7000007c 70000078 70000074 70000070 7000006c 70000068 70000064 70000060 7000005c 70000058 70000054 70000050 7000004c 70000048 70000044 70000040 7000003c 70000038 70000034 70000030 7000002c 70000028 70000024 70000020 7000001c 70000018 70000014 70000010 7000000c 70000008 70000004 70000000 
sm   0 warp 0 0x80000128 0x0015607b lsu.w v  1 op 3 mask 11111111111111111111111111111111 7a1dfa7c c27387e4 7ba912c9 76d637ef 7a1dfa7c c27e87e4 7ba912c9 76d637ef 7a1dfa7c c21670e6 73332c99 76d637ef c0700000 40600000 c0000000 3f800000 be800000 bfc00000 3fc00000 3e800000 bf800000 40000000 c0600000 40700000 bfe00000 3fa00000 00000000 bfa00000 3fe00000 c0700000 40600000 c0000000 @ 7000007c 70000078 70000074 70000070 7000006c 70000068 70000064 70000060 7000005c 70000058 70000054 70000050 7000004c 70000048 70000044 70000040 7000003c 70000038 70000034 70000030 7000002c 70000028 70000024 70000020 7000001c 70000018 70000014 70000010 7000000c 70000008 70000004 70000000
sm   0 warp 0 0x8000012c 0x70000337 x  6  70000000
sm   0 warp 0 0x80000130 0x5208a557 v 10 11111111111111111111111111111111 0000001f 0000001e 0000001d 0000001c 0000001b 0000001a 00000019 00000018 00000017 00000016 00000015 00000014 00000013 00000012 00000011 00000010 0000000f 0000000e 0000000d 0000000c 0000000b 0000000a 00000009 00000008 00000007 00000006 00000005 00000004 00000003 00000002 00000001 00000000 
sm   0 warp 0 0x80000128 0x0015607b lsu.w finish
sm   0 warp 0 0x80000134 0x02a13557 v 10 11111111111111111111111111111111 00000021 00000020 0000001f 0000001e 0000001d 0000001c 0000001b 0000001a 00000019 00000018 00000017 00000016 00000015 00000014 00000013 00000012 00000011 00000010 0000000f 0000000e 0000000d 0000000c 0000000b 0000000a 00000009 00000008 00000007 00000006 00000005 00000004 00000003 00000002 
sm   0 warp 0 0x80000138 0x26afb557 v 10 11111111111111111111111111111111 00000021 00000020 0000001f 0000001e 0000001d 0000001c 0000001b 0000001a 00000019 00000018 00000017 00000016 00000015 00000014 00000013 00000012 00000011 00000010 0000000f 0000000e 0000000d 0000000c 0000000b 0000000a 00000009 00000008 00000007 00000006 00000005 00000004 00000003 00000002 
sm   0 warp 0 0x8000013c 0x96a13557 v 10 11111111111111111111111111111111 00000084 00000080 0000007c 00000078 00000074 00000070 0000006c 00000068 00000064 00000060 0000005c 00000058 00000054 00000050 0000004c 00000048 00000044 00000040 0000003c 00000038 00000034 00000030 0000002c 00000028 00000024 00000020 0000001c 00000018 00000014 00000010 0000000c 00000008 
sm   0 warp 0 0x80000140 0x02a34557 v 10 11111111111111111111111111111111 70000084 70000080 7000007c 70000078 70000074 70000070 7000006c 70000068 70000064 70000060 7000005c 70000058 70000054 70000050 7000004c 70000048 70000044 70000040 7000003c 70000038 70000034 70000030 7000002c 70000028 70000024 70000020 7000001c 70000018 70000014 70000010 7000000c 70000008 
sm   0 warp 0 0x80000144 0x0005227b lsu.r v  4 op 3 @ 70000084 70000080 7000007c 70000078 70000074 70000070 7000006c 70000068 70000064 70000060 7000005c 70000058 70000054 70000050 7000004c 70000048 70000044 70000040 7000003c 70000038 70000034 70000030 7000002c 70000028 70000024 70000020 7000001c 70000018 70000014 70000010 7000000c 70000008
sm   0 warp 0 0x80000144 0x0005227b v  4 11111111111111111111111111111111 73332c99 76d637ef 7a1dfa7c c27387e4 7ba912c9 76d637ef 7a1dfa7c c27e87e4 7ba912c9 76d637ef 7a1dfa7c c21670e6 73332c99 76d637ef c0700000 40600000 c0000000 3f800000 be800000 bfc00000 3fc00000 3e800000 bf800000 40000000 c0600000 40700000 bfe00000 3fa00000 00000000 bfa00000 3fe00000 c0700000 
sm   0 warp 0 0x8000014c 0x70000337 x  6  70000000
sm   0 warp 0 0x80000148 0x024090d7 v  1 11111111111111111111111111111111 7a1dfd49 76d637ef 7bbcd218 76d637ef 7bbcd218 76d637ef 7bbcd218 76d637ef 7bbcd218 76d637ef 7a1dfd49 76d637ef 73332c99 76d637ef c0b80000 40900000 c0100000 bf000000 3fa00000 bfa00000 3f000000 40100000 c0900000 40b80000 c0a80000 40a00000 bfe00000 00000000 3fe00000 c0a00000 40a80000 c0b80000 
sm   0 warp 0 0x80000150 0x5208a557 v 10 11111111111111111111111111111111 0000001f 0000001e 0000001d 0000001c 0000001b 0000001a 00000019 00000018 00000017 00000016 00000015 00000014 00000013 00000012 00000011 00000010 0000000f 0000000e 0000000d 0000000c 0000000b 0000000a 00000009 00000008 00000007 00000006 00000005 00000004 00000003 00000002 00000001 00000000 
sm   0 warp 0 0x80000154 0x96a13557 v 10 11111111111111111111111111111111 0000007c 00000078 00000074 00000070 0000006c 00000068 00000064 00000060 0000005c 00000058 00000054 00000050 0000004c 00000048 00000044 00000040 0000003c 00000038 00000034 00000030 0000002c 00000028 00000024 00000020 0000001c 00000018 00000014 00000010 0000000c 00000008 00000004 00000000 
sm   0 warp 0 0x80000158 0x02a34557 v 10 11111111111111111111111111111111 7000007c 70000078 70000074 70000070 7000006c 70000068 70000064 70000060 7000005c 70000058 70000054 70000050 7000004c 70000048 70000044 70000040 7000003c 70000038 70000034 70000030 7000002c 70000028 70000024 70000020 7000001c 70000018 70000014 70000010 7000000c 70000008 70000004 70000000 
sm   0 warp 0 0x8000015c 0x0015607b lsu.w v  1 op 3 mask 11111111111111111111111111111111 7a1dfd49 76d637ef 7bbcd218 76d637ef 7bbcd218 76d637ef 7bbcd218 76d637ef 7bbcd218 76d637ef 7a1dfd49 76d637ef 73332c99 76d637ef c0b80000 40900000 c0100000 bf000000 3fa00000 bfa00000 3f000000 40100000 c0900000 40b80000 c0a80000 40a00000 bfe00000 00000000 3fe00000 c0a00000 40a80000 c0b80000 @ 7000007c 70000078 70000074 70000070 7000006c 70000068 70000064 70000060 7000005c 70000058 70000054 70000050 7000004c 70000048 70000044 70000040 7000003c 70000038 70000034 70000030 7000002c 70000028 70000024 70000020 7000001c 70000018 70000014 70000010 7000000c 70000008 70000004 70000000
[L1C] #    993 SM 0 CACHE 0 ADDR 80000180
sm   0 warp 0 0x80000160 0x70000337 x  6  70000000
sm   0 warp 0 0x80000164 0x5208a557 v 10 11111111111111111111111111111111 0000001f 0000001e 0000001d 0000001c 0000001b 0000001a 00000019 00000018 00000017 00000016 00000015 00000014 00000013 00000012 00000011 00000010 0000000f 0000000e 0000000d 0000000c 0000000b 0000000a 00000009 00000008 00000007 00000006 00000005 00000004 00000003 00000002 00000001 00000000 
sm   0 warp 0 0x8000015c 0x0015607b lsu.w finish
sm   0 warp 0 0x80000168 0x02a0b557 v 10 11111111111111111111111111111111 00000020 0000001f 0000001e 0000001d 0000001c 0000001b 0000001a 00000019 00000018 00000017 00000016 00000015 00000014 00000013 00000012 00000011 00000010 0000000f 0000000e 0000000d 0000000c 0000000b 0000000a 00000009 00000008 00000007 00000006 00000005 00000004 00000003 00000002 00000001 
sm   0 warp 0 0x8000016c 0x26afb557 v 10 11111111111111111111111111111111 00000020 0000001f 0000001e 0000001d 0000001c 0000001b 0000001a 00000019 00000018 00000017 00000016 00000015 00000014 00000013 00000012 00000011 00000010 0000000f 0000000e 0000000d 0000000c 0000000b 0000000a 00000009 00000008 00000007 00000006 00000005 00000004 00000003 00000002 00000001 
sm   0 warp 0 0x80000170 0x96a13557 v 10 11111111111111111111111111111111 00000080 0000007c 00000078 00000074 00000070 0000006c 00000068 00000064 00000060 0000005c 00000058 00000054 00000050 0000004c 00000048 00000044 00000040 0000003c 00000038 00000034 00000030 0000002c 00000028 00000024 00000020 0000001c 00000018 00000014 00000010 0000000c 00000008 00000004 
sm   0 warp 0 0x80000174 0x02a34557 v 10 11111111111111111111111111111111 70000080 7000007c 70000078 70000074 70000070 7000006c 70000068 70000064 70000060 7000005c 70000058 70000054 70000050 7000004c 70000048 70000044 70000040 7000003c 70000038 70000034 70000030 7000002c 70000028 70000024 70000020 7000001c 70000018 70000014 70000010 7000000c 70000008 70000004 
sm   0 warp 0 0x80000178 0x0005227b lsu.r v  4 op 3 @ 70000080 7000007c 70000078 70000074 70000070 7000006c 70000068 70000064 70000060 7000005c 70000058 70000054 70000050 7000004c 70000048 70000044 70000040 7000003c 70000038 70000034 70000030 7000002c 70000028 70000024 70000020 7000001c 70000018 70000014 70000010 7000000c 70000008 70000004
sm   0 warp 0 0x80000178 0x0005227b v  4 11111111111111111111111111111111 76d637ef 7a1dfd49 76d637ef 7bbcd218 76d637ef 7bbcd218 76d637ef 7bbcd218 76d637ef 7bbcd218 76d637ef 7a1dfd49 76d637ef 73332c99 76d637ef c0b80000 40900000 c0100000 bf000000 3fa00000 bfa00000 3f000000 40100000 c0900000 40b80000 c0a80000 40a00000 bfe00000 00000000 3fe00000 c0a00000 40a80000 
sm   0 warp 0 0x80000180 0x70000337 x  6  70000000
sm   0 warp 0 0x8000017c 0x024090d7 v  1 11111111111111111111111111111111 7a1fa9b9 7a1fa9b9 7bbd07a6 7bbd07a6 7bbd07a6 7bbd07a6 7bbd07a6 7bbd07a6 7bbd07a6 7bbd07a6 7a1fa9b9 7a1fa9b9 76d79e48 76d79e48 76d637ef bfa00000 40100000 c0300000 3f400000 00000000 bf400000 40300000 c0100000 3fa00000 3f000000 be800000 40500000 bfe00000 3fe00000 c0500000 3e800000 bf000000 
sm   0 warp 0 0x80000184 0x5208a557 v 10 11111111111111111111111111111111 0000001f 0000001e 0000001d 0000001c 0000001b 0000001a 00000019 00000018 00000017 00000016 00000015 00000014 00000013 00000012 00000011 00000010 0000000f 0000000e 0000000d 0000000c 0000000b 0000000a 00000009 00000008 00000007 00000006 00000005 00000004 00000003 00000002 00000001 00000000 
sm   0 warp 0 0x80000188 0x96a13557 v 10 11111111111111111111111111111111 0000007c 00000078 00000074 00000070 0000006c 00000068 00000064 00000060 0000005c 00000058 00000054 00000050 0000004c 00000048 00000044 00000040 0000003c 00000038 00000034 00000030 0000002c 00000028 00000024 00000020 0000001c 00000018 00000014 00000010 0000000c 00000008 00000004 00000000 
sm   0 warp 0 0x8000018c 0x02a34557 v 10 11111111111111111111111111111111 7000007c 70000078 70000074 70000070 7000006c 70000068 70000064 70000060 7000005c 70000058 70000054 70000050 7000004c 70000048 70000044 70000040 7000003c 70000038 70000034 70000030 7000002c 70000028 70000024 70000020 7000001c 70000018 70000014 70000010 7000000c 70000008 70000004 70000000 
sm   0 warp 0 0x80000190 0x0015607b lsu.w v  1 op 3 mask 11111111111111111111111111111111 7a1fa9b9 7a1fa9b9 7bbd07a6 7bbd07a6 7bbd07a6 7bbd07a6 7bbd07a6 7bbd07a6 7bbd07a6 7bbd07a6 7a1fa9b9 7a1fa9b9 76d79e48 76d79e48 76d637ef bfa00000 40100000 c0300000 3f400000 00000000 bf400000 40300000 c0100000 3fa00000 3f000000 be800000 40500000 bfe00000 3fe00000 c0500000 3e800000 bf000000 @ 7000007c 70000078 70000074 70000070 7000006c 70000068 70000064 70000060 7000005c 70000058 70000054 70000050 7000004c 70000048 70000044 70000040 7000003c 70000038 70000034 70000030 7000002c 70000028 70000024 70000020 7000001c 70000018 70000014 70000010 7000000c 70000008 70000004 70000000
sm   0 warp 0 0x80000194 0x70000337 x  6  70000000
sm   0 warp 0 0x80000190 0x0015607b lsu.w finish
sm   0 warp 0 0x80000198 0x10030313 x  6  70000100
sm   0 warp 0 0x8000019c 0x5208a557 v 10 11111111111111111111111111111111 0000001f 0000001e 0000001d 0000001c 0000001b 0000001a 00000019 00000018 00000017 00000016 00000015 00000014 00000013 00000012 00000011 00000010 0000000f 0000000e 0000000d 0000000c 0000000b 0000000a 00000009 00000008 00000007 00000006 00000005 00000004 00000003 00000002 00000001 00000000 
sm   0 warp 0 0x800001a0 0x96a13557 v 10 11111111111111111111111111111111 0000007c 00000078 00000074 00000070 0000006c 00000068 00000064 00000060 0000005c 00000058 00000054 00000050 0000004c 00000048 00000044 00000040 0000003c 00000038 00000034 00000030 0000002c 00000028 00000024 00000020 0000001c 00000018 00000014 00000010 0000000c 00000008 00000004 00000000 
sm   0 warp 0 0x800001a4 0x02a34557 v 10 11111111111111111111111111111111 7000017c 70000178 70000174 70000170 7000016c 70000168 70000164 70000160 7000015c 70000158 70000154 70000150 7000014c 70000148 70000144 70000140 7000013c 70000138 70000134 70000130 7000012c 70000128 70000124 70000120 7000011c 70000118 70000114 70000110 7000010c 70000108 70000104 70000100 
sm   0 warp 0 0x800001a8 0x0025607b lsu.w v  2 op 3 mask 11111111111111111111111111111111 40340000 40820000 3f100000 40c40000 3f100000 40820000 40340000 3f880000 40c80000 3ea00000 40b20000 3fe80000 3fe80000 40b20000 3ea00000 40c80000 3f880000 40340000 40820000 3f100000 40c40000 3f100000 40820000 40340000 3f880000 40c80000 3ea00000 40b20000 3fe80000 3fe80000 40b20000 3ea00000 @ 7000017c 70000178 70000174 70000170 7000016c 70000168 70000164 70000160 7000015c 70000158 70000154 70000150 7000014c 70000148 70000144 70000140 7000013c 70000138 70000134 70000130 7000012c 70000128 70000124 70000120 7000011c 70000118 70000114 70000110 7000010c 70000108 70000104 70000100
sm   0 warp 0 0x800001ac 0x70000337 x  6  70000000
sm   0 warp 0 0x800001a8 0x0025607b lsu.w finish
sm   0 warp 0 0x800001b0 0x10030313 x  6  70000100
sm   0 warp 0 0x800001b4 0x5208a557 v 10 11111111111111111111111111111111 0000001f 0000001e 0000001d 0000001c 0000001b 0000001a 00000019 00000018 00000017 00000016 00000015 00000014 00000013 00000012 00000011 00000010 0000000f 0000000e 0000000d 0000000c 0000000b 0000000a 00000009 00000008 00000007 00000006 00000005 00000004 00000003 00000002 00000001 00000000 
sm   0 warp 0 0x800001b8 0x02a83557 v 10 11111111111111111111111111111111 0000000f 0000000e 0000000d 0000000c 0000000b 0000000a 00000009 00000008 00000007 00000006 00000005 00000004 00000003 00000002 00000001 00000000 ffffffff fffffffe fffffffd fffffffc fffffffb fffffffa fffffff9 fffffff8 fffffff7 fffffff6 fffffff5 fffffff4 fffffff3 fffffff2 fffffff1 fffffff0 
sm   0 warp 0 0x800001bc 0x26afb557 v 10 11111111111111111111111111111111 0000000f 0000000e 0000000d 0000000c 0000000b 0000000a 00000009 00000008 00000007 00000006 00000005 00000004 00000003 00000002 00000001 00000000 ffffffff fffffffe fffffffd fffffffc fffffffb fffffffa fffffff9 fffffff8 fffffff7 fffffff6 fffffff5 fffffff4 fffffff3 fffffff2 fffffff1 fffffff0 
sm   0 warp 0 0x800001c0 0x96a13557 v 10 11111111111111111111111111111111 0000003c 00000038 00000034 00000030 0000002c 00000028 00000024 00000020 0000001c 00000018 00000014 00000010 0000000c 00000008 00000004 00000000 fffffffc fffffff8 fffffff4 fffffff0 ffffffec ffffffe8 ffffffe4 ffffffe0 ffffffdc ffffffd8 ffffffd4 ffffffd0 ffffffcc ffffffc8 ffffffc4 ffffffc0 
sm   0 warp 0 0x800001c4 0x02a34557 v 10 11111111111111111111111111111111 7000013c 70000138 70000134 70000130 7000012c 70000128 70000124 70000120 7000011c 70000118 70000114 70000110 7000010c 70000108 70000104 70000100 700000fc 700000f8 700000f4 700000f0 700000ec 700000e8 700000e4 700000e0 700000dc 700000d8 700000d4 700000d0 700000cc 700000c8 700000c4 700000c0 
sm   0 warp 0 0x800001c8 0x0005227b lsu.r v  4 op 3 @ 7000013c 70000138 70000134 70000130 7000012c 70000128 70000124 70000120 7000011c 70000118 70000114 70000110 7000010c 70000108 70000104 70000100 700000fc 700000f8 700000f4 700000f0 700000ec 700000e8 700000e4 700000e0 700000dc 700000d8 700000d4 700000d0 700000cc 700000c8 700000c4 700000c0
sm   0 warp 0 0x800001c8 0x0005227b v  4 11111111111111111111111111111111 3f880000 40340000 40820000 3f100000 40c40000 3f100000 40820000 40340000 3f880000 40c80000 3ea00000 40b20000 3fe80000 3fe80000 40b20000 3ea00000 2426e27e 3762e3b7 9ea53c6b 4c43c1a3 85d5356f 0c1c0c4d cc062113 d57508a7 3383b10c 4640c17a 228754fd c329cc8a f1112748 e86b071f 731c3705 12a0bb10 
sm   0 warp 0 0x800001d0 0x70000337 x  6  70000000
sm   0 warp 0 0x800001cc 0x02411157 v  2 11111111111111111111111111111111 40780000 40dc0000 40940000 40d60000 40d60000 40940000 40dc0000 40780000 40ea0000 40d20000 40bc0000 40ec0000 40680000 40ec0000 40bc0000 40d20000 3f880000 40340039 40820000 4c43c1a3 40c40000 3f100000 cc062112 d57508a7 3f880001 4640da7a 3ea00000 c3243c8a f1112748 e86b071f 731c3705 3ea00000 
sm   0 warp 0 0x800001d4 0x10030313 x  6  70000100
sm   0 warp 0 0x800001d8 0x5208a557 v 10 11111111111111111111111111111111 0000001f 0000001e 0000001d 0000001c 0000001b 0000001a 00000019 00000018 00000017 00000016 00000015 00000014 00000013 00000012 00000011 00000010 0000000f 0000000e 0000000d 0000000c 0000000b 0000000a 00000009 00000008 00000007 00000006 00000005 00000004 00000003 00000002 00000001 00000000 
sm   0 warp 0 0x800001dc 0x96a13557 v 10 11111111111111111111111111111111 0000007c 00000078 00000074 00000070 0000006c 00000068 00000064 00000060 0000005c 00000058 00000054 00000050 0000004c 00000048 00000044 00000040 0000003c 00000038 00000034 00000030 0000002c 00000028 00000024 00000020 0000001c 00000018 00000014 00000010 0000000c 00000008 00000004 00000000 
[L1C] #   1138 SM 0 CACHE 0 ADDR 80000200
sm   0 warp 0 0x800001e0 0x02a34557 v 10 11111111111111111111111111111111 7000017c 70000178 70000174 70000170 7000016c 70000168 70000164 70000160 7000015c 70000158 70000154 70000150 7000014c 70000148 70000144 70000140 7000013c 70000138 70000134 70000130 7000012c 70000128 70000124 70000120 7000011c 70000118 70000114 70000110 7000010c 70000108 70000104 70000100 
sm   0 warp 0 0x800001e4 0x0025607b lsu.w v  2 op 3 mask 11111111111111111111111111111111 40780000 40dc0000 40940000 40d60000 40d60000 40940000 40dc0000 40780000 40ea0000 40d20000 40bc0000 40ec0000 40680000 40ec0000 40bc0000 40d20000 3f880000 40340039 40820000 4c43c1a3 40c40000 3f100000 cc062112 d57508a7 3f880001 4640da7a 3ea00000 c3243c8a f1112748 e86b071f 731c3705 3ea00000 @ 7000017c 70000178 70000174 70000170 7000016c 70000168 70000164 70000160 7000015c 70000158 70000154 70000150 7000014c 70000148 70000144 70000140 7000013c 70000138 70000134 70000130 7000012c 70000128 70000124 70000120 7000011c 70000118 70000114 70000110 7000010c 70000108 70000104 70000100
sm   0 warp 0 0x800001e8 0x70000337 x  6  70000000
sm   0 warp 0 0x800001e4 0x0025607b lsu.w finish
sm   0 warp 0 0x800001ec 0x10030313 x  6  70000100
sm   0 warp 0 0x800001f0 0x5208a557 v 10 11111111111111111111111111111111 0000001f 0000001e 0000001d 0000001c 0000001b 0000001a 00000019 00000018 00000017 00000016 00000015 00000014 00000013 00000012 00000011 00000010 0000000f 0000000e 0000000d 0000000c 0000000b 0000000a 00000009 00000008 00000007 00000006 00000005 00000004 00000003 00000002 00000001 00000000 
sm   0 warp 0 0x800001f4 0x02a43557 v 10 11111111111111111111111111111111 00000027 00000026 00000025 00000024 00000023 00000022 00000021 00000020 0000001f 0000001e 0000001d 0000001c 0000001b 0000001a 00000019 00000018 00000017 00000016 00000015 00000014 00000013 00000012 00000011 00000010 0000000f 0000000e 0000000d 0000000c 0000000b 0000000a 00000009 00000008 
sm   0 warp 0 0x800001f8 0x26afb557 v 10 11111111111111111111111111111111 00000027 00000026 00000025 00000024 00000023 00000022 00000021 00000020 0000001f 0000001e 0000001d 0000001c 0000001b 0000001a 00000019 00000018 00000017 00000016 00000015 00000014 00000013 00000012 00000011 00000010 0000000f 0000000e 0000000d 0000000c 0000000b 0000000a 00000009 00000008 
sm   0 warp 0 0x800001fc 0x96a13557 v 10 11111111111111111111111111111111 0000009c 00000098 00000094 00000090 0000008c 00000088 00000084 00000080 0000007c 00000078 00000074 00000070 0000006c 00000068 00000064 00000060 0000005c 00000058 00000054 00000050 0000004c 00000048 00000044 00000040 0000003c 00000038 00000034 00000030 0000002c 00000028 00000024 00000020 
sm   0 warp 0 0x80000200 0x02a34557 v 10 11111111111111111111111111111111 7000019c 70000198 70000194 70000190 7000018c 70000188 70000184 70000180 7000017c 70000178 70000174 70000170 7000016c 70000168 70000164 70000160 7000015c 70000158 70000154 70000150 7000014c 70000148 70000144 70000140 7000013c 70000138 70000134 70000130 7000012c 70000128 70000124 70000120 
sm   0 warp 0 0x80000204 0x0005227b lsu.r v  4 op 3 @ 7000019c 70000198 70000194 70000190 7000018c 70000188 70000184 70000180 7000017c 70000178 70000174 70000170 7000016c 70000168 70000164 70000160 7000015c 70000158 70000154 70000150 7000014c 70000148 70000144 70000140 7000013c 70000138 70000134 70000130 7000012c 70000128 70000124 70000120
sm   0 warp 0 0x80000204 0x0005227b v  4 11111111111111111111111111111111 4f446d1e 603d4fe3 b4419800 436511ca e16956b3 99392628 795c986d 1536aad9 40780000 40dc0000 40940000 40d60000 40d60000 40940000 40dc0000 40780000 40ea0000 40d20000 40bc0000 40ec0000 40680000 40ec0000 40bc0000 40d20000 3f880000 40340039 40820000 4c43c1a3 40c40000 3f100000 cc062112 d57508a7 
sm   0 warp 0 0x8000020c 0x70000337 x  6  70000000
sm   0 warp 0 0x80000208 0x02411157 v  2 11111111111111111111111111111111 4f446d1e 603d4fe3 40940000 436bc1ca e16956b3 40940000 795c986d 40780000 41330000 41570000 41280000 41610000 41250000 41400000 414c0000 41270000 41060000 4116000e 411f0000 4c43c1a5 411c0000 40fe0000 cc062111 d57508a7 40080000 4640e5ba 408c0000 4c43c17a f1112748 e86b071f 731c3705 d57508a7 
sm   0 warp 0 0x80000210 0x10030313 x  6  70000100
sm   0 warp 0 0x80000214 0x5208a557 v 10 11111111111111111111111111111111 0000001f 0000001e 0000001d 0000001c 0000001b 0000001a 00000019 00000018 00000017 00000016 00000015 00000014 00000013 00000012 00000011 00000010 0000000f 0000000e 0000000d 0000000c 0000000b 0000000a 00000009 00000008 00000007 00000006 00000005 00000004 00000003 00000002 00000001 00000000 
sm   0 warp 0 0x80000218 0x96a13557 v 10 11111111111111111111111111111111 0000007c 00000078 00000074 00000070 0000006c 00000068 00000064 00000060 0000005c 00000058 00000054 00000050 0000004c 00000048 00000044 00000040 0000003c 00000038 00000034 00000030 0000002c 00000028 00000024 00000020 0000001c 00000018 00000014 00000010 0000000c 00000008 00000004 00000000 
sm   0 warp 0 0x8000021c 0x02a34557 v 10 11111111111111111111111111111111 7000017c 70000178 70000174 70000170 7000016c 70000168 70000164 70000160 7000015c 70000158 70000154 70000150 7000014c 70000148 70000144 70000140 7000013c 70000138 70000134 70000130 7000012c 70000128 70000124 70000120 7000011c 70000118 70000114 70000110 7000010c 70000108 70000104 70000100 
sm   0 warp 0 0x80000220 0x0025607b lsu.w v  2 op 3 mask 11111111111111111111111111111111 4f446d1e 603d4fe3 40940000 436bc1ca e16956b3 40940000 795c986d 40780000 41330000 41570000 41280000 41610000 41250000 41400000 414c0000 41270000 41060000 4116000e 411f0000 4c43c1a5 411c0000 40fe0000 cc062111 d57508a7 40080000 4640e5ba 408c0000 4c43c17a f1112748 e86b071f 731c3705 d57508a7 @ 7000017c 70000178 70000174 70000170 7000016c 70000168 70000164 70000160 7000015c 70000158 70000154 70000150 7000014c 70000148 70000144 70000140 7000013c 70000138 70000134 70000130 7000012c 70000128 70000124 70000120 7000011c 70000118 70000114 70000110 7000010c 70000108 70000104 70000100
sm   0 warp 0 0x80000224 0x70000337 x  6  70000000
sm   0 warp 0 0x80000220 0x0025607b lsu.w finish
sm   0 warp 0 0x80000228 0x10030313 x  6  70000100
sm   0 warp 0 0x8000022c 0x5208a557 v 10 11111111111111111111111111111111 0000001f 0000001e 0000001d 0000001c 0000001b 0000001a 00000019 00000018 00000017 00000016 00000015 00000014 00000013 00000012 00000011 00000010 0000000f 0000000e 0000000d 0000000c 0000000b 0000000a 00000009 00000008 00000007 00000006 00000005 00000004 00000003 00000002 00000001 00000000 
sm   0 warp 0 0x80000230 0x02a23557 v 10 11111111111111111111111111111111 00000023 00000022 00000021 00000020 0000001f 0000001e 0000001d 0000001c 0000001b 0000001a 00000019 00000018 00000017 00000016 00000015 00000014 00000013 00000012 00000011 00000010 0000000f 0000000e 0000000d 0000000c 0000000b 0000000a 00000009 00000008 00000007 00000006 00000005 00000004 
sm   0 warp 0 0x80000234 0x26afb557 v 10 11111111111111111111111111111111 00000023 00000022 00000021 00000020 0000001f 0000001e 0000001d 0000001c 0000001b 0000001a 00000019 00000018 00000017 00000016 00000015 00000014 00000013 00000012 00000011 00000010 0000000f 0000000e 0000000d 0000000c 0000000b 0000000a 00000009 00000008 00000007 00000006 00000005 00000004 
sm   0 warp 0 0x80000238 0x96a13557 v 10 11111111111111111111111111111111 0000008c 00000088 00000084 00000080 0000007c 00000078 00000074 00000070 0000006c 00000068 00000064 00000060 0000005c 00000058 00000054 00000050 0000004c 00000048 00000044 00000040 0000003c 00000038 00000034 00000030 0000002c 00000028 00000024 00000020 0000001c 00000018 00000014 00000010 
sm   0 warp 0 0x8000023c 0x02a34557 v 10 11111111111111111111111111111111 7000018c 70000188 70000184 70000180 7000017c 70000178 70000174 70000170 7000016c 70000168 70000164 70000160 7000015c 70000158 70000154 70000150 7000014c 70000148 70000144 70000140 7000013c 70000138 70000134 70000130 7000012c 70000128 70000124 70000120 7000011c 70000118 70000114 70000110 
sm   0 warp 0 0x80000240 0x0005227b lsu.r v  4 op 3 @ 7000018c 70000188 70000184 70000180 7000017c 70000178 70000174 70000170 7000016c 70000168 70000164 70000160 7000015c 70000158 70000154 70000150 7000014c 70000148 70000144 70000140 7000013c 70000138 70000134 70000130 7000012c 70000128 70000124 70000120 7000011c 70000118 70000114 70000110
sm   0 warp 0 0x80000240 0x0005227b v  4 11111111111111111111111111111111 e16956b3 99392628 795c986d 1536aad9 4f446d1e 603d4fe3 40940000 436bc1ca e16956b3 40940000 795c986d 40780000 41330000 41570000 41280000 41610000 41250000 41400000 414c0000 41270000 41060000 4116000e 411f0000 4c43c1a5 411c0000 40fe0000 cc062111 d57508a7 40080000 4640e5ba 408c0000 4c43c17a 
sm   0 warp 0 0x80000248 0x70000337 x  6  70000000
sm   0 warp 0 0x80000244 0x02411157 v  2 11111111111111111111111111111111 e16956b3 603d4fe3 795c986d 436bc1ca e16956b3 603d4fe3 795c986d 436fa1ca e16956b3 41908000 795c986d 418f8000 41ac0000 41cb8000 41ba0000 41c40000 41958000 41ab0007 41b58000 4c43c1a8 41910000 418a8007 cc06210f d5750876 413e0000 4641057a cc062110 d5750876 f1112748 e86b071f 731c3705 d5750876 
sm   0 warp 0 0x8000024c 0x10030313 x  6  70000100
sm   0 warp 0 0x80000250 0x5208a557 v 10 11111111111111111111111111111111 0000001f 0000001e 0000001d 0000001c 0000001b 0000001a 00000019 00000018 00000017 00000016 00000015 00000014 00000013 00000012 00000011 00000010 0000000f 0000000e 0000000d 0000000c 0000000b 0000000a 00000009 00000008 00000007 00000006 00000005 00000004 00000003 00000002 00000001 00000000 
sm   0 warp 0 0x80000254 0x96a13557 v 10 11111111111111111111111111111111 0000007c 00000078 00000074 00000070 0000006c 00000068 00000064 00000060 0000005c 00000058 00000054 00000050 0000004c 00000048 00000044 00000040 0000003c 00000038 00000034 00000030 0000002c 00000028 00000024 00000020 0000001c 00000018 00000014 00000010 0000000c 00000008 00000004 00000000 
sm   0 warp 0 0x80000258 0x02a34557 v 10 11111111111111111111111111111111 7000017c 70000178 70000174 70000170 7000016c 70000168 70000164 70000160 7000015c 70000158 70000154 70000150 7000014c 70000148 70000144 70000140 7000013c 70000138 70000134 70000130 7000012c 70000128 70000124 70000120 7000011c 70000118 70000114 70000110 7000010c 70000108 70000104 70000100 
[L1C] #   1290 SM 0 CACHE 0 ADDR 80000280
sm   0 warp 0 0x8000025c 0x0025607b lsu.w v  2 op 3 mask 11111111111111111111111111111111 e16956b3 603d4fe3 795c986d 436bc1ca e16956b3 603d4fe3 795c986d 436fa1ca e16956b3 41908000 795c986d 418f8000 41ac0000 41cb8000 41ba0000 41c40000 41958000 41ab0007 41b58000 4c43c1a8 41910000 418a8007 cc06210f d5750876 413e0000 4641057a cc062110 d5750876 f1112748 e86b071f 731c3705 d5750876 @ 7000017c 70000178 70000174 70000170 7000016c 70000168 70000164 70000160 7000015c 70000158 70000154 70000150 7000014c 70000148 70000144 70000140 7000013c 70000138 70000134 70000130 7000012c 70000128 70000124 70000120 7000011c 70000118 70000114 70000110 7000010c 70000108 70000104 70000100
sm   0 warp 0 0x80000260 0x70000337 x  6  70000000
sm   0 warp 0 0x8000025c 0x0025607b lsu.w finish
sm   0 warp 0 0x80000264 0x10030313 x  6  70000100
sm   0 warp 0 0x80000268 0x5208a557 v 10 11111111111111111111111111111111 0000001f 0000001e 0000001d 0000001c 0000001b 0000001a 00000019 00000018 00000017 00000016 00000015 00000014 00000013 00000012 00000011 00000010 0000000f 0000000e 0000000d 0000000c 0000000b 0000000a 00000009 00000008 00000007 00000006 00000005 00000004 00000003 00000002 00000001 00000000 
sm   0 warp 0 0x8000026c 0x02a13557 v 10 11111111111111111111111111111111 00000021 00000020 0000001f 0000001e 0000001d 0000001c 0000001b 0000001a 00000019 00000018 00000017 00000016 00000015 00000014 00000013 00000012 00000011 00000010 0000000f 0000000e 0000000d 0000000c 0000000b 0000000a 00000009 00000008 00000007 00000006 00000005 00000004 00000003 00000002 
sm   0 warp 0 0x80000270 0x26afb557 v 10 11111111111111111111111111111111 00000021 00000020 0000001f 0000001e 0000001d 0000001c 0000001b 0000001a 00000019 00000018 00000017 00000016 00000015 00000014 00000013 00000012 00000011 00000010 0000000f 0000000e 0000000d 0000000c 0000000b 0000000a 00000009 00000008 00000007 00000006 00000005 00000004 00000003 00000002 
sm   0 warp 0 0x80000274 0x96a13557 v 10 11111111111111111111111111111111 00000084 00000080 0000007c 00000078 00000074 00000070 0000006c 00000068 00000064 00000060 0000005c 00000058 00000054 00000050 0000004c 00000048 00000044 00000040 0000003c 00000038 00000034 00000030 0000002c 00000028 00000024 00000020 0000001c 00000018 00000014 00000010 0000000c 00000008 
sm   0 warp 0 0x80000278 0x02a34557 v 10 11111111111111111111111111111111 70000184 70000180 7000017c 70000178 70000174 70000170 7000016c 70000168 70000164 70000160 7000015c 70000158 70000154 70000150 7000014c 70000148 70000144 70000140 7000013c 70000138 70000134 70000130 7000012c 70000128 70000124 70000120 7000011c 70000118 70000114 70000110 7000010c 70000108 
sm   0 warp 0 0x8000027c 0x0005227b lsu.r v  4 op 3 @ 70000184 70000180 7000017c 70000178 70000174 70000170 7000016c 70000168 70000164 70000160 7000015c 70000158 70000154 70000150 7000014c 70000148 70000144 70000140 7000013c 70000138 70000134 70000130 7000012c 70000128 70000124 70000120 7000011c 70000118 70000114 70000110 7000010c 70000108
sm   0 warp 0 0x8000027c 0x0005227b v  4 11111111111111111111111111111111 795c986d 1536aad9 e16956b3 603d4fe3 795c986d 436bc1ca e16956b3 603d4fe3 795c986d 436fa1ca e16956b3 41908000 795c986d 418f8000 41ac0000 41cb8000 41ba0000 41c40000 41958000 41ab0007 41b58000 4c43c1a8 41910000 418a8007 cc06210f d5750876 413e0000 4641057a cc062110 d5750876 f1112748 e86b071f 
sm   0 warp 0 0x80000284 0x70000337 x  6  70000000
sm   0 warp 0 0x80000280 0x02411157 v  2 11111111111111111111111111111111 795c986d 603d4fe3 795c986d 603d4fe3 795c986d 603d4fe3 795c986d 603d4fe3 795c986d 4380d8e5 795c986d 42100000 795c986d 422d8000 42330000 4247c000 4227c000 42378004 42258000 4c43c1ad 42234000 4c43c1ac cc06210a d5750876 cc06210c d5750876 cc06210d d5750876 f1112748 e86b071f 73132490 e86b071f 
sm   0 warp 0 0x80000288 0x10030313 x  6  70000100
sm   0 warp 0 0x8000028c 0x5208a557 v 10 11111111111111111111111111111111 0000001f 0000001e 0000001d 0000001c 0000001b 0000001a 00000019 00000018 00000017 00000016 00000015 00000014 00000013 00000012 00000011 00000010 0000000f 0000000e 0000000d 0000000c 0000000b 0000000a 00000009 00000008 00000007 00000006 00000005 00000004 00000003 00000002 00000001 00000000 
sm   0 warp 0 0x80000290 0x96a13557 v 10 11111111111111111111111111111111 0000007c 00000078 00000074 00000070 0000006c 00000068 00000064 00000060 0000005c 00000058 00000054 00000050 0000004c 00000048 00000044 00000040 0000003c 00000038 00000034 00000030 0000002c 00000028 00000024 00000020 0000001c 00000018 00000014 00000010 0000000c 00000008 00000004 00000000 
sm   0 warp 0 0x80000294 0x02a34557 v 10 11111111111111111111111111111111 7000017c 70000178 70000174 70000170 7000016c 70000168 70000164 70000160 7000015c 70000158 70000154 70000150 7000014c 70000148 70000144 70000140 7000013c 70000138 70000134 70000130 7000012c 70000128 70000124 70000120 7000011c 70000118 70000114 70000110 7000010c 70000108 70000104 70000100 
sm   0 warp 0 0x80000298 0x0025607b lsu.w v  2 op 3 mask 11111111111111111111111111111111 795c986d 603d4fe3 795c986d 603d4fe3 795c986d 603d4fe3 795c986d 603d4fe3 795c986d 4380d8e5 795c986d 42100000 795c986d 422d8000 42330000 4247c000 4227c000 42378004 42258000 4c43c1ad 42234000 4c43c1ac cc06210a d5750876 cc06210c d5750876 cc06210d d5750876 f1112748 e86b071f 73132490 e86b071f @ 7000017c 70000178 70000174 70000170 7000016c 70000168 70000164 70000160 7000015c 70000158 70000154 70000150 7000014c 70000148 70000144 70000140 7000013c 70000138 70000134 70000130 7000012c 70000128 70000124 70000120 7000011c 70000118 70000114 70000110 7000010c 70000108 70000104 70000100
sm   0 warp 0 0x8000029c 0x70000337 x  6  70000000
sm   0 warp 0 0x80000298 0x0025607b lsu.w finish
sm   0 warp 0 0x800002a0 0x10030313 x  6  70000100
sm   0 warp 0 0x800002a4 0x5208a557 v 10 11111111111111111111111111111111 0000001f 0000001e 0000001d 0000001c 0000001b 0000001a 00000019 00000018 00000017 00000016 00000015 00000014 00000013 00000012 00000011 00000010 0000000f 0000000e 0000000d 0000000c 0000000b 0000000a 00000009 00000008 00000007 00000006 00000005 00000004 00000003 00000002 00000001 00000000 
sm   0 warp 0 0x800002a8 0x02a0b557 v 10 11111111111111111111111111111111 00000020 0000001f 0000001e 0000001d 0000001c 0000001b 0000001a 00000019 00000018 00000017 00000016 00000015 00000014 00000013 00000012 00000011 00000010 0000000f 0000000e 0000000d 0000000c 0000000b 0000000a 00000009 00000008 00000007 00000006 00000005 00000004 00000003 00000002 00000001 
sm   0 warp 0 0x800002ac 0x26afb557 v 10 11111111111111111111111111111111 00000020 0000001f 0000001e 0000001d 0000001c 0000001b 0000001a 00000019 00000018 00000017 00000016 00000015 00000014 00000013 00000012 00000011 00000010 0000000f 0000000e 0000000d 0000000c 0000000b 0000000a 00000009 00000008 00000007 00000006 00000005 00000004 00000003 00000002 00000001 
sm   0 warp 0 0x800002b0 0x96a13557 v 10 11111111111111111111111111111111 00000080 0000007c 00000078 00000074 00000070 0000006c 00000068 00000064 00000060 0000005c 00000058 00000054 00000050 0000004c 00000048 00000044 00000040 0000003c 00000038 00000034 00000030 0000002c 00000028 00000024 00000020 0000001c 00000018 00000014 00000010 0000000c 00000008 00000004 
sm   0 warp 0 0x800002b4 0x02a34557 v 10 11111111111111111111111111111111 70000180 7000017c 70000178 70000174 70000170 7000016c 70000168 70000164 70000160 7000015c 70000158 70000154 70000150 7000014c 70000148 70000144 70000140 7000013c 70000138 70000134 70000130 7000012c 70000128 70000124 70000120 7000011c 70000118 70000114 70000110 7000010c 70000108 70000104 
sm   0 warp 0 0x800002b8 0x0005227b lsu.r v  4 op 3 @ 70000180 7000017c 70000178 70000174 70000170 7000016c 70000168 70000164 70000160 7000015c 70000158 70000154 70000150 7000014c 70000148 70000144 70000140 7000013c 70000138 70000134 70000130 7000012c 70000128 70000124 70000120 7000011c 70000118 70000114 70000110 7000010c 70000108 70000104
sm   0 warp 0 0x800002b8 0x0005227b v  4 11111111111111111111111111111111 1536aad9 795c986d 603d4fe3 795c986d 603d4fe3 795c986d 603d4fe3 795c986d 603d4fe3 795c986d 4380d8e5 795c986d 42100000 795c986d 422d8000 42330000 4247c000 4227c000 42378004 42258000 4c43c1ad 42234000 4c43c1ac cc06210a d5750876 cc06210c d5750876 cc06210d d5750876 f1112748 e86b071f 73132490 
sm   0 warp 0 0x800002c0 0x70000337 x  6  70000000
sm   0 warp 0 0x800002bc 0x02411157 v  2 11111111111111111111111111111111 795c986d 795c986d 795c986d 795c986d 795c986d 795c986d 795c986d 795c986d 795c986d 795c986d 795c986d 795c986d 795c986d 795c986d 42b04000 42bd6000 42b7c000 42afa002 42ae8002 4c43c1b7 4c43c1b7 4c43c1b6 4b768288 d5750898 d5750898 d5750898 d5750898 d5750898 f1112748 f1112783 7313248c 7313248c 
sm   0 warp 0 0x800002c4 0x10030313 x  6  70000100
sm   0 warp 0 0x800002c8 0x5208a557 v 10 11111111111111111111111111111111 0000001f 0000001e 0000001d 0000001c 0000001b 0000001a 00000019 00000018 00000017 00000016 00000015 00000014 00000013 00000012 00000011 00000010 0000000f 0000000e 0000000d 0000000c 0000000b 0000000a 00000009 00000008 00000007 00000006 00000005 00000004 00000003 00000002 00000001 00000000 
sm   0 warp 0 0x800002cc 0x96a13557 v 10 11111111111111111111111111111111 0000007c 00000078 00000074 00000070 0000006c 00000068 00000064 00000060 0000005c 00000058 00000054 00000050 0000004c 00000048 00000044 00000040 0000003c 00000038 00000034 00000030 0000002c 00000028 00000024 00000020 0000001c 00000018 00000014 00000010 0000000c 00000008 00000004 00000000 
sm   0 warp 0 0x800002d0 0x02a34557 v 10 11111111111111111111111111111111 7000017c 70000178 70000174 70000170 7000016c 70000168 70000164 70000160 7000015c 70000158 70000154 70000150 7000014c 70000148 70000144 70000140 7000013c 70000138 70000134 70000130 7000012c 70000128 70000124 70000120 7000011c 70000118 70000114 70000110 7000010c 70000108 70000104 70000100 
sm   0 warp 0 0x800002d4 0x0025607b lsu.w v  2 op 3 mask 11111111111111111111111111111111 795c986d 795c986d 795c986d 795c986d 795c986d 795c986d 795c986d 795c986d 795c986d 795c986d 795c986d 795c986d 795c986d 795c986d 42b04000 42bd6000 42b7c000 42afa002 42ae8002 4c43c1b7 4c43c1b7 4c43c1b6 4b768288 d5750898 d5750898 d5750898 d5750898 d5750898 f1112748 f1112783 7313248c 7313248c @ 7000017c 70000178 70000174 70000170 7000016c 70000168 70000164 70000160 7000015c 70000158 70000154 70000150 7000014c 70000148 70000144 70000140 7000013c 70000138 70000134 70000130 7000012c 70000128 70000124 70000120 7000011c 70000118 70000114 70000110 7000010c 70000108 70000104 70000100
sm   0 warp 0 0x800002d8 0x2a108f57 v 30 11111111111111111111111111111111 7a1fa9b9 7a1fa9b9 7bbd07a6 7bbd07a6 7bbd07a6 7bbd07a6 7bbd07a6 7bbd07a6 7bbd07a6 7bbd07a6 7a1fa9b9 7a1fa9b9 76d79e48 76d79e48 76d637ef bfa00000 40100000 c0300000 3f400000 00000000 bf400000 40300000 c0100000 3fa00000 3f000000 be800000 40500000 bfe00000 3fe00000 c0500000 3e800000 bf000000 
sm   0 warp 0 0x800002d4 0x0025607b lsu.w finish
sm   0 warp 0 0x800002dc 0x2bff80d7 v  1 11111111111111111111111111111111 00000000 00000000 00000000 00000000 00000000 00000000 00000000 00000000 00000000 00000000 00000000 00000000 00000000 00000000 00000000 00000000 00000000 00000000 00000000 00000000 00000000 00000000 00000000 00000000 00000000 00000000 00000000 00000000 00000000 00000000 00000000 00000000 
[L1C] #   1442 SM 0 CACHE 0 ADDR 80000300
sm   0 warp 0 0x800002e0 0xb30f10d7 v  1 11111111111111111111111111111111 771fa9b9 771fa9b9 78bd07a6 78bd07a6 78bd07a6 78bd07a6 78bd07a6 78bd07a6 78bd07a6 78bd07a6 771fa9b9 771fa9b9 73d79e48 73d79e48 73d637ef bca00000 3d100000 bd300000 3c400000 00000000 bc400000 3d300000 bd100000 3ca00000 3c000000 bb800000 3d500000 bce00000 3ce00000 bd500000 3b800000 bc000000 
sm   0 warp 0 0x800002e4 0x2a210f57 v 30 11111111111111111111111111111111 795c986d 795c986d 795c986d 795c986d 795c986d 795c986d 795c986d 795c986d 795c986d 795c986d 795c986d 795c986d 795c986d 795c986d 42b04000 42bd6000 42b7c000 42afa002 42ae8002 4c43c1b7 4c43c1b7 4c43c1b6 4b768288 d5750898 d5750898 d5750898 d5750898 d5750898 f1112748 f1112783 7313248c 7313248c 
sm   0 warp 0 0x800002e8 0x2bff8157 v  2 11111111111111111111111111111111 00000000 00000000 00000000 00000000 00000000 00000000 00000000 00000000 00000000 00000000 00000000 00000000 00000000 00000000 00000000 00000000 00000000 00000000 00000000 00000000 00000000 00000000 00000000 00000000 00000000 00000000 00000000 00000000 00000000 00000000 00000000 00000000 
sm   0 warp 0 0x800002ec 0xb30f1157 v  2 11111111111111111111111111111111 765c986d 765c986d 765c986d 765c986d 765c986d 765c986d 765c986d 765c986d 765c986d 765c986d 765c986d 765c986d 765c986d 765c986d 3fb04000 3fbd6000 3fb7c000 3fafa002 3fae8002 4943c1b7 4943c1b7 4943c1b6 48768288 d2750898 d2750898 d2750898 d2750898 d2750898 ee112748 ee112783 7013248c 7013248c 
sm   0 warp 0 0x800002f0 0xbe109157 v  2 11111111111111111111111111111111 7f800000 7f800000 7f800000 7f800000 7f800000 7f800000 7f800000 7f800000 7f800000 7f800000 7f800000 7f800000 7f800000 7f800000 7f800000 3fbd5380 3fb79780 3faf6382 3fae7b82 4943c1b7 4943c1b7 4943c1b6 48768288 d2750898 d2750898 d2750898 d2750898 d2750898 ee112748 ee112783 7013248c 7013248c 
sm   0 warp 0 0x800002f4 0x03111157 v  2 11111111111111111111111111111111 7f800000 7f800000 7f800000 7f800000 7f800000 7f800000 7f800000 7f800000 7f800000 7f800000 7f800000 7f800000 7f800000 7f800000 7f800000 3fbd53d4 3fb797d4 3faf63d6 3fae7bd6 4943c1b7 4943c1b7 4943c1b6 48768288 d2750898 d2750898 d2750898 d2750898 d2750898 ee112748 ee112783 7013248c 7013248c 
sm   0 warp 0 0x800002f8 0x2a2102d7 v  5 11111111111111111111111111111111 7f800000 7f800000 7f800000 7f800000 7f800000 7f800000 7f800000 7f800000 7f800000 7f800000 7f800000 7f800000 7f800000 7f800000 7f800000 3fbd53d4 3fb797d4 3faf63d6 3fae7bd6 4943c1b7 4943c1b7 4943c1b6 48768288 d2750898 d2750898 d2750898 d2750898 d2750898 ee112748 ee112783 7013248c 7013248c 
sm   0 warp 0 0x800002fc 0xa250b2d7 v  5 11111111111111111111111111111111 3fc00000 3fc00000 3fc00000 3fc00000 3fc00000 3fc00000 3fc00000 3fc00000 3fc00000 3fc00000 3fc00000 3fc00000 3fc00000 3fc00000 3fc00000 1fdea9ea 1fdbcbea 1fd7b1eb 1fd73deb 24a1e0db 24a1e0db 24a1e0db 243b4144 693a844c 693a844c 693a844c 693a844c 693a844c 770893a4 770893c1 38099246 38099246 
sm   0 warp 0 0x80000300 0x0a5a02d7 v  5 11111111111111111111111111111111 e088a621 e088a621 e088a621 e088a621 e088a621 e088a621 e088a621 e088a621 e088a621 e088a621 e088a621 e088a621 e088a621 e088a621 e088a621 c0a7500b c0a4720b c0a0580c c09fe40c c56a86fc c56a86fc c56a86fc c503e765 0a032a6d 0a032a6d 0a032a6d 0a032a6d 0a032a6d 17d139c5 17d139e2 d8d23867 d8d23867 
sm   0 warp 0 0x80000304 0x2bff8457 v  8 11111111111111111111111111111111 00000000 00000000 00000000 00000000 00000000 00000000 00000000 00000000 00000000 00000000 00000000 00000000 00000000 00000000 00000000 00000000 00000000 00000000 00000000 00000000 00000000 00000000 00000000 00000000 00000000 00000000 00000000 00000000 00000000 00000000 00000000 00000000 
sm   0 warp 0 0x80000308 0xb3211457 v  8 11111111111111111111111111111111 7f800000 7f800000 7f800000 7f800000 7f800000 7f800000 7f800000 7f800000 7f800000 7f800000 7f800000 7f800000 7f800000 7f800000 7f800000 3f3d53d4 3f3797d4 3f2f63d6 3f2e7bd6 48c3c1b7 48c3c1b7 48c3c1b6 47f68288 d1f50898 d1f50898 d1f50898 d1f50898 d1f50898 ed912748 ed912783 6f93248c 6f93248c 
sm   0 warp 0 0x8000030c 0x2bff8357 v  6 11111111111111111111111111111111 00000000 00000000 00000000 00000000 00000000 00000000 00000000 00000000 00000000 00000000 00000000 00000000 00000000 00000000 00000000 00000000 00000000 00000000 00000000 00000000 00000000 00000000 00000000 00000000 00000000 00000000 00000000 00000000 00000000 00000000 00000000 00000000 
sm   0 warp 0 0x80000310 0xb2529357 v  6 11111111111111111111111111111111 7f800000 7f800000 7f800000 7f800000 7f800000 7f800000 7f800000 7f800000 7f800000 7f800000 7f800000 7f800000 7f800000 7f800000 7f800000 41dab30f 41d344a2 41c8dc5b 41c7ba24 4b56db0c 4b56db0c 4b56db0c 4a87ed45 00000000 00000000 00000000 00000000 00000000 00000000 00000000 722ca095 722ca095 
sm   0 warp 0 0x80000314 0x2b3983d7 v  7 11111111111111111111111111111111 3fc00000 3fc00000 3fc00000 3fc00000 3fc00000 3fc00000 3fc00000 3fc00000 3fc00000 3fc00000 3fc00000 3fc00000 3fc00000 3fc00000 3fc00000 3fc00000 3fc00000 3fc00000 3fc00000 3fc00000 3fc00000 3fc00000 3fc00000 3fc00000 3fc00000 3fc00000 3fc00000 3fc00000 3fc00000 3fc00000 3fc00000 3fc00000 
sm   0 warp 0 0x80000318 0xbe6413d7 v  7 11111111111111111111111111111111 7f800000 7f800000 7f800000 7f800000 7f800000 7f800000 7f800000 7f800000 7f800000 7f800000 7f800000 7f800000 7f800000 7f800000 7f800000 c195bdcf c18b835c c17b39ef c1784244 d4a44b6f d4a44b6f d4a44b6e d302e34f 3fc00000 3fc00000 3fc00000 3fc00000 3fc00000 3fc00000 3fc00000 7f800000 7f800000 
sm   0 warp 0 0x8000031c 0x2a528f57 v 30 11111111111111111111111111111111 e088a621 e088a621 e088a621 e088a621 e088a621 e088a621 e088a621 e088a621 e088a621 e088a621 e088a621 e088a621 e088a621 e088a621 e088a621 c0a7500b c0a4720b c0a0580c c09fe40c c56a86fc c56a86fc c56a86fc c503e765 0a032a6d 0a032a6d 0a032a6d 0a032a6d 0a032a6d 17d139c5 17d139e2 d8d23867 d8d23867 
sm   0 warp 0 0x80000320 0x2bff82d7 v  5 11111111111111111111111111111111 00000000 00000000 00000000 00000000 00000000 00000000 00000000 00000000 00000000 00000000 00000000 00000000 00000000 00000000 00000000 00000000 00000000 00000000 00000000 00000000 00000000 00000000 00000000 00000000 00000000 00000000 00000000 00000000 00000000 00000000 00000000 00000000 
sm   0 warp 0 0x80000324 0xb27f12d7 v  5 11111111111111111111111111111111 7f800000 7f800000 7f800000 7f800000 7f800000 7f800000 7f800000 7f800000 7f800000 7f800000 7f800000 7f800000 7f800000 7f800000 7f800000 42c3bb48 42b33c9b 429d5a9d 429b0e4f 5a968395 5a968395 5a968394 5886e140 0a44bfa4 0a44bfa4 0a44bfa4 0a44bfa4 0a44bfa4 181ceb54 181ceb6a 7f800000 7f800000 
sm   0 warp 0 0x80000328 0x2bff8357 v  6 11111111111111111111111111111111 00000000 00000000 00000000 00000000 00000000 00000000 00000000 00000000 00000000 00000000 00000000 00000000 00000000 00000000 00000000 00000000 00000000 00000000 00000000 00000000 00000000 00000000 00000000 00000000 00000000 00000000 00000000 00000000 00000000 00000000 00000000 00000000 
sm   0 warp 0 0x8000032c 0xb2529357 v  6 11111111111111111111111111111111 7f800000 7f800000 7f800000 7f800000 7f800000 7f800000 7f800000 7f800000 7f800000 7f800000 7f800000 7f800000 7f800000 7f800000 7f800000 4615a6d9 45fafb9e 45c17089 45bbd4a9 75b0fcec 75b0fcec 75b0fcea 718e212a 00000000 00000000 00000000 00000000 00000000 00000000 00000000 7f800000 7f800000 
sm   0 warp 0 0x80000330 0x2b3983d7 v  7 11111111111111111111111111111111 3fc00000 3fc00000 3fc00000 3fc00000 3fc00000 3fc00000 3fc00000 3fc00000 3fc00000 3fc00000 3fc00000 3fc00000 3fc00000 3fc00000 3fc00000 3fc00000 3fc00000 3fc00000 3fc00000 3fc00000 3fc00000 3fc00000 3fc00000 3fc00000 3fc00000 3fc00000 3fc00000 3fc00000 3fc00000 3fc00000 3fc00000 3fc00000 
sm   0 warp 0 0x80000334 0xbe6413d7 v  7 11111111111111111111111111111111 7f800000 7f800000 7f800000 7f800000 7f800000 7f800000 7f800000 7f800000 7f800000 7f800000 7f800000 7f800000 7f800000 7f800000 7f800000 c5dd4e5e c5b3f2b8 c5847b5e c57ff2ce ff075695 ff075695 ff075693 fa08dc57 3fc00000 3fc00000 3fc00000 3fc00000 3fc00000 3fc00000 3fc00000 7f800000 7f800000 
sm   0 warp 0 0x80000338 0x2a528f57 v 30 11111111111111111111111111111111 7f800000 7f800000 7f800000 7f800000 7f800000 7f800000 7f800000 7f800000 7f800000 7f800000 7f800000 7f800000 7f800000 7f800000 7f800000 42c3bb48 42b33c9b 429d5a9d 429b0e4f 5a968395 5a968395 5a968394 5886e140 0a44bfa4 0a44bfa4 0a44bfa4 0a44bfa4 0a44bfa4 181ceb54 181ceb6a 7f800000 7f800000 
sm   0 warp 0 0x8000033c 0x2bff82d7 v  5 11111111111111111111111111111111 00000000 00000000 00000000 00000000 00000000 00000000 00000000 00000000 00000000 00000000 00000000 00000000 00000000 00000000 00000000 00000000 00000000 00000000 00000000 00000000 00000000 00000000 00000000 00000000 00000000 00000000 00000000 00000000 00000000 00000000 00000000 00000000 
sm   0 warp 0 0x80000340 0xb27f12d7 v  5 11111111111111111111111111111111 7f800000 7f800000 7f800000 7f800000 7f800000 7f800000 7f800000 7f800000 7f800000 7f800000 7f800000 7f800000 7f800000 7f800000 7f800000 c9293498 c8fbfaa1 c8a2dd1b c89b0651 7f800000 7f800000 7f800000 7f800000 0a938fbb 0a938fbb 0a938fbb 0a938fbb 0a938fbb 186b60fe 186b611f 7f800000 7f800000 
sm   0 warp 0 0x80000344 0x2bff8357 v  6 11111111111111111111111111111111 00000000 00000000 00000000 00000000 00000000 00000000 00000000 00000000 00000000 00000000 00000000 00000000 00000000 00000000 00000000 00000000 00000000 00000000 00000000 00000000 00000000 00000000 00000000 00000000 00000000 00000000 00000000 00000000 00000000 00000000 00000000 00000000 
sm   0 warp 0 0x80000348 0xb2529357 v  6 11111111111111111111111111111111 7f800000 7f800000 7f800000 7f800000 7f800000 7f800000 7f800000 7f800000 7f800000 7f800000 7f800000 7f800000 7f800000 7f800000 7f800000 52dfacf7 5278056d 51cf392a 51bbc14c 7f800000 7f800000 7f800000 7f800000 00000000 00000000 00000000 00000000 00000000 00000000 00000000 7f800000 7f800000 
sm   0 warp 0 0x8000034c 0x2b3983d7 v  7 11111111111111111111111111111111 3fc00000 3fc00000 3fc00000 3fc00000 3fc00000 3fc00000 3fc00000 3fc00000 3fc00000 3fc00000 3fc00000 3fc00000 3fc00000 3fc00000 3fc00000 3fc00000 3fc00000 3fc00000 3fc00000 3fc00000 3fc00000 3fc00000 3fc00000 3fc00000 3fc00000 3fc00000 3fc00000 3fc00000 3fc00000 3fc00000 3fc00000 3fc00000 
sm   0 warp 0 0x80000350 0xbe6413d7 v  7 11111111111111111111111111111111 7f800000 7f800000 7f800000 7f800000 7f800000 7f800000 7f800000 7f800000 7f800000 7f800000 7f800000 7f800000 7f800000 7f800000 7f800000 d2a56bf1 d231defa d18df8e4 d17ff069 7f800000 7f800000 7f800000 7f800000 3fc00000 3fc00000 3fc00000 3fc00000 3fc00000 3fc00000 3fc00000 7f800000 7f800000 
sm   0 warp 0 0x80000354 0x2a528f57 v 30 11111111111111111111111111111111 7f800000 7f800000 7f800000 7f800000 7f800000 7f800000 7f800000 7f800000 7f800000 7f800000 7f800000 7f800000 7f800000 7f800000 7f800000 c9293498 c8fbfaa1 c8a2dd1b c89b0651 7f800000 7f800000 7f800000 7f800000 0a938fbb 0a938fbb 0a938fbb 0a938fbb 0a938fbb 186b60fe 186b611f 7f800000 7f800000 
sm   0 warp 0 0x80000358 0x2bff82d7 v  5 11111111111111111111111111111111 00000000 00000000 00000000 00000000 00000000 00000000 00000000 00000000 00000000 00000000 00000000 00000000 00000000 00000000 00000000 00000000 00000000 00000000 00000000 00000000 00000000 00000000 00000000 00000000 00000000 00000000 00000000 00000000 00000000 00000000 00000000 00000000 
[L1C] #   1620 SM 0 CACHE 0 ADDR 80000380
sm   0 warp 0 0x8000035c 0xb27f12d7 v  5 11111111111111111111111111111111 7f800000 7f800000 7f800000 7f800000 7f800000 7f800000 7f800000 7f800000 7f800000 7f800000 7f800000 7f800000 7f800000 7f800000 7f800000 5c5aac7c 5baf13c3 5ab4a43e 5a9afce0 7f800000 7f800000 7f800000 7f800000 0add5798 0add5798 0add5798 0add5798 0add5798 18b088be 18b088d7 7f800000 7f800000 
sm   0 warp 0 0x80000360 0x2bff8357 v  6 11111111111111111111111111111111 00000000 00000000 00000000 00000000 00000000 00000000 00000000 00000000 00000000 00000000 00000000 00000000 00000000 00000000 00000000 00000000 00000000 00000000 00000000 00000000 00000000 00000000 00000000 00000000 00000000 00000000 00000000 00000000 00000000 00000000 00000000 00000000 
sm   0 warp 0 0x80000364 0xb2529357 v  6 11111111111111111111111111111111 7f800000 7f800000 7f800000 7f800000 7f800000 7f800000 7f800000 7f800000 7f800000 7f800000 7f800000 7f800000 7f800000 7f800000 7f800000 793aca37 77ef780c 75feeec1 75bbaa6f 7f800000 7f800000 7f800000 7f800000 00000000 00000000 00000000 00000000 00000000 00000000 00000000 7f800000 7f800000 
sm   0 warp 0 0x80000368 0x2b3983d7 v  7 11111111111111111111111111111111 3fc00000 3fc00000 3fc00000 3fc00000 3fc00000 3fc00000 3fc00000 3fc00000 3fc00000 3fc00000 3fc00000 3fc00000 3fc00000 3fc00000 3fc00000 3fc00000 3fc00000 3fc00000 3fc00000 3fc00000 3fc00000 3fc00000 3fc00000 3fc00000 3fc00000 3fc00000 3fc00000 3fc00000 3fc00000 3fc00000 3fc00000 3fc00000 
sm   0 warp 0 0x8000036c 0xbe6413d7 v  7 11111111111111111111111111111111 7f800000 7f800000 7f800000 7f800000 7f800000 7f800000 7f800000 7f800000 7f800000 7f800000 7f800000 7f800000 7f800000 7f800000 7f800000 f90a2475 f7abbcd7 f5aea8a1 f57fd13e 7f800000 7f800000 7f800000 7f800000 3fc00000 3fc00000 3fc00000 3fc00000 3fc00000 3fc00000 3fc00000 7f800000 7f800000 
sm   0 warp 0 0x80000370 0x2a528f57 v 30 11111111111111111111111111111111 7f800000 7f800000 7f800000 7f800000 7f800000 7f800000 7f800000 7f800000 7f800000 7f800000 7f800000 7f800000 7f800000 7f800000 7f800000 5c5aac7c 5baf13c3 5ab4a43e 5a9afce0 7f800000 7f800000 7f800000 7f800000 0add5798 0add5798 0add5798 0add5798 0add5798 18b088be 18b088d7 7f800000 7f800000 
sm   0 warp 0 0x80000374 0x2bff82d7 v  5 11111111111111111111111111111111 00000000 00000000 00000000 00000000 00000000 00000000 00000000 00000000 00000000 00000000 00000000 00000000 00000000 00000000 00000000 00000000 00000000 00000000 00000000 00000000 00000000 00000000 00000000 00000000 00000000 00000000 00000000 00000000 00000000 00000000 00000000 00000000 
sm   0 warp 0 0x8000037c 0x90000337 x  6  90000000
sm   0 warp 0 0x80000380 0x5208a557 v 10 11111111111111111111111111111111 0000001f 0000001e 0000001d 0000001c 0000001b 0000001a 00000019 00000018 00000017 00000016 00000015 00000014 00000013 00000012 00000011 00000010 0000000f 0000000e 0000000d 0000000c 0000000b 0000000a 00000009 00000008 00000007 00000006 00000005 00000004 00000003 00000002 00000001 00000000 
sm   0 warp 0 0x80000378 0xb27f12d7 v  5 11111111111111111111111111111111 7f800000 7f800000 7f800000 7f800000 7f800000 7f800000 7f800000 7f800000 7f800000 7f800000 7f800000 7f800000 7f800000 7f800000 7f800000 7f800000 7f800000 7f800000 7f800000 7f800000 7f800000 7f800000 7f800000 0b2601b2 0b2601b2 0b2601b2 0b2601b2 0b2601b2 1904668e 190466a1 7f800000 7f800000 
sm   0 warp 0 0x80000384 0x96a13557 v 10 11111111111111111111111111111111 0000007c 00000078 00000074 00000070 0000006c 00000068 00000064 00000060 0000005c 00000058 00000054 00000050 0000004c 00000048 00000044 00000040 0000003c 00000038 00000034 00000030 0000002c 00000028 00000024 00000020 0000001c 00000018 00000014 00000010 0000000c 00000008 00000004 00000000 
sm   0 warp 0 0x80000388 0x02a34557 v 10 11111111111111111111111111111111 9000007c 90000078 90000074 90000070 9000006c 90000068 90000064 90000060 9000005c 90000058 90000054 90000050 9000004c 90000048 90000044 90000040 9000003c 90000038 90000034 90000030 9000002c 90000028 90000024 90000020 9000001c 90000018 90000014 90000010 9000000c 90000008 90000004 90000000 
sm   0 warp 0 0x8000038c 0x000521fb lsu.r v  3 op 3 @ 9000007c 90000078 90000074 90000070 9000006c 90000068 90000064 90000060 9000005c 90000058 90000054 90000050 9000004c 90000048 90000044 90000040 9000003c 90000038 90000034 90000030 9000002c 90000028 90000024 90000020 9000001c 90000018 90000014 90000010 9000000c 90000008 90000004 90000000
sm   0 warp 0 0x8000038c 0x000521fb v  3 11111111111111111111111111111111 bfc00000 3f800000 bf400000 3fe00000 00000000 bfe00000 3f400000 bf800000 3fc00000 be800000 c0000000 3f000000 bfa00000 3fa00000 bf000000 40000000 3e800000 bfc00000 3f800000 bf400000 3fe00000 00000000 bfe00000 3f400000 bf800000 3fc00000 be800000 c0000000 3f000000 bfa00000 3fa00000 bf000000 
sm   0 warp 0 0x80000390 0x0a1191d7 v  3 11111111111111111111111111111111 771fa9b9 771fa9b9 78bd07a6 78bd07a6 78bd07a6 78bd07a6 78bd07a6 78bd07a6 78bd07a6 78bd07a6 771fa9b9 771fa9b9 73d79e48 73d79e48 73d637ef c0014000 be5c0000 3fba8000 bf7d0000 3f400000 bfe18000 3d300000 3fdb8000 bf3b0000 3f810000 bfc08000 3e9a0000 3ffc8000 bef20000 3f998000 bf9f8000 3efc0000 
sm   0 warp 0 0x80000394 0x2a318f57 v 30 11111111111111111111111111111111 771fa9b9 771fa9b9 78bd07a6 78bd07a6 78bd07a6 78bd07a6 78bd07a6 78bd07a6 78bd07a6 78bd07a6 771fa9b9 771fa9b9 73d79e48 73d79e48 73d637ef c0014000 be5c0000 3fba8000 bf7d0000 3f400000 bfe18000 3d300000 3fdb8000 bf3b0000 3f810000 bfc08000 3e9a0000 3ffc8000 bef20000 3f998000 bf9f8000 3efc0000 
sm   0 warp 0 0x80000398 0x2bff81d7 v  3 11111111111111111111111111111111 00000000 00000000 00000000 00000000 00000000 00000000 00000000 00000000 00000000 00000000 00000000 00000000 00000000 00000000 00000000 00000000 00000000 00000000 00000000 00000000 00000000 00000000 00000000 00000000 00000000 00000000 00000000 00000000 00000000 00000000 00000000 00000000 
sm   0 warp 0 0x800003a0 0x90001337 x  6  90001000
sm   0 warp 0 0x800003a4 0x5208a557 v 10 11111111111111111111111111111111 0000001f 0000001e 0000001d 0000001c 0000001b 0000001a 00000019 00000018 00000017 00000016 00000015 00000014 00000013 00000012 00000011 00000010 0000000f 0000000e 0000000d 0000000c 0000000b 0000000a 00000009 00000008 00000007 00000006 00000005 00000004 00000003 00000002 00000001 00000000 
sm   0 warp 0 0x8000039c 0xb25f11d7 v  3 11111111111111111111111111111111 7f800000 7f800000 7f800000 7f800000 7f800000 7f800000 7f800000 7f800000 7f800000 7f800000 7f800000 7f800000 7f800000 7f800000 7f800000 7f800000 7f800000 7fc00000 7f800000 7f800000 7fc00000 7f800000 7fc00000 8af2867a 0b274db5 8b79a88d 0a47ba0a 0ba3bcac 987a51e4 191ec713 7fc00000 7f800000 
sm   0 warp 0 0x800003a8 0x96a13557 v 10 11111111111111111111111111111111 0000007c 00000078 00000074 00000070 0000006c 00000068 00000064 00000060 0000005c 00000058 00000054 00000050 0000004c 00000048 00000044 00000040 0000003c 00000038 00000034 00000030 0000002c 00000028 00000024 00000020 0000001c 00000018 00000014 00000010 0000000c 00000008 00000004 00000000 
sm   0 warp 0 0x800003ac 0x02a34557 v 10 11111111111111111111111111111111 9000107c 90001078 90001074 90001070 9000106c 90001068 90001064 90001060 9000105c 90001058 90001054 90001050 9000104c 90001048 90001044 90001040 9000103c 90001038 90001034 90001030 9000102c 90001028 90001024 90001020 9000101c 90001018 90001014 90001010 9000100c 90001008 90001004 90001000 
sm   0 warp 0 0x800003b0 0x0005237b lsu.r v  6 op 3 @ 9000107c 90001078 90001074 90001070 9000106c 90001068 90001064 90001060 9000105c 90001058 90001054 90001050 9000104c 90001048 90001044 90001040 9000103c 90001038 90001034 90001030 9000102c 90001028 90001024 90001020 9000101c 90001018 90001014 90001010 9000100c 90001008 90001004 90001000
sm   0 warp 0 0x800003b4 0x90001337 x  6  90001000
[L1C] #   1727 SM 0 CACHE 1 ADDR 90001000
sm   0 warp 0 0x800003b8 0x10030313 x  6  90001100
sm   0 warp 0 0x800003bc 0x5208a557 v 10 11111111111111111111111111111111 0000001f 0000001e 0000001d 0000001c 0000001b 0000001a 00000019 00000018 00000017 00000016 00000015 00000014 00000013 00000012 00000011 00000010 0000000f 0000000e 0000000d 0000000c 0000000b 0000000a 00000009 00000008 00000007 00000006 00000005 00000004 00000003 00000002 00000001 00000000 
sm   0 warp 0 0x800003c0 0x96a13557 v 10 11111111111111111111111111111111 0000007c 00000078 00000074 00000070 0000006c 00000068 00000064 00000060 0000005c 00000058 00000054 00000050 0000004c 00000048 00000044 00000040 0000003c 00000038 00000034 00000030 0000002c 00000028 00000024 00000020 0000001c 00000018 00000014 00000010 0000000c 00000008 00000004 00000000 
sm   0 warp 0 0x800003c4 0x02a34557 v 10 11111111111111111111111111111111 9000117c 90001178 90001174 90001170 9000116c 90001168 90001164 90001160 9000115c 90001158 90001154 90001150 9000114c 90001148 90001144 90001140 9000113c 90001138 90001134 90001130 9000112c 90001128 90001124 90001120 9000111c 90001118 90001114 90001110 9000110c 90001108 90001104 90001100 
sm   0 warp 0 0x800003b0 0x0005237b v  6 11111111111111111111111111111111 3f200000 3f000000 3f800000 3f600000 3f400000 3f200000 3f000000 3f800000 3f600000 3f400000 3f200000 3f000000 3f800000 3f600000 3f400000 3f200000 3f000000 3f800000 3f600000 3f400000 3f200000 3f000000 3f800000 3f600000 3f400000 3f200000 3f000000 3f800000 3f600000 3f400000 3f200000 3f000000 
sm   0 warp 0 0x800003c8 0x000523fb lsu.r v  7 op 3 @ 9000117c 90001178 90001174 90001170 9000116c 90001168 90001164 90001160 9000115c 90001158 90001154 90001150 9000114c 90001148 90001144 90001140 9000113c 90001138 90001134 90001130 9000112c 90001128 90001124 90001120 9000111c 90001118 90001114 90001110 9000110c 90001108 90001104 90001100
sm   0 warp 0 0x800003cc 0x2a318f57 v 30 11111111111111111111111111111111 7f800000 7f800000 7f800000 7f800000 7f800000 7f800000 7f800000 7f800000 7f800000 7f800000 7f800000 7f800000 7f800000 7f800000 7f800000 7f800000 7f800000 7fc00000 7f800000 7f800000 7fc00000 7f800000 7fc00000 8af2867a 0b274db5 8b79a88d 0a47ba0a 0ba3bcac 987a51e4 191ec713 7fc00000 7f800000 
[L1C] #   1751 SM 0 CACHE 1 ADDR 90001100
sm   0 warp 0 0x800003c8 0x000523fb v  7 11111111111111111111111111111111 3ee00000 3ec00000 3ea00000 3e800000 3f200000 3f100000 3f000000 3ee00000 3ec00000 3ea00000 3e800000 3f200000 3f100000 3f000000 3ee00000 3ec00000 3ea00000 3e800000 3f200000 3f100000 3f000000 3ee00000 3ec00000 3ea00000 3e800000 3f200000 3f100000 3f000000 3ee00000 3ec00000 3ea00000 3e800000 
sm   0 warp 0 0x800003d0 0x2a7381d7 v  3 11111111111111111111111111111111 3ee00000 3ec00000 3ea00000 3e800000 3f200000 3f100000 3f000000 3ee00000 3ec00000 3ea00000 3e800000 3f200000 3f100000 3f000000 3ee00000 3ec00000 3ea00000 3e800000 3f200000 3f100000 3f000000 3ee00000 3ec00000 3ea00000 3e800000 3f200000 3f100000 3f000000 3ee00000 3ec00000 3ea00000 3e800000 
sm   0 warp 0 0x800003d8 0x90002337 x  6  90002000
sm   0 warp 0 0x800003dc 0x5208a557 v 10 11111111111111111111111111111111 0000001f 0000001e 0000001d 0000001c 0000001b 0000001a 00000019 00000018 00000017 00000016 00000015 00000014 00000013 00000012 00000011 00000010 0000000f 0000000e 0000000d 0000000c 0000000b 0000000a 00000009 00000008 00000007 00000006 00000005 00000004 00000003 00000002 00000001 00000000 
sm   0 warp 0 0x800003d4 0xb26f11d7 v  3 11111111111111111111111111111111 7f800000 7f800000 7f800000 7f800000 7f800000 7f800000 7f800000 7f800000 7f800000 7f800000 7f800000 7f800000 7f800000 7f800000 7f800000 7f800000 7f800000 7fc00000 7f800000 7f800000 7fc00000 7f800000 7fc00000 3ea00000 3e800000 3f200000 3f100000 3f000000 3ee00000 3ec00000 7fc00000 7f800000 
[L1C] #   1788 SM 0 CACHE 0 ADDR 80000400
sm   0 warp 0 0x800003e0 0x96a13557 v 10 11111111111111111111111111111111 0000007c 00000078 00000074 00000070 0000006c 00000068 00000064 00000060 0000005c 00000058 00000054 00000050 0000004c 00000048 00000044 00000040 0000003c 00000038 00000034 00000030 0000002c 00000028 00000024 00000020 0000001c 00000018 00000014 00000010 0000000c 00000008 00000004 00000000 
sm   0 warp 0 0x800003e4 0x02a34557 v 10 11111111111111111111111111111111 9000207c 90002078 90002074 90002070 9000206c 90002068 90002064 90002060 9000205c 90002058 90002054 90002050 9000204c 90002048 90002044 90002040 9000203c 90002038 90002034 90002030 9000202c 90002028 90002024 90002020 9000201c 90002018 90002014 90002010 9000200c 90002008 90002004 90002000 
sm   0 warp 0 0x800003e8 0x0035607b lsu.w v  3 op 3 mask 11111111111111111111111111111111 7f800000 7f800000 7f800000 7f800000 7f800000 7f800000 7f800000 7f800000 7f800000 7f800000 7f800000 7f800000 7f800000 7f800000 7f800000 7f800000 7f800000 7fc00000 7f800000 7f800000 7fc00000 7f800000 7fc00000 3ea00000 3e800000 3f200000 3f100000 3f000000 3ee00000 3ec00000 7fc00000 7f800000 @ 9000207c 90002078 90002074 90002070 9000206c 90002068 90002064 90002060 9000205c 90002058 90002054 90002050 9000204c 90002048 90002044 90002040 9000203c 90002038 90002034 90002030 9000202c 90002028 90002024 90002020 9000201c 90002018 90002014 90002010 9000200c 90002008 90002004 90002000
sm   0 warp 0 0x800003ec 0x90000337 x  6  90000000
[L1C] #   1805 SM 0 CACHE 1 ADDR 90002000
sm   0 warp 0 0x800003e8 0x0035607b lsu.w finish
sm   0 warp 0 0x800003f0 0x08030313 x  6  90000080
sm   0 warp 0 0x800003f4 0x5208a557 v 10 11111111111111111111111111111111 0000001f 0000001e 0000001d 0000001c 0000001b 0000001a 00000019 00000018 00000017 00000016 00000015 00000014 00000013 00000012 00000011 00000010 0000000f 0000000e 0000000d 0000000c 0000000b 0000000a 00000009 00000008 00000007 00000006 00000005 00000004 00000003 00000002 00000001 00000000 
sm   0 warp 0 0x800003f8 0x96a13557 v 10 11111111111111111111111111111111 0000007c 00000078 00000074 00000070 0000006c 00000068 00000064 00000060 0000005c 00000058 00000054 00000050 0000004c 00000048 00000044 00000040 0000003c 00000038 00000034 00000030 0000002c 00000028 00000024 00000020 0000001c 00000018 00000014 00000010 0000000c 00000008 00000004 00000000 
sm   0 warp 0 0x800003fc 0x02a34557 v 10 11111111111111111111111111111111 900000fc 900000f8 900000f4 900000f0 900000ec 900000e8 900000e4 900000e0 900000dc 900000d8 900000d4 900000d0 900000cc 900000c8 900000c4 900000c0 900000bc 900000b8 900000b4 900000b0 900000ac 900000a8 900000a4 900000a0 9000009c 90000098 90000094 90000090 9000008c 90000088 90000084 90000080 
sm   0 warp 0 0x80000400 0x000521fb lsu.r v  3 op 3 @ 900000fc 900000f8 900000f4 900000f0 900000ec 900000e8 900000e4 900000e0 900000dc 900000d8 900000d4 900000d0 900000cc 900000c8 900000c4 900000c0 900000bc 900000b8 900000b4 900000b0 900000ac 900000a8 900000a4 900000a0 9000009c 90000098 90000094 90000090 9000008c 90000088 90000084 90000080
sm   0 warp 0 0x80000400 0x000521fb v  3 11111111111111111111111111111111 bf400000 3fe00000 00000000 bfe00000 3f400000 bf800000 3fc00000 be800000 c0000000 3f000000 bfa00000 3fa00000 bf000000 40000000 3e800000 bfc00000 3f800000 bf400000 3fe00000 00000000 bfe00000 3f400000 bf800000 3fc00000 be800000 c0000000 3f000000 bfa00000 3fa00000 bf000000 40000000 3e800000 
sm   0 warp 0 0x80000404 0x0a1191d7 v  3 11111111111111111111111111111111 771fa9b9 771fa9b9 78bd07a6 78bd07a6 78bd07a6 78bd07a6 78bd07a6 78bd07a6 78bd07a6 78bd07a6 771fa9b9 771fa9b9 73d79e48 73d79e48 73d637ef 3fbd8000 bf770000 3f350000 bfde8000 00000000 3fde8000 bf350000 3f770000 bfbd8000 3e840000 3fff8000 bee60000 3f9c8000 bf9c8000 3ee60000 bfff8000 be840000 
sm   0 warp 0 0x80000408 0x2a318f57 v 30 11111111111111111111111111111111 771fa9b9 771fa9b9 78bd07a6 78bd07a6 78bd07a6 78bd07a6 78bd07a6 78bd07a6 78bd07a6 78bd07a6 771fa9b9 771fa9b9 73d79e48 73d79e48 73d637ef 3fbd8000 bf770000 3f350000 bfde8000 00000000 3fde8000 bf350000 3f770000 bfbd8000 3e840000 3fff8000 bee60000 3f9c8000 bf9c8000 3ee60000 bfff8000 be840000 
sm   0 warp 0 0x8000040c 0x2bff81d7 v  3 11111111111111111111111111111111 00000000 00000000 00000000 00000000 00000000 00000000 00000000 00000000 00000000 00000000 00000000 00000000 00000000 00000000 00000000 00000000 00000000 00000000 00000000 00000000 00000000 00000000 00000000 00000000 00000000 00000000 00000000 00000000 00000000 00000000 00000000 00000000 
sm   0 warp 0 0x80000414 0x90001337 x  6  90001000
sm   0 warp 0 0x80000410 0xb25f11d7 v  3 11111111111111111111111111111111 7f800000 7f800000 7f800000 7f800000 7f800000 7f800000 7f800000 7f800000 7f800000 7f800000 7f800000 7f800000 7f800000 7f800000 7f800000 7fc00000 7f800000 7f800000 7fc00000 7fc00000 7fc00000 7f800000 7f800000 8b75c483 0a2b31c0 0ba5aeb1 8a952586 0b4af813 9921e164 186de869 7fc00000 7f800000 
sm   0 warp 0 0x80000418 0x08030313 x  6  90001080
sm   0 warp 0 0x8000041c 0x5208a557 v 10 11111111111111111111111111111111 0000001f 0000001e 0000001d 0000001c 0000001b 0000001a 00000019 00000018 00000017 00000016 00000015 00000014 00000013 00000012 00000011 00000010 0000000f 0000000e 0000000d 0000000c 0000000b 0000000a 00000009 00000008 00000007 00000006 00000005 00000004 00000003 00000002 00000001 00000000 
sm   0 warp 0 0x80000420 0x96a13557 v 10 11111111111111111111111111111111 0000007c 00000078 00000074 00000070 0000006c 00000068 00000064 00000060 0000005c 00000058 00000054 00000050 0000004c 00000048 00000044 00000040 0000003c 00000038 00000034 00000030 0000002c 00000028 00000024 00000020 0000001c 00000018 00000014 00000010 0000000c 00000008 00000004 00000000 
sm   0 warp 0 0x80000424 0x02a34557 v 10 11111111111111111111111111111111 900010fc 900010f8 900010f4 900010f0 900010ec 900010e8 900010e4 900010e0 900010dc 900010d8 900010d4 900010d0 900010cc 900010c8 900010c4 900010c0 900010bc 900010b8 900010b4 900010b0 900010ac 900010a8 900010a4 900010a0 9000109c 90001098 90001094 90001090 9000108c 90001088 90001084 90001080 
sm   0 warp 0 0x80000428 0x0005237b lsu.r v  6 op 3 @ 900010fc 900010f8 900010f4 900010f0 900010ec 900010e8 900010e4 900010e0 900010dc 900010d8 900010d4 900010d0 900010cc 900010c8 900010c4 900010c0 900010bc 900010b8 900010b4 900010b0 900010ac 900010a8 900010a4 900010a0 9000109c 90001098 90001094 90001090 9000108c 90001088 90001084 90001080
sm   0 warp 0 0x8000042c 0x90001337 x  6  90001000
[L1C] #   1882 SM 0 CACHE 1 ADDR 90001080
sm   0 warp 0 0x80000430 0x18030313 x  6  90001180
sm   0 warp 0 0x80000434 0x5208a557 v 10 11111111111111111111111111111111 0000001f 0000001e 0000001d 0000001c 0000001b 0000001a 00000019 00000018 00000017 00000016 00000015 00000014 00000013 00000012 00000011 00000010 0000000f 0000000e 0000000d 0000000c 0000000b 0000000a 00000009 00000008 00000007 00000006 00000005 00000004 00000003 00000002 00000001 00000000 
sm   0 warp 0 0x80000438 0x96a13557 v 10 11111111111111111111111111111111 0000007c 00000078 00000074 00000070 0000006c 00000068 00000064 00000060 0000005c 00000058 00000054 00000050 0000004c 00000048 00000044 00000040 0000003c 00000038 00000034 00000030 0000002c 00000028 00000024 00000020 0000001c 00000018 00000014 00000010 0000000c 00000008 00000004 00000000 
sm   0 warp 0 0x8000043c 0x02a34557 v 10 11111111111111111111111111111111 900011fc 900011f8 900011f4 900011f0 900011ec 900011e8 900011e4 900011e0 900011dc 900011d8 900011d4 900011d0 900011cc 900011c8 900011c4 900011c0 900011bc 900011b8 900011b4 900011b0 900011ac 900011a8 900011a4 900011a0 9000119c 90001198 90001194 90001190 9000118c 90001188 90001184 90001180 
sm   0 warp 0 0x80000428 0x0005237b v  6 11111111111111111111111111111111 3f600000 3f400000 3f200000 3f000000 3f800000 3f600000 3f400000 3f200000 3f000000 3f800000 3f600000 3f400000 3f200000 3f000000 3f800000 3f600000 3f400000 3f200000 3f000000 3f800000 3f600000 3f400000 3f200000 3f000000 3f800000 3f600000 3f400000 3f200000 3f000000 3f800000 3f600000 3f400000 
sm   0 warp 0 0x80000440 0x000523fb lsu.r v  7 op 3 @ 900011fc 900011f8 900011f4 900011f0 900011ec 900011e8 900011e4 900011e0 900011dc 900011d8 900011d4 900011d0 900011cc 900011c8 900011c4 900011c0 900011bc 900011b8 900011b4 900011b0 900011ac 900011a8 900011a4 900011a0 9000119c 90001198 90001194 90001190 9000118c 90001188 90001184 90001180
sm   0 warp 0 0x80000444 0x2a318f57 v 30 11111111111111111111111111111111 7f800000 7f800000 7f800000 7f800000 7f800000 7f800000 7f800000 7f800000 7f800000 7f800000 7f800000 7f800000 7f800000 7f800000 7f800000 7fc00000 7f800000 7f800000 7fc00000 7fc00000 7fc00000 7f800000 7f800000 8b75c483 0a2b31c0 0ba5aeb1 8a952586 0b4af813 9921e164 186de869 7fc00000 7f800000 
[L1C] #   1906 SM 0 CACHE 1 ADDR 90001180
sm   0 warp 0 0x80000440 0x000523fb v  7 11111111111111111111111111111111 3e800000 3f200000 3f100000 3f000000 3ee00000 3ec00000 3ea00000 3e800000 3f200000 3f100000 3f000000 3ee00000 3ec00000 3ea00000 3e800000 3f200000 3f100000 3f000000 3ee00000 3ec00000 3ea00000 3e800000 3f200000 3f100000 3f000000 3ee00000 3ec00000 3ea00000 3e800000 3f200000 3f100000 3f000000 
sm   0 warp 0 0x80000448 0x2a7381d7 v  3 11111111111111111111111111111111 3e800000 3f200000 3f100000 3f000000 3ee00000 3ec00000 3ea00000 3e800000 3f200000 3f100000 3f000000 3ee00000 3ec00000 3ea00000 3e800000 3f200000 3f100000 3f000000 3ee00000 3ec00000 3ea00000 3e800000 3f200000 3f100000 3f000000 3ee00000 3ec00000 3ea00000 3e800000 3f200000 3f100000 3f000000 
sm   0 warp 0 0x80000450 0x90002337 x  6  90002000
sm   0 warp 0 0x8000044c 0xb26f11d7 v  3 11111111111111111111111111111111 7f800000 7f800000 7f800000 7f800000 7f800000 7f800000 7f800000 7f800000 7f800000 7f800000 7f800000 7f800000 7f800000 7f800000 7f800000 7fc00000 7f800000 7f800000 7fc00000 7fc00000 7fc00000 7f800000 7f800000 3f100000 3f000000 3ee00000 3ec00000 3ea00000 3e800000 3f200000 7fc00000 7f800000 
sm   0 warp 0 0x80000454 0x08030313 x  6  90002080
sm   0 warp 0 0x80000458 0x5208a557 v 10 11111111111111111111111111111111 0000001f 0000001e 0000001d 0000001c 0000001b 0000001a 00000019 00000018 00000017 00000016 00000015 00000014 00000013 00000012 00000011 00000010 0000000f 0000000e 0000000d 0000000c 0000000b 0000000a 00000009 00000008 00000007 00000006 00000005 00000004 00000003 00000002 00000001 00000000 
sm   0 warp 0 0x8000045c 0x96a13557 v 10 11111111111111111111111111111111 0000007c 00000078 00000074 00000070 0000006c 00000068 00000064 00000060 0000005c 00000058 00000054 00000050 0000004c 00000048 00000044 00000040 0000003c 00000038 00000034 00000030 0000002c 00000028 00000024 00000020 0000001c 00000018 00000014 00000010 0000000c 00000008 00000004 00000000 
[L1C] #   1951 SM 0 CACHE 0 ADDR 80000480
sm   0 warp 0 0x80000460 0x02a34557 v 10 11111111111111111111111111111111 900020fc 900020f8 900020f4 900020f0 900020ec 900020e8 900020e4 900020e0 900020dc 900020d8 900020d4 900020d0 900020cc 900020c8 900020c4 900020c0 900020bc 900020b8 900020b4 900020b0 900020ac 900020a8 900020a4 900020a0 9000209c 90002098 90002094 90002090 9000208c 90002088 90002084 90002080 
sm   0 warp 0 0x80000464 0x0035607b lsu.w v  3 op 3 mask 11111111111111111111111111111111 7f800000 7f800000 7f800000 7f800000 7f800000 7f800000 7f800000 7f800000 7f800000 7f800000 7f800000 7f800000 7f800000 7f800000 7f800000 7fc00000 7f800000 7f800000 7fc00000 7fc00000 7fc00000 7f800000 7f800000 3f100000 3f000000 3ee00000 3ec00000 3ea00000 3e800000 3f200000 7fc00000 7f800000 @ 900020fc 900020f8 900020f4 900020f0 900020ec 900020e8 900020e4 900020e0 900020dc 900020d8 900020d4 900020d0 900020cc 900020c8 900020c4 900020c0 900020bc 900020b8 900020b4 900020b0 900020ac 900020a8 900020a4 900020a0 9000209c 90002098 90002094 90002090 9000208c 90002088 90002084 90002080
sm   0 warp 0 0x80000468 0x0000400b endprg
[L1C] #   1965 SM 0 CACHE 1 ADDR 90002080
sm   0 warp 0 0x80000464 0x0035607b lsu.w finish
[L1C] #   1982 SM 0 CACHE 1 ADDR 6fffff80
[L1C] #   3013 SM 0 CACHE 1 ADDR 6fffff80
