
Warning: (W569) sc_module(const char*), sc_module(const std::string&) have been deprecated, use sc_module(const sc_module_name&): RamulatorWrapper
In file: ${REMOTE_FLOW_ROOT}/deps/systemc/src/sysc/kernel/sc_module.cpp:248
Create new vmem for kernel vector_fadd-16, ptroot=0x1000 [trace main.cpp:83]
Start loading data for kernel vector_fadd-16, ptroot=0x1000 [trace main.cpp:188]
kernel 0 vector_fadd-16 initialized, size={1,1,1} @0ns,0 [info context_model.cpp:23]

Warning: (W509) module construction not properly completed: did you forget to add a sc_module_name parameter to your module constructor?: module 'RamulatorWrapper'
In file: ${REMOTE_FLOW_ROOT}/deps/systemc/src/sysc/kernel/sc_module.cpp:409
SM 1 warp 1 receive kernel 0 vector_fadd-16 block 0 warp 0 @15ns,1 [trace BASE.cpp:244]
SM 1 warp 1 0x80000004               LUI_0x3f8002b7 WB x[005]=0x3f800000 @125ns,1 [trace regfile.cpp:87]
SM 1 warp 1 0x80000000           VXOR_VV_0x2e1080d7 mask=FFFFFFFF WB v[001]={00000000 00000000 00000000 00000000 00000000 00000000 00000000 00000000 00000000 00000000 00000000 00000000 00000000 00000000 00000000 00000000 00000000 00000000 00000000 00000000 00000000 00000000 00000000 00000000 00000000 00000000 00000000 00000000 00000000 00000000 00000000 00000000}; s1=1 s2=1 s3=1 @135ns,1 [trace regfile.cpp:109]
SM 1 warp 1 0x80000008           VADD_VX_0x0212c157 mask=FFFFFFFF WB v[002]={3f800000 3f800000 3f800000 3f800000 3f800000 3f800000 3f800000 3f800000 3f800000 3f800000 3f800000 3f800000 3f800000 3f800000 3f800000 3f800000 3f800000 3f800000 3f800000 3f800000 3f800000 3f800000 3f800000 3f800000 3f800000 3f800000 3f800000 3f800000 3f800000 3f800000 3f800000 3f800000}; s1=5 s2=1 s3=2 @225ns,1 [trace regfile.cpp:109]
SM 1 warp 1 0x8000000c          VFADD_VV_0x021110d7 mask=FFFFFFFF WB v[001]={3f800000 3f800000 3f800000 3f800000 3f800000 3f800000 3f800000 3f800000 3f800000 3f800000 3f800000 3f800000 3f800000 3f800000 3f800000 3f800000 3f800000 3f800000 3f800000 3f800000 3f800000 3f800000 3f800000 3f800000 3f800000 3f800000 3f800000 3f800000 3f800000 3f800000 3f800000 3f800000}; s1=2 s2=1 s3=1 @325ns,1 [trace regfile.cpp:109]
SM 1 warp 1 0x80000010          VFADD_VV_0x021110d7 mask=FFFFFFFF WB v[001]={40000000 40000000 40000000 40000000 40000000 40000000 40000000 40000000 40000000 40000000 40000000 40000000 40000000 40000000 40000000 40000000 40000000 40000000 40000000 40000000 40000000 40000000 40000000 40000000 40000000 40000000 40000000 40000000 40000000 40000000 40000000 40000000}; s1=2 s2=1 s3=1 @425ns,1 [trace regfile.cpp:109]
SM 1 warp 1 0x80000014          VFADD_VV_0x021110d7 mask=FFFFFFFF WB v[001]={40400000 40400000 40400000 40400000 40400000 40400000 40400000 40400000 40400000 40400000 40400000 40400000 40400000 40400000 40400000 40400000 40400000 40400000 40400000 40400000 40400000 40400000 40400000 40400000 40400000 40400000 40400000 40400000 40400000 40400000 40400000 40400000}; s1=2 s2=1 s3=1 @525ns,1 [trace regfile.cpp:109]
SM 1 warp 1 0x80000018          VFADD_VV_0x021110d7 mask=FFFFFFFF WB v[001]={40800000 40800000 40800000 40800000 40800000 40800000 40800000 40800000 40800000 40800000 40800000 40800000 40800000 40800000 40800000 40800000 40800000 40800000 40800000 40800000 40800000 40800000 40800000 40800000 40800000 40800000 40800000 40800000 40800000 40800000 40800000 40800000}; s1=2 s2=1 s3=1 @625ns,1 [trace regfile.cpp:109]
SM 1 warp 1 0x8000001c          VFADD_VV_0x021110d7 mask=FFFFFFFF WB v[001]={40a00000 40a00000 40a00000 40a00000 40a00000 40a00000 40a00000 40a00000 40a00000 40a00000 40a00000 40a00000 40a00000 40a00000 40a00000 40a00000 40a00000 40a00000 40a00000 40a00000 40a00000 40a00000 40a00000 40a00000 40a00000 40a00000 40a00000 40a00000 40a00000 40a00000 40a00000 40a00000}; s1=2 s2=1 s3=1 @725ns,1 [trace regfile.cpp:109]
SM 1 warp 1 0x80000020          VFADD_VV_0x021110d7 mask=FFFFFFFF WB v[001]={40c00000 40c00000 40c00000 40c00000 40c00000 40c00000 40c00000 40c00000 40c00000 40c00000 40c00000 40c00000 40c00000 40c00000 40c00000 40c00000 40c00000 40c00000 40c00000 40c00000 40c00000 40c00000 40c00000 40c00000 40c00000 40c00000 40c00000 40c00000 40c00000 40c00000 40c00000 40c00000}; s1=2 s2=1 s3=1 @825ns,1 [trace regfile.cpp:109]
SM 1 warp 1 0x80000024          VFADD_VV_0x021110d7 mask=FFFFFFFF WB v[001]={40e00000 40e00000 40e00000 40e00000 40e00000 40e00000 40e00000 40e00000 40e00000 40e00000 40e00000 40e00000 40e00000 40e00000 40e00000 40e00000 40e00000 40e00000 40e00000 40e00000 40e00000 40e00000 40e00000 40e00000 40e00000 40e00000 40e00000 40e00000 40e00000 40e00000 40e00000 40e00000}; s1=2 s2=1 s3=1 @925ns,1 [trace regfile.cpp:109]
SM 1 warp 1 0x80000028          VFADD_VV_0x021110d7 mask=FFFFFFFF WB v[001]={41000000 41000000 41000000 41000000 41000000 41000000 41000000 41000000 41000000 41000000 41000000 41000000 41000000 41000000 41000000 41000000 41000000 41000000 41000000 41000000 41000000 41000000 41000000 41000000 41000000 41000000 41000000 41000000 41000000 41000000 41000000 41000000}; s1=2 s2=1 s3=1 @1025ns,1 [trace regfile.cpp:109]
SM 1 warp 1 0x8000002c          VFADD_VV_0x021110d7 mask=FFFFFFFF WB v[001]={41100000 41100000 41100000 41100000 41100000 41100000 41100000 41100000 41100000 41100000 41100000 41100000 41100000 41100000 41100000 41100000 41100000 41100000 41100000 41100000 41100000 41100000 41100000 41100000 41100000 41100000 41100000 41100000 41100000 41100000 41100000 41100000}; s1=2 s2=1 s3=1 @1125ns,1 [trace regfile.cpp:109]
SM 1 warp 1 0x80000030          VFADD_VV_0x021110d7 mask=FFFFFFFF WB v[001]={41200000 41200000 41200000 41200000 41200000 41200000 41200000 41200000 41200000 41200000 41200000 41200000 41200000 41200000 41200000 41200000 41200000 41200000 41200000 41200000 41200000 41200000 41200000 41200000 41200000 41200000 41200000 41200000 41200000 41200000 41200000 41200000}; s1=2 s2=1 s3=1 @1225ns,1 [trace regfile.cpp:109]
SM 1 warp 1 0x80000034          VFADD_VV_0x021110d7 mask=FFFFFFFF WB v[001]={41300000 41300000 41300000 41300000 41300000 41300000 41300000 41300000 41300000 41300000 41300000 41300000 41300000 41300000 41300000 41300000 41300000 41300000 41300000 41300000 41300000 41300000 41300000 41300000 41300000 41300000 41300000 41300000 41300000 41300000 41300000 41300000}; s1=2 s2=1 s3=1 @1325ns,1 [trace regfile.cpp:109]
SM 1 warp 1 0x80000038          VFADD_VV_0x021110d7 mask=FFFFFFFF WB v[001]={41400000 41400000 41400000 41400000 41400000 41400000 41400000 41400000 41400000 41400000 41400000 41400000 41400000 41400000 41400000 41400000 41400000 41400000 41400000 41400000 41400000 41400000 41400000 41400000 41400000 41400000 41400000 41400000 41400000 41400000 41400000 41400000}; s1=2 s2=1 s3=1 @1425ns,1 [trace regfile.cpp:109]
SM 1 warp 1 0x8000003c          VFADD_VV_0x021110d7 mask=FFFFFFFF WB v[001]={41500000 41500000 41500000 41500000 41500000 41500000 41500000 41500000 41500000 41500000 41500000 41500000 41500000 41500000 41500000 41500000 41500000 41500000 41500000 41500000 41500000 41500000 41500000 41500000 41500000 41500000 41500000 41500000 41500000 41500000 41500000 41500000}; s1=2 s2=1 s3=1 @1525ns,1 [trace regfile.cpp:109]
SM 1 warp 1 0x80000040          VFADD_VV_0x021110d7 mask=FFFFFFFF WB v[001]={41600000 41600000 41600000 41600000 41600000 41600000 41600000 41600000 41600000 41600000 41600000 41600000 41600000 41600000 41600000 41600000 41600000 41600000 41600000 41600000 41600000 41600000 41600000 41600000 41600000 41600000 41600000 41600000 41600000 41600000 41600000 41600000}; s1=2 s2=1 s3=1 @1625ns,1 [trace regfile.cpp:109]
SM 1 warp 1 0x80000044          VFADD_VV_0x021110d7 mask=FFFFFFFF WB v[001]={41700000 41700000 41700000 41700000 41700000 41700000 41700000 41700000 41700000 41700000 41700000 41700000 41700000 41700000 41700000 41700000 41700000 41700000 41700000 41700000 41700000 41700000 41700000 41700000 41700000 41700000 41700000 41700000 41700000 41700000 41700000 41700000}; s1=2 s2=1 s3=1 @1725ns,1 [trace regfile.cpp:109]
SM 1 warp 1 0x8000004c               LUI_0x90002137 WB x[002]=0x90002000 @1805ns,1 [trace regfile.cpp:87]
SM 1 warp 1 0x80000048          VFADD_VV_0x021110d7 mask=FFFFFFFF WB v[001]={41800000 41800000 41800000 41800000 41800000 41800000 41800000 41800000 41800000 41800000 41800000 41800000 41800000 41800000 41800000 41800000 41800000 41800000 41800000 41800000 41800000 41800000 41800000 41800000 41800000 41800000 41800000 41800000 41800000 41800000 41800000 41800000}; s1=2 s2=1 s3=1 @1825ns,1 [trace regfile.cpp:109]
SM 1 warp 1 0x80000050             VID_V_0x5208a557 mask=FFFFFFFF WB v[010]={00000000 00000001 00000002 00000003 00000004 00000005 00000006 00000007 00000008 00000009 0000000a 0000000b 0000000c 0000000d 0000000e 0000000f 00000010 00000011 00000012 00000013 00000014 00000015 00000016 00000017 00000018 00000019 0000001a 0000001b 0000001c 0000001d 0000001e 0000001f}; s1=17 s2=0 s3=10 @1845ns,1 [trace regfile.cpp:109]
SM 1 warp 1 0x80000054           VSLL_VI_0x96a13557 mask=FFFFFFFF WB v[010]={00000000 00000004 00000008 0000000c 00000010 00000014 00000018 0000001c 00000020 00000024 00000028 0000002c 00000030 00000034 00000038 0000003c 00000040 00000044 00000048 0000004c 00000050 00000054 00000058 0000005c 00000060 00000064 00000068 0000006c 00000070 00000074 00000078 0000007c}; s1=2 s2=10 s3=10 @1925ns,1 [trace regfile.cpp:109]
SM 1 warp 1 0x80000058           VADD_VX_0x02a14557 mask=FFFFFFFF WB v[010]={90002000 90002004 90002008 9000200c 90002010 90002014 90002018 9000201c 90002020 90002024 90002028 9000202c 90002030 90002034 90002038 9000203c 90002040 90002044 90002048 9000204c 90002050 90002054 90002058 9000205c 90002060 90002064 90002068 9000206c 90002070 90002074 90002078 9000207c}; s1=2 s2=10 s3=10 @2015ns,1 [trace regfile.cpp:109]
SM 1 warp 1 0x8000005c           VSW12_V_0x0015607b mask=FFFFFFFF ADDR 90002000 90002004 90002008 9000200c 90002010 90002014 90002018 9000201c 90002020 90002024 90002028 9000202c 90002030 90002034 90002038 9000203c 90002040 90002044 90002048 9000204c 90002050 90002054 90002058 9000205c 90002060 90002064 90002068 9000206c 90002070 90002074 90002078 9000207c, DATA 41800000 41800000 41800000 41800000 41800000 41800000 41800000 41800000 41800000 41800000 41800000 41800000 41800000 41800000 41800000 41800000 41800000 41800000 41800000 41800000 41800000 41800000 41800000 41800000 41800000 41800000 41800000 41800000 41800000 41800000 41800000 41800000 @2055ns,1 [trace exec_lsu.cpp:183]
SM 1 warp 1 0x80000060            ENDPRG_0x0000400b endprg @2075ns,1 [trace warp_scheduler.cpp:50]
kernel 0 vector_fadd-16 block 0 finished @2085ns,1 [debug CTA_Scheduler.cpp:179]
kernel 0 vector_fadd-16 finished @2085ns,1 [info context_model.cpp:32]
TEST_OUTPUT 0 41800000
TEST_OUTPUT 1 41800000
TEST_OUTPUT 2 41800000
TEST_OUTPUT 3 41800000
TEST_OUTPUT 4 41800000
TEST_OUTPUT 5 41800000
TEST_OUTPUT 6 41800000
TEST_OUTPUT 7 41800000
TEST_OUTPUT 8 41800000
TEST_OUTPUT 9 41800000
TEST_OUTPUT 10 41800000
TEST_OUTPUT 11 41800000
TEST_OUTPUT 12 41800000
TEST_OUTPUT 13 41800000
TEST_OUTPUT 14 41800000
TEST_OUTPUT 15 41800000
TEST_OUTPUT 16 41800000
TEST_OUTPUT 17 41800000
TEST_OUTPUT 18 41800000
TEST_OUTPUT 19 41800000
TEST_OUTPUT 20 41800000
TEST_OUTPUT 21 41800000
TEST_OUTPUT 22 41800000
TEST_OUTPUT 23 41800000
TEST_OUTPUT 24 41800000
TEST_OUTPUT 25 41800000
TEST_OUTPUT 26 41800000
TEST_OUTPUT 27 41800000
TEST_OUTPUT 28 41800000
TEST_OUTPUT 29 41800000
TEST_OUTPUT 30 41800000
TEST_OUTPUT 31 41800000
TEST_KERNEL_FINISH_NS 2085
Simulation finished at time 2090
