
Warning: (W569) sc_module(const char*), sc_module(const std::string&) have been deprecated, use sc_module(const sc_module_name&): RamulatorWrapper
In file: ${REMOTE_FLOW_ROOT}/deps/systemc/src/sysc/kernel/sc_module.cpp:248
Create new vmem for kernel repeat_load-192, ptroot=0x1000 [trace main.cpp:83]
Start loading data for kernel repeat_load-192, ptroot=0x1000 [trace main.cpp:188]
kernel 0 repeat_load-192 initialized, size={1,1,1} @0ns,0 [info context_model.cpp:23]

Warning: (W509) module construction not properly completed: did you forget to add a sc_module_name parameter to your module constructor?: module 'RamulatorWrapper'
In file: ${REMOTE_FLOW_ROOT}/deps/systemc/src/sysc/kernel/sc_module.cpp:409
SM 1 warp 1 receive kernel 0 repeat_load-192 block 0 warp 0 @15ns,1 [trace BASE.cpp:244]
SM 1 warp 1 0x80000000               LUI_0x900002b7 WB x[005]=0x90000000 @75ns,1 [trace regfile.cpp:87]
SM 1 warp 1 0x80000004                LW_0x0002a083 mask=FFFFFFFF MEMADDR 90000000 @115ns,1 [trace exec_lsu.cpp:189]
SM 1 warp 1 0x80000004                LW_0x0002a083 WB x[001]=0x00000000 @125ns,1 [trace regfile.cpp:87]
SM 1 warp 1 0x80000008                LW_0x0002a083 mask=FFFFFFFF MEMADDR 90000000 @165ns,1 [trace exec_lsu.cpp:189]
SM 1 warp 1 0x80000008                LW_0x0002a083 WB x[001]=0x00000000 @175ns,1 [trace regfile.cpp:87]
SM 1 warp 1 0x8000000c                LW_0x0002a083 mask=FFFFFFFF MEMADDR 90000000 @215ns,1 [trace exec_lsu.cpp:189]
SM 1 warp 1 0x8000000c                LW_0x0002a083 WB x[001]=0x00000000 @225ns,1 [trace regfile.cpp:87]
SM 1 warp 1 0x80000010                LW_0x0002a083 mask=FFFFFFFF MEMADDR 90000000 @265ns,1 [trace exec_lsu.cpp:189]
SM 1 warp 1 0x80000010                LW_0x0002a083 WB x[001]=0x00000000 @275ns,1 [trace regfile.cpp:87]
SM 1 warp 1 0x80000014                LW_0x0002a083 mask=FFFFFFFF MEMADDR 90000000 @315ns,1 [trace exec_lsu.cpp:189]
SM 1 warp 1 0x80000014                LW_0x0002a083 WB x[001]=0x00000000 @325ns,1 [trace regfile.cpp:87]
SM 1 warp 1 0x80000018                LW_0x0002a083 mask=FFFFFFFF MEMADDR 90000000 @365ns,1 [trace exec_lsu.cpp:189]
SM 1 warp 1 0x80000018                LW_0x0002a083 WB x[001]=0x00000000 @375ns,1 [trace regfile.cpp:87]
SM 1 warp 1 0x8000001c                LW_0x0002a083 mask=FFFFFFFF MEMADDR 90000000 @415ns,1 [trace exec_lsu.cpp:189]
SM 1 warp 1 0x8000001c                LW_0x0002a083 WB x[001]=0x00000000 @425ns,1 [trace regfile.cpp:87]
SM 1 warp 1 0x80000020                LW_0x0002a083 mask=FFFFFFFF MEMADDR 90000000 @465ns,1 [trace exec_lsu.cpp:189]
SM 1 warp 1 0x80000020                LW_0x0002a083 WB x[001]=0x00000000 @475ns,1 [trace regfile.cpp:87]
SM 1 warp 1 0x80000024                LW_0x0002a083 mask=FFFFFFFF MEMADDR 90000000 @515ns,1 [trace exec_lsu.cpp:189]
SM 1 warp 1 0x80000024                LW_0x0002a083 WB x[001]=0x00000000 @525ns,1 [trace regfile.cpp:87]
SM 1 warp 1 0x80000028                LW_0x0002a083 mask=FFFFFFFF MEMADDR 90000000 @565ns,1 [trace exec_lsu.cpp:189]
SM 1 warp 1 0x80000028                LW_0x0002a083 WB x[001]=0x00000000 @575ns,1 [trace regfile.cpp:87]
SM 1 warp 1 0x8000002c                LW_0x0002a083 mask=FFFFFFFF MEMADDR 90000000 @615ns,1 [trace exec_lsu.cpp:189]
SM 1 warp 1 0x8000002c                LW_0x0002a083 WB x[001]=0x00000000 @625ns,1 [trace regfile.cpp:87]
SM 1 warp 1 0x80000030                LW_0x0002a083 mask=FFFFFFFF MEMADDR 90000000 @665ns,1 [trace exec_lsu.cpp:189]
SM 1 warp 1 0x80000030                LW_0x0002a083 WB x[001]=0x00000000 @675ns,1 [trace regfile.cpp:87]
SM 1 warp 1 0x80000034                LW_0x0002a083 mask=FFFFFFFF MEMADDR 90000000 @715ns,1 [trace exec_lsu.cpp:189]
SM 1 warp 1 0x80000034                LW_0x0002a083 WB x[001]=0x00000000 @725ns,1 [trace regfile.cpp:87]
SM 1 warp 1 0x80000038                LW_0x0002a083 mask=FFFFFFFF MEMADDR 90000000 @765ns,1 [trace exec_lsu.cpp:189]
SM 1 warp 1 0x80000038                LW_0x0002a083 WB x[001]=0x00000000 @775ns,1 [trace regfile.cpp:87]
SM 1 warp 1 0x8000003c                LW_0x0002a083 mask=FFFFFFFF MEMADDR 90000000 @815ns,1 [trace exec_lsu.cpp:189]
SM 1 warp 1 0x8000003c                LW_0x0002a083 WB x[001]=0x00000000 @825ns,1 [trace regfile.cpp:87]
SM 1 warp 1 0x80000040                LW_0x0002a083 mask=FFFFFFFF MEMADDR 90000000 @865ns,1 [trace exec_lsu.cpp:189]
SM 1 warp 1 0x80000040                LW_0x0002a083 WB x[001]=0x00000000 @875ns,1 [trace regfile.cpp:87]
SM 1 warp 1 0x80000044                LW_0x0002a083 mask=FFFFFFFF MEMADDR 90000000 @915ns,1 [trace exec_lsu.cpp:189]
SM 1 warp 1 0x80000044                LW_0x0002a083 WB x[001]=0x00000000 @925ns,1 [trace regfile.cpp:87]
SM 1 warp 1 0x80000048                LW_0x0002a083 mask=FFFFFFFF MEMADDR 90000000 @965ns,1 [trace exec_lsu.cpp:189]
SM 1 warp 1 0x80000048                LW_0x0002a083 WB x[001]=0x00000000 @975ns,1 [trace regfile.cpp:87]
SM 1 warp 1 0x8000004c                LW_0x0002a083 mask=FFFFFFFF MEMADDR 90000000 @1015ns,1 [trace exec_lsu.cpp:189]
SM 1 warp 1 0x8000004c                LW_0x0002a083 WB x[001]=0x00000000 @1025ns,1 [trace regfile.cpp:87]
SM 1 warp 1 0x80000050                LW_0x0002a083 mask=FFFFFFFF MEMADDR 90000000 @1065ns,1 [trace exec_lsu.cpp:189]
SM 1 warp 1 0x80000050                LW_0x0002a083 WB x[001]=0x00000000 @1075ns,1 [trace regfile.cpp:87]
SM 1 warp 1 0x80000054                LW_0x0002a083 mask=FFFFFFFF MEMADDR 90000000 @1115ns,1 [trace exec_lsu.cpp:189]
SM 1 warp 1 0x80000054                LW_0x0002a083 WB x[001]=0x00000000 @1125ns,1 [trace regfile.cpp:87]
SM 1 warp 1 0x80000058                LW_0x0002a083 mask=FFFFFFFF MEMADDR 90000000 @1165ns,1 [trace exec_lsu.cpp:189]
SM 1 warp 1 0x80000058                LW_0x0002a083 WB x[001]=0x00000000 @1175ns,1 [trace regfile.cpp:87]
SM 1 warp 1 0x8000005c                LW_0x0002a083 mask=FFFFFFFF MEMADDR 90000000 @1215ns,1 [trace exec_lsu.cpp:189]
SM 1 warp 1 0x8000005c                LW_0x0002a083 WB x[001]=0x00000000 @1225ns,1 [trace regfile.cpp:87]
SM 1 warp 1 0x80000060                LW_0x0002a083 mask=FFFFFFFF MEMADDR 90000000 @1265ns,1 [trace exec_lsu.cpp:189]
SM 1 warp 1 0x80000060                LW_0x0002a083 WB x[001]=0x00000000 @1275ns,1 [trace regfile.cpp:87]
SM 1 warp 1 0x80000064                LW_0x0002a083 mask=FFFFFFFF MEMADDR 90000000 @1315ns,1 [trace exec_lsu.cpp:189]
SM 1 warp 1 0x80000064                LW_0x0002a083 WB x[001]=0x00000000 @1325ns,1 [trace regfile.cpp:87]
SM 1 warp 1 0x80000068                LW_0x0002a083 mask=FFFFFFFF MEMADDR 90000000 @1365ns,1 [trace exec_lsu.cpp:189]
SM 1 warp 1 0x80000068                LW_0x0002a083 WB x[001]=0x00000000 @1375ns,1 [trace regfile.cpp:87]
SM 1 warp 1 0x8000006c                LW_0x0002a083 mask=FFFFFFFF MEMADDR 90000000 @1415ns,1 [trace exec_lsu.cpp:189]
SM 1 warp 1 0x8000006c                LW_0x0002a083 WB x[001]=0x00000000 @1425ns,1 [trace regfile.cpp:87]
SM 1 warp 1 0x80000070                LW_0x0002a083 mask=FFFFFFFF MEMADDR 90000000 @1465ns,1 [trace exec_lsu.cpp:189]
SM 1 warp 1 0x80000070                LW_0x0002a083 WB x[001]=0x00000000 @1475ns,1 [trace regfile.cpp:87]
SM 1 warp 1 0x80000074                LW_0x0002a083 mask=FFFFFFFF MEMADDR 90000000 @1515ns,1 [trace exec_lsu.cpp:189]
SM 1 warp 1 0x80000074                LW_0x0002a083 WB x[001]=0x00000000 @1525ns,1 [trace regfile.cpp:87]
SM 1 warp 1 0x80000078                LW_0x0002a083 mask=FFFFFFFF MEMADDR 90000000 @1565ns,1 [trace exec_lsu.cpp:189]
SM 1 warp 1 0x80000078                LW_0x0002a083 WB x[001]=0x00000000 @1575ns,1 [trace regfile.cpp:87]
SM 1 warp 1 0x8000007c                LW_0x0002a083 mask=FFFFFFFF MEMADDR 90000000 @1615ns,1 [trace exec_lsu.cpp:189]
SM 1 warp 1 0x8000007c                LW_0x0002a083 WB x[001]=0x00000000 @1625ns,1 [trace regfile.cpp:87]
SM 1 warp 1 0x80000080                LW_0x0002a083 mask=FFFFFFFF MEMADDR 90000000 @1665ns,1 [trace exec_lsu.cpp:189]
SM 1 warp 1 0x80000080                LW_0x0002a083 WB x[001]=0x00000000 @1675ns,1 [trace regfile.cpp:87]
SM 1 warp 1 0x80000084                LW_0x0002a083 mask=FFFFFFFF MEMADDR 90000000 @1715ns,1 [trace exec_lsu.cpp:189]
SM 1 warp 1 0x80000084                LW_0x0002a083 WB x[001]=0x00000000 @1725ns,1 [trace regfile.cpp:87]
SM 1 warp 1 0x80000088                LW_0x0002a083 mask=FFFFFFFF MEMADDR 90000000 @1765ns,1 [trace exec_lsu.cpp:189]
SM 1 warp 1 0x80000088                LW_0x0002a083 WB x[001]=0x00000000 @1775ns,1 [trace regfile.cpp:87]
SM 1 warp 1 0x8000008c                LW_0x0002a083 mask=FFFFFFFF MEMADDR 90000000 @1815ns,1 [trace exec_lsu.cpp:189]
SM 1 warp 1 0x8000008c                LW_0x0002a083 WB x[001]=0x00000000 @1825ns,1 [trace regfile.cpp:87]
SM 1 warp 1 0x80000090                LW_0x0002a083 mask=FFFFFFFF MEMADDR 90000000 @1865ns,1 [trace exec_lsu.cpp:189]
SM 1 warp 1 0x80000090                LW_0x0002a083 WB x[001]=0x00000000 @1875ns,1 [trace regfile.cpp:87]
SM 1 warp 1 0x80000094                LW_0x0002a083 mask=FFFFFFFF MEMADDR 90000000 @1915ns,1 [trace exec_lsu.cpp:189]
SM 1 warp 1 0x80000094                LW_0x0002a083 WB x[001]=0x00000000 @1925ns,1 [trace regfile.cpp:87]
SM 1 warp 1 0x80000098                LW_0x0002a083 mask=FFFFFFFF MEMADDR 90000000 @1965ns,1 [trace exec_lsu.cpp:189]
SM 1 warp 1 0x80000098                LW_0x0002a083 WB x[001]=0x00000000 @1975ns,1 [trace regfile.cpp:87]
SM 1 warp 1 0x8000009c                LW_0x0002a083 mask=FFFFFFFF MEMADDR 90000000 @2015ns,1 [trace exec_lsu.cpp:189]
SM 1 warp 1 0x8000009c                LW_0x0002a083 WB x[001]=0x00000000 @2025ns,1 [trace regfile.cpp:87]
SM 1 warp 1 0x800000a0                LW_0x0002a083 mask=FFFFFFFF MEMADDR 90000000 @2065ns,1 [trace exec_lsu.cpp:189]
SM 1 warp 1 0x800000a0                LW_0x0002a083 WB x[001]=0x00000000 @2075ns,1 [trace regfile.cpp:87]
SM 1 warp 1 0x800000a4                LW_0x0002a083 mask=FFFFFFFF MEMADDR 90000000 @2115ns,1 [trace exec_lsu.cpp:189]
SM 1 warp 1 0x800000a4                LW_0x0002a083 WB x[001]=0x00000000 @2125ns,1 [trace regfile.cpp:87]
SM 1 warp 1 0x800000a8                LW_0x0002a083 mask=FFFFFFFF MEMADDR 90000000 @2165ns,1 [trace exec_lsu.cpp:189]
SM 1 warp 1 0x800000a8                LW_0x0002a083 WB x[001]=0x00000000 @2175ns,1 [trace regfile.cpp:87]
SM 1 warp 1 0x800000ac                LW_0x0002a083 mask=FFFFFFFF MEMADDR 90000000 @2215ns,1 [trace exec_lsu.cpp:189]
SM 1 warp 1 0x800000ac                LW_0x0002a083 WB x[001]=0x00000000 @2225ns,1 [trace regfile.cpp:87]
SM 1 warp 1 0x800000b0                LW_0x0002a083 mask=FFFFFFFF MEMADDR 90000000 @2265ns,1 [trace exec_lsu.cpp:189]
SM 1 warp 1 0x800000b0                LW_0x0002a083 WB x[001]=0x00000000 @2275ns,1 [trace regfile.cpp:87]
SM 1 warp 1 0x800000b4                LW_0x0002a083 mask=FFFFFFFF MEMADDR 90000000 @2315ns,1 [trace exec_lsu.cpp:189]
SM 1 warp 1 0x800000b4                LW_0x0002a083 WB x[001]=0x00000000 @2325ns,1 [trace regfile.cpp:87]
SM 1 warp 1 0x800000b8                LW_0x0002a083 mask=FFFFFFFF MEMADDR 90000000 @2365ns,1 [trace exec_lsu.cpp:189]
SM 1 warp 1 0x800000b8                LW_0x0002a083 WB x[001]=0x00000000 @2375ns,1 [trace regfile.cpp:87]
SM 1 warp 1 0x800000bc                LW_0x0002a083 mask=FFFFFFFF MEMADDR 90000000 @2415ns,1 [trace exec_lsu.cpp:189]
SM 1 warp 1 0x800000bc                LW_0x0002a083 WB x[001]=0x00000000 @2425ns,1 [trace regfile.cpp:87]
SM 1 warp 1 0x800000c0                LW_0x0002a083 mask=FFFFFFFF MEMADDR 90000000 @2465ns,1 [trace exec_lsu.cpp:189]
SM 1 warp 1 0x800000c0                LW_0x0002a083 WB x[001]=0x00000000 @2475ns,1 [trace regfile.cpp:87]
SM 1 warp 1 0x800000c4                LW_0x0002a083 mask=FFFFFFFF MEMADDR 90000000 @2515ns,1 [trace exec_lsu.cpp:189]
SM 1 warp 1 0x800000c4                LW_0x0002a083 WB x[001]=0x00000000 @2525ns,1 [trace regfile.cpp:87]
SM 1 warp 1 0x800000c8                LW_0x0002a083 mask=FFFFFFFF MEMADDR 90000000 @2565ns,1 [trace exec_lsu.cpp:189]
SM 1 warp 1 0x800000c8                LW_0x0002a083 WB x[001]=0x00000000 @2575ns,1 [trace regfile.cpp:87]
SM 1 warp 1 0x800000cc                LW_0x0002a083 mask=FFFFFFFF MEMADDR 90000000 @2615ns,1 [trace exec_lsu.cpp:189]
SM 1 warp 1 0x800000cc                LW_0x0002a083 WB x[001]=0x00000000 @2625ns,1 [trace regfile.cpp:87]
SM 1 warp 1 0x800000d0                LW_0x0002a083 mask=FFFFFFFF MEMADDR 90000000 @2665ns,1 [trace exec_lsu.cpp:189]
SM 1 warp 1 0x800000d0                LW_0x0002a083 WB x[001]=0x00000000 @2675ns,1 [trace regfile.cpp:87]
SM 1 warp 1 0x800000d4                LW_0x0002a083 mask=FFFFFFFF MEMADDR 90000000 @2715ns,1 [trace exec_lsu.cpp:189]
SM 1 warp 1 0x800000d4                LW_0x0002a083 WB x[001]=0x00000000 @2725ns,1 [trace regfile.cpp:87]
SM 1 warp 1 0x800000d8                LW_0x0002a083 mask=FFFFFFFF MEMADDR 90000000 @2765ns,1 [trace exec_lsu.cpp:189]
SM 1 warp 1 0x800000d8                LW_0x0002a083 WB x[001]=0x00000000 @2775ns,1 [trace regfile.cpp:87]
SM 1 warp 1 0x800000dc                LW_0x0002a083 mask=FFFFFFFF MEMADDR 90000000 @2815ns,1 [trace exec_lsu.cpp:189]
SM 1 warp 1 0x800000dc                LW_0x0002a083 WB x[001]=0x00000000 @2825ns,1 [trace regfile.cpp:87]
SM 1 warp 1 0x800000e0                LW_0x0002a083 mask=FFFFFFFF MEMADDR 90000000 @2865ns,1 [trace exec_lsu.cpp:189]
SM 1 warp 1 0x800000e0                LW_0x0002a083 WB x[001]=0x00000000 @2875ns,1 [trace regfile.cpp:87]
SM 1 warp 1 0x800000e4                LW_0x0002a083 mask=FFFFFFFF MEMADDR 90000000 @2915ns,1 [trace exec_lsu.cpp:189]
SM 1 warp 1 0x800000e4                LW_0x0002a083 WB x[001]=0x00000000 @2925ns,1 [trace regfile.cpp:87]
SM 1 warp 1 0x800000e8                LW_0x0002a083 mask=FFFFFFFF MEMADDR 90000000 @2965ns,1 [trace exec_lsu.cpp:189]
SM 1 warp 1 0x800000e8                LW_0x0002a083 WB x[001]=0x00000000 @2975ns,1 [trace regfile.cpp:87]
SM 1 warp 1 0x800000ec                LW_0x0002a083 mask=FFFFFFFF MEMADDR 90000000 @3015ns,1 [trace exec_lsu.cpp:189]
SM 1 warp 1 0x800000ec                LW_0x0002a083 WB x[001]=0x00000000 @3025ns,1 [trace regfile.cpp:87]
SM 1 warp 1 0x800000f0                LW_0x0002a083 mask=FFFFFFFF MEMADDR 90000000 @3065ns,1 [trace exec_lsu.cpp:189]
SM 1 warp 1 0x800000f0                LW_0x0002a083 WB x[001]=0x00000000 @3075ns,1 [trace regfile.cpp:87]
SM 1 warp 1 0x800000f4                LW_0x0002a083 mask=FFFFFFFF MEMADDR 90000000 @3115ns,1 [trace exec_lsu.cpp:189]
SM 1 warp 1 0x800000f4                LW_0x0002a083 WB x[001]=0x00000000 @3125ns,1 [trace regfile.cpp:87]
SM 1 warp 1 0x800000f8                LW_0x0002a083 mask=FFFFFFFF MEMADDR 90000000 @3165ns,1 [trace exec_lsu.cpp:189]
SM 1 warp 1 0x800000f8                LW_0x0002a083 WB x[001]=0x00000000 @3175ns,1 [trace regfile.cpp:87]
SM 1 warp 1 0x800000fc                LW_0x0002a083 mask=FFFFFFFF MEMADDR 90000000 @3215ns,1 [trace exec_lsu.cpp:189]
SM 1 warp 1 0x800000fc                LW_0x0002a083 WB x[001]=0x00000000 @3225ns,1 [trace regfile.cpp:87]
SM 1 warp 1 0x80000100                LW_0x0002a083 mask=FFFFFFFF MEMADDR 90000000 @3265ns,1 [trace exec_lsu.cpp:189]
SM 1 warp 1 0x80000100                LW_0x0002a083 WB x[001]=0x00000000 @3275ns,1 [trace regfile.cpp:87]
SM 1 warp 1 0x80000104                LW_0x0002a083 mask=FFFFFFFF MEMADDR 90000000 @3315ns,1 [trace exec_lsu.cpp:189]
SM 1 warp 1 0x80000104                LW_0x0002a083 WB x[001]=0x00000000 @3325ns,1 [trace regfile.cpp:87]
SM 1 warp 1 0x80000108                LW_0x0002a083 mask=FFFFFFFF MEMADDR 90000000 @3365ns,1 [trace exec_lsu.cpp:189]
SM 1 warp 1 0x80000108                LW_0x0002a083 WB x[001]=0x00000000 @3375ns,1 [trace regfile.cpp:87]
SM 1 warp 1 0x8000010c                LW_0x0002a083 mask=FFFFFFFF MEMADDR 90000000 @3415ns,1 [trace exec_lsu.cpp:189]
SM 1 warp 1 0x8000010c                LW_0x0002a083 WB x[001]=0x00000000 @3425ns,1 [trace regfile.cpp:87]
SM 1 warp 1 0x80000110                LW_0x0002a083 mask=FFFFFFFF MEMADDR 90000000 @3465ns,1 [trace exec_lsu.cpp:189]
SM 1 warp 1 0x80000110                LW_0x0002a083 WB x[001]=0x00000000 @3475ns,1 [trace regfile.cpp:87]
SM 1 warp 1 0x80000114                LW_0x0002a083 mask=FFFFFFFF MEMADDR 90000000 @3515ns,1 [trace exec_lsu.cpp:189]
SM 1 warp 1 0x80000114                LW_0x0002a083 WB x[001]=0x00000000 @3525ns,1 [trace regfile.cpp:87]
SM 1 warp 1 0x80000118                LW_0x0002a083 mask=FFFFFFFF MEMADDR 90000000 @3565ns,1 [trace exec_lsu.cpp:189]
SM 1 warp 1 0x80000118                LW_0x0002a083 WB x[001]=0x00000000 @3575ns,1 [trace regfile.cpp:87]
SM 1 warp 1 0x8000011c                LW_0x0002a083 mask=FFFFFFFF MEMADDR 90000000 @3615ns,1 [trace exec_lsu.cpp:189]
SM 1 warp 1 0x8000011c                LW_0x0002a083 WB x[001]=0x00000000 @3625ns,1 [trace regfile.cpp:87]
SM 1 warp 1 0x80000120                LW_0x0002a083 mask=FFFFFFFF MEMADDR 90000000 @3665ns,1 [trace exec_lsu.cpp:189]
SM 1 warp 1 0x80000120                LW_0x0002a083 WB x[001]=0x00000000 @3675ns,1 [trace regfile.cpp:87]
SM 1 warp 1 0x80000124                LW_0x0002a083 mask=FFFFFFFF MEMADDR 90000000 @3715ns,1 [trace exec_lsu.cpp:189]
SM 1 warp 1 0x80000124                LW_0x0002a083 WB x[001]=0x00000000 @3725ns,1 [trace regfile.cpp:87]
SM 1 warp 1 0x80000128                LW_0x0002a083 mask=FFFFFFFF MEMADDR 90000000 @3765ns,1 [trace exec_lsu.cpp:189]
SM 1 warp 1 0x80000128                LW_0x0002a083 WB x[001]=0x00000000 @3775ns,1 [trace regfile.cpp:87]
SM 1 warp 1 0x8000012c                LW_0x0002a083 mask=FFFFFFFF MEMADDR 90000000 @3815ns,1 [trace exec_lsu.cpp:189]
SM 1 warp 1 0x8000012c                LW_0x0002a083 WB x[001]=0x00000000 @3825ns,1 [trace regfile.cpp:87]
SM 1 warp 1 0x80000130                LW_0x0002a083 mask=FFFFFFFF MEMADDR 90000000 @3865ns,1 [trace exec_lsu.cpp:189]
SM 1 warp 1 0x80000130                LW_0x0002a083 WB x[001]=0x00000000 @3875ns,1 [trace regfile.cpp:87]
SM 1 warp 1 0x80000134                LW_0x0002a083 mask=FFFFFFFF MEMADDR 90000000 @3915ns,1 [trace exec_lsu.cpp:189]
SM 1 warp 1 0x80000134                LW_0x0002a083 WB x[001]=0x00000000 @3925ns,1 [trace regfile.cpp:87]
SM 1 warp 1 0x80000138                LW_0x0002a083 mask=FFFFFFFF MEMADDR 90000000 @3965ns,1 [trace exec_lsu.cpp:189]
SM 1 warp 1 0x80000138                LW_0x0002a083 WB x[001]=0x00000000 @3975ns,1 [trace regfile.cpp:87]
SM 1 warp 1 0x8000013c                LW_0x0002a083 mask=FFFFFFFF MEMADDR 90000000 @4015ns,1 [trace exec_lsu.cpp:189]
SM 1 warp 1 0x8000013c                LW_0x0002a083 WB x[001]=0x00000000 @4025ns,1 [trace regfile.cpp:87]
SM 1 warp 1 0x80000140                LW_0x0002a083 mask=FFFFFFFF MEMADDR 90000000 @4065ns,1 [trace exec_lsu.cpp:189]
SM 1 warp 1 0x80000140                LW_0x0002a083 WB x[001]=0x00000000 @4075ns,1 [trace regfile.cpp:87]
SM 1 warp 1 0x80000144                LW_0x0002a083 mask=FFFFFFFF MEMADDR 90000000 @4115ns,1 [trace exec_lsu.cpp:189]
SM 1 warp 1 0x80000144                LW_0x0002a083 WB x[001]=0x00000000 @4125ns,1 [trace regfile.cpp:87]
SM 1 warp 1 0x80000148                LW_0x0002a083 mask=FFFFFFFF MEMADDR 90000000 @4165ns,1 [trace exec_lsu.cpp:189]
SM 1 warp 1 0x80000148                LW_0x0002a083 WB x[001]=0x00000000 @4175ns,1 [trace regfile.cpp:87]
SM 1 warp 1 0x8000014c                LW_0x0002a083 mask=FFFFFFFF MEMADDR 90000000 @4215ns,1 [trace exec_lsu.cpp:189]
SM 1 warp 1 0x8000014c                LW_0x0002a083 WB x[001]=0x00000000 @4225ns,1 [trace regfile.cpp:87]
SM 1 warp 1 0x80000150                LW_0x0002a083 mask=FFFFFFFF MEMADDR 90000000 @4265ns,1 [trace exec_lsu.cpp:189]
SM 1 warp 1 0x80000150                LW_0x0002a083 WB x[001]=0x00000000 @4275ns,1 [trace regfile.cpp:87]
SM 1 warp 1 0x80000154                LW_0x0002a083 mask=FFFFFFFF MEMADDR 90000000 @4315ns,1 [trace exec_lsu.cpp:189]
SM 1 warp 1 0x80000154                LW_0x0002a083 WB x[001]=0x00000000 @4325ns,1 [trace regfile.cpp:87]
SM 1 warp 1 0x80000158                LW_0x0002a083 mask=FFFFFFFF MEMADDR 90000000 @4365ns,1 [trace exec_lsu.cpp:189]
SM 1 warp 1 0x80000158                LW_0x0002a083 WB x[001]=0x00000000 @4375ns,1 [trace regfile.cpp:87]
SM 1 warp 1 0x8000015c                LW_0x0002a083 mask=FFFFFFFF MEMADDR 90000000 @4415ns,1 [trace exec_lsu.cpp:189]
SM 1 warp 1 0x8000015c                LW_0x0002a083 WB x[001]=0x00000000 @4425ns,1 [trace regfile.cpp:87]
SM 1 warp 1 0x80000160                LW_0x0002a083 mask=FFFFFFFF MEMADDR 90000000 @4465ns,1 [trace exec_lsu.cpp:189]
SM 1 warp 1 0x80000160                LW_0x0002a083 WB x[001]=0x00000000 @4475ns,1 [trace regfile.cpp:87]
SM 1 warp 1 0x80000164                LW_0x0002a083 mask=FFFFFFFF MEMADDR 90000000 @4515ns,1 [trace exec_lsu.cpp:189]
SM 1 warp 1 0x80000164                LW_0x0002a083 WB x[001]=0x00000000 @4525ns,1 [trace regfile.cpp:87]
SM 1 warp 1 0x80000168                LW_0x0002a083 mask=FFFFFFFF MEMADDR 90000000 @4565ns,1 [trace exec_lsu.cpp:189]
SM 1 warp 1 0x80000168                LW_0x0002a083 WB x[001]=0x00000000 @4575ns,1 [trace regfile.cpp:87]
SM 1 warp 1 0x8000016c                LW_0x0002a083 mask=FFFFFFFF MEMADDR 90000000 @4615ns,1 [trace exec_lsu.cpp:189]
SM 1 warp 1 0x8000016c                LW_0x0002a083 WB x[001]=0x00000000 @4625ns,1 [trace regfile.cpp:87]
SM 1 warp 1 0x80000170                LW_0x0002a083 mask=FFFFFFFF MEMADDR 90000000 @4665ns,1 [trace exec_lsu.cpp:189]
SM 1 warp 1 0x80000170                LW_0x0002a083 WB x[001]=0x00000000 @4675ns,1 [trace regfile.cpp:87]
SM 1 warp 1 0x80000174                LW_0x0002a083 mask=FFFFFFFF MEMADDR 90000000 @4715ns,1 [trace exec_lsu.cpp:189]
SM 1 warp 1 0x80000174                LW_0x0002a083 WB x[001]=0x00000000 @4725ns,1 [trace regfile.cpp:87]
SM 1 warp 1 0x80000178                LW_0x0002a083 mask=FFFFFFFF MEMADDR 90000000 @4765ns,1 [trace exec_lsu.cpp:189]
SM 1 warp 1 0x80000178                LW_0x0002a083 WB x[001]=0x00000000 @4775ns,1 [trace regfile.cpp:87]
SM 1 warp 1 0x8000017c                LW_0x0002a083 mask=FFFFFFFF MEMADDR 90000000 @4815ns,1 [trace exec_lsu.cpp:189]
SM 1 warp 1 0x8000017c                LW_0x0002a083 WB x[001]=0x00000000 @4825ns,1 [trace regfile.cpp:87]
SM 1 warp 1 0x80000180                LW_0x0002a083 mask=FFFFFFFF MEMADDR 90000000 @4865ns,1 [trace exec_lsu.cpp:189]
SM 1 warp 1 0x80000180                LW_0x0002a083 WB x[001]=0x00000000 @4875ns,1 [trace regfile.cpp:87]
SM 1 warp 1 0x80000184                LW_0x0002a083 mask=FFFFFFFF MEMADDR 90000000 @4915ns,1 [trace exec_lsu.cpp:189]
SM 1 warp 1 0x80000184                LW_0x0002a083 WB x[001]=0x00000000 @4925ns,1 [trace regfile.cpp:87]
SM 1 warp 1 0x80000188                LW_0x0002a083 mask=FFFFFFFF MEMADDR 90000000 @4965ns,1 [trace exec_lsu.cpp:189]
SM 1 warp 1 0x80000188                LW_0x0002a083 WB x[001]=0x00000000 @4975ns,1 [trace regfile.cpp:87]
SM 1 warp 1 0x8000018c                LW_0x0002a083 mask=FFFFFFFF MEMADDR 90000000 @5015ns,1 [trace exec_lsu.cpp:189]
SM 1 warp 1 0x8000018c                LW_0x0002a083 WB x[001]=0x00000000 @5025ns,1 [trace regfile.cpp:87]
SM 1 warp 1 0x80000190                LW_0x0002a083 mask=FFFFFFFF MEMADDR 90000000 @5065ns,1 [trace exec_lsu.cpp:189]
SM 1 warp 1 0x80000190                LW_0x0002a083 WB x[001]=0x00000000 @5075ns,1 [trace regfile.cpp:87]
SM 1 warp 1 0x80000194                LW_0x0002a083 mask=FFFFFFFF MEMADDR 90000000 @5115ns,1 [trace exec_lsu.cpp:189]
SM 1 warp 1 0x80000194                LW_0x0002a083 WB x[001]=0x00000000 @5125ns,1 [trace regfile.cpp:87]
SM 1 warp 1 0x80000198                LW_0x0002a083 mask=FFFFFFFF MEMADDR 90000000 @5165ns,1 [trace exec_lsu.cpp:189]
SM 1 warp 1 0x80000198                LW_0x0002a083 WB x[001]=0x00000000 @5175ns,1 [trace regfile.cpp:87]
SM 1 warp 1 0x8000019c                LW_0x0002a083 mask=FFFFFFFF MEMADDR 90000000 @5215ns,1 [trace exec_lsu.cpp:189]
SM 1 warp 1 0x8000019c                LW_0x0002a083 WB x[001]=0x00000000 @5225ns,1 [trace regfile.cpp:87]
SM 1 warp 1 0x800001a0                LW_0x0002a083 mask=FFFFFFFF MEMADDR 90000000 @5265ns,1 [trace exec_lsu.cpp:189]
SM 1 warp 1 0x800001a0                LW_0x0002a083 WB x[001]=0x00000000 @5275ns,1 [trace regfile.cpp:87]
SM 1 warp 1 0x800001a4                LW_0x0002a083 mask=FFFFFFFF MEMADDR 90000000 @5315ns,1 [trace exec_lsu.cpp:189]
SM 1 warp 1 0x800001a4                LW_0x0002a083 WB x[001]=0x00000000 @5325ns,1 [trace regfile.cpp:87]
SM 1 warp 1 0x800001a8                LW_0x0002a083 mask=FFFFFFFF MEMADDR 90000000 @5365ns,1 [trace exec_lsu.cpp:189]
SM 1 warp 1 0x800001a8                LW_0x0002a083 WB x[001]=0x00000000 @5375ns,1 [trace regfile.cpp:87]
SM 1 warp 1 0x800001ac                LW_0x0002a083 mask=FFFFFFFF MEMADDR 90000000 @5415ns,1 [trace exec_lsu.cpp:189]
SM 1 warp 1 0x800001ac                LW_0x0002a083 WB x[001]=0x00000000 @5425ns,1 [trace regfile.cpp:87]
SM 1 warp 1 0x800001b0                LW_0x0002a083 mask=FFFFFFFF MEMADDR 90000000 @5465ns,1 [trace exec_lsu.cpp:189]
SM 1 warp 1 0x800001b0                LW_0x0002a083 WB x[001]=0x00000000 @5475ns,1 [trace regfile.cpp:87]
SM 1 warp 1 0x800001b4                LW_0x0002a083 mask=FFFFFFFF MEMADDR 90000000 @5515ns,1 [trace exec_lsu.cpp:189]
SM 1 warp 1 0x800001b4                LW_0x0002a083 WB x[001]=0x00000000 @5525ns,1 [trace regfile.cpp:87]
SM 1 warp 1 0x800001b8                LW_0x0002a083 mask=FFFFFFFF MEMADDR 90000000 @5565ns,1 [trace exec_lsu.cpp:189]
SM 1 warp 1 0x800001b8                LW_0x0002a083 WB x[001]=0x00000000 @5575ns,1 [trace regfile.cpp:87]
SM 1 warp 1 0x800001bc                LW_0x0002a083 mask=FFFFFFFF MEMADDR 90000000 @5615ns,1 [trace exec_lsu.cpp:189]
SM 1 warp 1 0x800001bc                LW_0x0002a083 WB x[001]=0x00000000 @5625ns,1 [trace regfile.cpp:87]
SM 1 warp 1 0x800001c0                LW_0x0002a083 mask=FFFFFFFF MEMADDR 90000000 @5665ns,1 [trace exec_lsu.cpp:189]
SM 1 warp 1 0x800001c0                LW_0x0002a083 WB x[001]=0x00000000 @5675ns,1 [trace regfile.cpp:87]
SM 1 warp 1 0x800001c4                LW_0x0002a083 mask=FFFFFFFF MEMADDR 90000000 @5715ns,1 [trace exec_lsu.cpp:189]
SM 1 warp 1 0x800001c4                LW_0x0002a083 WB x[001]=0x00000000 @5725ns,1 [trace regfile.cpp:87]
SM 1 warp 1 0x800001c8                LW_0x0002a083 mask=FFFFFFFF MEMADDR 90000000 @5765ns,1 [trace exec_lsu.cpp:189]
SM 1 warp 1 0x800001c8                LW_0x0002a083 WB x[001]=0x00000000 @5775ns,1 [trace regfile.cpp:87]
SM 1 warp 1 0x800001cc                LW_0x0002a083 mask=FFFFFFFF MEMADDR 90000000 @5815ns,1 [trace exec_lsu.cpp:189]
SM 1 warp 1 0x800001cc                LW_0x0002a083 WB x[001]=0x00000000 @5825ns,1 [trace regfile.cpp:87]
SM 1 warp 1 0x800001d0                LW_0x0002a083 mask=FFFFFFFF MEMADDR 90000000 @5865ns,1 [trace exec_lsu.cpp:189]
SM 1 warp 1 0x800001d0                LW_0x0002a083 WB x[001]=0x00000000 @5875ns,1 [trace regfile.cpp:87]
SM 1 warp 1 0x800001d4                LW_0x0002a083 mask=FFFFFFFF MEMADDR 90000000 @5915ns,1 [trace exec_lsu.cpp:189]
SM 1 warp 1 0x800001d4                LW_0x0002a083 WB x[001]=0x00000000 @5925ns,1 [trace regfile.cpp:87]
SM 1 warp 1 0x800001d8                LW_0x0002a083 mask=FFFFFFFF MEMADDR 90000000 @5965ns,1 [trace exec_lsu.cpp:189]
SM 1 warp 1 0x800001d8                LW_0x0002a083 WB x[001]=0x00000000 @5975ns,1 [trace regfile.cpp:87]
SM 1 warp 1 0x800001dc                LW_0x0002a083 mask=FFFFFFFF MEMADDR 90000000 @6015ns,1 [trace exec_lsu.cpp:189]
SM 1 warp 1 0x800001dc                LW_0x0002a083 WB x[001]=0x00000000 @6025ns,1 [trace regfile.cpp:87]
SM 1 warp 1 0x800001e0                LW_0x0002a083 mask=FFFFFFFF MEMADDR 90000000 @6065ns,1 [trace exec_lsu.cpp:189]
SM 1 warp 1 0x800001e0                LW_0x0002a083 WB x[001]=0x00000000 @6075ns,1 [trace regfile.cpp:87]
SM 1 warp 1 0x800001e4                LW_0x0002a083 mask=FFFFFFFF MEMADDR 90000000 @6115ns,1 [trace exec_lsu.cpp:189]
SM 1 warp 1 0x800001e4                LW_0x0002a083 WB x[001]=0x00000000 @6125ns,1 [trace regfile.cpp:87]
SM 1 warp 1 0x800001e8                LW_0x0002a083 mask=FFFFFFFF MEMADDR 90000000 @6165ns,1 [trace exec_lsu.cpp:189]
SM 1 warp 1 0x800001e8                LW_0x0002a083 WB x[001]=0x00000000 @6175ns,1 [trace regfile.cpp:87]
SM 1 warp 1 0x800001ec                LW_0x0002a083 mask=FFFFFFFF MEMADDR 90000000 @6215ns,1 [trace exec_lsu.cpp:189]
SM 1 warp 1 0x800001ec                LW_0x0002a083 WB x[001]=0x00000000 @6225ns,1 [trace regfile.cpp:87]
SM 1 warp 1 0x800001f0                LW_0x0002a083 mask=FFFFFFFF MEMADDR 90000000 @6265ns,1 [trace exec_lsu.cpp:189]
SM 1 warp 1 0x800001f0                LW_0x0002a083 WB x[001]=0x00000000 @6275ns,1 [trace regfile.cpp:87]
SM 1 warp 1 0x800001f4                LW_0x0002a083 mask=FFFFFFFF MEMADDR 90000000 @6315ns,1 [trace exec_lsu.cpp:189]
SM 1 warp 1 0x800001f4                LW_0x0002a083 WB x[001]=0x00000000 @6325ns,1 [trace regfile.cpp:87]
SM 1 warp 1 0x800001f8                LW_0x0002a083 mask=FFFFFFFF MEMADDR 90000000 @6365ns,1 [trace exec_lsu.cpp:189]
SM 1 warp 1 0x800001f8                LW_0x0002a083 WB x[001]=0x00000000 @6375ns,1 [trace regfile.cpp:87]
SM 1 warp 1 0x800001fc                LW_0x0002a083 mask=FFFFFFFF MEMADDR 90000000 @6415ns,1 [trace exec_lsu.cpp:189]
SM 1 warp 1 0x800001fc                LW_0x0002a083 WB x[001]=0x00000000 @6425ns,1 [trace regfile.cpp:87]
SM 1 warp 1 0x80000200                LW_0x0002a083 mask=FFFFFFFF MEMADDR 90000000 @6465ns,1 [trace exec_lsu.cpp:189]
SM 1 warp 1 0x80000200                LW_0x0002a083 WB x[001]=0x00000000 @6475ns,1 [trace regfile.cpp:87]
SM 1 warp 1 0x80000204                LW_0x0002a083 mask=FFFFFFFF MEMADDR 90000000 @6515ns,1 [trace exec_lsu.cpp:189]
SM 1 warp 1 0x80000204                LW_0x0002a083 WB x[001]=0x00000000 @6525ns,1 [trace regfile.cpp:87]
SM 1 warp 1 0x80000208                LW_0x0002a083 mask=FFFFFFFF MEMADDR 90000000 @6565ns,1 [trace exec_lsu.cpp:189]
SM 1 warp 1 0x80000208                LW_0x0002a083 WB x[001]=0x00000000 @6575ns,1 [trace regfile.cpp:87]
SM 1 warp 1 0x8000020c                LW_0x0002a083 mask=FFFFFFFF MEMADDR 90000000 @6615ns,1 [trace exec_lsu.cpp:189]
SM 1 warp 1 0x8000020c                LW_0x0002a083 WB x[001]=0x00000000 @6625ns,1 [trace regfile.cpp:87]
SM 1 warp 1 0x80000210                LW_0x0002a083 mask=FFFFFFFF MEMADDR 90000000 @6665ns,1 [trace exec_lsu.cpp:189]
SM 1 warp 1 0x80000210                LW_0x0002a083 WB x[001]=0x00000000 @6675ns,1 [trace regfile.cpp:87]
SM 1 warp 1 0x80000214                LW_0x0002a083 mask=FFFFFFFF MEMADDR 90000000 @6715ns,1 [trace exec_lsu.cpp:189]
SM 1 warp 1 0x80000214                LW_0x0002a083 WB x[001]=0x00000000 @6725ns,1 [trace regfile.cpp:87]
SM 1 warp 1 0x80000218                LW_0x0002a083 mask=FFFFFFFF MEMADDR 90000000 @6765ns,1 [trace exec_lsu.cpp:189]
SM 1 warp 1 0x80000218                LW_0x0002a083 WB x[001]=0x00000000 @6775ns,1 [trace regfile.cpp:87]
SM 1 warp 1 0x8000021c                LW_0x0002a083 mask=FFFFFFFF MEMADDR 90000000 @6815ns,1 [trace exec_lsu.cpp:189]
SM 1 warp 1 0x8000021c                LW_0x0002a083 WB x[001]=0x00000000 @6825ns,1 [trace regfile.cpp:87]
SM 1 warp 1 0x80000220                LW_0x0002a083 mask=FFFFFFFF MEMADDR 90000000 @6865ns,1 [trace exec_lsu.cpp:189]
SM 1 warp 1 0x80000220                LW_0x0002a083 WB x[001]=0x00000000 @6875ns,1 [trace regfile.cpp:87]
SM 1 warp 1 0x80000224                LW_0x0002a083 mask=FFFFFFFF MEMADDR 90000000 @6915ns,1 [trace exec_lsu.cpp:189]
SM 1 warp 1 0x80000224                LW_0x0002a083 WB x[001]=0x00000000 @6925ns,1 [trace regfile.cpp:87]
SM 1 warp 1 0x80000228                LW_0x0002a083 mask=FFFFFFFF MEMADDR 90000000 @6965ns,1 [trace exec_lsu.cpp:189]
SM 1 warp 1 0x80000228                LW_0x0002a083 WB x[001]=0x00000000 @6975ns,1 [trace regfile.cpp:87]
SM 1 warp 1 0x8000022c                LW_0x0002a083 mask=FFFFFFFF MEMADDR 90000000 @7015ns,1 [trace exec_lsu.cpp:189]
SM 1 warp 1 0x8000022c                LW_0x0002a083 WB x[001]=0x00000000 @7025ns,1 [trace regfile.cpp:87]
SM 1 warp 1 0x80000230                LW_0x0002a083 mask=FFFFFFFF MEMADDR 90000000 @7065ns,1 [trace exec_lsu.cpp:189]
SM 1 warp 1 0x80000230                LW_0x0002a083 WB x[001]=0x00000000 @7075ns,1 [trace regfile.cpp:87]
SM 1 warp 1 0x80000234                LW_0x0002a083 mask=FFFFFFFF MEMADDR 90000000 @7115ns,1 [trace exec_lsu.cpp:189]
SM 1 warp 1 0x80000234                LW_0x0002a083 WB x[001]=0x00000000 @7125ns,1 [trace regfile.cpp:87]
SM 1 warp 1 0x80000238                LW_0x0002a083 mask=FFFFFFFF MEMADDR 90000000 @7165ns,1 [trace exec_lsu.cpp:189]
SM 1 warp 1 0x80000238                LW_0x0002a083 WB x[001]=0x00000000 @7175ns,1 [trace regfile.cpp:87]
SM 1 warp 1 0x8000023c                LW_0x0002a083 mask=FFFFFFFF MEMADDR 90000000 @7215ns,1 [trace exec_lsu.cpp:189]
SM 1 warp 1 0x8000023c                LW_0x0002a083 WB x[001]=0x00000000 @7225ns,1 [trace regfile.cpp:87]
SM 1 warp 1 0x80000240                LW_0x0002a083 mask=FFFFFFFF MEMADDR 90000000 @7265ns,1 [trace exec_lsu.cpp:189]
SM 1 warp 1 0x80000240                LW_0x0002a083 WB x[001]=0x00000000 @7275ns,1 [trace regfile.cpp:87]
SM 1 warp 1 0x80000244                LW_0x0002a083 mask=FFFFFFFF MEMADDR 90000000 @7315ns,1 [trace exec_lsu.cpp:189]
SM 1 warp 1 0x80000244                LW_0x0002a083 WB x[001]=0x00000000 @7325ns,1 [trace regfile.cpp:87]
SM 1 warp 1 0x80000248                LW_0x0002a083 mask=FFFFFFFF MEMADDR 90000000 @7365ns,1 [trace exec_lsu.cpp:189]
SM 1 warp 1 0x80000248                LW_0x0002a083 WB x[001]=0x00000000 @7375ns,1 [trace regfile.cpp:87]
SM 1 warp 1 0x8000024c                LW_0x0002a083 mask=FFFFFFFF MEMADDR 90000000 @7415ns,1 [trace exec_lsu.cpp:189]
SM 1 warp 1 0x8000024c                LW_0x0002a083 WB x[001]=0x00000000 @7425ns,1 [trace regfile.cpp:87]
SM 1 warp 1 0x80000250                LW_0x0002a083 mask=FFFFFFFF MEMADDR 90000000 @7465ns,1 [trace exec_lsu.cpp:189]
SM 1 warp 1 0x80000250                LW_0x0002a083 WB x[001]=0x00000000 @7475ns,1 [trace regfile.cpp:87]
SM 1 warp 1 0x80000254                LW_0x0002a083 mask=FFFFFFFF MEMADDR 90000000 @7515ns,1 [trace exec_lsu.cpp:189]
SM 1 warp 1 0x80000254                LW_0x0002a083 WB x[001]=0x00000000 @7525ns,1 [trace regfile.cpp:87]
SM 1 warp 1 0x80000258                LW_0x0002a083 mask=FFFFFFFF MEMADDR 90000000 @7565ns,1 [trace exec_lsu.cpp:189]
SM 1 warp 1 0x80000258                LW_0x0002a083 WB x[001]=0x00000000 @7575ns,1 [trace regfile.cpp:87]
SM 1 warp 1 0x8000025c                LW_0x0002a083 mask=FFFFFFFF MEMADDR 90000000 @7615ns,1 [trace exec_lsu.cpp:189]
SM 1 warp 1 0x8000025c                LW_0x0002a083 WB x[001]=0x00000000 @7625ns,1 [trace regfile.cpp:87]
SM 1 warp 1 0x80000260                LW_0x0002a083 mask=FFFFFFFF MEMADDR 90000000 @7665ns,1 [trace exec_lsu.cpp:189]
SM 1 warp 1 0x80000260                LW_0x0002a083 WB x[001]=0x00000000 @7675ns,1 [trace regfile.cpp:87]
SM 1 warp 1 0x80000264                LW_0x0002a083 mask=FFFFFFFF MEMADDR 90000000 @7715ns,1 [trace exec_lsu.cpp:189]
SM 1 warp 1 0x80000264                LW_0x0002a083 WB x[001]=0x00000000 @7725ns,1 [trace regfile.cpp:87]
SM 1 warp 1 0x80000268                LW_0x0002a083 mask=FFFFFFFF MEMADDR 90000000 @7765ns,1 [trace exec_lsu.cpp:189]
SM 1 warp 1 0x80000268                LW_0x0002a083 WB x[001]=0x00000000 @7775ns,1 [trace regfile.cpp:87]
SM 1 warp 1 0x8000026c                LW_0x0002a083 mask=FFFFFFFF MEMADDR 90000000 @7815ns,1 [trace exec_lsu.cpp:189]
SM 1 warp 1 0x8000026c                LW_0x0002a083 WB x[001]=0x00000000 @7825ns,1 [trace regfile.cpp:87]
SM 1 warp 1 0x80000270                LW_0x0002a083 mask=FFFFFFFF MEMADDR 90000000 @7865ns,1 [trace exec_lsu.cpp:189]
SM 1 warp 1 0x80000270                LW_0x0002a083 WB x[001]=0x00000000 @7875ns,1 [trace regfile.cpp:87]
SM 1 warp 1 0x80000274                LW_0x0002a083 mask=FFFFFFFF MEMADDR 90000000 @7915ns,1 [trace exec_lsu.cpp:189]
SM 1 warp 1 0x80000274                LW_0x0002a083 WB x[001]=0x00000000 @7925ns,1 [trace regfile.cpp:87]
SM 1 warp 1 0x80000278                LW_0x0002a083 mask=FFFFFFFF MEMADDR 90000000 @7965ns,1 [trace exec_lsu.cpp:189]
SM 1 warp 1 0x80000278                LW_0x0002a083 WB x[001]=0x00000000 @7975ns,1 [trace regfile.cpp:87]
SM 1 warp 1 0x8000027c                LW_0x0002a083 mask=FFFFFFFF MEMADDR 90000000 @8015ns,1 [trace exec_lsu.cpp:189]
SM 1 warp 1 0x8000027c                LW_0x0002a083 WB x[001]=0x00000000 @8025ns,1 [trace regfile.cpp:87]
SM 1 warp 1 0x80000280                LW_0x0002a083 mask=FFFFFFFF MEMADDR 90000000 @8065ns,1 [trace exec_lsu.cpp:189]
SM 1 warp 1 0x80000280                LW_0x0002a083 WB x[001]=0x00000000 @8075ns,1 [trace regfile.cpp:87]
SM 1 warp 1 0x80000284                LW_0x0002a083 mask=FFFFFFFF MEMADDR 90000000 @8115ns,1 [trace exec_lsu.cpp:189]
SM 1 warp 1 0x80000284                LW_0x0002a083 WB x[001]=0x00000000 @8125ns,1 [trace regfile.cpp:87]
SM 1 warp 1 0x80000288                LW_0x0002a083 mask=FFFFFFFF MEMADDR 90000000 @8165ns,1 [trace exec_lsu.cpp:189]
SM 1 warp 1 0x80000288                LW_0x0002a083 WB x[001]=0x00000000 @8175ns,1 [trace regfile.cpp:87]
SM 1 warp 1 0x8000028c                LW_0x0002a083 mask=FFFFFFFF MEMADDR 90000000 @8215ns,1 [trace exec_lsu.cpp:189]
SM 1 warp 1 0x8000028c                LW_0x0002a083 WB x[001]=0x00000000 @8225ns,1 [trace regfile.cpp:87]
SM 1 warp 1 0x80000290                LW_0x0002a083 mask=FFFFFFFF MEMADDR 90000000 @8265ns,1 [trace exec_lsu.cpp:189]
SM 1 warp 1 0x80000290                LW_0x0002a083 WB x[001]=0x00000000 @8275ns,1 [trace regfile.cpp:87]
SM 1 warp 1 0x80000294                LW_0x0002a083 mask=FFFFFFFF MEMADDR 90000000 @8315ns,1 [trace exec_lsu.cpp:189]
SM 1 warp 1 0x80000294                LW_0x0002a083 WB x[001]=0x00000000 @8325ns,1 [trace regfile.cpp:87]
SM 1 warp 1 0x80000298                LW_0x0002a083 mask=FFFFFFFF MEMADDR 90000000 @8365ns,1 [trace exec_lsu.cpp:189]
SM 1 warp 1 0x80000298                LW_0x0002a083 WB x[001]=0x00000000 @8375ns,1 [trace regfile.cpp:87]
SM 1 warp 1 0x8000029c                LW_0x0002a083 mask=FFFFFFFF MEMADDR 90000000 @8415ns,1 [trace exec_lsu.cpp:189]
SM 1 warp 1 0x8000029c                LW_0x0002a083 WB x[001]=0x00000000 @8425ns,1 [trace regfile.cpp:87]
SM 1 warp 1 0x800002a0                LW_0x0002a083 mask=FFFFFFFF MEMADDR 90000000 @8465ns,1 [trace exec_lsu.cpp:189]
SM 1 warp 1 0x800002a0                LW_0x0002a083 WB x[001]=0x00000000 @8475ns,1 [trace regfile.cpp:87]
SM 1 warp 1 0x800002a4                LW_0x0002a083 mask=FFFFFFFF MEMADDR 90000000 @8515ns,1 [trace exec_lsu.cpp:189]
SM 1 warp 1 0x800002a4                LW_0x0002a083 WB x[001]=0x00000000 @8525ns,1 [trace regfile.cpp:87]
SM 1 warp 1 0x800002a8                LW_0x0002a083 mask=FFFFFFFF MEMADDR 90000000 @8565ns,1 [trace exec_lsu.cpp:189]
SM 1 warp 1 0x800002a8                LW_0x0002a083 WB x[001]=0x00000000 @8575ns,1 [trace regfile.cpp:87]
SM 1 warp 1 0x800002ac                LW_0x0002a083 mask=FFFFFFFF MEMADDR 90000000 @8615ns,1 [trace exec_lsu.cpp:189]
SM 1 warp 1 0x800002ac                LW_0x0002a083 WB x[001]=0x00000000 @8625ns,1 [trace regfile.cpp:87]
SM 1 warp 1 0x800002b0                LW_0x0002a083 mask=FFFFFFFF MEMADDR 90000000 @8665ns,1 [trace exec_lsu.cpp:189]
SM 1 warp 1 0x800002b0                LW_0x0002a083 WB x[001]=0x00000000 @8675ns,1 [trace regfile.cpp:87]
SM 1 warp 1 0x800002b4                LW_0x0002a083 mask=FFFFFFFF MEMADDR 90000000 @8715ns,1 [trace exec_lsu.cpp:189]
SM 1 warp 1 0x800002b4                LW_0x0002a083 WB x[001]=0x00000000 @8725ns,1 [trace regfile.cpp:87]
SM 1 warp 1 0x800002b8                LW_0x0002a083 mask=FFFFFFFF MEMADDR 90000000 @8765ns,1 [trace exec_lsu.cpp:189]
SM 1 warp 1 0x800002b8                LW_0x0002a083 WB x[001]=0x00000000 @8775ns,1 [trace regfile.cpp:87]
SM 1 warp 1 0x800002bc                LW_0x0002a083 mask=FFFFFFFF MEMADDR 90000000 @8815ns,1 [trace exec_lsu.cpp:189]
SM 1 warp 1 0x800002bc                LW_0x0002a083 WB x[001]=0x00000000 @8825ns,1 [trace regfile.cpp:87]
SM 1 warp 1 0x800002c0                LW_0x0002a083 mask=FFFFFFFF MEMADDR 90000000 @8865ns,1 [trace exec_lsu.cpp:189]
SM 1 warp 1 0x800002c0                LW_0x0002a083 WB x[001]=0x00000000 @8875ns,1 [trace regfile.cpp:87]
SM 1 warp 1 0x800002c4                LW_0x0002a083 mask=FFFFFFFF MEMADDR 90000000 @8915ns,1 [trace exec_lsu.cpp:189]
SM 1 warp 1 0x800002c4                LW_0x0002a083 WB x[001]=0x00000000 @8925ns,1 [trace regfile.cpp:87]
SM 1 warp 1 0x800002c8                LW_0x0002a083 mask=FFFFFFFF MEMADDR 90000000 @8965ns,1 [trace exec_lsu.cpp:189]
SM 1 warp 1 0x800002c8                LW_0x0002a083 WB x[001]=0x00000000 @8975ns,1 [trace regfile.cpp:87]
SM 1 warp 1 0x800002cc                LW_0x0002a083 mask=FFFFFFFF MEMADDR 90000000 @9015ns,1 [trace exec_lsu.cpp:189]
SM 1 warp 1 0x800002cc                LW_0x0002a083 WB x[001]=0x00000000 @9025ns,1 [trace regfile.cpp:87]
SM 1 warp 1 0x800002d0                LW_0x0002a083 mask=FFFFFFFF MEMADDR 90000000 @9065ns,1 [trace exec_lsu.cpp:189]
SM 1 warp 1 0x800002d0                LW_0x0002a083 WB x[001]=0x00000000 @9075ns,1 [trace regfile.cpp:87]
SM 1 warp 1 0x800002d4                LW_0x0002a083 mask=FFFFFFFF MEMADDR 90000000 @9115ns,1 [trace exec_lsu.cpp:189]
SM 1 warp 1 0x800002d4                LW_0x0002a083 WB x[001]=0x00000000 @9125ns,1 [trace regfile.cpp:87]
SM 1 warp 1 0x800002d8                LW_0x0002a083 mask=FFFFFFFF MEMADDR 90000000 @9165ns,1 [trace exec_lsu.cpp:189]
SM 1 warp 1 0x800002d8                LW_0x0002a083 WB x[001]=0x00000000 @9175ns,1 [trace regfile.cpp:87]
SM 1 warp 1 0x800002dc                LW_0x0002a083 mask=FFFFFFFF MEMADDR 90000000 @9215ns,1 [trace exec_lsu.cpp:189]
SM 1 warp 1 0x800002dc                LW_0x0002a083 WB x[001]=0x00000000 @9225ns,1 [trace regfile.cpp:87]
SM 1 warp 1 0x800002e0                LW_0x0002a083 mask=FFFFFFFF MEMADDR 90000000 @9265ns,1 [trace exec_lsu.cpp:189]
SM 1 warp 1 0x800002e0                LW_0x0002a083 WB x[001]=0x00000000 @9275ns,1 [trace regfile.cpp:87]
SM 1 warp 1 0x800002e4                LW_0x0002a083 mask=FFFFFFFF MEMADDR 90000000 @9315ns,1 [trace exec_lsu.cpp:189]
SM 1 warp 1 0x800002e4                LW_0x0002a083 WB x[001]=0x00000000 @9325ns,1 [trace regfile.cpp:87]
SM 1 warp 1 0x800002e8                LW_0x0002a083 mask=FFFFFFFF MEMADDR 90000000 @9365ns,1 [trace exec_lsu.cpp:189]
SM 1 warp 1 0x800002e8                LW_0x0002a083 WB x[001]=0x00000000 @9375ns,1 [trace regfile.cpp:87]
SM 1 warp 1 0x800002ec                LW_0x0002a083 mask=FFFFFFFF MEMADDR 90000000 @9415ns,1 [trace exec_lsu.cpp:189]
SM 1 warp 1 0x800002ec                LW_0x0002a083 WB x[001]=0x00000000 @9425ns,1 [trace regfile.cpp:87]
SM 1 warp 1 0x800002f0                LW_0x0002a083 mask=FFFFFFFF MEMADDR 90000000 @9465ns,1 [trace exec_lsu.cpp:189]
SM 1 warp 1 0x800002f0                LW_0x0002a083 WB x[001]=0x00000000 @9475ns,1 [trace regfile.cpp:87]
SM 1 warp 1 0x800002f4                LW_0x0002a083 mask=FFFFFFFF MEMADDR 90000000 @9515ns,1 [trace exec_lsu.cpp:189]
SM 1 warp 1 0x800002f4                LW_0x0002a083 WB x[001]=0x00000000 @9525ns,1 [trace regfile.cpp:87]
SM 1 warp 1 0x800002f8                LW_0x0002a083 mask=FFFFFFFF MEMADDR 90000000 @9565ns,1 [trace exec_lsu.cpp:189]
SM 1 warp 1 0x800002f8                LW_0x0002a083 WB x[001]=0x00000000 @9575ns,1 [trace regfile.cpp:87]
SM 1 warp 1 0x800002fc                LW_0x0002a083 mask=FFFFFFFF MEMADDR 90000000 @9615ns,1 [trace exec_lsu.cpp:189]
SM 1 warp 1 0x800002fc                LW_0x0002a083 WB x[001]=0x00000000 @9625ns,1 [trace regfile.cpp:87]
SM 1 warp 1 0x80000300                LW_0x0002a083 mask=FFFFFFFF MEMADDR 90000000 @9665ns,1 [trace exec_lsu.cpp:189]
SM 1 warp 1 0x80000300                LW_0x0002a083 WB x[001]=0x00000000 @9675ns,1 [trace regfile.cpp:87]
SM 1 warp 1 0x80000304               LUI_0x90002137 WB x[002]=0x90002000 @9705ns,1 [trace regfile.cpp:87]
SM 1 warp 1 0x80000308                SW_0x00112023 mask=FFFFFFFF ADDR 90002000, DATA 0 @9745ns,1 [trace exec_lsu.cpp:183]
SM 1 warp 1 0x8000030c            ENDPRG_0x0000400b endprg @9765ns,1 [trace warp_scheduler.cpp:50]
kernel 0 repeat_load-192 block 0 finished @9775ns,1 [debug CTA_Scheduler.cpp:179]
kernel 0 repeat_load-192 finished @9775ns,1 [info context_model.cpp:32]
TEST_OUTPUT 0 0
TEST_KERNEL_FINISH_NS 9775
Simulation finished at time 9780
