[L1C] #     65 SM 0 CACHE 0 ADDR 80000000
sm   0 warp 0 0x80000000 0x900002b7 x  5  90000000
sm   0 warp 0 0x80000004 0x0002a083 lsu.r x   1 op 0 @ 90000000+00000000
[L1C] #    260 SM 0 CACHE 1 ADDR 90000000
sm   0 warp 0 0x80000004 0x0002a083 x  1  00000000
sm   0 warp 0 0x80000008 0x0002a083 lsu.r x   1 op 0 @ 90000000+00000000
sm   0 warp 0 0x80000008 0x0002a083 x  1  00000000
sm   0 warp 0 0x8000000c 0x0002a083 lsu.r x   1 op 0 @ 90000000+00000000
sm   0 warp 0 0x8000000c 0x0002a083 x  1  00000000
sm   0 warp 0 0x80000010 0x0002a083 lsu.r x   1 op 0 @ 90000000+00000000
sm   0 warp 0 0x80000010 0x0002a083 x  1  00000000
sm   0 warp 0 0x80000014 0x0002a083 lsu.r x   1 op 0 @ 90000000+00000000
sm   0 warp 0 0x80000014 0x0002a083 x  1  00000000
sm   0 warp 0 0x80000018 0x0002a083 lsu.r x   1 op 0 @ 90000000+00000000
sm   0 warp 0 0x80000018 0x0002a083 x  1  00000000
sm   0 warp 0 0x8000001c 0x0002a083 lsu.r x   1 op 0 @ 90000000+00000000
sm   0 warp 0 0x8000001c 0x0002a083 x  1  00000000
sm   0 warp 0 0x80000020 0x0002a083 lsu.r x   1 op 0 @ 90000000+00000000
sm   0 warp 0 0x80000020 0x0002a083 x  1  00000000
sm   0 warp 0 0x80000024 0x0002a083 lsu.r x   1 op 0 @ 90000000+00000000
sm   0 warp 0 0x80000024 0x0002a083 x  1  00000000
sm   0 warp 0 0x80000028 0x0002a083 lsu.r x   1 op 0 @ 90000000+00000000
sm   0 warp 0 0x80000028 0x0002a083 x  1  00000000
sm   0 warp 0 0x8000002c 0x0002a083 lsu.r x   1 op 0 @ 90000000+00000000
sm   0 warp 0 0x8000002c 0x0002a083 x  1  00000000
sm   0 warp 0 0x80000030 0x0002a083 lsu.r x   1 op 0 @ 90000000+00000000
sm   0 warp 0 0x80000030 0x0002a083 x  1  00000000
sm   0 warp 0 0x80000034 0x0002a083 lsu.r x   1 op 0 @ 90000000+00000000
sm   0 warp 0 0x80000034 0x0002a083 x  1  00000000
sm   0 warp 0 0x80000038 0x0002a083 lsu.r x   1 op 0 @ 90000000+00000000
sm   0 warp 0 0x80000038 0x0002a083 x  1  00000000
sm   0 warp 0 0x8000003c 0x0002a083 lsu.r x   1 op 0 @ 90000000+00000000
sm   0 warp 0 0x8000003c 0x0002a083 x  1  00000000
sm   0 warp 0 0x80000040 0x0002a083 lsu.r x   1 op 0 @ 90000000+00000000
sm   0 warp 0 0x80000040 0x0002a083 x  1  00000000
sm   0 warp 0 0x80000044 0x0002a083 lsu.r x   1 op 0 @ 90000000+00000000
sm   0 warp 0 0x80000044 0x0002a083 x  1  00000000
sm   0 warp 0 0x80000048 0x0002a083 lsu.r x   1 op 0 @ 90000000+00000000
sm   0 warp 0 0x80000048 0x0002a083 x  1  00000000
sm   0 warp 0 0x8000004c 0x0002a083 lsu.r x   1 op 0 @ 90000000+00000000
sm   0 warp 0 0x8000004c 0x0002a083 x  1  00000000
sm   0 warp 0 0x80000050 0x0002a083 lsu.r x   1 op 0 @ 90000000+00000000
sm   0 warp 0 0x80000050 0x0002a083 x  1  00000000
sm   0 warp 0 0x80000054 0x0002a083 lsu.r x   1 op 0 @ 90000000+00000000
sm   0 warp 0 0x80000054 0x0002a083 x  1  00000000
sm   0 warp 0 0x80000058 0x0002a083 lsu.r x   1 op 0 @ 90000000+00000000
sm   0 warp 0 0x80000058 0x0002a083 x  1  00000000
sm   0 warp 0 0x8000005c 0x0002a083 lsu.r x   1 op 0 @ 90000000+00000000
[L1C] #    515 SM 0 CACHE 0 ADDR 80000080
sm   0 warp 0 0x8000005c 0x0002a083 x  1  00000000
sm   0 warp 0 0x80000060 0x0002a083 lsu.r x   1 op 0 @ 90000000+00000000
sm   0 warp 0 0x80000060 0x0002a083 x  1  00000000
sm   0 warp 0 0x80000064 0x0002a083 lsu.r x   1 op 0 @ 90000000+00000000
sm   0 warp 0 0x80000064 0x0002a083 x  1  00000000
sm   0 warp 0 0x80000068 0x0002a083 lsu.r x   1 op 0 @ 90000000+00000000
sm   0 warp 0 0x80000068 0x0002a083 x  1  00000000
sm   0 warp 0 0x8000006c 0x0002a083 lsu.r x   1 op 0 @ 90000000+00000000
sm   0 warp 0 0x8000006c 0x0002a083 x  1  00000000
sm   0 warp 0 0x80000070 0x0002a083 lsu.r x   1 op 0 @ 90000000+00000000
sm   0 warp 0 0x80000070 0x0002a083 x  1  00000000
sm   0 warp 0 0x80000074 0x0002a083 lsu.r x   1 op 0 @ 90000000+00000000
sm   0 warp 0 0x80000074 0x0002a083 x  1  00000000
sm   0 warp 0 0x80000078 0x0002a083 lsu.r x   1 op 0 @ 90000000+00000000
sm   0 warp 0 0x80000078 0x0002a083 x  1  00000000
sm   0 warp 0 0x8000007c 0x0002a083 lsu.r x   1 op 0 @ 90000000+00000000
sm   0 warp 0 0x8000007c 0x0002a083 x  1  00000000
sm   0 warp 0 0x80000080 0x0002a083 lsu.r x   1 op 0 @ 90000000+00000000
sm   0 warp 0 0x80000080 0x0002a083 x  1  00000000
sm   0 warp 0 0x80000084 0x0002a083 lsu.r x   1 op 0 @ 90000000+00000000
sm   0 warp 0 0x80000084 0x0002a083 x  1  00000000
sm   0 warp 0 0x80000088 0x0002a083 lsu.r x   1 op 0 @ 90000000+00000000
sm   0 warp 0 0x80000088 0x0002a083 x  1  00000000
sm   0 warp 0 0x8000008c 0x0002a083 lsu.r x   1 op 0 @ 90000000+00000000
sm   0 warp 0 0x8000008c 0x0002a083 x  1  00000000
sm   0 warp 0 0x80000090 0x0002a083 lsu.r x   1 op 0 @ 90000000+00000000
sm   0 warp 0 0x80000090 0x0002a083 x  1  00000000
sm   0 warp 0 0x80000094 0x0002a083 lsu.r x   1 op 0 @ 90000000+00000000
sm   0 warp 0 0x80000094 0x0002a083 x  1  00000000
sm   0 warp 0 0x80000098 0x0002a083 lsu.r x   1 op 0 @ 90000000+00000000
sm   0 warp 0 0x80000098 0x0002a083 x  1  00000000
sm   0 warp 0 0x8000009c 0x0002a083 lsu.r x   1 op 0 @ 90000000+00000000
sm   0 warp 0 0x8000009c 0x0002a083 x  1  00000000
sm   0 warp 0 0x800000a0 0x0002a083 lsu.r x   1 op 0 @ 90000000+00000000
sm   0 warp 0 0x800000a0 0x0002a083 x  1  00000000
sm   0 warp 0 0x800000a4 0x0002a083 lsu.r x   1 op 0 @ 90000000+00000000
sm   0 warp 0 0x800000a4 0x0002a083 x  1  00000000
sm   0 warp 0 0x800000a8 0x0002a083 lsu.r x   1 op 0 @ 90000000+00000000
sm   0 warp 0 0x800000a8 0x0002a083 x  1  00000000
sm   0 warp 0 0x800000ac 0x0002a083 lsu.r x   1 op 0 @ 90000000+00000000
sm   0 warp 0 0x800000ac 0x0002a083 x  1  00000000
sm   0 warp 0 0x800000b0 0x0002a083 lsu.r x   1 op 0 @ 90000000+00000000
sm   0 warp 0 0x800000b0 0x0002a083 x  1  00000000
sm   0 warp 0 0x800000b4 0x0002a083 lsu.r x   1 op 0 @ 90000000+00000000
sm   0 warp 0 0x800000b4 0x0002a083 x  1  00000000
sm   0 warp 0 0x800000b8 0x0002a083 lsu.r x   1 op 0 @ 90000000+00000000
sm   0 warp 0 0x800000b8 0x0002a083 x  1  00000000
sm   0 warp 0 0x800000bc 0x0002a083 lsu.r x   1 op 0 @ 90000000+00000000
sm   0 warp 0 0x800000bc 0x0002a083 x  1  00000000
sm   0 warp 0 0x800000c0 0x0002a083 lsu.r x   1 op 0 @ 90000000+00000000
sm   0 warp 0 0x800000c0 0x0002a083 x  1  00000000
sm   0 warp 0 0x800000c4 0x0002a083 lsu.r x   1 op 0 @ 90000000+00000000
sm   0 warp 0 0x800000c4 0x0002a083 x  1  00000000
sm   0 warp 0 0x800000c8 0x0002a083 lsu.r x   1 op 0 @ 90000000+00000000
sm   0 warp 0 0x800000c8 0x0002a083 x  1  00000000
sm   0 warp 0 0x800000cc 0x0002a083 lsu.r x   1 op 0 @ 90000000+00000000
sm   0 warp 0 0x800000cc 0x0002a083 x  1  00000000
sm   0 warp 0 0x800000d0 0x0002a083 lsu.r x   1 op 0 @ 90000000+00000000
sm   0 warp 0 0x800000d0 0x0002a083 x  1  00000000
sm   0 warp 0 0x800000d4 0x0002a083 lsu.r x   1 op 0 @ 90000000+00000000
sm   0 warp 0 0x800000d4 0x0002a083 x  1  00000000
sm   0 warp 0 0x800000d8 0x0002a083 lsu.r x   1 op 0 @ 90000000+00000000
sm   0 warp 0 0x800000d8 0x0002a083 x  1  00000000
sm   0 warp 0 0x800000dc 0x0002a083 lsu.r x   1 op 0 @ 90000000+00000000
[L1C] #    867 SM 0 CACHE 0 ADDR 80000100
sm   0 warp 0 0x800000dc 0x0002a083 x  1  00000000
sm   0 warp 0 0x800000e0 0x0002a083 lsu.r x   1 op 0 @ 90000000+00000000
sm   0 warp 0 0x800000e0 0x0002a083 x  1  00000000
sm   0 warp 0 0x800000e4 0x0002a083 lsu.r x   1 op 0 @ 90000000+00000000
sm   0 warp 0 0x800000e4 0x0002a083 x  1  00000000
sm   0 warp 0 0x800000e8 0x0002a083 lsu.r x   1 op 0 @ 90000000+00000000
sm   0 warp 0 0x800000e8 0x0002a083 x  1  00000000
sm   0 warp 0 0x800000ec 0x0002a083 lsu.r x   1 op 0 @ 90000000+00000000
sm   0 warp 0 0x800000ec 0x0002a083 x  1  00000000
sm   0 warp 0 0x800000f0 0x0002a083 lsu.r x   1 op 0 @ 90000000+00000000
sm   0 warp 0 0x800000f0 0x0002a083 x  1  00000000
sm   0 warp 0 0x800000f4 0x0002a083 lsu.r x   1 op 0 @ 90000000+00000000
sm   0 warp 0 0x800000f4 0x0002a083 x  1  00000000
sm   0 warp 0 0x800000f8 0x0002a083 lsu.r x   1 op 0 @ 90000000+00000000
sm   0 warp 0 0x800000f8 0x0002a083 x  1  00000000
sm   0 warp 0 0x800000fc 0x0002a083 lsu.r x   1 op 0 @ 90000000+00000000
sm   0 warp 0 0x800000fc 0x0002a083 x  1  00000000
sm   0 warp 0 0x80000100 0x0002a083 lsu.r x   1 op 0 @ 90000000+00000000
sm   0 warp 0 0x80000100 0x0002a083 x  1  00000000
sm   0 warp 0 0x80000104 0x0002a083 lsu.r x   1 op 0 @ 90000000+00000000
sm   0 warp 0 0x80000104 0x0002a083 x  1  00000000
sm   0 warp 0 0x80000108 0x0002a083 lsu.r x   1 op 0 @ 90000000+00000000
sm   0 warp 0 0x80000108 0x0002a083 x  1  00000000
sm   0 warp 0 0x8000010c 0x0002a083 lsu.r x   1 op 0 @ 90000000+00000000
sm   0 warp 0 0x8000010c 0x0002a083 x  1  00000000
sm   0 warp 0 0x80000110 0x0002a083 lsu.r x   1 op 0 @ 90000000+00000000
sm   0 warp 0 0x80000110 0x0002a083 x  1  00000000
sm   0 warp 0 0x80000114 0x0002a083 lsu.r x   1 op 0 @ 90000000+00000000
sm   0 warp 0 0x80000114 0x0002a083 x  1  00000000
sm   0 warp 0 0x80000118 0x0002a083 lsu.r x   1 op 0 @ 90000000+00000000
sm   0 warp 0 0x80000118 0x0002a083 x  1  00000000
sm   0 warp 0 0x8000011c 0x0002a083 lsu.r x   1 op 0 @ 90000000+00000000
sm   0 warp 0 0x8000011c 0x0002a083 x  1  00000000
sm   0 warp 0 0x80000120 0x0002a083 lsu.r x   1 op 0 @ 90000000+00000000
sm   0 warp 0 0x80000120 0x0002a083 x  1  00000000
sm   0 warp 0 0x80000124 0x0002a083 lsu.r x   1 op 0 @ 90000000+00000000
sm   0 warp 0 0x80000124 0x0002a083 x  1  00000000
sm   0 warp 0 0x80000128 0x0002a083 lsu.r x   1 op 0 @ 90000000+00000000
sm   0 warp 0 0x80000128 0x0002a083 x  1  00000000
sm   0 warp 0 0x8000012c 0x0002a083 lsu.r x   1 op 0 @ 90000000+00000000
sm   0 warp 0 0x8000012c 0x0002a083 x  1  00000000
sm   0 warp 0 0x80000130 0x0002a083 lsu.r x   1 op 0 @ 90000000+00000000
sm   0 warp 0 0x80000130 0x0002a083 x  1  00000000
sm   0 warp 0 0x80000134 0x0002a083 lsu.r x   1 op 0 @ 90000000+00000000
sm   0 warp 0 0x80000134 0x0002a083 x  1  00000000
sm   0 warp 0 0x80000138 0x0002a083 lsu.r x   1 op 0 @ 90000000+00000000
sm   0 warp 0 0x80000138 0x0002a083 x  1  00000000
sm   0 warp 0 0x8000013c 0x0002a083 lsu.r x   1 op 0 @ 90000000+00000000
sm   0 warp 0 0x8000013c 0x0002a083 x  1  00000000
sm   0 warp 0 0x80000140 0x0002a083 lsu.r x   1 op 0 @ 90000000+00000000
sm   0 warp 0 0x80000140 0x0002a083 x  1  00000000
sm   0 warp 0 0x80000144 0x0002a083 lsu.r x   1 op 0 @ 90000000+00000000
sm   0 warp 0 0x80000144 0x0002a083 x  1  00000000
sm   0 warp 0 0x80000148 0x0002a083 lsu.r x   1 op 0 @ 90000000+00000000
sm   0 warp 0 0x80000148 0x0002a083 x  1  00000000
sm   0 warp 0 0x8000014c 0x0002a083 lsu.r x   1 op 0 @ 90000000+00000000
sm   0 warp 0 0x8000014c 0x0002a083 x  1  00000000
sm   0 warp 0 0x80000150 0x0002a083 lsu.r x   1 op 0 @ 90000000+00000000
sm   0 warp 0 0x80000150 0x0002a083 x  1  00000000
sm   0 warp 0 0x80000154 0x0002a083 lsu.r x   1 op 0 @ 90000000+00000000
sm   0 warp 0 0x80000154 0x0002a083 x  1  00000000
sm   0 warp 0 0x80000158 0x0002a083 lsu.r x   1 op 0 @ 90000000+00000000
sm   0 warp 0 0x80000158 0x0002a083 x  1  00000000
sm   0 warp 0 0x8000015c 0x0002a083 lsu.r x   1 op 0 @ 90000000+00000000
[L1C] #   1219 SM 0 CACHE 0 ADDR 80000180
sm   0 warp 0 0x8000015c 0x0002a083 x  1  00000000
sm   0 warp 0 0x80000160 0x0002a083 lsu.r x   1 op 0 @ 90000000+00000000
sm   0 warp 0 0x80000160 0x0002a083 x  1  00000000
sm   0 warp 0 0x80000164 0x0002a083 lsu.r x   1 op 0 @ 90000000+00000000
sm   0 warp 0 0x80000164 0x0002a083 x  1  00000000
sm   0 warp 0 0x80000168 0x0002a083 lsu.r x   1 op 0 @ 90000000+00000000
sm   0 warp 0 0x80000168 0x0002a083 x  1  00000000
sm   0 warp 0 0x8000016c 0x0002a083 lsu.r x   1 op 0 @ 90000000+00000000
sm   0 warp 0 0x8000016c 0x0002a083 x  1  00000000
sm   0 warp 0 0x80000170 0x0002a083 lsu.r x   1 op 0 @ 90000000+00000000
sm   0 warp 0 0x80000170 0x0002a083 x  1  00000000
sm   0 warp 0 0x80000174 0x0002a083 lsu.r x   1 op 0 @ 90000000+00000000
sm   0 warp 0 0x80000174 0x0002a083 x  1  00000000
sm   0 warp 0 0x80000178 0x0002a083 lsu.r x   1 op 0 @ 90000000+00000000
sm   0 warp 0 0x80000178 0x0002a083 x  1  00000000
sm   0 warp 0 0x8000017c 0x0002a083 lsu.r x   1 op 0 @ 90000000+00000000
sm   0 warp 0 0x8000017c 0x0002a083 x  1  00000000
sm   0 warp 0 0x80000180 0x0002a083 lsu.r x   1 op 0 @ 90000000+00000000
sm   0 warp 0 0x80000180 0x0002a083 x  1  00000000
sm   0 warp 0 0x80000184 0x0002a083 lsu.r x   1 op 0 @ 90000000+00000000
sm   0 warp 0 0x80000184 0x0002a083 x  1  00000000
sm   0 warp 0 0x80000188 0x0002a083 lsu.r x   1 op 0 @ 90000000+00000000
sm   0 warp 0 0x80000188 0x0002a083 x  1  00000000
sm   0 warp 0 0x8000018c 0x0002a083 lsu.r x   1 op 0 @ 90000000+00000000
sm   0 warp 0 0x8000018c 0x0002a083 x  1  00000000
sm   0 warp 0 0x80000190 0x0002a083 lsu.r x   1 op 0 @ 90000000+00000000
sm   0 warp 0 0x80000190 0x0002a083 x  1  00000000
sm   0 warp 0 0x80000194 0x0002a083 lsu.r x   1 op 0 @ 90000000+00000000
sm   0 warp 0 0x80000194 0x0002a083 x  1  00000000
sm   0 warp 0 0x80000198 0x0002a083 lsu.r x   1 op 0 @ 90000000+00000000
sm   0 warp 0 0x80000198 0x0002a083 x  1  00000000
sm   0 warp 0 0x8000019c 0x0002a083 lsu.r x   1 op 0 @ 90000000+00000000
sm   0 warp 0 0x8000019c 0x0002a083 x  1  00000000
sm   0 warp 0 0x800001a0 0x0002a083 lsu.r x   1 op 0 @ 90000000+00000000
sm   0 warp 0 0x800001a0 0x0002a083 x  1  00000000
sm   0 warp 0 0x800001a4 0x0002a083 lsu.r x   1 op 0 @ 90000000+00000000
sm   0 warp 0 0x800001a4 0x0002a083 x  1  00000000
sm   0 warp 0 0x800001a8 0x0002a083 lsu.r x   1 op 0 @ 90000000+00000000
sm   0 warp 0 0x800001a8 0x0002a083 x  1  00000000
sm   0 warp 0 0x800001ac 0x0002a083 lsu.r x   1 op 0 @ 90000000+00000000
sm   0 warp 0 0x800001ac 0x0002a083 x  1  00000000
sm   0 warp 0 0x800001b0 0x0002a083 lsu.r x   1 op 0 @ 90000000+00000000
sm   0 warp 0 0x800001b0 0x0002a083 x  1  00000000
sm   0 warp 0 0x800001b4 0x0002a083 lsu.r x   1 op 0 @ 90000000+00000000
sm   0 warp 0 0x800001b4 0x0002a083 x  1  00000000
sm   0 warp 0 0x800001b8 0x0002a083 lsu.r x   1 op 0 @ 90000000+00000000
sm   0 warp 0 0x800001b8 0x0002a083 x  1  00000000
sm   0 warp 0 0x800001bc 0x0002a083 lsu.r x   1 op 0 @ 90000000+00000000
sm   0 warp 0 0x800001bc 0x0002a083 x  1  00000000
sm   0 warp 0 0x800001c0 0x0002a083 lsu.r x   1 op 0 @ 90000000+00000000
sm   0 warp 0 0x800001c0 0x0002a083 x  1  00000000
sm   0 warp 0 0x800001c4 0x0002a083 lsu.r x   1 op 0 @ 90000000+00000000
sm   0 warp 0 0x800001c4 0x0002a083 x  1  00000000
sm   0 warp 0 0x800001c8 0x0002a083 lsu.r x   1 op 0 @ 90000000+00000000
sm   0 warp 0 0x800001c8 0x0002a083 x  1  00000000
sm   0 warp 0 0x800001cc 0x0002a083 lsu.r x   1 op 0 @ 90000000+00000000
sm   0 warp 0 0x800001cc 0x0002a083 x  1  00000000
sm   0 warp 0 0x800001d0 0x0002a083 lsu.r x   1 op 0 @ 90000000+00000000
sm   0 warp 0 0x800001d0 0x0002a083 x  1  00000000
sm   0 warp 0 0x800001d4 0x0002a083 lsu.r x   1 op 0 @ 90000000+00000000
sm   0 warp 0 0x800001d4 0x0002a083 x  1  00000000
sm   0 warp 0 0x800001d8 0x0002a083 lsu.r x   1 op 0 @ 90000000+00000000
sm   0 warp 0 0x800001d8 0x0002a083 x  1  00000000
sm   0 warp 0 0x800001dc 0x0002a083 lsu.r x   1 op 0 @ 90000000+00000000
[L1C] #   1571 SM 0 CACHE 0 ADDR 80000200
sm   0 warp 0 0x800001dc 0x0002a083 x  1  00000000
sm   0 warp 0 0x800001e0 0x0002a083 lsu.r x   1 op 0 @ 90000000+00000000
sm   0 warp 0 0x800001e0 0x0002a083 x  1  00000000
sm   0 warp 0 0x800001e4 0x0002a083 lsu.r x   1 op 0 @ 90000000+00000000
sm   0 warp 0 0x800001e4 0x0002a083 x  1  00000000
sm   0 warp 0 0x800001e8 0x0002a083 lsu.r x   1 op 0 @ 90000000+00000000
sm   0 warp 0 0x800001e8 0x0002a083 x  1  00000000
sm   0 warp 0 0x800001ec 0x0002a083 lsu.r x   1 op 0 @ 90000000+00000000
sm   0 warp 0 0x800001ec 0x0002a083 x  1  00000000
sm   0 warp 0 0x800001f0 0x0002a083 lsu.r x   1 op 0 @ 90000000+00000000
sm   0 warp 0 0x800001f0 0x0002a083 x  1  00000000
sm   0 warp 0 0x800001f4 0x0002a083 lsu.r x   1 op 0 @ 90000000+00000000
sm   0 warp 0 0x800001f4 0x0002a083 x  1  00000000
sm   0 warp 0 0x800001f8 0x0002a083 lsu.r x   1 op 0 @ 90000000+00000000
sm   0 warp 0 0x800001f8 0x0002a083 x  1  00000000
sm   0 warp 0 0x800001fc 0x0002a083 lsu.r x   1 op 0 @ 90000000+00000000
sm   0 warp 0 0x800001fc 0x0002a083 x  1  00000000
sm   0 warp 0 0x80000200 0x0002a083 lsu.r x   1 op 0 @ 90000000+00000000
sm   0 warp 0 0x80000200 0x0002a083 x  1  00000000
sm   0 warp 0 0x80000204 0x0002a083 lsu.r x   1 op 0 @ 90000000+00000000
sm   0 warp 0 0x80000204 0x0002a083 x  1  00000000
sm   0 warp 0 0x80000208 0x0002a083 lsu.r x   1 op 0 @ 90000000+00000000
sm   0 warp 0 0x80000208 0x0002a083 x  1  00000000
sm   0 warp 0 0x8000020c 0x0002a083 lsu.r x   1 op 0 @ 90000000+00000000
sm   0 warp 0 0x8000020c 0x0002a083 x  1  00000000
sm   0 warp 0 0x80000210 0x0002a083 lsu.r x   1 op 0 @ 90000000+00000000
sm   0 warp 0 0x80000210 0x0002a083 x  1  00000000
sm   0 warp 0 0x80000214 0x0002a083 lsu.r x   1 op 0 @ 90000000+00000000
sm   0 warp 0 0x80000214 0x0002a083 x  1  00000000
sm   0 warp 0 0x80000218 0x0002a083 lsu.r x   1 op 0 @ 90000000+00000000
sm   0 warp 0 0x80000218 0x0002a083 x  1  00000000
sm   0 warp 0 0x8000021c 0x0002a083 lsu.r x   1 op 0 @ 90000000+00000000
sm   0 warp 0 0x8000021c 0x0002a083 x  1  00000000
sm   0 warp 0 0x80000220 0x0002a083 lsu.r x   1 op 0 @ 90000000+00000000
sm   0 warp 0 0x80000220 0x0002a083 x  1  00000000
sm   0 warp 0 0x80000224 0x0002a083 lsu.r x   1 op 0 @ 90000000+00000000
sm   0 warp 0 0x80000224 0x0002a083 x  1  00000000
sm   0 warp 0 0x80000228 0x0002a083 lsu.r x   1 op 0 @ 90000000+00000000
sm   0 warp 0 0x80000228 0x0002a083 x  1  00000000
sm   0 warp 0 0x8000022c 0x0002a083 lsu.r x   1 op 0 @ 90000000+00000000
sm   0 warp 0 0x8000022c 0x0002a083 x  1  00000000
sm   0 warp 0 0x80000230 0x0002a083 lsu.r x   1 op 0 @ 90000000+00000000
sm   0 warp 0 0x80000230 0x0002a083 x  1  00000000
sm   0 warp 0 0x80000234 0x0002a083 lsu.r x   1 op 0 @ 90000000+00000000
sm   0 warp 0 0x80000234 0x0002a083 x  1  00000000
sm   0 warp 0 0x80000238 0x0002a083 lsu.r x   1 op 0 @ 90000000+00000000
sm   0 warp 0 0x80000238 0x0002a083 x  1  00000000
sm   0 warp 0 0x8000023c 0x0002a083 lsu.r x   1 op 0 @ 90000000+00000000
sm   0 warp 0 0x8000023c 0x0002a083 x  1  00000000
sm   0 warp 0 0x80000240 0x0002a083 lsu.r x   1 op 0 @ 90000000+00000000
sm   0 warp 0 0x80000240 0x0002a083 x  1  00000000
sm   0 warp 0 0x80000244 0x0002a083 lsu.r x   1 op 0 @ 90000000+00000000
sm   0 warp 0 0x80000244 0x0002a083 x  1  00000000
sm   0 warp 0 0x80000248 0x0002a083 lsu.r x   1 op 0 @ 90000000+00000000
sm   0 warp 0 0x80000248 0x0002a083 x  1  00000000
sm   0 warp 0 0x8000024c 0x0002a083 lsu.r x   1 op 0 @ 90000000+00000000
sm   0 warp 0 0x8000024c 0x0002a083 x  1  00000000
sm   0 warp 0 0x80000250 0x0002a083 lsu.r x   1 op 0 @ 90000000+00000000
sm   0 warp 0 0x80000250 0x0002a083 x  1  00000000
sm   0 warp 0 0x80000254 0x0002a083 lsu.r x   1 op 0 @ 90000000+00000000
sm   0 warp 0 0x80000254 0x0002a083 x  1  00000000
sm   0 warp 0 0x80000258 0x0002a083 lsu.r x   1 op 0 @ 90000000+00000000
sm   0 warp 0 0x80000258 0x0002a083 x  1  00000000
sm   0 warp 0 0x8000025c 0x0002a083 lsu.r x   1 op 0 @ 90000000+00000000
[L1C] #   1923 SM 0 CACHE 0 ADDR 80000280
sm   0 warp 0 0x8000025c 0x0002a083 x  1  00000000
sm   0 warp 0 0x80000260 0x0002a083 lsu.r x   1 op 0 @ 90000000+00000000
sm   0 warp 0 0x80000260 0x0002a083 x  1  00000000
sm   0 warp 0 0x80000264 0x0002a083 lsu.r x   1 op 0 @ 90000000+00000000
sm   0 warp 0 0x80000264 0x0002a083 x  1  00000000
sm   0 warp 0 0x80000268 0x0002a083 lsu.r x   1 op 0 @ 90000000+00000000
sm   0 warp 0 0x80000268 0x0002a083 x  1  00000000
sm   0 warp 0 0x8000026c 0x0002a083 lsu.r x   1 op 0 @ 90000000+00000000
sm   0 warp 0 0x8000026c 0x0002a083 x  1  00000000
sm   0 warp 0 0x80000270 0x0002a083 lsu.r x   1 op 0 @ 90000000+00000000
sm   0 warp 0 0x80000270 0x0002a083 x  1  00000000
sm   0 warp 0 0x80000274 0x0002a083 lsu.r x   1 op 0 @ 90000000+00000000
sm   0 warp 0 0x80000274 0x0002a083 x  1  00000000
sm   0 warp 0 0x80000278 0x0002a083 lsu.r x   1 op 0 @ 90000000+00000000
sm   0 warp 0 0x80000278 0x0002a083 x  1  00000000
sm   0 warp 0 0x8000027c 0x0002a083 lsu.r x   1 op 0 @ 90000000+00000000
sm   0 warp 0 0x8000027c 0x0002a083 x  1  00000000
sm   0 warp 0 0x80000280 0x0002a083 lsu.r x   1 op 0 @ 90000000+00000000
sm   0 warp 0 0x80000280 0x0002a083 x  1  00000000
sm   0 warp 0 0x80000284 0x0002a083 lsu.r x   1 op 0 @ 90000000+00000000
sm   0 warp 0 0x80000284 0x0002a083 x  1  00000000
sm   0 warp 0 0x80000288 0x0002a083 lsu.r x   1 op 0 @ 90000000+00000000
sm   0 warp 0 0x80000288 0x0002a083 x  1  00000000
sm   0 warp 0 0x8000028c 0x0002a083 lsu.r x   1 op 0 @ 90000000+00000000
sm   0 warp 0 0x8000028c 0x0002a083 x  1  00000000
sm   0 warp 0 0x80000290 0x0002a083 lsu.r x   1 op 0 @ 90000000+00000000
sm   0 warp 0 0x80000290 0x0002a083 x  1  00000000
sm   0 warp 0 0x80000294 0x0002a083 lsu.r x   1 op 0 @ 90000000+00000000
sm   0 warp 0 0x80000294 0x0002a083 x  1  00000000
sm   0 warp 0 0x80000298 0x0002a083 lsu.r x   1 op 0 @ 90000000+00000000
sm   0 warp 0 0x80000298 0x0002a083 x  1  00000000
sm   0 warp 0 0x8000029c 0x0002a083 lsu.r x   1 op 0 @ 90000000+00000000
sm   0 warp 0 0x8000029c 0x0002a083 x  1  00000000
sm   0 warp 0 0x800002a0 0x0002a083 lsu.r x   1 op 0 @ 90000000+00000000
sm   0 warp 0 0x800002a0 0x0002a083 x  1  00000000
sm   0 warp 0 0x800002a4 0x0002a083 lsu.r x   1 op 0 @ 90000000+00000000
sm   0 warp 0 0x800002a4 0x0002a083 x  1  00000000
sm   0 warp 0 0x800002a8 0x0002a083 lsu.r x   1 op 0 @ 90000000+00000000
sm   0 warp 0 0x800002a8 0x0002a083 x  1  00000000
sm   0 warp 0 0x800002ac 0x0002a083 lsu.r x   1 op 0 @ 90000000+00000000
sm   0 warp 0 0x800002ac 0x0002a083 x  1  00000000
sm   0 warp 0 0x800002b0 0x0002a083 lsu.r x   1 op 0 @ 90000000+00000000
sm   0 warp 0 0x800002b0 0x0002a083 x  1  00000000
sm   0 warp 0 0x800002b4 0x0002a083 lsu.r x   1 op 0 @ 90000000+00000000
sm   0 warp 0 0x800002b4 0x0002a083 x  1  00000000
sm   0 warp 0 0x800002b8 0x0002a083 lsu.r x   1 op 0 @ 90000000+00000000
sm   0 warp 0 0x800002b8 0x0002a083 x  1  00000000
sm   0 warp 0 0x800002bc 0x0002a083 lsu.r x   1 op 0 @ 90000000+00000000
sm   0 warp 0 0x800002bc 0x0002a083 x  1  00000000
sm   0 warp 0 0x800002c0 0x0002a083 lsu.r x   1 op 0 @ 90000000+00000000
sm   0 warp 0 0x800002c0 0x0002a083 x  1  00000000
sm   0 warp 0 0x800002c4 0x0002a083 lsu.r x   1 op 0 @ 90000000+00000000
sm   0 warp 0 0x800002c4 0x0002a083 x  1  00000000
sm   0 warp 0 0x800002c8 0x0002a083 lsu.r x   1 op 0 @ 90000000+00000000
sm   0 warp 0 0x800002c8 0x0002a083 x  1  00000000
sm   0 warp 0 0x800002cc 0x0002a083 lsu.r x   1 op 0 @ 90000000+00000000
sm   0 warp 0 0x800002cc 0x0002a083 x  1  00000000
sm   0 warp 0 0x800002d0 0x0002a083 lsu.r x   1 op 0 @ 90000000+00000000
sm   0 warp 0 0x800002d0 0x0002a083 x  1  00000000
sm   0 warp 0 0x800002d4 0x0002a083 lsu.r x   1 op 0 @ 90000000+00000000
sm   0 warp 0 0x800002d4 0x0002a083 x  1  00000000
sm   0 warp 0 0x800002d8 0x0002a083 lsu.r x   1 op 0 @ 90000000+00000000
sm   0 warp 0 0x800002d8 0x0002a083 x  1  00000000
sm   0 warp 0 0x800002dc 0x0002a083 lsu.r x   1 op 0 @ 90000000+00000000
[L1C] #   2275 SM 0 CACHE 0 ADDR 80000300
sm   0 warp 0 0x800002dc 0x0002a083 x  1  00000000
sm   0 warp 0 0x800002e0 0x0002a083 lsu.r x   1 op 0 @ 90000000+00000000
sm   0 warp 0 0x800002e0 0x0002a083 x  1  00000000
sm   0 warp 0 0x800002e4 0x0002a083 lsu.r x   1 op 0 @ 90000000+00000000
sm   0 warp 0 0x800002e4 0x0002a083 x  1  00000000
sm   0 warp 0 0x800002e8 0x0002a083 lsu.r x   1 op 0 @ 90000000+00000000
sm   0 warp 0 0x800002e8 0x0002a083 x  1  00000000
sm   0 warp 0 0x800002ec 0x0002a083 lsu.r x   1 op 0 @ 90000000+00000000
sm   0 warp 0 0x800002ec 0x0002a083 x  1  00000000
sm   0 warp 0 0x800002f0 0x0002a083 lsu.r x   1 op 0 @ 90000000+00000000
sm   0 warp 0 0x800002f0 0x0002a083 x  1  00000000
sm   0 warp 0 0x800002f4 0x0002a083 lsu.r x   1 op 0 @ 90000000+00000000
sm   0 warp 0 0x800002f4 0x0002a083 x  1  00000000
sm   0 warp 0 0x800002f8 0x0002a083 lsu.r x   1 op 0 @ 90000000+00000000
sm   0 warp 0 0x800002f8 0x0002a083 x  1  00000000
sm   0 warp 0 0x800002fc 0x0002a083 lsu.r x   1 op 0 @ 90000000+00000000
sm   0 warp 0 0x800002fc 0x0002a083 x  1  00000000
sm   0 warp 0 0x80000300 0x0002a083 lsu.r x   1 op 0 @ 90000000+00000000
sm   0 warp 0 0x80000304 0x90002137 x  2  90002000
sm   0 warp 0 0x80000300 0x0002a083 x  1  00000000
sm   0 warp 0 0x80000308 0x00112023 lsu.w x   1 op 0 00000000 @ 90002000+00000000
sm   0 warp 0 0x8000030c 0x0000400b endprg
[L1C] #   2389 SM 0 CACHE 1 ADDR 90002000
sm   0 warp 0 0x80000308 0x00112023 lsu.w finish
[L1C] #   2406 SM 0 CACHE 1 ADDR 9d0f7f80
[L1C] #   3437 SM 0 CACHE 1 ADDR 9d0f7f80
