[RTL     info]@0 SNAPSHOT created, pid=3358872
[RTL    trace]@20 Hardware reset ok
[2026-10-06 08:57:10.843] [trace] kernel0 repeat_load-192 data loaded from file
[RTL    trace]@30 kernel 0 repeat_load-192 activate
[RTL    debug]@185 block0  dispatched to GPU (kernel0  repeat_load-192 block0 )
[RTL    debug]@10000 
[RTL    debug]@20000 
[RTL    debug]@23885 block0  finished (kernel0  repeat_load-192 block0 )
[RTL     info]@23885 kernel0  repeat_load-192 finished
[RTL    debug]@30000 
[RTL    debug]@40000 
[RTL    debug]@50000 
[RTL    debug]@60000 
[RTL    debug]@70000 
dump-mem: mem[0x90002000 +: 4] = 0x00000000
[RTL     info]@73885 Simulation finished in 73885 unit time
- S i m u l a t i o n   R e p o r t: Verilator 5.049 devel
- Verilator: end at 74ns; walltime 23.357 s; speed 3.163 ns/s
- Verilator: cpu 93.176 s on 4 threads; allocated 583 MB
[RTL    debug]@73885 All snapshot process are cleared, OK
