
Warning: (W569) sc_module(const char*), sc_module(const std::string&) have been deprecated, use sc_module(const sc_module_name&): RamulatorWrapper
In file: ${REMOTE_FLOW_ROOT}/deps/systemc/src/sysc/kernel/sc_module.cpp:248
Create new vmem for kernel scalar_add-192, ptroot=0x1000 [trace main.cpp:83]
Start loading data for kernel scalar_add-192, ptroot=0x1000 [trace main.cpp:188]
kernel 0 scalar_add-192 initialized, size={1,1,1} @0ns,0 [info context_model.cpp:23]

Warning: (W509) module construction not properly completed: did you forget to add a sc_module_name parameter to your module constructor?: module 'RamulatorWrapper'
In file: ${REMOTE_FLOW_ROOT}/deps/systemc/src/sysc/kernel/sc_module.cpp:409
SM 1 warp 1 receive kernel 0 scalar_add-192 block 0 warp 0 @15ns,1 [trace BASE.cpp:244]
SM 1 warp 1 0x80000000              ADDI_0x00000093 WB x[001]=0x00000000 @95ns,1 [trace regfile.cpp:87]
SM 1 warp 1 0x80000004              ADDI_0x00108093 WB x[001]=0x00000001 @155ns,1 [trace regfile.cpp:87]
SM 1 warp 1 0x80000008              ADDI_0x00108093 WB x[001]=0x00000002 @215ns,1 [trace regfile.cpp:87]
SM 1 warp 1 0x8000000c              ADDI_0x00108093 WB x[001]=0x00000003 @275ns,1 [trace regfile.cpp:87]
SM 1 warp 1 0x80000010              ADDI_0x00108093 WB x[001]=0x00000004 @335ns,1 [trace regfile.cpp:87]
SM 1 warp 1 0x80000014              ADDI_0x00108093 WB x[001]=0x00000005 @395ns,1 [trace regfile.cpp:87]
SM 1 warp 1 0x80000018              ADDI_0x00108093 WB x[001]=0x00000006 @455ns,1 [trace regfile.cpp:87]
SM 1 warp 1 0x8000001c              ADDI_0x00108093 WB x[001]=0x00000007 @515ns,1 [trace regfile.cpp:87]
SM 1 warp 1 0x80000020              ADDI_0x00108093 WB x[001]=0x00000008 @575ns,1 [trace regfile.cpp:87]
SM 1 warp 1 0x80000024              ADDI_0x00108093 WB x[001]=0x00000009 @635ns,1 [trace regfile.cpp:87]
SM 1 warp 1 0x80000028              ADDI_0x00108093 WB x[001]=0x0000000a @695ns,1 [trace regfile.cpp:87]
SM 1 warp 1 0x8000002c              ADDI_0x00108093 WB x[001]=0x0000000b @755ns,1 [trace regfile.cpp:87]
SM 1 warp 1 0x80000030              ADDI_0x00108093 WB x[001]=0x0000000c @815ns,1 [trace regfile.cpp:87]
SM 1 warp 1 0x80000034              ADDI_0x00108093 WB x[001]=0x0000000d @875ns,1 [trace regfile.cpp:87]
SM 1 warp 1 0x80000038              ADDI_0x00108093 WB x[001]=0x0000000e @935ns,1 [trace regfile.cpp:87]
SM 1 warp 1 0x8000003c              ADDI_0x00108093 WB x[001]=0x0000000f @995ns,1 [trace regfile.cpp:87]
SM 1 warp 1 0x80000040              ADDI_0x00108093 WB x[001]=0x00000010 @1055ns,1 [trace regfile.cpp:87]
SM 1 warp 1 0x80000044              ADDI_0x00108093 WB x[001]=0x00000011 @1115ns,1 [trace regfile.cpp:87]
SM 1 warp 1 0x80000048              ADDI_0x00108093 WB x[001]=0x00000012 @1175ns,1 [trace regfile.cpp:87]
SM 1 warp 1 0x8000004c              ADDI_0x00108093 WB x[001]=0x00000013 @1235ns,1 [trace regfile.cpp:87]
SM 1 warp 1 0x80000050              ADDI_0x00108093 WB x[001]=0x00000014 @1295ns,1 [trace regfile.cpp:87]
SM 1 warp 1 0x80000054              ADDI_0x00108093 WB x[001]=0x00000015 @1355ns,1 [trace regfile.cpp:87]
SM 1 warp 1 0x80000058              ADDI_0x00108093 WB x[001]=0x00000016 @1415ns,1 [trace regfile.cpp:87]
SM 1 warp 1 0x8000005c              ADDI_0x00108093 WB x[001]=0x00000017 @1475ns,1 [trace regfile.cpp:87]
SM 1 warp 1 0x80000060              ADDI_0x00108093 WB x[001]=0x00000018 @1535ns,1 [trace regfile.cpp:87]
SM 1 warp 1 0x80000064              ADDI_0x00108093 WB x[001]=0x00000019 @1595ns,1 [trace regfile.cpp:87]
SM 1 warp 1 0x80000068              ADDI_0x00108093 WB x[001]=0x0000001a @1655ns,1 [trace regfile.cpp:87]
SM 1 warp 1 0x8000006c              ADDI_0x00108093 WB x[001]=0x0000001b @1715ns,1 [trace regfile.cpp:87]
SM 1 warp 1 0x80000070              ADDI_0x00108093 WB x[001]=0x0000001c @1775ns,1 [trace regfile.cpp:87]
SM 1 warp 1 0x80000074              ADDI_0x00108093 WB x[001]=0x0000001d @1835ns,1 [trace regfile.cpp:87]
SM 1 warp 1 0x80000078              ADDI_0x00108093 WB x[001]=0x0000001e @1895ns,1 [trace regfile.cpp:87]
SM 1 warp 1 0x8000007c              ADDI_0x00108093 WB x[001]=0x0000001f @1955ns,1 [trace regfile.cpp:87]
SM 1 warp 1 0x80000080              ADDI_0x00108093 WB x[001]=0x00000020 @2015ns,1 [trace regfile.cpp:87]
SM 1 warp 1 0x80000084              ADDI_0x00108093 WB x[001]=0x00000021 @2075ns,1 [trace regfile.cpp:87]
SM 1 warp 1 0x80000088              ADDI_0x00108093 WB x[001]=0x00000022 @2135ns,1 [trace regfile.cpp:87]
SM 1 warp 1 0x8000008c              ADDI_0x00108093 WB x[001]=0x00000023 @2195ns,1 [trace regfile.cpp:87]
SM 1 warp 1 0x80000090              ADDI_0x00108093 WB x[001]=0x00000024 @2255ns,1 [trace regfile.cpp:87]
SM 1 warp 1 0x80000094              ADDI_0x00108093 WB x[001]=0x00000025 @2315ns,1 [trace regfile.cpp:87]
SM 1 warp 1 0x80000098              ADDI_0x00108093 WB x[001]=0x00000026 @2375ns,1 [trace regfile.cpp:87]
SM 1 warp 1 0x8000009c              ADDI_0x00108093 WB x[001]=0x00000027 @2435ns,1 [trace regfile.cpp:87]
SM 1 warp 1 0x800000a0              ADDI_0x00108093 WB x[001]=0x00000028 @2495ns,1 [trace regfile.cpp:87]
SM 1 warp 1 0x800000a4              ADDI_0x00108093 WB x[001]=0x00000029 @2555ns,1 [trace regfile.cpp:87]
SM 1 warp 1 0x800000a8              ADDI_0x00108093 WB x[001]=0x0000002a @2615ns,1 [trace regfile.cpp:87]
SM 1 warp 1 0x800000ac              ADDI_0x00108093 WB x[001]=0x0000002b @2675ns,1 [trace regfile.cpp:87]
SM 1 warp 1 0x800000b0              ADDI_0x00108093 WB x[001]=0x0000002c @2735ns,1 [trace regfile.cpp:87]
SM 1 warp 1 0x800000b4              ADDI_0x00108093 WB x[001]=0x0000002d @2795ns,1 [trace regfile.cpp:87]
SM 1 warp 1 0x800000b8              ADDI_0x00108093 WB x[001]=0x0000002e @2855ns,1 [trace regfile.cpp:87]
SM 1 warp 1 0x800000bc              ADDI_0x00108093 WB x[001]=0x0000002f @2915ns,1 [trace regfile.cpp:87]
SM 1 warp 1 0x800000c0              ADDI_0x00108093 WB x[001]=0x00000030 @2975ns,1 [trace regfile.cpp:87]
SM 1 warp 1 0x800000c4              ADDI_0x00108093 WB x[001]=0x00000031 @3035ns,1 [trace regfile.cpp:87]
SM 1 warp 1 0x800000c8              ADDI_0x00108093 WB x[001]=0x00000032 @3095ns,1 [trace regfile.cpp:87]
SM 1 warp 1 0x800000cc              ADDI_0x00108093 WB x[001]=0x00000033 @3155ns,1 [trace regfile.cpp:87]
SM 1 warp 1 0x800000d0              ADDI_0x00108093 WB x[001]=0x00000034 @3215ns,1 [trace regfile.cpp:87]
SM 1 warp 1 0x800000d4              ADDI_0x00108093 WB x[001]=0x00000035 @3275ns,1 [trace regfile.cpp:87]
SM 1 warp 1 0x800000d8              ADDI_0x00108093 WB x[001]=0x00000036 @3335ns,1 [trace regfile.cpp:87]
SM 1 warp 1 0x800000dc              ADDI_0x00108093 WB x[001]=0x00000037 @3395ns,1 [trace regfile.cpp:87]
SM 1 warp 1 0x800000e0              ADDI_0x00108093 WB x[001]=0x00000038 @3455ns,1 [trace regfile.cpp:87]
SM 1 warp 1 0x800000e4              ADDI_0x00108093 WB x[001]=0x00000039 @3515ns,1 [trace regfile.cpp:87]
SM 1 warp 1 0x800000e8              ADDI_0x00108093 WB x[001]=0x0000003a @3575ns,1 [trace regfile.cpp:87]
SM 1 warp 1 0x800000ec              ADDI_0x00108093 WB x[001]=0x0000003b @3635ns,1 [trace regfile.cpp:87]
SM 1 warp 1 0x800000f0              ADDI_0x00108093 WB x[001]=0x0000003c @3695ns,1 [trace regfile.cpp:87]
SM 1 warp 1 0x800000f4              ADDI_0x00108093 WB x[001]=0x0000003d @3755ns,1 [trace regfile.cpp:87]
SM 1 warp 1 0x800000f8              ADDI_0x00108093 WB x[001]=0x0000003e @3815ns,1 [trace regfile.cpp:87]
SM 1 warp 1 0x800000fc              ADDI_0x00108093 WB x[001]=0x0000003f @3875ns,1 [trace regfile.cpp:87]
SM 1 warp 1 0x80000100              ADDI_0x00108093 WB x[001]=0x00000040 @3935ns,1 [trace regfile.cpp:87]
SM 1 warp 1 0x80000104              ADDI_0x00108093 WB x[001]=0x00000041 @3995ns,1 [trace regfile.cpp:87]
SM 1 warp 1 0x80000108              ADDI_0x00108093 WB x[001]=0x00000042 @4055ns,1 [trace regfile.cpp:87]
SM 1 warp 1 0x8000010c              ADDI_0x00108093 WB x[001]=0x00000043 @4115ns,1 [trace regfile.cpp:87]
SM 1 warp 1 0x80000110              ADDI_0x00108093 WB x[001]=0x00000044 @4175ns,1 [trace regfile.cpp:87]
SM 1 warp 1 0x80000114              ADDI_0x00108093 WB x[001]=0x00000045 @4235ns,1 [trace regfile.cpp:87]
SM 1 warp 1 0x80000118              ADDI_0x00108093 WB x[001]=0x00000046 @4295ns,1 [trace regfile.cpp:87]
SM 1 warp 1 0x8000011c              ADDI_0x00108093 WB x[001]=0x00000047 @4355ns,1 [trace regfile.cpp:87]
SM 1 warp 1 0x80000120              ADDI_0x00108093 WB x[001]=0x00000048 @4415ns,1 [trace regfile.cpp:87]
SM 1 warp 1 0x80000124              ADDI_0x00108093 WB x[001]=0x00000049 @4475ns,1 [trace regfile.cpp:87]
SM 1 warp 1 0x80000128              ADDI_0x00108093 WB x[001]=0x0000004a @4535ns,1 [trace regfile.cpp:87]
SM 1 warp 1 0x8000012c              ADDI_0x00108093 WB x[001]=0x0000004b @4595ns,1 [trace regfile.cpp:87]
SM 1 warp 1 0x80000130              ADDI_0x00108093 WB x[001]=0x0000004c @4655ns,1 [trace regfile.cpp:87]
SM 1 warp 1 0x80000134              ADDI_0x00108093 WB x[001]=0x0000004d @4715ns,1 [trace regfile.cpp:87]
SM 1 warp 1 0x80000138              ADDI_0x00108093 WB x[001]=0x0000004e @4775ns,1 [trace regfile.cpp:87]
SM 1 warp 1 0x8000013c              ADDI_0x00108093 WB x[001]=0x0000004f @4835ns,1 [trace regfile.cpp:87]
SM 1 warp 1 0x80000140              ADDI_0x00108093 WB x[001]=0x00000050 @4895ns,1 [trace regfile.cpp:87]
SM 1 warp 1 0x80000144              ADDI_0x00108093 WB x[001]=0x00000051 @4955ns,1 [trace regfile.cpp:87]
SM 1 warp 1 0x80000148              ADDI_0x00108093 WB x[001]=0x00000052 @5015ns,1 [trace regfile.cpp:87]
SM 1 warp 1 0x8000014c              ADDI_0x00108093 WB x[001]=0x00000053 @5075ns,1 [trace regfile.cpp:87]
SM 1 warp 1 0x80000150              ADDI_0x00108093 WB x[001]=0x00000054 @5135ns,1 [trace regfile.cpp:87]
SM 1 warp 1 0x80000154              ADDI_0x00108093 WB x[001]=0x00000055 @5195ns,1 [trace regfile.cpp:87]
SM 1 warp 1 0x80000158              ADDI_0x00108093 WB x[001]=0x00000056 @5255ns,1 [trace regfile.cpp:87]
SM 1 warp 1 0x8000015c              ADDI_0x00108093 WB x[001]=0x00000057 @5315ns,1 [trace regfile.cpp:87]
SM 1 warp 1 0x80000160              ADDI_0x00108093 WB x[001]=0x00000058 @5375ns,1 [trace regfile.cpp:87]
SM 1 warp 1 0x80000164              ADDI_0x00108093 WB x[001]=0x00000059 @5435ns,1 [trace regfile.cpp:87]
SM 1 warp 1 0x80000168              ADDI_0x00108093 WB x[001]=0x0000005a @5495ns,1 [trace regfile.cpp:87]
SM 1 warp 1 0x8000016c              ADDI_0x00108093 WB x[001]=0x0000005b @5555ns,1 [trace regfile.cpp:87]
SM 1 warp 1 0x80000170              ADDI_0x00108093 WB x[001]=0x0000005c @5615ns,1 [trace regfile.cpp:87]
SM 1 warp 1 0x80000174              ADDI_0x00108093 WB x[001]=0x0000005d @5675ns,1 [trace regfile.cpp:87]
SM 1 warp 1 0x80000178              ADDI_0x00108093 WB x[001]=0x0000005e @5735ns,1 [trace regfile.cpp:87]
SM 1 warp 1 0x8000017c              ADDI_0x00108093 WB x[001]=0x0000005f @5795ns,1 [trace regfile.cpp:87]
SM 1 warp 1 0x80000180              ADDI_0x00108093 WB x[001]=0x00000060 @5855ns,1 [trace regfile.cpp:87]
SM 1 warp 1 0x80000184              ADDI_0x00108093 WB x[001]=0x00000061 @5915ns,1 [trace regfile.cpp:87]
SM 1 warp 1 0x80000188              ADDI_0x00108093 WB x[001]=0x00000062 @5975ns,1 [trace regfile.cpp:87]
SM 1 warp 1 0x8000018c              ADDI_0x00108093 WB x[001]=0x00000063 @6035ns,1 [trace regfile.cpp:87]
SM 1 warp 1 0x80000190              ADDI_0x00108093 WB x[001]=0x00000064 @6095ns,1 [trace regfile.cpp:87]
SM 1 warp 1 0x80000194              ADDI_0x00108093 WB x[001]=0x00000065 @6155ns,1 [trace regfile.cpp:87]
SM 1 warp 1 0x80000198              ADDI_0x00108093 WB x[001]=0x00000066 @6215ns,1 [trace regfile.cpp:87]
SM 1 warp 1 0x8000019c              ADDI_0x00108093 WB x[001]=0x00000067 @6275ns,1 [trace regfile.cpp:87]
SM 1 warp 1 0x800001a0              ADDI_0x00108093 WB x[001]=0x00000068 @6335ns,1 [trace regfile.cpp:87]
SM 1 warp 1 0x800001a4              ADDI_0x00108093 WB x[001]=0x00000069 @6395ns,1 [trace regfile.cpp:87]
SM 1 warp 1 0x800001a8              ADDI_0x00108093 WB x[001]=0x0000006a @6455ns,1 [trace regfile.cpp:87]
SM 1 warp 1 0x800001ac              ADDI_0x00108093 WB x[001]=0x0000006b @6515ns,1 [trace regfile.cpp:87]
SM 1 warp 1 0x800001b0              ADDI_0x00108093 WB x[001]=0x0000006c @6575ns,1 [trace regfile.cpp:87]
SM 1 warp 1 0x800001b4              ADDI_0x00108093 WB x[001]=0x0000006d @6635ns,1 [trace regfile.cpp:87]
SM 1 warp 1 0x800001b8              ADDI_0x00108093 WB x[001]=0x0000006e @6695ns,1 [trace regfile.cpp:87]
SM 1 warp 1 0x800001bc              ADDI_0x00108093 WB x[001]=0x0000006f @6755ns,1 [trace regfile.cpp:87]
SM 1 warp 1 0x800001c0              ADDI_0x00108093 WB x[001]=0x00000070 @6815ns,1 [trace regfile.cpp:87]
SM 1 warp 1 0x800001c4              ADDI_0x00108093 WB x[001]=0x00000071 @6875ns,1 [trace regfile.cpp:87]
SM 1 warp 1 0x800001c8              ADDI_0x00108093 WB x[001]=0x00000072 @6935ns,1 [trace regfile.cpp:87]
SM 1 warp 1 0x800001cc              ADDI_0x00108093 WB x[001]=0x00000073 @6995ns,1 [trace regfile.cpp:87]
SM 1 warp 1 0x800001d0              ADDI_0x00108093 WB x[001]=0x00000074 @7055ns,1 [trace regfile.cpp:87]
SM 1 warp 1 0x800001d4              ADDI_0x00108093 WB x[001]=0x00000075 @7115ns,1 [trace regfile.cpp:87]
SM 1 warp 1 0x800001d8              ADDI_0x00108093 WB x[001]=0x00000076 @7175ns,1 [trace regfile.cpp:87]
SM 1 warp 1 0x800001dc              ADDI_0x00108093 WB x[001]=0x00000077 @7235ns,1 [trace regfile.cpp:87]
SM 1 warp 1 0x800001e0              ADDI_0x00108093 WB x[001]=0x00000078 @7295ns,1 [trace regfile.cpp:87]
SM 1 warp 1 0x800001e4              ADDI_0x00108093 WB x[001]=0x00000079 @7355ns,1 [trace regfile.cpp:87]
SM 1 warp 1 0x800001e8              ADDI_0x00108093 WB x[001]=0x0000007a @7415ns,1 [trace regfile.cpp:87]
SM 1 warp 1 0x800001ec              ADDI_0x00108093 WB x[001]=0x0000007b @7475ns,1 [trace regfile.cpp:87]
SM 1 warp 1 0x800001f0              ADDI_0x00108093 WB x[001]=0x0000007c @7535ns,1 [trace regfile.cpp:87]
SM 1 warp 1 0x800001f4              ADDI_0x00108093 WB x[001]=0x0000007d @7595ns,1 [trace regfile.cpp:87]
SM 1 warp 1 0x800001f8              ADDI_0x00108093 WB x[001]=0x0000007e @7655ns,1 [trace regfile.cpp:87]
SM 1 warp 1 0x800001fc              ADDI_0x00108093 WB x[001]=0x0000007f @7715ns,1 [trace regfile.cpp:87]
SM 1 warp 1 0x80000200              ADDI_0x00108093 WB x[001]=0x00000080 @7775ns,1 [trace regfile.cpp:87]
SM 1 warp 1 0x80000204              ADDI_0x00108093 WB x[001]=0x00000081 @7835ns,1 [trace regfile.cpp:87]
SM 1 warp 1 0x80000208              ADDI_0x00108093 WB x[001]=0x00000082 @7895ns,1 [trace regfile.cpp:87]
SM 1 warp 1 0x8000020c              ADDI_0x00108093 WB x[001]=0x00000083 @7955ns,1 [trace regfile.cpp:87]
SM 1 warp 1 0x80000210              ADDI_0x00108093 WB x[001]=0x00000084 @8015ns,1 [trace regfile.cpp:87]
SM 1 warp 1 0x80000214              ADDI_0x00108093 WB x[001]=0x00000085 @8075ns,1 [trace regfile.cpp:87]
SM 1 warp 1 0x80000218              ADDI_0x00108093 WB x[001]=0x00000086 @8135ns,1 [trace regfile.cpp:87]
SM 1 warp 1 0x8000021c              ADDI_0x00108093 WB x[001]=0x00000087 @8195ns,1 [trace regfile.cpp:87]
SM 1 warp 1 0x80000220              ADDI_0x00108093 WB x[001]=0x00000088 @8255ns,1 [trace regfile.cpp:87]
SM 1 warp 1 0x80000224              ADDI_0x00108093 WB x[001]=0x00000089 @8315ns,1 [trace regfile.cpp:87]
SM 1 warp 1 0x80000228              ADDI_0x00108093 WB x[001]=0x0000008a @8375ns,1 [trace regfile.cpp:87]
SM 1 warp 1 0x8000022c              ADDI_0x00108093 WB x[001]=0x0000008b @8435ns,1 [trace regfile.cpp:87]
SM 1 warp 1 0x80000230              ADDI_0x00108093 WB x[001]=0x0000008c @8495ns,1 [trace regfile.cpp:87]
SM 1 warp 1 0x80000234              ADDI_0x00108093 WB x[001]=0x0000008d @8555ns,1 [trace regfile.cpp:87]
SM 1 warp 1 0x80000238              ADDI_0x00108093 WB x[001]=0x0000008e @8615ns,1 [trace regfile.cpp:87]
SM 1 warp 1 0x8000023c              ADDI_0x00108093 WB x[001]=0x0000008f @8675ns,1 [trace regfile.cpp:87]
SM 1 warp 1 0x80000240              ADDI_0x00108093 WB x[001]=0x00000090 @8735ns,1 [trace regfile.cpp:87]
SM 1 warp 1 0x80000244              ADDI_0x00108093 WB x[001]=0x00000091 @8795ns,1 [trace regfile.cpp:87]
SM 1 warp 1 0x80000248              ADDI_0x00108093 WB x[001]=0x00000092 @8855ns,1 [trace regfile.cpp:87]
SM 1 warp 1 0x8000024c              ADDI_0x00108093 WB x[001]=0x00000093 @8915ns,1 [trace regfile.cpp:87]
SM 1 warp 1 0x80000250              ADDI_0x00108093 WB x[001]=0x00000094 @8975ns,1 [trace regfile.cpp:87]
SM 1 warp 1 0x80000254              ADDI_0x00108093 WB x[001]=0x00000095 @9035ns,1 [trace regfile.cpp:87]
SM 1 warp 1 0x80000258              ADDI_0x00108093 WB x[001]=0x00000096 @9095ns,1 [trace regfile.cpp:87]
SM 1 warp 1 0x8000025c              ADDI_0x00108093 WB x[001]=0x00000097 @9155ns,1 [trace regfile.cpp:87]
SM 1 warp 1 0x80000260              ADDI_0x00108093 WB x[001]=0x00000098 @9215ns,1 [trace regfile.cpp:87]
SM 1 warp 1 0x80000264              ADDI_0x00108093 WB x[001]=0x00000099 @9275ns,1 [trace regfile.cpp:87]
SM 1 warp 1 0x80000268              ADDI_0x00108093 WB x[001]=0x0000009a @9335ns,1 [trace regfile.cpp:87]
SM 1 warp 1 0x8000026c              ADDI_0x00108093 WB x[001]=0x0000009b @9395ns,1 [trace regfile.cpp:87]
SM 1 warp 1 0x80000270              ADDI_0x00108093 WB x[001]=0x0000009c @9455ns,1 [trace regfile.cpp:87]
SM 1 warp 1 0x80000274              ADDI_0x00108093 WB x[001]=0x0000009d @9515ns,1 [trace regfile.cpp:87]
SM 1 warp 1 0x80000278              ADDI_0x00108093 WB x[001]=0x0000009e @9575ns,1 [trace regfile.cpp:87]
SM 1 warp 1 0x8000027c              ADDI_0x00108093 WB x[001]=0x0000009f @9635ns,1 [trace regfile.cpp:87]
SM 1 warp 1 0x80000280              ADDI_0x00108093 WB x[001]=0x000000a0 @9695ns,1 [trace regfile.cpp:87]
SM 1 warp 1 0x80000284              ADDI_0x00108093 WB x[001]=0x000000a1 @9755ns,1 [trace regfile.cpp:87]
SM 1 warp 1 0x80000288              ADDI_0x00108093 WB x[001]=0x000000a2 @9815ns,1 [trace regfile.cpp:87]
SM 1 warp 1 0x8000028c              ADDI_0x00108093 WB x[001]=0x000000a3 @9875ns,1 [trace regfile.cpp:87]
SM 1 warp 1 0x80000290              ADDI_0x00108093 WB x[001]=0x000000a4 @9935ns,1 [trace regfile.cpp:87]
SM 1 warp 1 0x80000294              ADDI_0x00108093 WB x[001]=0x000000a5 @9995ns,1 [trace regfile.cpp:87]
SM 1 warp 1 0x80000298              ADDI_0x00108093 WB x[001]=0x000000a6 @10055ns,1 [trace regfile.cpp:87]
SM 1 warp 1 0x8000029c              ADDI_0x00108093 WB x[001]=0x000000a7 @10115ns,1 [trace regfile.cpp:87]
SM 1 warp 1 0x800002a0              ADDI_0x00108093 WB x[001]=0x000000a8 @10175ns,1 [trace regfile.cpp:87]
SM 1 warp 1 0x800002a4              ADDI_0x00108093 WB x[001]=0x000000a9 @10235ns,1 [trace regfile.cpp:87]
SM 1 warp 1 0x800002a8              ADDI_0x00108093 WB x[001]=0x000000aa @10295ns,1 [trace regfile.cpp:87]
SM 1 warp 1 0x800002ac              ADDI_0x00108093 WB x[001]=0x000000ab @10355ns,1 [trace regfile.cpp:87]
SM 1 warp 1 0x800002b0              ADDI_0x00108093 WB x[001]=0x000000ac @10415ns,1 [trace regfile.cpp:87]
SM 1 warp 1 0x800002b4              ADDI_0x00108093 WB x[001]=0x000000ad @10475ns,1 [trace regfile.cpp:87]
SM 1 warp 1 0x800002b8              ADDI_0x00108093 WB x[001]=0x000000ae @10535ns,1 [trace regfile.cpp:87]
SM 1 warp 1 0x800002bc              ADDI_0x00108093 WB x[001]=0x000000af @10595ns,1 [trace regfile.cpp:87]
SM 1 warp 1 0x800002c0              ADDI_0x00108093 WB x[001]=0x000000b0 @10655ns,1 [trace regfile.cpp:87]
SM 1 warp 1 0x800002c4              ADDI_0x00108093 WB x[001]=0x000000b1 @10715ns,1 [trace regfile.cpp:87]
SM 1 warp 1 0x800002c8              ADDI_0x00108093 WB x[001]=0x000000b2 @10775ns,1 [trace regfile.cpp:87]
SM 1 warp 1 0x800002cc              ADDI_0x00108093 WB x[001]=0x000000b3 @10835ns,1 [trace regfile.cpp:87]
SM 1 warp 1 0x800002d0              ADDI_0x00108093 WB x[001]=0x000000b4 @10895ns,1 [trace regfile.cpp:87]
SM 1 warp 1 0x800002d4              ADDI_0x00108093 WB x[001]=0x000000b5 @10955ns,1 [trace regfile.cpp:87]
SM 1 warp 1 0x800002d8              ADDI_0x00108093 WB x[001]=0x000000b6 @11015ns,1 [trace regfile.cpp:87]
SM 1 warp 1 0x800002dc              ADDI_0x00108093 WB x[001]=0x000000b7 @11075ns,1 [trace regfile.cpp:87]
SM 1 warp 1 0x800002e0              ADDI_0x00108093 WB x[001]=0x000000b8 @11135ns,1 [trace regfile.cpp:87]
SM 1 warp 1 0x800002e4              ADDI_0x00108093 WB x[001]=0x000000b9 @11195ns,1 [trace regfile.cpp:87]
SM 1 warp 1 0x800002e8              ADDI_0x00108093 WB x[001]=0x000000ba @11255ns,1 [trace regfile.cpp:87]
SM 1 warp 1 0x800002ec              ADDI_0x00108093 WB x[001]=0x000000bb @11315ns,1 [trace regfile.cpp:87]
SM 1 warp 1 0x800002f0              ADDI_0x00108093 WB x[001]=0x000000bc @11375ns,1 [trace regfile.cpp:87]
SM 1 warp 1 0x800002f4              ADDI_0x00108093 WB x[001]=0x000000bd @11435ns,1 [trace regfile.cpp:87]
SM 1 warp 1 0x800002f8              ADDI_0x00108093 WB x[001]=0x000000be @11495ns,1 [trace regfile.cpp:87]
SM 1 warp 1 0x800002fc              ADDI_0x00108093 WB x[001]=0x000000bf @11555ns,1 [trace regfile.cpp:87]
SM 1 warp 1 0x80000300              ADDI_0x00108093 WB x[001]=0x000000c0 @11615ns,1 [trace regfile.cpp:87]
SM 1 warp 1 0x80000304               LUI_0x90002137 WB x[002]=0x90002000 @11635ns,1 [trace regfile.cpp:87]
SM 1 warp 1 0x80000308                SW_0x00112023 mask=FFFFFFFF ADDR 90002000, DATA c0 @11675ns,1 [trace exec_lsu.cpp:183]
SM 1 warp 1 0x8000030c            ENDPRG_0x0000400b endprg @11695ns,1 [trace warp_scheduler.cpp:50]
kernel 0 scalar_add-192 block 0 finished @11705ns,1 [debug CTA_Scheduler.cpp:179]
kernel 0 scalar_add-192 finished @11705ns,1 [info context_model.cpp:32]
TEST_OUTPUT 0 c0
TEST_KERNEL_FINISH_NS 11705
Simulation finished at time 11710
