
Warning: (W569) sc_module(const char*), sc_module(const std::string&) have been deprecated, use sc_module(const sc_module_name&): RamulatorWrapper
In file: ${REMOTE_FLOW_ROOT}/deps/systemc/src/sysc/kernel/sc_module.cpp:248
Create new vmem for kernel scalar_add-64, ptroot=0x1000 [trace main.cpp:83]
Start loading data for kernel scalar_add-64, ptroot=0x1000 [trace main.cpp:188]
kernel 0 scalar_add-64 initialized, size={1,1,1} @0ns,0 [info context_model.cpp:23]

Warning: (W509) module construction not properly completed: did you forget to add a sc_module_name parameter to your module constructor?: module 'RamulatorWrapper'
In file: ${REMOTE_FLOW_ROOT}/deps/systemc/src/sysc/kernel/sc_module.cpp:409
SM 1 warp 1 receive kernel 0 scalar_add-64 block 0 warp 0 @15ns,1 [trace BASE.cpp:244]
SM 1 warp 1 0x80000000              ADDI_0x00000093 WB x[001]=0x00000000 @95ns,1 [trace regfile.cpp:87]
SM 1 warp 1 0x80000004              ADDI_0x00108093 WB x[001]=0x00000001 @155ns,1 [trace regfile.cpp:87]
SM 1 warp 1 0x80000008              ADDI_0x00108093 WB x[001]=0x00000002 @215ns,1 [trace regfile.cpp:87]
SM 1 warp 1 0x8000000c              ADDI_0x00108093 WB x[001]=0x00000003 @275ns,1 [trace regfile.cpp:87]
SM 1 warp 1 0x80000010              ADDI_0x00108093 WB x[001]=0x00000004 @335ns,1 [trace regfile.cpp:87]
SM 1 warp 1 0x80000014              ADDI_0x00108093 WB x[001]=0x00000005 @395ns,1 [trace regfile.cpp:87]
SM 1 warp 1 0x80000018              ADDI_0x00108093 WB x[001]=0x00000006 @455ns,1 [trace regfile.cpp:87]
SM 1 warp 1 0x8000001c              ADDI_0x00108093 WB x[001]=0x00000007 @515ns,1 [trace regfile.cpp:87]
SM 1 warp 1 0x80000020              ADDI_0x00108093 WB x[001]=0x00000008 @575ns,1 [trace regfile.cpp:87]
SM 1 warp 1 0x80000024              ADDI_0x00108093 WB x[001]=0x00000009 @635ns,1 [trace regfile.cpp:87]
SM 1 warp 1 0x80000028              ADDI_0x00108093 WB x[001]=0x0000000a @695ns,1 [trace regfile.cpp:87]
SM 1 warp 1 0x8000002c              ADDI_0x00108093 WB x[001]=0x0000000b @755ns,1 [trace regfile.cpp:87]
SM 1 warp 1 0x80000030              ADDI_0x00108093 WB x[001]=0x0000000c @815ns,1 [trace regfile.cpp:87]
SM 1 warp 1 0x80000034              ADDI_0x00108093 WB x[001]=0x0000000d @875ns,1 [trace regfile.cpp:87]
SM 1 warp 1 0x80000038              ADDI_0x00108093 WB x[001]=0x0000000e @935ns,1 [trace regfile.cpp:87]
SM 1 warp 1 0x8000003c              ADDI_0x00108093 WB x[001]=0x0000000f @995ns,1 [trace regfile.cpp:87]
SM 1 warp 1 0x80000040              ADDI_0x00108093 WB x[001]=0x00000010 @1055ns,1 [trace regfile.cpp:87]
SM 1 warp 1 0x80000044              ADDI_0x00108093 WB x[001]=0x00000011 @1115ns,1 [trace regfile.cpp:87]
SM 1 warp 1 0x80000048              ADDI_0x00108093 WB x[001]=0x00000012 @1175ns,1 [trace regfile.cpp:87]
SM 1 warp 1 0x8000004c              ADDI_0x00108093 WB x[001]=0x00000013 @1235ns,1 [trace regfile.cpp:87]
SM 1 warp 1 0x80000050              ADDI_0x00108093 WB x[001]=0x00000014 @1295ns,1 [trace regfile.cpp:87]
SM 1 warp 1 0x80000054              ADDI_0x00108093 WB x[001]=0x00000015 @1355ns,1 [trace regfile.cpp:87]
SM 1 warp 1 0x80000058              ADDI_0x00108093 WB x[001]=0x00000016 @1415ns,1 [trace regfile.cpp:87]
SM 1 warp 1 0x8000005c              ADDI_0x00108093 WB x[001]=0x00000017 @1475ns,1 [trace regfile.cpp:87]
SM 1 warp 1 0x80000060              ADDI_0x00108093 WB x[001]=0x00000018 @1535ns,1 [trace regfile.cpp:87]
SM 1 warp 1 0x80000064              ADDI_0x00108093 WB x[001]=0x00000019 @1595ns,1 [trace regfile.cpp:87]
SM 1 warp 1 0x80000068              ADDI_0x00108093 WB x[001]=0x0000001a @1655ns,1 [trace regfile.cpp:87]
SM 1 warp 1 0x8000006c              ADDI_0x00108093 WB x[001]=0x0000001b @1715ns,1 [trace regfile.cpp:87]
SM 1 warp 1 0x80000070              ADDI_0x00108093 WB x[001]=0x0000001c @1775ns,1 [trace regfile.cpp:87]
SM 1 warp 1 0x80000074              ADDI_0x00108093 WB x[001]=0x0000001d @1835ns,1 [trace regfile.cpp:87]
SM 1 warp 1 0x80000078              ADDI_0x00108093 WB x[001]=0x0000001e @1895ns,1 [trace regfile.cpp:87]
SM 1 warp 1 0x8000007c              ADDI_0x00108093 WB x[001]=0x0000001f @1955ns,1 [trace regfile.cpp:87]
SM 1 warp 1 0x80000080              ADDI_0x00108093 WB x[001]=0x00000020 @2015ns,1 [trace regfile.cpp:87]
SM 1 warp 1 0x80000084              ADDI_0x00108093 WB x[001]=0x00000021 @2075ns,1 [trace regfile.cpp:87]
SM 1 warp 1 0x80000088              ADDI_0x00108093 WB x[001]=0x00000022 @2135ns,1 [trace regfile.cpp:87]
SM 1 warp 1 0x8000008c              ADDI_0x00108093 WB x[001]=0x00000023 @2195ns,1 [trace regfile.cpp:87]
SM 1 warp 1 0x80000090              ADDI_0x00108093 WB x[001]=0x00000024 @2255ns,1 [trace regfile.cpp:87]
SM 1 warp 1 0x80000094              ADDI_0x00108093 WB x[001]=0x00000025 @2315ns,1 [trace regfile.cpp:87]
SM 1 warp 1 0x80000098              ADDI_0x00108093 WB x[001]=0x00000026 @2375ns,1 [trace regfile.cpp:87]
SM 1 warp 1 0x8000009c              ADDI_0x00108093 WB x[001]=0x00000027 @2435ns,1 [trace regfile.cpp:87]
SM 1 warp 1 0x800000a0              ADDI_0x00108093 WB x[001]=0x00000028 @2495ns,1 [trace regfile.cpp:87]
SM 1 warp 1 0x800000a4              ADDI_0x00108093 WB x[001]=0x00000029 @2555ns,1 [trace regfile.cpp:87]
SM 1 warp 1 0x800000a8              ADDI_0x00108093 WB x[001]=0x0000002a @2615ns,1 [trace regfile.cpp:87]
SM 1 warp 1 0x800000ac              ADDI_0x00108093 WB x[001]=0x0000002b @2675ns,1 [trace regfile.cpp:87]
SM 1 warp 1 0x800000b0              ADDI_0x00108093 WB x[001]=0x0000002c @2735ns,1 [trace regfile.cpp:87]
SM 1 warp 1 0x800000b4              ADDI_0x00108093 WB x[001]=0x0000002d @2795ns,1 [trace regfile.cpp:87]
SM 1 warp 1 0x800000b8              ADDI_0x00108093 WB x[001]=0x0000002e @2855ns,1 [trace regfile.cpp:87]
SM 1 warp 1 0x800000bc              ADDI_0x00108093 WB x[001]=0x0000002f @2915ns,1 [trace regfile.cpp:87]
SM 1 warp 1 0x800000c0              ADDI_0x00108093 WB x[001]=0x00000030 @2975ns,1 [trace regfile.cpp:87]
SM 1 warp 1 0x800000c4              ADDI_0x00108093 WB x[001]=0x00000031 @3035ns,1 [trace regfile.cpp:87]
SM 1 warp 1 0x800000c8              ADDI_0x00108093 WB x[001]=0x00000032 @3095ns,1 [trace regfile.cpp:87]
SM 1 warp 1 0x800000cc              ADDI_0x00108093 WB x[001]=0x00000033 @3155ns,1 [trace regfile.cpp:87]
SM 1 warp 1 0x800000d0              ADDI_0x00108093 WB x[001]=0x00000034 @3215ns,1 [trace regfile.cpp:87]
SM 1 warp 1 0x800000d4              ADDI_0x00108093 WB x[001]=0x00000035 @3275ns,1 [trace regfile.cpp:87]
SM 1 warp 1 0x800000d8              ADDI_0x00108093 WB x[001]=0x00000036 @3335ns,1 [trace regfile.cpp:87]
SM 1 warp 1 0x800000dc              ADDI_0x00108093 WB x[001]=0x00000037 @3395ns,1 [trace regfile.cpp:87]
SM 1 warp 1 0x800000e0              ADDI_0x00108093 WB x[001]=0x00000038 @3455ns,1 [trace regfile.cpp:87]
SM 1 warp 1 0x800000e4              ADDI_0x00108093 WB x[001]=0x00000039 @3515ns,1 [trace regfile.cpp:87]
SM 1 warp 1 0x800000e8              ADDI_0x00108093 WB x[001]=0x0000003a @3575ns,1 [trace regfile.cpp:87]
SM 1 warp 1 0x800000ec              ADDI_0x00108093 WB x[001]=0x0000003b @3635ns,1 [trace regfile.cpp:87]
SM 1 warp 1 0x800000f0              ADDI_0x00108093 WB x[001]=0x0000003c @3695ns,1 [trace regfile.cpp:87]
SM 1 warp 1 0x800000f4              ADDI_0x00108093 WB x[001]=0x0000003d @3755ns,1 [trace regfile.cpp:87]
SM 1 warp 1 0x800000f8              ADDI_0x00108093 WB x[001]=0x0000003e @3815ns,1 [trace regfile.cpp:87]
SM 1 warp 1 0x800000fc              ADDI_0x00108093 WB x[001]=0x0000003f @3875ns,1 [trace regfile.cpp:87]
SM 1 warp 1 0x80000100              ADDI_0x00108093 WB x[001]=0x00000040 @3935ns,1 [trace regfile.cpp:87]
SM 1 warp 1 0x80000104               LUI_0x90002137 WB x[002]=0x90002000 @3955ns,1 [trace regfile.cpp:87]
SM 1 warp 1 0x80000108                SW_0x00112023 mask=FFFFFFFF ADDR 90002000, DATA 40 @3995ns,1 [trace exec_lsu.cpp:183]
SM 1 warp 1 0x8000010c            ENDPRG_0x0000400b endprg @4015ns,1 [trace warp_scheduler.cpp:50]
kernel 0 scalar_add-64 block 0 finished @4025ns,1 [debug CTA_Scheduler.cpp:179]
kernel 0 scalar_add-64 finished @4025ns,1 [info context_model.cpp:32]
TEST_OUTPUT 0 40
TEST_KERNEL_FINISH_NS 4025
Simulation finished at time 4030
