[L1C] #    525 SM 0 CACHE 0 ADDR 80000000
sm   0 warp 0 0x80000000 0x000002b7 x  5  00000000
sm   0 warp 0 0x80000004 0x5e02cfd7 v 31 11111111111111111111111111111111 00000000 00000000 00000000 00000000 00000000 00000000 00000000 00000000 00000000 00000000 00000000 00000000 00000000 00000000 00000000 00000000 00000000 00000000 00000000 00000000 00000000 00000000 00000000 00000000 00000000 00000000 00000000 00000000 00000000 00000000 00000000 00000000 
sm   0 warp 0 0x80000008 0x3d0002b7 x  5  3d000000
sm   0 warp 0 0x8000000c 0x5e02c857 v 16 11111111111111111111111111111111 3d000000 3d000000 3d000000 3d000000 3d000000 3d000000 3d000000 3d000000 3d000000 3d000000 3d000000 3d000000 3d000000 3d000000 3d000000 3d000000 3d000000 3d000000 3d000000 3d000000 3d000000 3d000000 3d000000 3d000000 3d000000 3d000000 3d000000 3d000000 3d000000 3d000000 3d000000 3d000000 
sm   0 warp 0 0x80000010 0x3727c2b7 x  5  3727c000
sm   0 warp 0 0x80000014 0x5ac28293 x  5  3727c5ac
sm   0 warp 0 0x80000018 0x5e02c8d7 v 17 11111111111111111111111111111111 3727c5ac 3727c5ac 3727c5ac 3727c5ac 3727c5ac 3727c5ac 3727c5ac 3727c5ac 3727c5ac 3727c5ac 3727c5ac 3727c5ac 3727c5ac 3727c5ac 3727c5ac 3727c5ac 3727c5ac 3727c5ac 3727c5ac 3727c5ac 3727c5ac 3727c5ac 3727c5ac 3727c5ac 3727c5ac 3727c5ac 3727c5ac 3727c5ac 3727c5ac 3727c5ac 3727c5ac 3727c5ac 
sm   0 warp 0 0x8000001c 0x3f0002b7 x  5  3f000000
sm   0 warp 0 0x80000020 0x5e02c957 v 18 11111111111111111111111111111111 3f000000 3f000000 3f000000 3f000000 3f000000 3f000000 3f000000 3f000000 3f000000 3f000000 3f000000 3f000000 3f000000 3f000000 3f000000 3f000000 3f000000 3f000000 3f000000 3f000000 3f000000 3f000000 3f000000 3f000000 3f000000 3f000000 3f000000 3f000000 3f000000 3f000000 3f000000 3f000000 
sm   0 warp 0 0x80000024 0x3fc002b7 x  5  3fc00000
sm   0 warp 0 0x80000028 0x5e02c9d7 v 19 11111111111111111111111111111111 3fc00000 3fc00000 3fc00000 3fc00000 3fc00000 3fc00000 3fc00000 3fc00000 3fc00000 3fc00000 3fc00000 3fc00000 3fc00000 3fc00000 3fc00000 3fc00000 3fc00000 3fc00000 3fc00000 3fc00000 3fc00000 3fc00000 3fc00000 3fc00000 3fc00000 3fc00000 3fc00000 3fc00000 3fc00000 3fc00000 3fc00000 3fc00000 
sm   0 warp 0 0x8000002c 0x5f3762b7 x  5  5f376000
sm   0 warp 0 0x80000030 0x9df28293 x  5  5f3759df
sm   0 warp 0 0x80000034 0x5e02ca57 v 20 11111111111111111111111111111111 5f3759df 5f3759df 5f3759df 5f3759df 5f3759df 5f3759df 5f3759df 5f3759df 5f3759df 5f3759df 5f3759df 5f3759df 5f3759df 5f3759df 5f3759df 5f3759df 5f3759df 5f3759df 5f3759df 5f3759df 5f3759df 5f3759df 5f3759df 5f3759df 5f3759df 5f3759df 5f3759df 5f3759df 5f3759df 5f3759df 5f3759df 5f3759df 
sm   0 warp 0 0x80000038 0x2bff80d7 v  1 11111111111111111111111111111111 00000000 00000000 00000000 00000000 00000000 00000000 00000000 00000000 00000000 00000000 00000000 00000000 00000000 00000000 00000000 00000000 00000000 00000000 00000000 00000000 00000000 00000000 00000000 00000000 00000000 00000000 00000000 00000000 00000000 00000000 00000000 00000000 
sm   0 warp 0 0x8000003c 0x2bff8157 v  2 11111111111111111111111111111111 00000000 00000000 00000000 00000000 00000000 00000000 00000000 00000000 00000000 00000000 00000000 00000000 00000000 00000000 00000000 00000000 00000000 00000000 00000000 00000000 00000000 00000000 00000000 00000000 00000000 00000000 00000000 00000000 00000000 00000000 00000000 00000000 
sm   0 warp 0 0x80000040 0x90000337 x  6  90000000
sm   0 warp 0 0x80000044 0x5208a557 v 10 11111111111111111111111111111111 0000001f 0000001e 0000001d 0000001c 0000001b 0000001a 00000019 00000018 00000017 00000016 00000015 00000014 00000013 00000012 00000011 00000010 0000000f 0000000e 0000000d 0000000c 0000000b 0000000a 00000009 00000008 00000007 00000006 00000005 00000004 00000003 00000002 00000001 00000000 
sm   0 warp 0 0x80000048 0x96a13557 v 10 11111111111111111111111111111111 0000007c 00000078 00000074 00000070 0000006c 00000068 00000064 00000060 0000005c 00000058 00000054 00000050 0000004c 00000048 00000044 00000040 0000003c 00000038 00000034 00000030 0000002c 00000028 00000024 00000020 0000001c 00000018 00000014 00000010 0000000c 00000008 00000004 00000000 
sm   0 warp 0 0x8000004c 0x02a34557 v 10 11111111111111111111111111111111 9000007c 90000078 90000074 90000070 9000006c 90000068 90000064 90000060 9000005c 90000058 90000054 90000050 9000004c 90000048 90000044 90000040 9000003c 90000038 90000034 90000030 9000002c 90000028 90000024 90000020 9000001c 90000018 90000014 90000010 9000000c 90000008 90000004 90000000 
sm   0 warp 0 0x80000050 0x000521fb lsu.r v  3 op 3 @ 9000007c 90000078 90000074 90000070 9000006c 90000068 90000064 90000060 9000005c 90000058 90000054 90000050 9000004c 90000048 90000044 90000040 9000003c 90000038 90000034 90000030 9000002c 90000028 90000024 90000020 9000001c 90000018 90000014 90000010 9000000c 90000008 90000004 90000000
[L1C] #    631 SM 0 CACHE 1 ADDR 90000000
sm   0 warp 0 0x80000050 0x000521fb v  3 11111111111111111111111111111111 40000000 3e800000 bfc00000 3f800000 bf400000 3fe00000 00000000 bfe00000 3f400000 bf800000 3fc00000 be800000 c0000000 3f000000 bfa00000 3fa00000 bf000000 40000000 3e800000 bfc00000 3f800000 bf400000 3fe00000 00000000 bfe00000 3f400000 bf800000 3fc00000 be800000 c0000000 3f000000 bfa00000 
sm   0 warp 0 0x80000054 0x023090d7 v  1 11111111111111111111111111111111 40000000 3e800000 bfc00000 3f800000 bf400000 3fe00000 00000000 bfe00000 3f400000 bf800000 3fc00000 be800000 c0000000 3f000000 bfa00000 3fa00000 bf000000 40000000 3e800000 bfc00000 3f800000 bf400000 3fe00000 00000000 bfe00000 3f400000 bf800000 3fc00000 be800000 c0000000 3f000000 bfa00000 
sm   0 warp 0 0x8000005c 0x70000337 x  6  70000000
sm   0 warp 0 0x80000060 0x5208a557 v 10 11111111111111111111111111111111 0000001f 0000001e 0000001d 0000001c 0000001b 0000001a 00000019 00000018 00000017 00000016 00000015 00000014 00000013 00000012 00000011 00000010 0000000f 0000000e 0000000d 0000000c 0000000b 0000000a 00000009 00000008 00000007 00000006 00000005 00000004 00000003 00000002 00000001 00000000 
sm   0 warp 0 0x80000058 0xb2319157 v  2 11111111111111111111111111111111 40800000 3d800000 40100000 3f800000 3f100000 40440000 00000000 40440000 3f100000 3f800000 40100000 3d800000 40800000 3e800000 3fc80000 3fc80000 3e800000 40800000 3d800000 40100000 3f800000 3f100000 40440000 00000000 40440000 3f100000 3f800000 40100000 3d800000 40800000 3e800000 3fc80000 
[L1C] #    664 SM 0 CACHE 0 ADDR 80000080
sm   0 warp 0 0x80000064 0x96a13557 v 10 11111111111111111111111111111111 0000007c 00000078 00000074 00000070 0000006c 00000068 00000064 00000060 0000005c 00000058 00000054 00000050 0000004c 00000048 00000044 00000040 0000003c 00000038 00000034 00000030 0000002c 00000028 00000024 00000020 0000001c 00000018 00000014 00000010 0000000c 00000008 00000004 00000000 
sm   0 warp 0 0x80000068 0x02a34557 v 10 11111111111111111111111111111111 7000007c 70000078 70000074 70000070 7000006c 70000068 70000064 70000060 7000005c 70000058 70000054 70000050 7000004c 70000048 70000044 70000040 7000003c 70000038 70000034 70000030 7000002c 70000028 70000024 70000020 7000001c 70000018 70000014 70000010 7000000c 70000008 70000004 70000000 
sm   0 warp 0 0x8000006c 0x0015607b lsu.w v  1 op 3 mask 11111111111111111111111111111111 40000000 3e800000 bfc00000 3f800000 bf400000 3fe00000 00000000 bfe00000 3f400000 bf800000 3fc00000 be800000 c0000000 3f000000 bfa00000 3fa00000 bf000000 40000000 3e800000 bfc00000 3f800000 bf400000 3fe00000 00000000 bfe00000 3f400000 bf800000 3fc00000 be800000 c0000000 3f000000 bfa00000 @ 7000007c 70000078 70000074 70000070 7000006c 70000068 70000064 70000060 7000005c 70000058 70000054 70000050 7000004c 70000048 70000044 70000040 7000003c 70000038 70000034 70000030 7000002c 70000028 70000024 70000020 7000001c 70000018 70000014 70000010 7000000c 70000008 70000004 70000000
sm   0 warp 0 0x80000070 0x70000337 x  6  70000000
sm   0 warp 0 0x80000074 0x5208a557 v 10 11111111111111111111111111111111 0000001f 0000001e 0000001d 0000001c 0000001b 0000001a 00000019 00000018 00000017 00000016 00000015 00000014 00000013 00000012 00000011 00000010 0000000f 0000000e 0000000d 0000000c 0000000b 0000000a 00000009 00000008 00000007 00000006 00000005 00000004 00000003 00000002 00000001 00000000 
sm   0 warp 0 0x80000078 0x000003b7 x  7  00000000
sm   0 warp 0 0x8000006c 0x0015607b lsu.w finish
sm   0 warp 0 0x8000007c 0x01038393 x  7  00000010
sm   0 warp 0 0x80000080 0x02a3c557 v 10 11111111111111111111111111111111 0000002f 0000002e 0000002d 0000002c 0000002b 0000002a 00000029 00000028 00000027 00000026 00000025 00000024 00000023 00000022 00000021 00000020 0000001f 0000001e 0000001d 0000001c 0000001b 0000001a 00000019 00000018 00000017 00000016 00000015 00000014 00000013 00000012 00000011 00000010 
sm   0 warp 0 0x80000084 0x000003b7 x  7  00000000
sm   0 warp 0 0x80000088 0x01f38393 x  7  0000001f
sm   0 warp 0 0x8000008c 0x26a3c557 v 10 11111111111111111111111111111111 0000000f 0000000e 0000000d 0000000c 0000000b 0000000a 00000009 00000008 00000007 00000006 00000005 00000004 00000003 00000002 00000001 00000000 0000001f 0000001e 0000001d 0000001c 0000001b 0000001a 00000019 00000018 00000017 00000016 00000015 00000014 00000013 00000012 00000011 00000010 
sm   0 warp 0 0x80000090 0x96a13557 v 10 11111111111111111111111111111111 0000003c 00000038 00000034 00000030 0000002c 00000028 00000024 00000020 0000001c 00000018 00000014 00000010 0000000c 00000008 00000004 00000000 0000007c 00000078 00000074 00000070 0000006c 00000068 00000064 00000060 0000005c 00000058 00000054 00000050 0000004c 00000048 00000044 00000040 
sm   0 warp 0 0x80000094 0x02a34557 v 10 11111111111111111111111111111111 7000003c 70000038 70000034 70000030 7000002c 70000028 70000024 70000020 7000001c 70000018 70000014 70000010 7000000c 70000008 70000004 70000000 7000007c 70000078 70000074 70000070 7000006c 70000068 70000064 70000060 7000005c 70000058 70000054 70000050 7000004c 70000048 70000044 70000040 
sm   0 warp 0 0x80000098 0x0005227b lsu.r v  4 op 3 @ 7000003c 70000038 70000034 70000030 7000002c 70000028 70000024 70000020 7000001c 70000018 70000014 70000010 7000000c 70000008 70000004 70000000 7000007c 70000078 70000074 70000070 7000006c 70000068 70000064 70000060 7000005c 70000058 70000054 70000050 7000004c 70000048 70000044 70000040
sm   0 warp 0 0x80000098 0x0005227b v  4 11111111111111111111111111111111 bf000000 40000000 3e800000 bfc00000 3f800000 bf400000 3fe00000 00000000 bfe00000 3f400000 bf800000 3fc00000 be800000 c0000000 3f000000 bfa00000 40000000 3e800000 bfc00000 3f800000 bf400000 3fe00000 00000000 bfe00000 3f400000 bf800000 3fc00000 be800000 c0000000 3f000000 bfa00000 3fa00000 
sm   0 warp 0 0x800000a0 0x70000337 x  6  70000000
sm   0 warp 0 0x8000009c 0x024090d7 v  1 11111111111111111111111111111111 3fc00000 40100000 bfa00000 bf000000 3e800000 3f800000 3fe00000 bfe00000 bf800000 be800000 3f000000 3fa00000 c0100000 bfc00000 bf400000 00000000 3fc00000 40100000 bfa00000 bf000000 3e800000 3f800000 3fe00000 bfe00000 bf800000 be800000 3f000000 3fa00000 c0100000 bfc00000 bf400000 00000000 
sm   0 warp 0 0x800000a4 0x5208a557 v 10 11111111111111111111111111111111 0000001f 0000001e 0000001d 0000001c 0000001b 0000001a 00000019 00000018 00000017 00000016 00000015 00000014 00000013 00000012 00000011 00000010 0000000f 0000000e 0000000d 0000000c 0000000b 0000000a 00000009 00000008 00000007 00000006 00000005 00000004 00000003 00000002 00000001 00000000 
sm   0 warp 0 0x800000a8 0x96a13557 v 10 11111111111111111111111111111111 0000007c 00000078 00000074 00000070 0000006c 00000068 00000064 00000060 0000005c 00000058 00000054 00000050 0000004c 00000048 00000044 00000040 0000003c 00000038 00000034 00000030 0000002c 00000028 00000024 00000020 0000001c 00000018 00000014 00000010 0000000c 00000008 00000004 00000000 
sm   0 warp 0 0x800000ac 0x02a34557 v 10 11111111111111111111111111111111 7000007c 70000078 70000074 70000070 7000006c 70000068 70000064 70000060 7000005c 70000058 70000054 70000050 7000004c 70000048 70000044 70000040 7000003c 70000038 70000034 70000030 7000002c 70000028 70000024 70000020 7000001c 70000018 70000014 70000010 7000000c 70000008 70000004 70000000 
sm   0 warp 0 0x800000b0 0x0015607b lsu.w v  1 op 3 mask 11111111111111111111111111111111 3fc00000 40100000 bfa00000 bf000000 3e800000 3f800000 3fe00000 bfe00000 bf800000 be800000 3f000000 3fa00000 c0100000 bfc00000 bf400000 00000000 3fc00000 40100000 bfa00000 bf000000 3e800000 3f800000 3fe00000 bfe00000 bf800000 be800000 3f000000 3fa00000 c0100000 bfc00000 bf400000 00000000 @ 7000007c 70000078 70000074 70000070 7000006c 70000068 70000064 70000060 7000005c 70000058 70000054 70000050 7000004c 70000048 70000044 70000040 7000003c 70000038 70000034 70000030 7000002c 70000028 70000024 70000020 7000001c 70000018 70000014 70000010 7000000c 70000008 70000004 70000000
sm   0 warp 0 0x800000b4 0x70000337 x  6  70000000
sm   0 warp 0 0x800000b8 0x5208a557 v 10 11111111111111111111111111111111 0000001f 0000001e 0000001d 0000001c 0000001b 0000001a 00000019 00000018 00000017 00000016 00000015 00000014 00000013 00000012 00000011 00000010 0000000f 0000000e 0000000d 0000000c 0000000b 0000000a 00000009 00000008 00000007 00000006 00000005 00000004 00000003 00000002 00000001 00000000 
sm   0 warp 0 0x800000bc 0x000003b7 x  7  00000000
sm   0 warp 0 0x800000b0 0x0015607b lsu.w finish
sm   0 warp 0 0x800000c0 0x00838393 x  7  00000008
sm   0 warp 0 0x800000c4 0x02a3c557 v 10 11111111111111111111111111111111 00000027 00000026 00000025 00000024 00000023 00000022 00000021 00000020 0000001f 0000001e 0000001d 0000001c 0000001b 0000001a 00000019 00000018 00000017 00000016 00000015 00000014 00000013 00000012 00000011 00000010 0000000f 0000000e 0000000d 0000000c 0000000b 0000000a 00000009 00000008 
sm   0 warp 0 0x800000c8 0x000003b7 x  7  00000000
sm   0 warp 0 0x800000cc 0x01f38393 x  7  0000001f
sm   0 warp 0 0x800000d0 0x26a3c557 v 10 11111111111111111111111111111111 00000007 00000006 00000005 00000004 00000003 00000002 00000001 00000000 0000001f 0000001e 0000001d 0000001c 0000001b 0000001a 00000019 00000018 00000017 00000016 00000015 00000014 00000013 00000012 00000011 00000010 0000000f 0000000e 0000000d 0000000c 0000000b 0000000a 00000009 00000008 
sm   0 warp 0 0x800000d4 0x96a13557 v 10 11111111111111111111111111111111 0000001c 00000018 00000014 00000010 0000000c 00000008 00000004 00000000 0000007c 00000078 00000074 00000070 0000006c 00000068 00000064 00000060 0000005c 00000058 00000054 00000050 0000004c 00000048 00000044 00000040 0000003c 00000038 00000034 00000030 0000002c 00000028 00000024 00000020 
sm   0 warp 0 0x800000d8 0x02a34557 v 10 11111111111111111111111111111111 7000001c 70000018 70000014 70000010 7000000c 70000008 70000004 70000000 7000007c 70000078 70000074 70000070 7000006c 70000068 70000064 70000060 7000005c 70000058 70000054 70000050 7000004c 70000048 70000044 70000040 7000003c 70000038 70000034 70000030 7000002c 70000028 70000024 70000020 
sm   0 warp 0 0x800000dc 0x0005227b lsu.r v  4 op 3 @ 7000001c 70000018 70000014 70000010 7000000c 70000008 70000004 70000000 7000007c 70000078 70000074 70000070 7000006c 70000068 70000064 70000060 7000005c 70000058 70000054 70000050 7000004c 70000048 70000044 70000040 7000003c 70000038 70000034 70000030 7000002c 70000028 70000024 70000020
[L1C] #    795 SM 0 CACHE 0 ADDR 80000100
sm   0 warp 0 0x800000dc 0x0005227b v  4 11111111111111111111111111111111 bf800000 be800000 3f000000 3fa00000 c0100000 bfc00000 bf400000 00000000 3fc00000 40100000 bfa00000 bf000000 3e800000 3f800000 3fe00000 bfe00000 bf800000 be800000 3f000000 3fa00000 c0100000 bfc00000 bf400000 00000000 3fc00000 40100000 bfa00000 bf000000 3e800000 3f800000 3fe00000 bfe00000 
sm   0 warp 0 0x800000e4 0x70000337 x  6  70000000
sm   0 warp 0 0x800000e0 0x024090d7 v  1 11111111111111111111111111111111 3f000000 40000000 bf400000 3f400000 c0000000 bf000000 3f800000 bfe00000 3f000000 40000000 bf400000 3f400000 c0000000 bf000000 3f800000 bfe00000 3f000000 40000000 bf400000 3f400000 c0000000 bf000000 3f800000 bfe00000 3f000000 40000000 bf400000 3f400000 c0000000 bf000000 3f800000 bfe00000 
sm   0 warp 0 0x800000e8 0x5208a557 v 10 11111111111111111111111111111111 0000001f 0000001e 0000001d 0000001c 0000001b 0000001a 00000019 00000018 00000017 00000016 00000015 00000014 00000013 00000012 00000011 00000010 0000000f 0000000e 0000000d 0000000c 0000000b 0000000a 00000009 00000008 00000007 00000006 00000005 00000004 00000003 00000002 00000001 00000000 
sm   0 warp 0 0x800000ec 0x96a13557 v 10 11111111111111111111111111111111 0000007c 00000078 00000074 00000070 0000006c 00000068 00000064 00000060 0000005c 00000058 00000054 00000050 0000004c 00000048 00000044 00000040 0000003c 00000038 00000034 00000030 0000002c 00000028 00000024 00000020 0000001c 00000018 00000014 00000010 0000000c 00000008 00000004 00000000 
sm   0 warp 0 0x800000f0 0x02a34557 v 10 11111111111111111111111111111111 7000007c 70000078 70000074 70000070 7000006c 70000068 70000064 70000060 7000005c 70000058 70000054 70000050 7000004c 70000048 70000044 70000040 7000003c 70000038 70000034 70000030 7000002c 70000028 70000024 70000020 7000001c 70000018 70000014 70000010 7000000c 70000008 70000004 70000000 
sm   0 warp 0 0x800000f4 0x0015607b lsu.w v  1 op 3 mask 11111111111111111111111111111111 3f000000 40000000 bf400000 3f400000 c0000000 bf000000 3f800000 bfe00000 3f000000 40000000 bf400000 3f400000 c0000000 bf000000 3f800000 bfe00000 3f000000 40000000 bf400000 3f400000 c0000000 bf000000 3f800000 bfe00000 3f000000 40000000 bf400000 3f400000 c0000000 bf000000 3f800000 bfe00000 @ 7000007c 70000078 70000074 70000070 7000006c 70000068 70000064 70000060 7000005c 70000058 70000054 70000050 7000004c 70000048 70000044 70000040 7000003c 70000038 70000034 70000030 7000002c 70000028 70000024 70000020 7000001c 70000018 70000014 70000010 7000000c 70000008 70000004 70000000
sm   0 warp 0 0x800000f8 0x70000337 x  6  70000000
sm   0 warp 0 0x800000fc 0x5208a557 v 10 11111111111111111111111111111111 0000001f 0000001e 0000001d 0000001c 0000001b 0000001a 00000019 00000018 00000017 00000016 00000015 00000014 00000013 00000012 00000011 00000010 0000000f 0000000e 0000000d 0000000c 0000000b 0000000a 00000009 00000008 00000007 00000006 00000005 00000004 00000003 00000002 00000001 00000000 
sm   0 warp 0 0x80000100 0x000003b7 x  7  00000000
sm   0 warp 0 0x800000f4 0x0015607b lsu.w finish
sm   0 warp 0 0x80000104 0x00438393 x  7  00000004
sm   0 warp 0 0x80000108 0x02a3c557 v 10 11111111111111111111111111111111 00000023 00000022 00000021 00000020 0000001f 0000001e 0000001d 0000001c 0000001b 0000001a 00000019 00000018 00000017 00000016 00000015 00000014 00000013 00000012 00000011 00000010 0000000f 0000000e 0000000d 0000000c 0000000b 0000000a 00000009 00000008 00000007 00000006 00000005 00000004 
sm   0 warp 0 0x8000010c 0x000003b7 x  7  00000000
sm   0 warp 0 0x80000110 0x01f38393 x  7  0000001f
sm   0 warp 0 0x80000114 0x26a3c557 v 10 11111111111111111111111111111111 00000003 00000002 00000001 00000000 0000001f 0000001e 0000001d 0000001c 0000001b 0000001a 00000019 00000018 00000017 00000016 00000015 00000014 00000013 00000012 00000011 00000010 0000000f 0000000e 0000000d 0000000c 0000000b 0000000a 00000009 00000008 00000007 00000006 00000005 00000004 
sm   0 warp 0 0x80000118 0x96a13557 v 10 11111111111111111111111111111111 0000000c 00000008 00000004 00000000 0000007c 00000078 00000074 00000070 0000006c 00000068 00000064 00000060 0000005c 00000058 00000054 00000050 0000004c 00000048 00000044 00000040 0000003c 00000038 00000034 00000030 0000002c 00000028 00000024 00000020 0000001c 00000018 00000014 00000010 
sm   0 warp 0 0x8000011c 0x02a34557 v 10 11111111111111111111111111111111 7000000c 70000008 70000004 70000000 7000007c 70000078 70000074 70000070 7000006c 70000068 70000064 70000060 7000005c 70000058 70000054 70000050 7000004c 70000048 70000044 70000040 7000003c 70000038 70000034 70000030 7000002c 70000028 70000024 70000020 7000001c 70000018 70000014 70000010 
sm   0 warp 0 0x80000120 0x0005227b lsu.r v  4 op 3 @ 7000000c 70000008 70000004 70000000 7000007c 70000078 70000074 70000070 7000006c 70000068 70000064 70000060 7000005c 70000058 70000054 70000050 7000004c 70000048 70000044 70000040 7000003c 70000038 70000034 70000030 7000002c 70000028 70000024 70000020 7000001c 70000018 70000014 70000010
sm   0 warp 0 0x80000120 0x0005227b v  4 11111111111111111111111111111111 c0000000 bf000000 3f800000 bfe00000 3f000000 40000000 bf400000 3f400000 c0000000 bf000000 3f800000 bfe00000 3f000000 40000000 bf400000 3f400000 c0000000 bf000000 3f800000 bfe00000 3f000000 40000000 bf400000 3f400000 c0000000 bf000000 3f800000 bfe00000 3f000000 40000000 bf400000 3f400000 
sm   0 warp 0 0x80000128 0x70000337 x  6  70000000
sm   0 warp 0 0x80000124 0x024090d7 v  1 11111111111111111111111111111111 bfc00000 3fc00000 3e800000 bf800000 bfc00000 3fc00000 3e800000 bf800000 bfc00000 3fc00000 3e800000 bf800000 bfc00000 3fc00000 3e800000 bf800000 bfc00000 3fc00000 3e800000 bf800000 bfc00000 3fc00000 3e800000 bf800000 bfc00000 3fc00000 3e800000 bf800000 bfc00000 3fc00000 3e800000 bf800000 
sm   0 warp 0 0x8000012c 0x5208a557 v 10 11111111111111111111111111111111 0000001f 0000001e 0000001d 0000001c 0000001b 0000001a 00000019 00000018 00000017 00000016 00000015 00000014 00000013 00000012 00000011 00000010 0000000f 0000000e 0000000d 0000000c 0000000b 0000000a 00000009 00000008 00000007 00000006 00000005 00000004 00000003 00000002 00000001 00000000 
sm   0 warp 0 0x80000130 0x96a13557 v 10 11111111111111111111111111111111 0000007c 00000078 00000074 00000070 0000006c 00000068 00000064 00000060 0000005c 00000058 00000054 00000050 0000004c 00000048 00000044 00000040 0000003c 00000038 00000034 00000030 0000002c 00000028 00000024 00000020 0000001c 00000018 00000014 00000010 0000000c 00000008 00000004 00000000 
sm   0 warp 0 0x80000134 0x02a34557 v 10 11111111111111111111111111111111 7000007c 70000078 70000074 70000070 7000006c 70000068 70000064 70000060 7000005c 70000058 70000054 70000050 7000004c 70000048 70000044 70000040 7000003c 70000038 70000034 70000030 7000002c 70000028 70000024 70000020 7000001c 70000018 70000014 70000010 7000000c 70000008 70000004 70000000 
sm   0 warp 0 0x80000138 0x0015607b lsu.w v  1 op 3 mask 11111111111111111111111111111111 bfc00000 3fc00000 3e800000 bf800000 bfc00000 3fc00000 3e800000 bf800000 bfc00000 3fc00000 3e800000 bf800000 bfc00000 3fc00000 3e800000 bf800000 bfc00000 3fc00000 3e800000 bf800000 bfc00000 3fc00000 3e800000 bf800000 bfc00000 3fc00000 3e800000 bf800000 bfc00000 3fc00000 3e800000 bf800000 @ 7000007c 70000078 70000074 70000070 7000006c 70000068 70000064 70000060 7000005c 70000058 70000054 70000050 7000004c 70000048 70000044 70000040 7000003c 70000038 70000034 70000030 7000002c 70000028 70000024 70000020 7000001c 70000018 70000014 70000010 7000000c 70000008 70000004 70000000
sm   0 warp 0 0x8000013c 0x70000337 x  6  70000000
sm   0 warp 0 0x80000140 0x5208a557 v 10 11111111111111111111111111111111 0000001f 0000001e 0000001d 0000001c 0000001b 0000001a 00000019 00000018 00000017 00000016 00000015 00000014 00000013 00000012 00000011 00000010 0000000f 0000000e 0000000d 0000000c 0000000b 0000000a 00000009 00000008 00000007 00000006 00000005 00000004 00000003 00000002 00000001 00000000 
sm   0 warp 0 0x80000144 0x000003b7 x  7  00000000
sm   0 warp 0 0x80000138 0x0015607b lsu.w finish
sm   0 warp 0 0x80000148 0x00238393 x  7  00000002
sm   0 warp 0 0x8000014c 0x02a3c557 v 10 11111111111111111111111111111111 00000021 00000020 0000001f 0000001e 0000001d 0000001c 0000001b 0000001a 00000019 00000018 00000017 00000016 00000015 00000014 00000013 00000012 00000011 00000010 0000000f 0000000e 0000000d 0000000c 0000000b 0000000a 00000009 00000008 00000007 00000006 00000005 00000004 00000003 00000002 
sm   0 warp 0 0x80000150 0x000003b7 x  7  00000000
sm   0 warp 0 0x80000154 0x01f38393 x  7  0000001f
sm   0 warp 0 0x80000158 0x26a3c557 v 10 11111111111111111111111111111111 00000001 00000000 0000001f 0000001e 0000001d 0000001c 0000001b 0000001a 00000019 00000018 00000017 00000016 00000015 00000014 00000013 00000012 00000011 00000010 0000000f 0000000e 0000000d 0000000c 0000000b 0000000a 00000009 00000008 00000007 00000006 00000005 00000004 00000003 00000002 
sm   0 warp 0 0x8000015c 0x96a13557 v 10 11111111111111111111111111111111 00000004 00000000 0000007c 00000078 00000074 00000070 0000006c 00000068 00000064 00000060 0000005c 00000058 00000054 00000050 0000004c 00000048 00000044 00000040 0000003c 00000038 00000034 00000030 0000002c 00000028 00000024 00000020 0000001c 00000018 00000014 00000010 0000000c 00000008 
[L1C] #    931 SM 0 CACHE 0 ADDR 80000180
sm   0 warp 0 0x80000160 0x02a34557 v 10 11111111111111111111111111111111 70000004 70000000 7000007c 70000078 70000074 70000070 7000006c 70000068 70000064 70000060 7000005c 70000058 70000054 70000050 7000004c 70000048 70000044 70000040 7000003c 70000038 70000034 70000030 7000002c 70000028 70000024 70000020 7000001c 70000018 70000014 70000010 7000000c 70000008 
sm   0 warp 0 0x80000164 0x0005227b lsu.r v  4 op 3 @ 70000004 70000000 7000007c 70000078 70000074 70000070 7000006c 70000068 70000064 70000060 7000005c 70000058 70000054 70000050 7000004c 70000048 70000044 70000040 7000003c 70000038 70000034 70000030 7000002c 70000028 70000024 70000020 7000001c 70000018 70000014 70000010 7000000c 70000008
sm   0 warp 0 0x80000164 0x0005227b v  4 11111111111111111111111111111111 3e800000 bf800000 bfc00000 3fc00000 3e800000 bf800000 bfc00000 3fc00000 3e800000 bf800000 bfc00000 3fc00000 3e800000 bf800000 bfc00000 3fc00000 3e800000 bf800000 bfc00000 3fc00000 3e800000 bf800000 bfc00000 3fc00000 3e800000 bf800000 bfc00000 3fc00000 3e800000 bf800000 bfc00000 3fc00000 
sm   0 warp 0 0x8000016c 0x70000337 x  6  70000000
sm   0 warp 0 0x80000168 0x024090d7 v  1 11111111111111111111111111111111 bfa00000 3f000000 bfa00000 3f000000 bfa00000 3f000000 bfa00000 3f000000 bfa00000 3f000000 bfa00000 3f000000 bfa00000 3f000000 bfa00000 3f000000 bfa00000 3f000000 bfa00000 3f000000 bfa00000 3f000000 bfa00000 3f000000 bfa00000 3f000000 bfa00000 3f000000 bfa00000 3f000000 bfa00000 3f000000 
sm   0 warp 0 0x80000170 0x5208a557 v 10 11111111111111111111111111111111 0000001f 0000001e 0000001d 0000001c 0000001b 0000001a 00000019 00000018 00000017 00000016 00000015 00000014 00000013 00000012 00000011 00000010 0000000f 0000000e 0000000d 0000000c 0000000b 0000000a 00000009 00000008 00000007 00000006 00000005 00000004 00000003 00000002 00000001 00000000 
sm   0 warp 0 0x80000174 0x96a13557 v 10 11111111111111111111111111111111 0000007c 00000078 00000074 00000070 0000006c 00000068 00000064 00000060 0000005c 00000058 00000054 00000050 0000004c 00000048 00000044 00000040 0000003c 00000038 00000034 00000030 0000002c 00000028 00000024 00000020 0000001c 00000018 00000014 00000010 0000000c 00000008 00000004 00000000 
sm   0 warp 0 0x80000178 0x02a34557 v 10 11111111111111111111111111111111 7000007c 70000078 70000074 70000070 7000006c 70000068 70000064 70000060 7000005c 70000058 70000054 70000050 7000004c 70000048 70000044 70000040 7000003c 70000038 70000034 70000030 7000002c 70000028 70000024 70000020 7000001c 70000018 70000014 70000010 7000000c 70000008 70000004 70000000 
sm   0 warp 0 0x8000017c 0x0015607b lsu.w v  1 op 3 mask 11111111111111111111111111111111 bfa00000 3f000000 bfa00000 3f000000 bfa00000 3f000000 bfa00000 3f000000 bfa00000 3f000000 bfa00000 3f000000 bfa00000 3f000000 bfa00000 3f000000 bfa00000 3f000000 bfa00000 3f000000 bfa00000 3f000000 bfa00000 3f000000 bfa00000 3f000000 bfa00000 3f000000 bfa00000 3f000000 bfa00000 3f000000 @ 7000007c 70000078 70000074 70000070 7000006c 70000068 70000064 70000060 7000005c 70000058 70000054 70000050 7000004c 70000048 70000044 70000040 7000003c 70000038 70000034 70000030 7000002c 70000028 70000024 70000020 7000001c 70000018 70000014 70000010 7000000c 70000008 70000004 70000000
sm   0 warp 0 0x80000180 0x70000337 x  6  70000000
sm   0 warp 0 0x80000184 0x5208a557 v 10 11111111111111111111111111111111 0000001f 0000001e 0000001d 0000001c 0000001b 0000001a 00000019 00000018 00000017 00000016 00000015 00000014 00000013 00000012 00000011 00000010 0000000f 0000000e 0000000d 0000000c 0000000b 0000000a 00000009 00000008 00000007 00000006 00000005 00000004 00000003 00000002 00000001 00000000 
sm   0 warp 0 0x80000188 0x000003b7 x  7  00000000
sm   0 warp 0 0x8000017c 0x0015607b lsu.w finish
sm   0 warp 0 0x8000018c 0x00138393 x  7  00000001
sm   0 warp 0 0x80000190 0x02a3c557 v 10 11111111111111111111111111111111 00000020 0000001f 0000001e 0000001d 0000001c 0000001b 0000001a 00000019 00000018 00000017 00000016 00000015 00000014 00000013 00000012 00000011 00000010 0000000f 0000000e 0000000d 0000000c 0000000b 0000000a 00000009 00000008 00000007 00000006 00000005 00000004 00000003 00000002 00000001 
sm   0 warp 0 0x80000194 0x000003b7 x  7  00000000
sm   0 warp 0 0x80000198 0x01f38393 x  7  0000001f
sm   0 warp 0 0x8000019c 0x26a3c557 v 10 11111111111111111111111111111111 00000000 0000001f 0000001e 0000001d 0000001c 0000001b 0000001a 00000019 00000018 00000017 00000016 00000015 00000014 00000013 00000012 00000011 00000010 0000000f 0000000e 0000000d 0000000c 0000000b 0000000a 00000009 00000008 00000007 00000006 00000005 00000004 00000003 00000002 00000001 
sm   0 warp 0 0x800001a0 0x96a13557 v 10 11111111111111111111111111111111 00000000 0000007c 00000078 00000074 00000070 0000006c 00000068 00000064 00000060 0000005c 00000058 00000054 00000050 0000004c 00000048 00000044 00000040 0000003c 00000038 00000034 00000030 0000002c 00000028 00000024 00000020 0000001c 00000018 00000014 00000010 0000000c 00000008 00000004 
sm   0 warp 0 0x800001a4 0x02a34557 v 10 11111111111111111111111111111111 70000000 7000007c 70000078 70000074 70000070 7000006c 70000068 70000064 70000060 7000005c 70000058 70000054 70000050 7000004c 70000048 70000044 70000040 7000003c 70000038 70000034 70000030 7000002c 70000028 70000024 70000020 7000001c 70000018 70000014 70000010 7000000c 70000008 70000004 
sm   0 warp 0 0x800001a8 0x0005227b lsu.r v  4 op 3 @ 70000000 7000007c 70000078 70000074 70000070 7000006c 70000068 70000064 70000060 7000005c 70000058 70000054 70000050 7000004c 70000048 70000044 70000040 7000003c 70000038 70000034 70000030 7000002c 70000028 70000024 70000020 7000001c 70000018 70000014 70000010 7000000c 70000008 70000004
sm   0 warp 0 0x800001a8 0x0005227b v  4 11111111111111111111111111111111 3f000000 bfa00000 3f000000 bfa00000 3f000000 bfa00000 3f000000 bfa00000 3f000000 bfa00000 3f000000 bfa00000 3f000000 bfa00000 3f000000 bfa00000 3f000000 bfa00000 3f000000 bfa00000 3f000000 bfa00000 3f000000 bfa00000 3f000000 bfa00000 3f000000 bfa00000 3f000000 bfa00000 3f000000 bfa00000 
sm   0 warp 0 0x800001b0 0x70000337 x  6  70000000
sm   0 warp 0 0x800001ac 0x024090d7 v  1 11111111111111111111111111111111 bf400000 bf400000 bf400000 bf400000 bf400000 bf400000 bf400000 bf400000 bf400000 bf400000 bf400000 bf400000 bf400000 bf400000 bf400000 bf400000 bf400000 bf400000 bf400000 bf400000 bf400000 bf400000 bf400000 bf400000 bf400000 bf400000 bf400000 bf400000 bf400000 bf400000 bf400000 bf400000 
sm   0 warp 0 0x800001b4 0x5208a557 v 10 11111111111111111111111111111111 0000001f 0000001e 0000001d 0000001c 0000001b 0000001a 00000019 00000018 00000017 00000016 00000015 00000014 00000013 00000012 00000011 00000010 0000000f 0000000e 0000000d 0000000c 0000000b 0000000a 00000009 00000008 00000007 00000006 00000005 00000004 00000003 00000002 00000001 00000000 
sm   0 warp 0 0x800001b8 0x96a13557 v 10 11111111111111111111111111111111 0000007c 00000078 00000074 00000070 0000006c 00000068 00000064 00000060 0000005c 00000058 00000054 00000050 0000004c 00000048 00000044 00000040 0000003c 00000038 00000034 00000030 0000002c 00000028 00000024 00000020 0000001c 00000018 00000014 00000010 0000000c 00000008 00000004 00000000 
sm   0 warp 0 0x800001bc 0x02a34557 v 10 11111111111111111111111111111111 7000007c 70000078 70000074 70000070 7000006c 70000068 70000064 70000060 7000005c 70000058 70000054 70000050 7000004c 70000048 70000044 70000040 7000003c 70000038 70000034 70000030 7000002c 70000028 70000024 70000020 7000001c 70000018 70000014 70000010 7000000c 70000008 70000004 70000000 
sm   0 warp 0 0x800001c0 0x0015607b lsu.w v  1 op 3 mask 11111111111111111111111111111111 bf400000 bf400000 bf400000 bf400000 bf400000 bf400000 bf400000 bf400000 bf400000 bf400000 bf400000 bf400000 bf400000 bf400000 bf400000 bf400000 bf400000 bf400000 bf400000 bf400000 bf400000 bf400000 bf400000 bf400000 bf400000 bf400000 bf400000 bf400000 bf400000 bf400000 bf400000 bf400000 @ 7000007c 70000078 70000074 70000070 7000006c 70000068 70000064 70000060 7000005c 70000058 70000054 70000050 7000004c 70000048 70000044 70000040 7000003c 70000038 70000034 70000030 7000002c 70000028 70000024 70000020 7000001c 70000018 70000014 70000010 7000000c 70000008 70000004 70000000
sm   0 warp 0 0x800001c4 0x70000337 x  6  70000000
sm   0 warp 0 0x800001c0 0x0015607b lsu.w finish
sm   0 warp 0 0x800001c8 0x10030313 x  6  70000100
sm   0 warp 0 0x800001cc 0x5208a557 v 10 11111111111111111111111111111111 0000001f 0000001e 0000001d 0000001c 0000001b 0000001a 00000019 00000018 00000017 00000016 00000015 00000014 00000013 00000012 00000011 00000010 0000000f 0000000e 0000000d 0000000c 0000000b 0000000a 00000009 00000008 00000007 00000006 00000005 00000004 00000003 00000002 00000001 00000000 
sm   0 warp 0 0x800001d0 0x96a13557 v 10 11111111111111111111111111111111 0000007c 00000078 00000074 00000070 0000006c 00000068 00000064 00000060 0000005c 00000058 00000054 00000050 0000004c 00000048 00000044 00000040 0000003c 00000038 00000034 00000030 0000002c 00000028 00000024 00000020 0000001c 00000018 00000014 00000010 0000000c 00000008 00000004 00000000 
sm   0 warp 0 0x800001d4 0x02a34557 v 10 11111111111111111111111111111111 7000017c 70000178 70000174 70000170 7000016c 70000168 70000164 70000160 7000015c 70000158 70000154 70000150 7000014c 70000148 70000144 70000140 7000013c 70000138 70000134 70000130 7000012c 70000128 70000124 70000120 7000011c 70000118 70000114 70000110 7000010c 70000108 70000104 70000100 
sm   0 warp 0 0x800001d8 0x0025607b lsu.w v  2 op 3 mask 11111111111111111111111111111111 40800000 3d800000 40100000 3f800000 3f100000 40440000 00000000 40440000 3f100000 3f800000 40100000 3d800000 40800000 3e800000 3fc80000 3fc80000 3e800000 40800000 3d800000 40100000 3f800000 3f100000 40440000 00000000 40440000 3f100000 3f800000 40100000 3d800000 40800000 3e800000 3fc80000 @ 7000017c 70000178 70000174 70000170 7000016c 70000168 70000164 70000160 7000015c 70000158 70000154 70000150 7000014c 70000148 70000144 70000140 7000013c 70000138 70000134 70000130 7000012c 70000128 70000124 70000120 7000011c 70000118 70000114 70000110 7000010c 70000108 70000104 70000100
sm   0 warp 0 0x800001dc 0x70000337 x  6  70000000
[L1C] #   1073 SM 0 CACHE 0 ADDR 80000200
sm   0 warp 0 0x800001d8 0x0025607b lsu.w finish
sm   0 warp 0 0x800001e0 0x10030313 x  6  70000100
sm   0 warp 0 0x800001e4 0x5208a557 v 10 11111111111111111111111111111111 0000001f 0000001e 0000001d 0000001c 0000001b 0000001a 00000019 00000018 00000017 00000016 00000015 00000014 00000013 00000012 00000011 00000010 0000000f 0000000e 0000000d 0000000c 0000000b 0000000a 00000009 00000008 00000007 00000006 00000005 00000004 00000003 00000002 00000001 00000000 
sm   0 warp 0 0x800001e8 0x000003b7 x  7  00000000
sm   0 warp 0 0x800001ec 0x01038393 x  7  00000010
sm   0 warp 0 0x800001f0 0x02a3c557 v 10 11111111111111111111111111111111 0000002f 0000002e 0000002d 0000002c 0000002b 0000002a 00000029 00000028 00000027 00000026 00000025 00000024 00000023 00000022 00000021 00000020 0000001f 0000001e 0000001d 0000001c 0000001b 0000001a 00000019 00000018 00000017 00000016 00000015 00000014 00000013 00000012 00000011 00000010 
sm   0 warp 0 0x800001f4 0x000003b7 x  7  00000000
sm   0 warp 0 0x800001f8 0x01f38393 x  7  0000001f
sm   0 warp 0 0x800001fc 0x26a3c557 v 10 11111111111111111111111111111111 0000000f 0000000e 0000000d 0000000c 0000000b 0000000a 00000009 00000008 00000007 00000006 00000005 00000004 00000003 00000002 00000001 00000000 0000001f 0000001e 0000001d 0000001c 0000001b 0000001a 00000019 00000018 00000017 00000016 00000015 00000014 00000013 00000012 00000011 00000010 
sm   0 warp 0 0x80000200 0x96a13557 v 10 11111111111111111111111111111111 0000003c 00000038 00000034 00000030 0000002c 00000028 00000024 00000020 0000001c 00000018 00000014 00000010 0000000c 00000008 00000004 00000000 0000007c 00000078 00000074 00000070 0000006c 00000068 00000064 00000060 0000005c 00000058 00000054 00000050 0000004c 00000048 00000044 00000040 
sm   0 warp 0 0x80000204 0x02a34557 v 10 11111111111111111111111111111111 7000013c 70000138 70000134 70000130 7000012c 70000128 70000124 70000120 7000011c 70000118 70000114 70000110 7000010c 70000108 70000104 70000100 7000017c 70000178 70000174 70000170 7000016c 70000168 70000164 70000160 7000015c 70000158 70000154 70000150 7000014c 70000148 70000144 70000140 
sm   0 warp 0 0x80000208 0x0005227b lsu.r v  4 op 3 @ 7000013c 70000138 70000134 70000130 7000012c 70000128 70000124 70000120 7000011c 70000118 70000114 70000110 7000010c 70000108 70000104 70000100 7000017c 70000178 70000174 70000170 7000016c 70000168 70000164 70000160 7000015c 70000158 70000154 70000150 7000014c 70000148 70000144 70000140
sm   0 warp 0 0x80000208 0x0005227b v  4 11111111111111111111111111111111 3e800000 40800000 3d800000 40100000 3f800000 3f100000 40440000 00000000 40440000 3f100000 3f800000 40100000 3d800000 40800000 3e800000 3fc80000 40800000 3d800000 40100000 3f800000 3f100000 40440000 00000000 40440000 3f100000 3f800000 40100000 3d800000 40800000 3e800000 3fc80000 3fc80000 
sm   0 warp 0 0x80000210 0x70000337 x  6  70000000
sm   0 warp 0 0x8000020c 0x02411157 v  2 11111111111111111111111111111111 40880000 40820000 40140000 40500000 3fc80000 40680000 40440000 40440000 40680000 3fc80000 40500000 40140000 40820000 40880000 3fe80000 40480000 40880000 40820000 40140000 40500000 3fc80000 40680000 40440000 40440000 40680000 3fc80000 40500000 40140000 40820000 40880000 3fe80000 40480000 
sm   0 warp 0 0x80000214 0x10030313 x  6  70000100
sm   0 warp 0 0x80000218 0x5208a557 v 10 11111111111111111111111111111111 0000001f 0000001e 0000001d 0000001c 0000001b 0000001a 00000019 00000018 00000017 00000016 00000015 00000014 00000013 00000012 00000011 00000010 0000000f 0000000e 0000000d 0000000c 0000000b 0000000a 00000009 00000008 00000007 00000006 00000005 00000004 00000003 00000002 00000001 00000000 
sm   0 warp 0 0x8000021c 0x96a13557 v 10 11111111111111111111111111111111 0000007c 00000078 00000074 00000070 0000006c 00000068 00000064 00000060 0000005c 00000058 00000054 00000050 0000004c 00000048 00000044 00000040 0000003c 00000038 00000034 00000030 0000002c 00000028 00000024 00000020 0000001c 00000018 00000014 00000010 0000000c 00000008 00000004 00000000 
sm   0 warp 0 0x80000220 0x02a34557 v 10 11111111111111111111111111111111 7000017c 70000178 70000174 70000170 7000016c 70000168 70000164 70000160 7000015c 70000158 70000154 70000150 7000014c 70000148 70000144 70000140 7000013c 70000138 70000134 70000130 7000012c 70000128 70000124 70000120 7000011c 70000118 70000114 70000110 7000010c 70000108 70000104 70000100 
sm   0 warp 0 0x80000224 0x0025607b lsu.w v  2 op 3 mask 11111111111111111111111111111111 40880000 40820000 40140000 40500000 3fc80000 40680000 40440000 40440000 40680000 3fc80000 40500000 40140000 40820000 40880000 3fe80000 40480000 40880000 40820000 40140000 40500000 3fc80000 40680000 40440000 40440000 40680000 3fc80000 40500000 40140000 40820000 40880000 3fe80000 40480000 @ 7000017c 70000178 70000174 70000170 7000016c 70000168 70000164 70000160 7000015c 70000158 70000154 70000150 7000014c 70000148 70000144 70000140 7000013c 70000138 70000134 70000130 7000012c 70000128 70000124 70000120 7000011c 70000118 70000114 70000110 7000010c 70000108 70000104 70000100
sm   0 warp 0 0x80000228 0x70000337 x  6  70000000
sm   0 warp 0 0x80000224 0x0025607b lsu.w finish
sm   0 warp 0 0x8000022c 0x10030313 x  6  70000100
sm   0 warp 0 0x80000230 0x5208a557 v 10 11111111111111111111111111111111 0000001f 0000001e 0000001d 0000001c 0000001b 0000001a 00000019 00000018 00000017 00000016 00000015 00000014 00000013 00000012 00000011 00000010 0000000f 0000000e 0000000d 0000000c 0000000b 0000000a 00000009 00000008 00000007 00000006 00000005 00000004 00000003 00000002 00000001 00000000 
sm   0 warp 0 0x80000234 0x000003b7 x  7  00000000
sm   0 warp 0 0x80000238 0x00838393 x  7  00000008
sm   0 warp 0 0x8000023c 0x02a3c557 v 10 11111111111111111111111111111111 00000027 00000026 00000025 00000024 00000023 00000022 00000021 00000020 0000001f 0000001e 0000001d 0000001c 0000001b 0000001a 00000019 00000018 00000017 00000016 00000015 00000014 00000013 00000012 00000011 00000010 0000000f 0000000e 0000000d 0000000c 0000000b 0000000a 00000009 00000008 
sm   0 warp 0 0x80000240 0x000003b7 x  7  00000000
sm   0 warp 0 0x80000244 0x01f38393 x  7  0000001f
sm   0 warp 0 0x80000248 0x26a3c557 v 10 11111111111111111111111111111111 00000007 00000006 00000005 00000004 00000003 00000002 00000001 00000000 0000001f 0000001e 0000001d 0000001c 0000001b 0000001a 00000019 00000018 00000017 00000016 00000015 00000014 00000013 00000012 00000011 00000010 0000000f 0000000e 0000000d 0000000c 0000000b 0000000a 00000009 00000008 
sm   0 warp 0 0x8000024c 0x96a13557 v 10 11111111111111111111111111111111 0000001c 00000018 00000014 00000010 0000000c 00000008 00000004 00000000 0000007c 00000078 00000074 00000070 0000006c 00000068 00000064 00000060 0000005c 00000058 00000054 00000050 0000004c 00000048 00000044 00000040 0000003c 00000038 00000034 00000030 0000002c 00000028 00000024 00000020 
sm   0 warp 0 0x80000250 0x02a34557 v 10 11111111111111111111111111111111 7000011c 70000118 70000114 70000110 7000010c 70000108 70000104 70000100 7000017c 70000178 70000174 70000170 7000016c 70000168 70000164 70000160 7000015c 70000158 70000154 70000150 7000014c 70000148 70000144 70000140 7000013c 70000138 70000134 70000130 7000012c 70000128 70000124 70000120 
sm   0 warp 0 0x80000254 0x0005227b lsu.r v  4 op 3 @ 7000011c 70000118 70000114 70000110 7000010c 70000108 70000104 70000100 7000017c 70000178 70000174 70000170 7000016c 70000168 70000164 70000160 7000015c 70000158 70000154 70000150 7000014c 70000148 70000144 70000140 7000013c 70000138 70000134 70000130 7000012c 70000128 70000124 70000120
sm   0 warp 0 0x80000254 0x0005227b v  4 11111111111111111111111111111111 40680000 3fc80000 40500000 40140000 40820000 40880000 3fe80000 40480000 40880000 40820000 40140000 40500000 3fc80000 40680000 40440000 40440000 40680000 3fc80000 40500000 40140000 40820000 40880000 3fe80000 40480000 40880000 40820000 40140000 40500000 3fc80000 40680000 40440000 40440000 
sm   0 warp 0 0x8000025c 0x70000337 x  6  70000000
sm   0 warp 0 0x80000258 0x02411157 v  2 11111111111111111111111111111111 40fc0000 40b40000 40b20000 40b20000 40b40000 40fc0000 409c0000 40c60000 40fc0000 40b40000 40b20000 40b20000 40b40000 40fc0000 409c0000 40c60000 40fc0000 40b40000 40b20000 40b20000 40b40000 40fc0000 409c0000 40c60000 40fc0000 40b40000 40b20000 40b20000 40b40000 40fc0000 409c0000 40c60000 
[L1C] #   1216 SM 0 CACHE 0 ADDR 80000280
sm   0 warp 0 0x80000260 0x10030313 x  6  70000100
sm   0 warp 0 0x80000264 0x5208a557 v 10 11111111111111111111111111111111 0000001f 0000001e 0000001d 0000001c 0000001b 0000001a 00000019 00000018 00000017 00000016 00000015 00000014 00000013 00000012 00000011 00000010 0000000f 0000000e 0000000d 0000000c 0000000b 0000000a 00000009 00000008 00000007 00000006 00000005 00000004 00000003 00000002 00000001 00000000 
sm   0 warp 0 0x80000268 0x96a13557 v 10 11111111111111111111111111111111 0000007c 00000078 00000074 00000070 0000006c 00000068 00000064 00000060 0000005c 00000058 00000054 00000050 0000004c 00000048 00000044 00000040 0000003c 00000038 00000034 00000030 0000002c 00000028 00000024 00000020 0000001c 00000018 00000014 00000010 0000000c 00000008 00000004 00000000 
sm   0 warp 0 0x8000026c 0x02a34557 v 10 11111111111111111111111111111111 7000017c 70000178 70000174 70000170 7000016c 70000168 70000164 70000160 7000015c 70000158 70000154 70000150 7000014c 70000148 70000144 70000140 7000013c 70000138 70000134 70000130 7000012c 70000128 70000124 70000120 7000011c 70000118 70000114 70000110 7000010c 70000108 70000104 70000100 
sm   0 warp 0 0x80000270 0x0025607b lsu.w v  2 op 3 mask 11111111111111111111111111111111 40fc0000 40b40000 40b20000 40b20000 40b40000 40fc0000 409c0000 40c60000 40fc0000 40b40000 40b20000 40b20000 40b40000 40fc0000 409c0000 40c60000 40fc0000 40b40000 40b20000 40b20000 40b40000 40fc0000 409c0000 40c60000 40fc0000 40b40000 40b20000 40b20000 40b40000 40fc0000 409c0000 40c60000 @ 7000017c 70000178 70000174 70000170 7000016c 70000168 70000164 70000160 7000015c 70000158 70000154 70000150 7000014c 70000148 70000144 70000140 7000013c 70000138 70000134 70000130 7000012c 70000128 70000124 70000120 7000011c 70000118 70000114 70000110 7000010c 70000108 70000104 70000100
sm   0 warp 0 0x80000274 0x70000337 x  6  70000000
sm   0 warp 0 0x80000270 0x0025607b lsu.w finish
sm   0 warp 0 0x80000278 0x10030313 x  6  70000100
sm   0 warp 0 0x8000027c 0x5208a557 v 10 11111111111111111111111111111111 0000001f 0000001e 0000001d 0000001c 0000001b 0000001a 00000019 00000018 00000017 00000016 00000015 00000014 00000013 00000012 00000011 00000010 0000000f 0000000e 0000000d 0000000c 0000000b 0000000a 00000009 00000008 00000007 00000006 00000005 00000004 00000003 00000002 00000001 00000000 
sm   0 warp 0 0x80000280 0x000003b7 x  7  00000000
sm   0 warp 0 0x80000284 0x00438393 x  7  00000004
sm   0 warp 0 0x80000288 0x02a3c557 v 10 11111111111111111111111111111111 00000023 00000022 00000021 00000020 0000001f 0000001e 0000001d 0000001c 0000001b 0000001a 00000019 00000018 00000017 00000016 00000015 00000014 00000013 00000012 00000011 00000010 0000000f 0000000e 0000000d 0000000c 0000000b 0000000a 00000009 00000008 00000007 00000006 00000005 00000004 
sm   0 warp 0 0x8000028c 0x000003b7 x  7  00000000
sm   0 warp 0 0x80000290 0x01f38393 x  7  0000001f
sm   0 warp 0 0x80000294 0x26a3c557 v 10 11111111111111111111111111111111 00000003 00000002 00000001 00000000 0000001f 0000001e 0000001d 0000001c 0000001b 0000001a 00000019 00000018 00000017 00000016 00000015 00000014 00000013 00000012 00000011 00000010 0000000f 0000000e 0000000d 0000000c 0000000b 0000000a 00000009 00000008 00000007 00000006 00000005 00000004 
sm   0 warp 0 0x80000298 0x96a13557 v 10 11111111111111111111111111111111 0000000c 00000008 00000004 00000000 0000007c 00000078 00000074 00000070 0000006c 00000068 00000064 00000060 0000005c 00000058 00000054 00000050 0000004c 00000048 00000044 00000040 0000003c 00000038 00000034 00000030 0000002c 00000028 00000024 00000020 0000001c 00000018 00000014 00000010 
sm   0 warp 0 0x8000029c 0x02a34557 v 10 11111111111111111111111111111111 7000010c 70000108 70000104 70000100 7000017c 70000178 70000174 70000170 7000016c 70000168 70000164 70000160 7000015c 70000158 70000154 70000150 7000014c 70000148 70000144 70000140 7000013c 70000138 70000134 70000130 7000012c 70000128 70000124 70000120 7000011c 70000118 70000114 70000110 
sm   0 warp 0 0x800002a0 0x0005227b lsu.r v  4 op 3 @ 7000010c 70000108 70000104 70000100 7000017c 70000178 70000174 70000170 7000016c 70000168 70000164 70000160 7000015c 70000158 70000154 70000150 7000014c 70000148 70000144 70000140 7000013c 70000138 70000134 70000130 7000012c 70000128 70000124 70000120 7000011c 70000118 70000114 70000110
sm   0 warp 0 0x800002a0 0x0005227b v  4 11111111111111111111111111111111 40b40000 40fc0000 409c0000 40c60000 40fc0000 40b40000 40b20000 40b20000 40b40000 40fc0000 409c0000 40c60000 40fc0000 40b40000 40b20000 40b20000 40b40000 40fc0000 409c0000 40c60000 40fc0000 40b40000 40b20000 40b20000 40b40000 40fc0000 409c0000 40c60000 40fc0000 40b40000 40b20000 40b20000 
sm   0 warp 0 0x800002a8 0x70000337 x  6  70000000
sm   0 warp 0 0x800002a4 0x02411157 v  2 11111111111111111111111111111111 41580000 41580000 41270000 413c0000 41580000 41580000 41270000 413c0000 41580000 41580000 41270000 413c0000 41580000 41580000 41270000 413c0000 41580000 41580000 41270000 413c0000 41580000 41580000 41270000 413c0000 41580000 41580000 41270000 413c0000 41580000 41580000 41270000 413c0000 
sm   0 warp 0 0x800002ac 0x10030313 x  6  70000100
sm   0 warp 0 0x800002b0 0x5208a557 v 10 11111111111111111111111111111111 0000001f 0000001e 0000001d 0000001c 0000001b 0000001a 00000019 00000018 00000017 00000016 00000015 00000014 00000013 00000012 00000011 00000010 0000000f 0000000e 0000000d 0000000c 0000000b 0000000a 00000009 00000008 00000007 00000006 00000005 00000004 00000003 00000002 00000001 00000000 
sm   0 warp 0 0x800002b4 0x96a13557 v 10 11111111111111111111111111111111 0000007c 00000078 00000074 00000070 0000006c 00000068 00000064 00000060 0000005c 00000058 00000054 00000050 0000004c 00000048 00000044 00000040 0000003c 00000038 00000034 00000030 0000002c 00000028 00000024 00000020 0000001c 00000018 00000014 00000010 0000000c 00000008 00000004 00000000 
sm   0 warp 0 0x800002b8 0x02a34557 v 10 11111111111111111111111111111111 7000017c 70000178 70000174 70000170 7000016c 70000168 70000164 70000160 7000015c 70000158 70000154 70000150 7000014c 70000148 70000144 70000140 7000013c 70000138 70000134 70000130 7000012c 70000128 70000124 70000120 7000011c 70000118 70000114 70000110 7000010c 70000108 70000104 70000100 
sm   0 warp 0 0x800002bc 0x0025607b lsu.w v  2 op 3 mask 11111111111111111111111111111111 41580000 41580000 41270000 413c0000 41580000 41580000 41270000 413c0000 41580000 41580000 41270000 413c0000 41580000 41580000 41270000 413c0000 41580000 41580000 41270000 413c0000 41580000 41580000 41270000 413c0000 41580000 41580000 41270000 413c0000 41580000 41580000 41270000 413c0000 @ 7000017c 70000178 70000174 70000170 7000016c 70000168 70000164 70000160 7000015c 70000158 70000154 70000150 7000014c 70000148 70000144 70000140 7000013c 70000138 70000134 70000130 7000012c 70000128 70000124 70000120 7000011c 70000118 70000114 70000110 7000010c 70000108 70000104 70000100
sm   0 warp 0 0x800002c0 0x70000337 x  6  70000000
sm   0 warp 0 0x800002bc 0x0025607b lsu.w finish
sm   0 warp 0 0x800002c4 0x10030313 x  6  70000100
sm   0 warp 0 0x800002c8 0x5208a557 v 10 11111111111111111111111111111111 0000001f 0000001e 0000001d 0000001c 0000001b 0000001a 00000019 00000018 00000017 00000016 00000015 00000014 00000013 00000012 00000011 00000010 0000000f 0000000e 0000000d 0000000c 0000000b 0000000a 00000009 00000008 00000007 00000006 00000005 00000004 00000003 00000002 00000001 00000000 
sm   0 warp 0 0x800002cc 0x000003b7 x  7  00000000
sm   0 warp 0 0x800002d0 0x00238393 x  7  00000002
sm   0 warp 0 0x800002d4 0x02a3c557 v 10 11111111111111111111111111111111 00000021 00000020 0000001f 0000001e 0000001d 0000001c 0000001b 0000001a 00000019 00000018 00000017 00000016 00000015 00000014 00000013 00000012 00000011 00000010 0000000f 0000000e 0000000d 0000000c 0000000b 0000000a 00000009 00000008 00000007 00000006 00000005 00000004 00000003 00000002 
sm   0 warp 0 0x800002d8 0x000003b7 x  7  00000000
sm   0 warp 0 0x800002dc 0x01f38393 x  7  0000001f
[L1C] #   1349 SM 0 CACHE 0 ADDR 80000300
sm   0 warp 0 0x800002e0 0x26a3c557 v 10 11111111111111111111111111111111 00000001 00000000 0000001f 0000001e 0000001d 0000001c 0000001b 0000001a 00000019 00000018 00000017 00000016 00000015 00000014 00000013 00000012 00000011 00000010 0000000f 0000000e 0000000d 0000000c 0000000b 0000000a 00000009 00000008 00000007 00000006 00000005 00000004 00000003 00000002 
sm   0 warp 0 0x800002e4 0x96a13557 v 10 11111111111111111111111111111111 00000004 00000000 0000007c 00000078 00000074 00000070 0000006c 00000068 00000064 00000060 0000005c 00000058 00000054 00000050 0000004c 00000048 00000044 00000040 0000003c 00000038 00000034 00000030 0000002c 00000028 00000024 00000020 0000001c 00000018 00000014 00000010 0000000c 00000008 
sm   0 warp 0 0x800002e8 0x02a34557 v 10 11111111111111111111111111111111 70000104 70000100 7000017c 70000178 70000174 70000170 7000016c 70000168 70000164 70000160 7000015c 70000158 70000154 70000150 7000014c 70000148 70000144 70000140 7000013c 70000138 70000134 70000130 7000012c 70000128 70000124 70000120 7000011c 70000118 70000114 70000110 7000010c 70000108 
sm   0 warp 0 0x800002ec 0x0005227b lsu.r v  4 op 3 @ 70000104 70000100 7000017c 70000178 70000174 70000170 7000016c 70000168 70000164 70000160 7000015c 70000158 70000154 70000150 7000014c 70000148 70000144 70000140 7000013c 70000138 70000134 70000130 7000012c 70000128 70000124 70000120 7000011c 70000118 70000114 70000110 7000010c 70000108
sm   0 warp 0 0x800002ec 0x0005227b v  4 11111111111111111111111111111111 41270000 413c0000 41580000 41580000 41270000 413c0000 41580000 41580000 41270000 413c0000 41580000 41580000 41270000 413c0000 41580000 41580000 41270000 413c0000 41580000 41580000 41270000 413c0000 41580000 41580000 41270000 413c0000 41580000 41580000 41270000 413c0000 41580000 41580000 
sm   0 warp 0 0x800002f4 0x70000337 x  6  70000000
sm   0 warp 0 0x800002f0 0x02411157 v  2 11111111111111111111111111111111 41bf8000 41ca0000 41bf8000 41ca0000 41bf8000 41ca0000 41bf8000 41ca0000 41bf8000 41ca0000 41bf8000 41ca0000 41bf8000 41ca0000 41bf8000 41ca0000 41bf8000 41ca0000 41bf8000 41ca0000 41bf8000 41ca0000 41bf8000 41ca0000 41bf8000 41ca0000 41bf8000 41ca0000 41bf8000 41ca0000 41bf8000 41ca0000 
sm   0 warp 0 0x800002f8 0x10030313 x  6  70000100
sm   0 warp 0 0x800002fc 0x5208a557 v 10 11111111111111111111111111111111 0000001f 0000001e 0000001d 0000001c 0000001b 0000001a 00000019 00000018 00000017 00000016 00000015 00000014 00000013 00000012 00000011 00000010 0000000f 0000000e 0000000d 0000000c 0000000b 0000000a 00000009 00000008 00000007 00000006 00000005 00000004 00000003 00000002 00000001 00000000 
sm   0 warp 0 0x80000300 0x96a13557 v 10 11111111111111111111111111111111 0000007c 00000078 00000074 00000070 0000006c 00000068 00000064 00000060 0000005c 00000058 00000054 00000050 0000004c 00000048 00000044 00000040 0000003c 00000038 00000034 00000030 0000002c 00000028 00000024 00000020 0000001c 00000018 00000014 00000010 0000000c 00000008 00000004 00000000 
sm   0 warp 0 0x80000304 0x02a34557 v 10 11111111111111111111111111111111 7000017c 70000178 70000174 70000170 7000016c 70000168 70000164 70000160 7000015c 70000158 70000154 70000150 7000014c 70000148 70000144 70000140 7000013c 70000138 70000134 70000130 7000012c 70000128 70000124 70000120 7000011c 70000118 70000114 70000110 7000010c 70000108 70000104 70000100 
sm   0 warp 0 0x80000308 0x0025607b lsu.w v  2 op 3 mask 11111111111111111111111111111111 41bf8000 41ca0000 41bf8000 41ca0000 41bf8000 41ca0000 41bf8000 41ca0000 41bf8000 41ca0000 41bf8000 41ca0000 41bf8000 41ca0000 41bf8000 41ca0000 41bf8000 41ca0000 41bf8000 41ca0000 41bf8000 41ca0000 41bf8000 41ca0000 41bf8000 41ca0000 41bf8000 41ca0000 41bf8000 41ca0000 41bf8000 41ca0000 @ 7000017c 70000178 70000174 70000170 7000016c 70000168 70000164 70000160 7000015c 70000158 70000154 70000150 7000014c 70000148 70000144 70000140 7000013c 70000138 70000134 70000130 7000012c 70000128 70000124 70000120 7000011c 70000118 70000114 70000110 7000010c 70000108 70000104 70000100
sm   0 warp 0 0x8000030c 0x70000337 x  6  70000000
sm   0 warp 0 0x80000308 0x0025607b lsu.w finish
sm   0 warp 0 0x80000310 0x10030313 x  6  70000100
sm   0 warp 0 0x80000314 0x5208a557 v 10 11111111111111111111111111111111 0000001f 0000001e 0000001d 0000001c 0000001b 0000001a 00000019 00000018 00000017 00000016 00000015 00000014 00000013 00000012 00000011 00000010 0000000f 0000000e 0000000d 0000000c 0000000b 0000000a 00000009 00000008 00000007 00000006 00000005 00000004 00000003 00000002 00000001 00000000 
sm   0 warp 0 0x80000318 0x000003b7 x  7  00000000
sm   0 warp 0 0x8000031c 0x00138393 x  7  00000001
sm   0 warp 0 0x80000320 0x02a3c557 v 10 11111111111111111111111111111111 00000020 0000001f 0000001e 0000001d 0000001c 0000001b 0000001a 00000019 00000018 00000017 00000016 00000015 00000014 00000013 00000012 00000011 00000010 0000000f 0000000e 0000000d 0000000c 0000000b 0000000a 00000009 00000008 00000007 00000006 00000005 00000004 00000003 00000002 00000001 
sm   0 warp 0 0x80000324 0x000003b7 x  7  00000000
sm   0 warp 0 0x80000328 0x01f38393 x  7  0000001f
sm   0 warp 0 0x8000032c 0x26a3c557 v 10 11111111111111111111111111111111 00000000 0000001f 0000001e 0000001d 0000001c 0000001b 0000001a 00000019 00000018 00000017 00000016 00000015 00000014 00000013 00000012 00000011 00000010 0000000f 0000000e 0000000d 0000000c 0000000b 0000000a 00000009 00000008 00000007 00000006 00000005 00000004 00000003 00000002 00000001 
sm   0 warp 0 0x80000330 0x96a13557 v 10 11111111111111111111111111111111 00000000 0000007c 00000078 00000074 00000070 0000006c 00000068 00000064 00000060 0000005c 00000058 00000054 00000050 0000004c 00000048 00000044 00000040 0000003c 00000038 00000034 00000030 0000002c 00000028 00000024 00000020 0000001c 00000018 00000014 00000010 0000000c 00000008 00000004 
sm   0 warp 0 0x80000334 0x02a34557 v 10 11111111111111111111111111111111 70000100 7000017c 70000178 70000174 70000170 7000016c 70000168 70000164 70000160 7000015c 70000158 70000154 70000150 7000014c 70000148 70000144 70000140 7000013c 70000138 70000134 70000130 7000012c 70000128 70000124 70000120 7000011c 70000118 70000114 70000110 7000010c 70000108 70000104 
sm   0 warp 0 0x80000338 0x0005227b lsu.r v  4 op 3 @ 70000100 7000017c 70000178 70000174 70000170 7000016c 70000168 70000164 70000160 7000015c 70000158 70000154 70000150 7000014c 70000148 70000144 70000140 7000013c 70000138 70000134 70000130 7000012c 70000128 70000124 70000120 7000011c 70000118 70000114 70000110 7000010c 70000108 70000104
sm   0 warp 0 0x80000338 0x0005227b v  4 11111111111111111111111111111111 41ca0000 41bf8000 41ca0000 41bf8000 41ca0000 41bf8000 41ca0000 41bf8000 41ca0000 41bf8000 41ca0000 41bf8000 41ca0000 41bf8000 41ca0000 41bf8000 41ca0000 41bf8000 41ca0000 41bf8000 41ca0000 41bf8000 41ca0000 41bf8000 41ca0000 41bf8000 41ca0000 41bf8000 41ca0000 41bf8000 41ca0000 41bf8000 
sm   0 warp 0 0x80000340 0x70000337 x  6  70000000
sm   0 warp 0 0x8000033c 0x02411157 v  2 11111111111111111111111111111111 4244c000 4244c000 4244c000 4244c000 4244c000 4244c000 4244c000 4244c000 4244c000 4244c000 4244c000 4244c000 4244c000 4244c000 4244c000 4244c000 4244c000 4244c000 4244c000 4244c000 4244c000 4244c000 4244c000 4244c000 4244c000 4244c000 4244c000 4244c000 4244c000 4244c000 4244c000 4244c000 
sm   0 warp 0 0x80000344 0x10030313 x  6  70000100
sm   0 warp 0 0x80000348 0x5208a557 v 10 11111111111111111111111111111111 0000001f 0000001e 0000001d 0000001c 0000001b 0000001a 00000019 00000018 00000017 00000016 00000015 00000014 00000013 00000012 00000011 00000010 0000000f 0000000e 0000000d 0000000c 0000000b 0000000a 00000009 00000008 00000007 00000006 00000005 00000004 00000003 00000002 00000001 00000000 
sm   0 warp 0 0x8000034c 0x96a13557 v 10 11111111111111111111111111111111 0000007c 00000078 00000074 00000070 0000006c 00000068 00000064 00000060 0000005c 00000058 00000054 00000050 0000004c 00000048 00000044 00000040 0000003c 00000038 00000034 00000030 0000002c 00000028 00000024 00000020 0000001c 00000018 00000014 00000010 0000000c 00000008 00000004 00000000 
sm   0 warp 0 0x80000350 0x02a34557 v 10 11111111111111111111111111111111 7000017c 70000178 70000174 70000170 7000016c 70000168 70000164 70000160 7000015c 70000158 70000154 70000150 7000014c 70000148 70000144 70000140 7000013c 70000138 70000134 70000130 7000012c 70000128 70000124 70000120 7000011c 70000118 70000114 70000110 7000010c 70000108 70000104 70000100 
sm   0 warp 0 0x80000354 0x0025607b lsu.w v  2 op 3 mask 11111111111111111111111111111111 4244c000 4244c000 4244c000 4244c000 4244c000 4244c000 4244c000 4244c000 4244c000 4244c000 4244c000 4244c000 4244c000 4244c000 4244c000 4244c000 4244c000 4244c000 4244c000 4244c000 4244c000 4244c000 4244c000 4244c000 4244c000 4244c000 4244c000 4244c000 4244c000 4244c000 4244c000 4244c000 @ 7000017c 70000178 70000174 70000170 7000016c 70000168 70000164 70000160 7000015c 70000158 70000154 70000150 7000014c 70000148 70000144 70000140 7000013c 70000138 70000134 70000130 7000012c 70000128 70000124 70000120 7000011c 70000118 70000114 70000110 7000010c 70000108 70000104 70000100
sm   0 warp 0 0x80000358 0x2a108f57 v 30 11111111111111111111111111111111 bf400000 bf400000 bf400000 bf400000 bf400000 bf400000 bf400000 bf400000 bf400000 bf400000 bf400000 bf400000 bf400000 bf400000 bf400000 bf400000 bf400000 bf400000 bf400000 bf400000 bf400000 bf400000 bf400000 bf400000 bf400000 bf400000 bf400000 bf400000 bf400000 bf400000 bf400000 bf400000 
sm   0 warp 0 0x80000354 0x0025607b lsu.w finish
sm   0 warp 0 0x8000035c 0x2bff80d7 v  1 11111111111111111111111111111111 00000000 00000000 00000000 00000000 00000000 00000000 00000000 00000000 00000000 00000000 00000000 00000000 00000000 00000000 00000000 00000000 00000000 00000000 00000000 00000000 00000000 00000000 00000000 00000000 00000000 00000000 00000000 00000000 00000000 00000000 00000000 00000000 
[L1C] #   1498 SM 0 CACHE 0 ADDR 80000380
sm   0 warp 0 0x80000360 0xb30f10d7 v  1 11111111111111111111111111111111 bcc00000 bcc00000 bcc00000 bcc00000 bcc00000 bcc00000 bcc00000 bcc00000 bcc00000 bcc00000 bcc00000 bcc00000 bcc00000 bcc00000 bcc00000 bcc00000 bcc00000 bcc00000 bcc00000 bcc00000 bcc00000 bcc00000 bcc00000 bcc00000 bcc00000 bcc00000 bcc00000 bcc00000 bcc00000 bcc00000 bcc00000 bcc00000 
sm   0 warp 0 0x80000364 0x2a210f57 v 30 11111111111111111111111111111111 4244c000 4244c000 4244c000 4244c000 4244c000 4244c000 4244c000 4244c000 4244c000 4244c000 4244c000 4244c000 4244c000 4244c000 4244c000 4244c000 4244c000 4244c000 4244c000 4244c000 4244c000 4244c000 4244c000 4244c000 4244c000 4244c000 4244c000 4244c000 4244c000 4244c000 4244c000 4244c000 
sm   0 warp 0 0x80000368 0x2bff8157 v  2 11111111111111111111111111111111 00000000 00000000 00000000 00000000 00000000 00000000 00000000 00000000 00000000 00000000 00000000 00000000 00000000 00000000 00000000 00000000 00000000 00000000 00000000 00000000 00000000 00000000 00000000 00000000 00000000 00000000 00000000 00000000 00000000 00000000 00000000 00000000 
sm   0 warp 0 0x8000036c 0xb30f1157 v  2 11111111111111111111111111111111 3fc4c000 3fc4c000 3fc4c000 3fc4c000 3fc4c000 3fc4c000 3fc4c000 3fc4c000 3fc4c000 3fc4c000 3fc4c000 3fc4c000 3fc4c000 3fc4c000 3fc4c000 3fc4c000 3fc4c000 3fc4c000 3fc4c000 3fc4c000 3fc4c000 3fc4c000 3fc4c000 3fc4c000 3fc4c000 3fc4c000 3fc4c000 3fc4c000 3fc4c000 3fc4c000 3fc4c000 3fc4c000 
sm   0 warp 0 0x80000370 0xbe109157 v  2 11111111111111111111111111111111 3fc4ae00 3fc4ae00 3fc4ae00 3fc4ae00 3fc4ae00 3fc4ae00 3fc4ae00 3fc4ae00 3fc4ae00 3fc4ae00 3fc4ae00 3fc4ae00 3fc4ae00 3fc4ae00 3fc4ae00 3fc4ae00 3fc4ae00 3fc4ae00 3fc4ae00 3fc4ae00 3fc4ae00 3fc4ae00 3fc4ae00 3fc4ae00 3fc4ae00 3fc4ae00 3fc4ae00 3fc4ae00 3fc4ae00 3fc4ae00 3fc4ae00 3fc4ae00 
sm   0 warp 0 0x80000374 0x03111157 v  2 11111111111111111111111111111111 3fc4ae54 3fc4ae54 3fc4ae54 3fc4ae54 3fc4ae54 3fc4ae54 3fc4ae54 3fc4ae54 3fc4ae54 3fc4ae54 3fc4ae54 3fc4ae54 3fc4ae54 3fc4ae54 3fc4ae54 3fc4ae54 3fc4ae54 3fc4ae54 3fc4ae54 3fc4ae54 3fc4ae54 3fc4ae54 3fc4ae54 3fc4ae54 3fc4ae54 3fc4ae54 3fc4ae54 3fc4ae54 3fc4ae54 3fc4ae54 3fc4ae54 3fc4ae54 
sm   0 warp 0 0x80000378 0x2a2102d7 v  5 11111111111111111111111111111111 3fc4ae54 3fc4ae54 3fc4ae54 3fc4ae54 3fc4ae54 3fc4ae54 3fc4ae54 3fc4ae54 3fc4ae54 3fc4ae54 3fc4ae54 3fc4ae54 3fc4ae54 3fc4ae54 3fc4ae54 3fc4ae54 3fc4ae54 3fc4ae54 3fc4ae54 3fc4ae54 3fc4ae54 3fc4ae54 3fc4ae54 3fc4ae54 3fc4ae54 3fc4ae54 3fc4ae54 3fc4ae54 3fc4ae54 3fc4ae54 3fc4ae54 3fc4ae54 
sm   0 warp 0 0x8000037c 0xa250b2d7 v  5 11111111111111111111111111111111 1fe2572a 1fe2572a 1fe2572a 1fe2572a 1fe2572a 1fe2572a 1fe2572a 1fe2572a 1fe2572a 1fe2572a 1fe2572a 1fe2572a 1fe2572a 1fe2572a 1fe2572a 1fe2572a 1fe2572a 1fe2572a 1fe2572a 1fe2572a 1fe2572a 1fe2572a 1fe2572a 1fe2572a 1fe2572a 1fe2572a 1fe2572a 1fe2572a 1fe2572a 1fe2572a 1fe2572a 1fe2572a 
sm   0 warp 0 0x80000380 0x0b4282d7 v  5 11111111111111111111111111111111 3f5502b5 3f5502b5 3f5502b5 3f5502b5 3f5502b5 3f5502b5 3f5502b5 3f5502b5 3f5502b5 3f5502b5 3f5502b5 3f5502b5 3f5502b5 3f5502b5 3f5502b5 3f5502b5 3f5502b5 3f5502b5 3f5502b5 3f5502b5 3f5502b5 3f5502b5 3f5502b5 3f5502b5 3f5502b5 3f5502b5 3f5502b5 3f5502b5 3f5502b5 3f5502b5 3f5502b5 3f5502b5 
sm   0 warp 0 0x80000384 0x2bff8457 v  8 11111111111111111111111111111111 00000000 00000000 00000000 00000000 00000000 00000000 00000000 00000000 00000000 00000000 00000000 00000000 00000000 00000000 00000000 00000000 00000000 00000000 00000000 00000000 00000000 00000000 00000000 00000000 00000000 00000000 00000000 00000000 00000000 00000000 00000000 00000000 
sm   0 warp 0 0x80000388 0xb3211457 v  8 11111111111111111111111111111111 3f44ae54 3f44ae54 3f44ae54 3f44ae54 3f44ae54 3f44ae54 3f44ae54 3f44ae54 3f44ae54 3f44ae54 3f44ae54 3f44ae54 3f44ae54 3f44ae54 3f44ae54 3f44ae54 3f44ae54 3f44ae54 3f44ae54 3f44ae54 3f44ae54 3f44ae54 3f44ae54 3f44ae54 3f44ae54 3f44ae54 3f44ae54 3f44ae54 3f44ae54 3f44ae54 3f44ae54 3f44ae54 
sm   0 warp 0 0x8000038c 0x2bff8357 v  6 11111111111111111111111111111111 00000000 00000000 00000000 00000000 00000000 00000000 00000000 00000000 00000000 00000000 00000000 00000000 00000000 00000000 00000000 00000000 00000000 00000000 00000000 00000000 00000000 00000000 00000000 00000000 00000000 00000000 00000000 00000000 00000000 00000000 00000000 00000000 
sm   0 warp 0 0x80000390 0xb2529357 v  6 11111111111111111111111111111111 3f313d81 3f313d81 3f313d81 3f313d81 3f313d81 3f313d81 3f313d81 3f313d81 3f313d81 3f313d81 3f313d81 3f313d81 3f313d81 3f313d81 3f313d81 3f313d81 3f313d81 3f313d81 3f313d81 3f313d81 3f313d81 3f313d81 3f313d81 3f313d81 3f313d81 3f313d81 3f313d81 3f313d81 3f313d81 3f313d81 3f313d81 3f313d81 
sm   0 warp 0 0x80000394 0x2b3983d7 v  7 11111111111111111111111111111111 3fc00000 3fc00000 3fc00000 3fc00000 3fc00000 3fc00000 3fc00000 3fc00000 3fc00000 3fc00000 3fc00000 3fc00000 3fc00000 3fc00000 3fc00000 3fc00000 3fc00000 3fc00000 3fc00000 3fc00000 3fc00000 3fc00000 3fc00000 3fc00000 3fc00000 3fc00000 3fc00000 3fc00000 3fc00000 3fc00000 3fc00000 3fc00000 
sm   0 warp 0 0x80000398 0xbe6413d7 v  7 11111111111111111111111111111111 3f77d437 3f77d437 3f77d437 3f77d437 3f77d437 3f77d437 3f77d437 3f77d437 3f77d437 3f77d437 3f77d437 3f77d437 3f77d437 3f77d437 3f77d437 3f77d437 3f77d437 3f77d437 3f77d437 3f77d437 3f77d437 3f77d437 3f77d437 3f77d437 3f77d437 3f77d437 3f77d437 3f77d437 3f77d437 3f77d437 3f77d437 3f77d437 
sm   0 warp 0 0x8000039c 0x2a528f57 v 30 11111111111111111111111111111111 3f5502b5 3f5502b5 3f5502b5 3f5502b5 3f5502b5 3f5502b5 3f5502b5 3f5502b5 3f5502b5 3f5502b5 3f5502b5 3f5502b5 3f5502b5 3f5502b5 3f5502b5 3f5502b5 3f5502b5 3f5502b5 3f5502b5 3f5502b5 3f5502b5 3f5502b5 3f5502b5 3f5502b5 3f5502b5 3f5502b5 3f5502b5 3f5502b5 3f5502b5 3f5502b5 3f5502b5 3f5502b5 
sm   0 warp 0 0x800003a0 0x2bff82d7 v  5 11111111111111111111111111111111 00000000 00000000 00000000 00000000 00000000 00000000 00000000 00000000 00000000 00000000 00000000 00000000 00000000 00000000 00000000 00000000 00000000 00000000 00000000 00000000 00000000 00000000 00000000 00000000 00000000 00000000 00000000 00000000 00000000 00000000 00000000 00000000 
sm   0 warp 0 0x800003a4 0xb27f12d7 v  5 11111111111111111111111111111111 3f4e3631 3f4e3631 3f4e3631 3f4e3631 3f4e3631 3f4e3631 3f4e3631 3f4e3631 3f4e3631 3f4e3631 3f4e3631 3f4e3631 3f4e3631 3f4e3631 3f4e3631 3f4e3631 3f4e3631 3f4e3631 3f4e3631 3f4e3631 3f4e3631 3f4e3631 3f4e3631 3f4e3631 3f4e3631 3f4e3631 3f4e3631 3f4e3631 3f4e3631 3f4e3631 3f4e3631 3f4e3631 
sm   0 warp 0 0x800003a8 0x2bff8357 v  6 11111111111111111111111111111111 00000000 00000000 00000000 00000000 00000000 00000000 00000000 00000000 00000000 00000000 00000000 00000000 00000000 00000000 00000000 00000000 00000000 00000000 00000000 00000000 00000000 00000000 00000000 00000000 00000000 00000000 00000000 00000000 00000000 00000000 00000000 00000000 
sm   0 warp 0 0x800003ac 0xb2529357 v  6 11111111111111111111111111111111 3f261b42 3f261b42 3f261b42 3f261b42 3f261b42 3f261b42 3f261b42 3f261b42 3f261b42 3f261b42 3f261b42 3f261b42 3f261b42 3f261b42 3f261b42 3f261b42 3f261b42 3f261b42 3f261b42 3f261b42 3f261b42 3f261b42 3f261b42 3f261b42 3f261b42 3f261b42 3f261b42 3f261b42 3f261b42 3f261b42 3f261b42 3f261b42 
sm   0 warp 0 0x800003b0 0x2b3983d7 v  7 11111111111111111111111111111111 3fc00000 3fc00000 3fc00000 3fc00000 3fc00000 3fc00000 3fc00000 3fc00000 3fc00000 3fc00000 3fc00000 3fc00000 3fc00000 3fc00000 3fc00000 3fc00000 3fc00000 3fc00000 3fc00000 3fc00000 3fc00000 3fc00000 3fc00000 3fc00000 3fc00000 3fc00000 3fc00000 3fc00000 3fc00000 3fc00000 3fc00000 3fc00000 
sm   0 warp 0 0x800003b4 0xbe6413d7 v  7 11111111111111111111111111111111 3f803102 3f803102 3f803102 3f803102 3f803102 3f803102 3f803102 3f803102 3f803102 3f803102 3f803102 3f803102 3f803102 3f803102 3f803102 3f803102 3f803102 3f803102 3f803102 3f803102 3f803102 3f803102 3f803102 3f803102 3f803102 3f803102 3f803102 3f803102 3f803102 3f803102 3f803102 3f803102 
sm   0 warp 0 0x800003b8 0x2a528f57 v 30 11111111111111111111111111111111 3f4e3631 3f4e3631 3f4e3631 3f4e3631 3f4e3631 3f4e3631 3f4e3631 3f4e3631 3f4e3631 3f4e3631 3f4e3631 3f4e3631 3f4e3631 3f4e3631 3f4e3631 3f4e3631 3f4e3631 3f4e3631 3f4e3631 3f4e3631 3f4e3631 3f4e3631 3f4e3631 3f4e3631 3f4e3631 3f4e3631 3f4e3631 3f4e3631 3f4e3631 3f4e3631 3f4e3631 3f4e3631 
sm   0 warp 0 0x800003bc 0x2bff82d7 v  5 11111111111111111111111111111111 00000000 00000000 00000000 00000000 00000000 00000000 00000000 00000000 00000000 00000000 00000000 00000000 00000000 00000000 00000000 00000000 00000000 00000000 00000000 00000000 00000000 00000000 00000000 00000000 00000000 00000000 00000000 00000000 00000000 00000000 00000000 00000000 
sm   0 warp 0 0x800003c0 0xb27f12d7 v  5 11111111111111111111111111111111 3f4e8525 3f4e8525 3f4e8525 3f4e8525 3f4e8525 3f4e8525 3f4e8525 3f4e8525 3f4e8525 3f4e8525 3f4e8525 3f4e8525 3f4e8525 3f4e8525 3f4e8525 3f4e8525 3f4e8525 3f4e8525 3f4e8525 3f4e8525 3f4e8525 3f4e8525 3f4e8525 3f4e8525 3f4e8525 3f4e8525 3f4e8525 3f4e8525 3f4e8525 3f4e8525 3f4e8525 3f4e8525 
sm   0 warp 0 0x800003c4 0x2bff8357 v  6 11111111111111111111111111111111 00000000 00000000 00000000 00000000 00000000 00000000 00000000 00000000 00000000 00000000 00000000 00000000 00000000 00000000 00000000 00000000 00000000 00000000 00000000 00000000 00000000 00000000 00000000 00000000 00000000 00000000 00000000 00000000 00000000 00000000 00000000 00000000 
sm   0 warp 0 0x800003c8 0xb2529357 v  6 11111111111111111111111111111111 3f269a8d 3f269a8d 3f269a8d 3f269a8d 3f269a8d 3f269a8d 3f269a8d 3f269a8d 3f269a8d 3f269a8d 3f269a8d 3f269a8d 3f269a8d 3f269a8d 3f269a8d 3f269a8d 3f269a8d 3f269a8d 3f269a8d 3f269a8d 3f269a8d 3f269a8d 3f269a8d 3f269a8d 3f269a8d 3f269a8d 3f269a8d 3f269a8d 3f269a8d 3f269a8d 3f269a8d 3f269a8d 
sm   0 warp 0 0x800003cc 0x2b3983d7 v  7 11111111111111111111111111111111 3fc00000 3fc00000 3fc00000 3fc00000 3fc00000 3fc00000 3fc00000 3fc00000 3fc00000 3fc00000 3fc00000 3fc00000 3fc00000 3fc00000 3fc00000 3fc00000 3fc00000 3fc00000 3fc00000 3fc00000 3fc00000 3fc00000 3fc00000 3fc00000 3fc00000 3fc00000 3fc00000 3fc00000 3fc00000 3fc00000 3fc00000 3fc00000 
sm   0 warp 0 0x800003d0 0xbe6413d7 v  7 11111111111111111111111111111111 3f80001c 3f80001c 3f80001c 3f80001c 3f80001c 3f80001c 3f80001c 3f80001c 3f80001c 3f80001c 3f80001c 3f80001c 3f80001c 3f80001c 3f80001c 3f80001c 3f80001c 3f80001c 3f80001c 3f80001c 3f80001c 3f80001c 3f80001c 3f80001c 3f80001c 3f80001c 3f80001c 3f80001c 3f80001c 3f80001c 3f80001c 3f80001c 
sm   0 warp 0 0x800003d4 0x2a528f57 v 30 11111111111111111111111111111111 3f4e8525 3f4e8525 3f4e8525 3f4e8525 3f4e8525 3f4e8525 3f4e8525 3f4e8525 3f4e8525 3f4e8525 3f4e8525 3f4e8525 3f4e8525 3f4e8525 3f4e8525 3f4e8525 3f4e8525 3f4e8525 3f4e8525 3f4e8525 3f4e8525 3f4e8525 3f4e8525 3f4e8525 3f4e8525 3f4e8525 3f4e8525 3f4e8525 3f4e8525 3f4e8525 3f4e8525 3f4e8525 
sm   0 warp 0 0x800003d8 0x2bff82d7 v  5 11111111111111111111111111111111 00000000 00000000 00000000 00000000 00000000 00000000 00000000 00000000 00000000 00000000 00000000 00000000 00000000 00000000 00000000 00000000 00000000 00000000 00000000 00000000 00000000 00000000 00000000 00000000 00000000 00000000 00000000 00000000 00000000 00000000 00000000 00000000 
[L1C] #   1676 SM 0 CACHE 0 ADDR 80000400
sm   0 warp 0 0x800003dc 0xb27f12d7 v  5 11111111111111111111111111111111 3f4e8552 3f4e8552 3f4e8552 3f4e8552 3f4e8552 3f4e8552 3f4e8552 3f4e8552 3f4e8552 3f4e8552 3f4e8552 3f4e8552 3f4e8552 3f4e8552 3f4e8552 3f4e8552 3f4e8552 3f4e8552 3f4e8552 3f4e8552 3f4e8552 3f4e8552 3f4e8552 3f4e8552 3f4e8552 3f4e8552 3f4e8552 3f4e8552 3f4e8552 3f4e8552 3f4e8552 3f4e8552 
sm   0 warp 0 0x800003e0 0x2bff8357 v  6 11111111111111111111111111111111 00000000 00000000 00000000 00000000 00000000 00000000 00000000 00000000 00000000 00000000 00000000 00000000 00000000 00000000 00000000 00000000 00000000 00000000 00000000 00000000 00000000 00000000 00000000 00000000 00000000 00000000 00000000 00000000 00000000 00000000 00000000 00000000 
sm   0 warp 0 0x800003e4 0xb2529357 v  6 11111111111111111111111111111111 3f269ad5 3f269ad5 3f269ad5 3f269ad5 3f269ad5 3f269ad5 3f269ad5 3f269ad5 3f269ad5 3f269ad5 3f269ad5 3f269ad5 3f269ad5 3f269ad5 3f269ad5 3f269ad5 3f269ad5 3f269ad5 3f269ad5 3f269ad5 3f269ad5 3f269ad5 3f269ad5 3f269ad5 3f269ad5 3f269ad5 3f269ad5 3f269ad5 3f269ad5 3f269ad5 3f269ad5 3f269ad5 
sm   0 warp 0 0x800003e8 0x2b3983d7 v  7 11111111111111111111111111111111 3fc00000 3fc00000 3fc00000 3fc00000 3fc00000 3fc00000 3fc00000 3fc00000 3fc00000 3fc00000 3fc00000 3fc00000 3fc00000 3fc00000 3fc00000 3fc00000 3fc00000 3fc00000 3fc00000 3fc00000 3fc00000 3fc00000 3fc00000 3fc00000 3fc00000 3fc00000 3fc00000 3fc00000 3fc00000 3fc00000 3fc00000 3fc00000 
sm   0 warp 0 0x800003ec 0xbe6413d7 v  7 11111111111111111111111111111111 3f800001 3f800001 3f800001 3f800001 3f800001 3f800001 3f800001 3f800001 3f800001 3f800001 3f800001 3f800001 3f800001 3f800001 3f800001 3f800001 3f800001 3f800001 3f800001 3f800001 3f800001 3f800001 3f800001 3f800001 3f800001 3f800001 3f800001 3f800001 3f800001 3f800001 3f800001 3f800001 
sm   0 warp 0 0x800003f0 0x2a528f57 v 30 11111111111111111111111111111111 3f4e8552 3f4e8552 3f4e8552 3f4e8552 3f4e8552 3f4e8552 3f4e8552 3f4e8552 3f4e8552 3f4e8552 3f4e8552 3f4e8552 3f4e8552 3f4e8552 3f4e8552 3f4e8552 3f4e8552 3f4e8552 3f4e8552 3f4e8552 3f4e8552 3f4e8552 3f4e8552 3f4e8552 3f4e8552 3f4e8552 3f4e8552 3f4e8552 3f4e8552 3f4e8552 3f4e8552 3f4e8552 
sm   0 warp 0 0x800003f4 0x2bff82d7 v  5 11111111111111111111111111111111 00000000 00000000 00000000 00000000 00000000 00000000 00000000 00000000 00000000 00000000 00000000 00000000 00000000 00000000 00000000 00000000 00000000 00000000 00000000 00000000 00000000 00000000 00000000 00000000 00000000 00000000 00000000 00000000 00000000 00000000 00000000 00000000 
sm   0 warp 0 0x800003fc 0x90000337 x  6  90000000
sm   0 warp 0 0x80000400 0x5208a557 v 10 11111111111111111111111111111111 0000001f 0000001e 0000001d 0000001c 0000001b 0000001a 00000019 00000018 00000017 00000016 00000015 00000014 00000013 00000012 00000011 00000010 0000000f 0000000e 0000000d 0000000c 0000000b 0000000a 00000009 00000008 00000007 00000006 00000005 00000004 00000003 00000002 00000001 00000000 
sm   0 warp 0 0x800003f8 0xb27f12d7 v  5 11111111111111111111111111111111 3f4e8554 3f4e8554 3f4e8554 3f4e8554 3f4e8554 3f4e8554 3f4e8554 3f4e8554 3f4e8554 3f4e8554 3f4e8554 3f4e8554 3f4e8554 3f4e8554 3f4e8554 3f4e8554 3f4e8554 3f4e8554 3f4e8554 3f4e8554 3f4e8554 3f4e8554 3f4e8554 3f4e8554 3f4e8554 3f4e8554 3f4e8554 3f4e8554 3f4e8554 3f4e8554 3f4e8554 3f4e8554 
sm   0 warp 0 0x80000404 0x96a13557 v 10 11111111111111111111111111111111 0000007c 00000078 00000074 00000070 0000006c 00000068 00000064 00000060 0000005c 00000058 00000054 00000050 0000004c 00000048 00000044 00000040 0000003c 00000038 00000034 00000030 0000002c 00000028 00000024 00000020 0000001c 00000018 00000014 00000010 0000000c 00000008 00000004 00000000 
sm   0 warp 0 0x80000408 0x02a34557 v 10 11111111111111111111111111111111 9000007c 90000078 90000074 90000070 9000006c 90000068 90000064 90000060 9000005c 90000058 90000054 90000050 9000004c 90000048 90000044 90000040 9000003c 90000038 90000034 90000030 9000002c 90000028 90000024 90000020 9000001c 90000018 90000014 90000010 9000000c 90000008 90000004 90000000 
sm   0 warp 0 0x8000040c 0x000521fb lsu.r v  3 op 3 @ 9000007c 90000078 90000074 90000070 9000006c 90000068 90000064 90000060 9000005c 90000058 90000054 90000050 9000004c 90000048 90000044 90000040 9000003c 90000038 90000034 90000030 9000002c 90000028 90000024 90000020 9000001c 90000018 90000014 90000010 9000000c 90000008 90000004 90000000
sm   0 warp 0 0x8000040c 0x000521fb v  3 11111111111111111111111111111111 40000000 3e800000 bfc00000 3f800000 bf400000 3fe00000 00000000 bfe00000 3f400000 bf800000 3fc00000 be800000 c0000000 3f000000 bfa00000 3fa00000 bf000000 40000000 3e800000 bfc00000 3f800000 bf400000 3fe00000 00000000 bfe00000 3f400000 bf800000 3fc00000 be800000 c0000000 3f000000 bfa00000 
sm   0 warp 0 0x80000410 0x0a3091d7 v  3 11111111111111111111111111111111 40018000 3e8c0000 bfbd0000 3f830000 bf3a0000 3fe30000 3cc00000 bfdd0000 3f460000 bf7a0000 3fc30000 be680000 bffd0000 3f060000 bf9d0000 3fa30000 bef40000 40018000 3e8c0000 bfbd0000 3f830000 bf3a0000 3fe30000 3cc00000 bfdd0000 3f460000 bf7a0000 3fc30000 be680000 bffd0000 3f060000 bf9d0000 
sm   0 warp 0 0x80000414 0x2a318f57 v 30 11111111111111111111111111111111 40018000 3e8c0000 bfbd0000 3f830000 bf3a0000 3fe30000 3cc00000 bfdd0000 3f460000 bf7a0000 3fc30000 be680000 bffd0000 3f060000 bf9d0000 3fa30000 bef40000 40018000 3e8c0000 bfbd0000 3f830000 bf3a0000 3fe30000 3cc00000 bfdd0000 3f460000 bf7a0000 3fc30000 be680000 bffd0000 3f060000 bf9d0000 
sm   0 warp 0 0x80000418 0x2bff81d7 v  3 11111111111111111111111111111111 00000000 00000000 00000000 00000000 00000000 00000000 00000000 00000000 00000000 00000000 00000000 00000000 00000000 00000000 00000000 00000000 00000000 00000000 00000000 00000000 00000000 00000000 00000000 00000000 00000000 00000000 00000000 00000000 00000000 00000000 00000000 00000000 
sm   0 warp 0 0x80000420 0x90001337 x  6  90001000
sm   0 warp 0 0x80000424 0x5208a557 v 10 11111111111111111111111111111111 0000001f 0000001e 0000001d 0000001c 0000001b 0000001a 00000019 00000018 00000017 00000016 00000015 00000014 00000013 00000012 00000011 00000010 0000000f 0000000e 0000000d 0000000c 0000000b 0000000a 00000009 00000008 00000007 00000006 00000005 00000004 00000003 00000002 00000001 00000000 
sm   0 warp 0 0x8000041c 0xb25f11d7 v  3 11111111111111111111111111111111 3fd0f0e4 3e61e1d4 bf98786f 3f535c74 bf160cdf 3fb72039 3c9ae3ff bfb2491a 3f1fbb1f bf49ae34 3f9d4f8f be3b28d4 bfcc19c4 3ed83394 bf7d4f89 3f837ee4 bec4d714 3fd0f0e4 3e61e1d4 bf98786f 3f535c74 bf160cdf 3fb72039 3c9ae3ff bfb2491a 3f1fbb1f bf49ae34 3f9d4f8f be3b28d4 bfcc19c4 3ed83394 bf7d4f89 
sm   0 warp 0 0x80000428 0x96a13557 v 10 11111111111111111111111111111111 0000007c 00000078 00000074 00000070 0000006c 00000068 00000064 00000060 0000005c 00000058 00000054 00000050 0000004c 00000048 00000044 00000040 0000003c 00000038 00000034 00000030 0000002c 00000028 00000024 00000020 0000001c 00000018 00000014 00000010 0000000c 00000008 00000004 00000000 
sm   0 warp 0 0x8000042c 0x02a34557 v 10 11111111111111111111111111111111 9000107c 90001078 90001074 90001070 9000106c 90001068 90001064 90001060 9000105c 90001058 90001054 90001050 9000104c 90001048 90001044 90001040 9000103c 90001038 90001034 90001030 9000102c 90001028 90001024 90001020 9000101c 90001018 90001014 90001010 9000100c 90001008 90001004 90001000 
sm   0 warp 0 0x80000430 0x0005237b lsu.r v  6 op 3 @ 9000107c 90001078 90001074 90001070 9000106c 90001068 90001064 90001060 9000105c 90001058 90001054 90001050 9000104c 90001048 90001044 90001040 9000103c 90001038 90001034 90001030 9000102c 90001028 90001024 90001020 9000101c 90001018 90001014 90001010 9000100c 90001008 90001004 90001000
sm   0 warp 0 0x80000434 0x90001337 x  6  90001000
[L1C] #   1783 SM 0 CACHE 1 ADDR 90001000
sm   0 warp 0 0x80000438 0x08030313 x  6  90001080
sm   0 warp 0 0x8000043c 0x5208a557 v 10 11111111111111111111111111111111 0000001f 0000001e 0000001d 0000001c 0000001b 0000001a 00000019 00000018 00000017 00000016 00000015 00000014 00000013 00000012 00000011 00000010 0000000f 0000000e 0000000d 0000000c 0000000b 0000000a 00000009 00000008 00000007 00000006 00000005 00000004 00000003 00000002 00000001 00000000 
sm   0 warp 0 0x80000440 0x96a13557 v 10 11111111111111111111111111111111 0000007c 00000078 00000074 00000070 0000006c 00000068 00000064 00000060 0000005c 00000058 00000054 00000050 0000004c 00000048 00000044 00000040 0000003c 00000038 00000034 00000030 0000002c 00000028 00000024 00000020 0000001c 00000018 00000014 00000010 0000000c 00000008 00000004 00000000 
sm   0 warp 0 0x80000444 0x02a34557 v 10 11111111111111111111111111111111 900010fc 900010f8 900010f4 900010f0 900010ec 900010e8 900010e4 900010e0 900010dc 900010d8 900010d4 900010d0 900010cc 900010c8 900010c4 900010c0 900010bc 900010b8 900010b4 900010b0 900010ac 900010a8 900010a4 900010a0 9000109c 90001098 90001094 90001090 9000108c 90001088 90001084 90001080 
sm   0 warp 0 0x80000430 0x0005237b v  6 11111111111111111111111111111111 3f200000 3f000000 3f800000 3f600000 3f400000 3f200000 3f000000 3f800000 3f600000 3f400000 3f200000 3f000000 3f800000 3f600000 3f400000 3f200000 3f000000 3f800000 3f600000 3f400000 3f200000 3f000000 3f800000 3f600000 3f400000 3f200000 3f000000 3f800000 3f600000 3f400000 3f200000 3f000000 
sm   0 warp 0 0x80000448 0x000523fb lsu.r v  7 op 3 @ 900010fc 900010f8 900010f4 900010f0 900010ec 900010e8 900010e4 900010e0 900010dc 900010d8 900010d4 900010d0 900010cc 900010c8 900010c4 900010c0 900010bc 900010b8 900010b4 900010b0 900010ac 900010a8 900010a4 900010a0 9000109c 90001098 90001094 90001090 9000108c 90001088 90001084 90001080
sm   0 warp 0 0x8000044c 0x2a318f57 v 30 11111111111111111111111111111111 3fd0f0e4 3e61e1d4 bf98786f 3f535c74 bf160cdf 3fb72039 3c9ae3ff bfb2491a 3f1fbb1f bf49ae34 3f9d4f8f be3b28d4 bfcc19c4 3ed83394 bf7d4f89 3f837ee4 bec4d714 3fd0f0e4 3e61e1d4 bf98786f 3f535c74 bf160cdf 3fb72039 3c9ae3ff bfb2491a 3f1fbb1f bf49ae34 3f9d4f8f be3b28d4 bfcc19c4 3ed83394 bf7d4f89 
[L1C] #   1807 SM 0 CACHE 1 ADDR 90001080
sm   0 warp 0 0x80000448 0x000523fb v  7 11111111111111111111111111111111 3ee00000 3ec00000 3ea00000 3e800000 3f200000 3f100000 3f000000 3ee00000 3ec00000 3ea00000 3e800000 3f200000 3f100000 3f000000 3ee00000 3ec00000 3ea00000 3e800000 3f200000 3f100000 3f000000 3ee00000 3ec00000 3ea00000 3e800000 3f200000 3f100000 3f000000 3ee00000 3ec00000 3ea00000 3e800000 
sm   0 warp 0 0x80000450 0x2a7381d7 v  3 11111111111111111111111111111111 3ee00000 3ec00000 3ea00000 3e800000 3f200000 3f100000 3f000000 3ee00000 3ec00000 3ea00000 3e800000 3f200000 3f100000 3f000000 3ee00000 3ec00000 3ea00000 3e800000 3f200000 3f100000 3f000000 3ee00000 3ec00000 3ea00000 3e800000 3f200000 3f100000 3f000000 3ee00000 3ec00000 3ea00000 3e800000 
sm   0 warp 0 0x80000458 0x90002337 x  6  90002000
sm   0 warp 0 0x8000045c 0x5208a557 v 10 11111111111111111111111111111111 0000001f 0000001e 0000001d 0000001c 0000001b 0000001a 00000019 00000018 00000017 00000016 00000015 00000014 00000013 00000012 00000011 00000010 0000000f 0000000e 0000000d 0000000c 0000000b 0000000a 00000009 00000008 00000007 00000006 00000005 00000004 00000003 00000002 00000001 00000000 
sm   0 warp 0 0x80000454 0xb26f11d7 v  3 11111111111111111111111111111111 3fba968e 3ef87875 bf60f0de 3f78f0e6 3e3dd963 3fba7424 3f026b90 bf749234 3f6bc3bb be8e854e 3f8251b9 3f089ae6 bf8419c4 3f5e9691 be9bf74e 3f822f4e 3df651d8 3ff0f0e4 3f516966 bea9694d 3f820ce4 3e13e642 3fe72039 3ea87878 bf4b6da7 3f81ea7a 3e2ca398 3fdd4f8f 3e8e1e23 bf5226a6 3f13901e be7a9f12 
[L1C] #   1844 SM 0 CACHE 0 ADDR 80000480
sm   0 warp 0 0x80000460 0x96a13557 v 10 11111111111111111111111111111111 0000007c 00000078 00000074 00000070 0000006c 00000068 00000064 00000060 0000005c 00000058 00000054 00000050 0000004c 00000048 00000044 00000040 0000003c 00000038 00000034 00000030 0000002c 00000028 00000024 00000020 0000001c 00000018 00000014 00000010 0000000c 00000008 00000004 00000000 
sm   0 warp 0 0x80000464 0x02a34557 v 10 11111111111111111111111111111111 9000207c 90002078 90002074 90002070 9000206c 90002068 90002064 90002060 9000205c 90002058 90002054 90002050 9000204c 90002048 90002044 90002040 9000203c 90002038 90002034 90002030 9000202c 90002028 90002024 90002020 9000201c 90002018 90002014 90002010 9000200c 90002008 90002004 90002000 
sm   0 warp 0 0x80000468 0x0035607b lsu.w v  3 op 3 mask 11111111111111111111111111111111 3fba968e 3ef87875 bf60f0de 3f78f0e6 3e3dd963 3fba7424 3f026b90 bf749234 3f6bc3bb be8e854e 3f8251b9 3f089ae6 bf8419c4 3f5e9691 be9bf74e 3f822f4e 3df651d8 3ff0f0e4 3f516966 bea9694d 3f820ce4 3e13e642 3fe72039 3ea87878 bf4b6da7 3f81ea7a 3e2ca398 3fdd4f8f 3e8e1e23 bf5226a6 3f13901e be7a9f12 @ 9000207c 90002078 90002074 90002070 9000206c 90002068 90002064 90002060 9000205c 90002058 90002054 90002050 9000204c 90002048 90002044 90002040 9000203c 90002038 90002034 90002030 9000202c 90002028 90002024 90002020 9000201c 90002018 90002014 90002010 9000200c 90002008 90002004 90002000
sm   0 warp 0 0x8000046c 0x0000400b endprg
[L1C] #   1861 SM 0 CACHE 1 ADDR 90002000
sm   0 warp 0 0x80000468 0x0035607b lsu.w finish
[L1C] #   1878 SM 0 CACHE 1 ADDR 9d0f7f80
[L1C] #   2909 SM 0 CACHE 1 ADDR 9d0f7f80
