
Warning: (W569) sc_module(const char*), sc_module(const std::string&) have been deprecated, use sc_module(const sc_module_name&): RamulatorWrapper
In file: ${REMOTE_FLOW_ROOT}/deps/systemc/src/sysc/kernel/sc_module.cpp:248
Create new vmem for kernel div-maxint-by-1, ptroot=0x1000 [trace main.cpp:83]
Start loading data for kernel div-maxint-by-1, ptroot=0x1000 [trace main.cpp:188]
kernel 0 div-maxint-by-1 initialized, size={1,1,1} @0ns,0 [info context_model.cpp:23]

Warning: (W509) module construction not properly completed: did you forget to add a sc_module_name parameter to your module constructor?: module 'RamulatorWrapper'
In file: ${REMOTE_FLOW_ROOT}/deps/systemc/src/sysc/kernel/sc_module.cpp:409
SM 1 warp 1 receive kernel 0 div-maxint-by-1 block 0 warp 0 @15ns,1 [trace BASE.cpp:244]
SM 1 warp 1 0x80000004               LUI_0x80000337 WB x[006]=0x80000000 @125ns,1 [trace regfile.cpp:87]
SM 1 warp 1 0x80000000           VXOR_VV_0x2e1080d7 mask=FFFFFFFF WB v[001]={00000000 00000000 00000000 00000000 00000000 00000000 00000000 00000000 00000000 00000000 00000000 00000000 00000000 00000000 00000000 00000000 00000000 00000000 00000000 00000000 00000000 00000000 00000000 00000000 00000000 00000000 00000000 00000000 00000000 00000000 00000000 00000000}; s1=1 s2=1 s3=1 @135ns,1 [trace regfile.cpp:109]
SM 1 warp 1 0x80000008              ADDI_0xfff30313 WB x[006]=0x7fffffff @185ns,1 [trace regfile.cpp:87]
SM 1 warp 1 0x8000000c              ADDI_0x00100293 WB x[005]=0x00000001 @225ns,1 [trace regfile.cpp:87]
SM 1 warp 1 0x80000010           VADD_VX_0x021340d7 mask=FFFFFFFF WB v[001]={7fffffff 7fffffff 7fffffff 7fffffff 7fffffff 7fffffff 7fffffff 7fffffff 7fffffff 7fffffff 7fffffff 7fffffff 7fffffff 7fffffff 7fffffff 7fffffff 7fffffff 7fffffff 7fffffff 7fffffff 7fffffff 7fffffff 7fffffff 7fffffff 7fffffff 7fffffff 7fffffff 7fffffff 7fffffff 7fffffff 7fffffff 7fffffff}; s1=6 s2=1 s3=1 @285ns,1 [trace regfile.cpp:109]
SM 1 warp 1 0x80000014           VDIV_VX_0x8612e0d7 mask=FFFFFFFF WB v[001]={7fffffff 7fffffff 7fffffff 7fffffff 7fffffff 7fffffff 7fffffff 7fffffff 7fffffff 7fffffff 7fffffff 7fffffff 7fffffff 7fffffff 7fffffff 7fffffff 7fffffff 7fffffff 7fffffff 7fffffff 7fffffff 7fffffff 7fffffff 7fffffff 7fffffff 7fffffff 7fffffff 7fffffff 7fffffff 7fffffff 7fffffff 7fffffff}; s1=5 s2=1 s3=1 @375ns,1 [trace regfile.cpp:109]
SM 1 warp 1 0x80000018           VDIV_VX_0x8612e0d7 mask=FFFFFFFF WB v[001]={7fffffff 7fffffff 7fffffff 7fffffff 7fffffff 7fffffff 7fffffff 7fffffff 7fffffff 7fffffff 7fffffff 7fffffff 7fffffff 7fffffff 7fffffff 7fffffff 7fffffff 7fffffff 7fffffff 7fffffff 7fffffff 7fffffff 7fffffff 7fffffff 7fffffff 7fffffff 7fffffff 7fffffff 7fffffff 7fffffff 7fffffff 7fffffff}; s1=5 s2=1 s3=1 @465ns,1 [trace regfile.cpp:109]
SM 1 warp 1 0x8000001c           VDIV_VX_0x8612e0d7 mask=FFFFFFFF WB v[001]={7fffffff 7fffffff 7fffffff 7fffffff 7fffffff 7fffffff 7fffffff 7fffffff 7fffffff 7fffffff 7fffffff 7fffffff 7fffffff 7fffffff 7fffffff 7fffffff 7fffffff 7fffffff 7fffffff 7fffffff 7fffffff 7fffffff 7fffffff 7fffffff 7fffffff 7fffffff 7fffffff 7fffffff 7fffffff 7fffffff 7fffffff 7fffffff}; s1=5 s2=1 s3=1 @555ns,1 [trace regfile.cpp:109]
SM 1 warp 1 0x80000020           VDIV_VX_0x8612e0d7 mask=FFFFFFFF WB v[001]={7fffffff 7fffffff 7fffffff 7fffffff 7fffffff 7fffffff 7fffffff 7fffffff 7fffffff 7fffffff 7fffffff 7fffffff 7fffffff 7fffffff 7fffffff 7fffffff 7fffffff 7fffffff 7fffffff 7fffffff 7fffffff 7fffffff 7fffffff 7fffffff 7fffffff 7fffffff 7fffffff 7fffffff 7fffffff 7fffffff 7fffffff 7fffffff}; s1=5 s2=1 s3=1 @645ns,1 [trace regfile.cpp:109]
SM 1 warp 1 0x80000024           VDIV_VX_0x8612e0d7 mask=FFFFFFFF WB v[001]={7fffffff 7fffffff 7fffffff 7fffffff 7fffffff 7fffffff 7fffffff 7fffffff 7fffffff 7fffffff 7fffffff 7fffffff 7fffffff 7fffffff 7fffffff 7fffffff 7fffffff 7fffffff 7fffffff 7fffffff 7fffffff 7fffffff 7fffffff 7fffffff 7fffffff 7fffffff 7fffffff 7fffffff 7fffffff 7fffffff 7fffffff 7fffffff}; s1=5 s2=1 s3=1 @735ns,1 [trace regfile.cpp:109]
SM 1 warp 1 0x80000028           VDIV_VX_0x8612e0d7 mask=FFFFFFFF WB v[001]={7fffffff 7fffffff 7fffffff 7fffffff 7fffffff 7fffffff 7fffffff 7fffffff 7fffffff 7fffffff 7fffffff 7fffffff 7fffffff 7fffffff 7fffffff 7fffffff 7fffffff 7fffffff 7fffffff 7fffffff 7fffffff 7fffffff 7fffffff 7fffffff 7fffffff 7fffffff 7fffffff 7fffffff 7fffffff 7fffffff 7fffffff 7fffffff}; s1=5 s2=1 s3=1 @825ns,1 [trace regfile.cpp:109]
SM 1 warp 1 0x8000002c           VDIV_VX_0x8612e0d7 mask=FFFFFFFF WB v[001]={7fffffff 7fffffff 7fffffff 7fffffff 7fffffff 7fffffff 7fffffff 7fffffff 7fffffff 7fffffff 7fffffff 7fffffff 7fffffff 7fffffff 7fffffff 7fffffff 7fffffff 7fffffff 7fffffff 7fffffff 7fffffff 7fffffff 7fffffff 7fffffff 7fffffff 7fffffff 7fffffff 7fffffff 7fffffff 7fffffff 7fffffff 7fffffff}; s1=5 s2=1 s3=1 @915ns,1 [trace regfile.cpp:109]
SM 1 warp 1 0x80000030           VDIV_VX_0x8612e0d7 mask=FFFFFFFF WB v[001]={7fffffff 7fffffff 7fffffff 7fffffff 7fffffff 7fffffff 7fffffff 7fffffff 7fffffff 7fffffff 7fffffff 7fffffff 7fffffff 7fffffff 7fffffff 7fffffff 7fffffff 7fffffff 7fffffff 7fffffff 7fffffff 7fffffff 7fffffff 7fffffff 7fffffff 7fffffff 7fffffff 7fffffff 7fffffff 7fffffff 7fffffff 7fffffff}; s1=5 s2=1 s3=1 @1005ns,1 [trace regfile.cpp:109]
SM 1 warp 1 0x80000034           VDIV_VX_0x8612e0d7 mask=FFFFFFFF WB v[001]={7fffffff 7fffffff 7fffffff 7fffffff 7fffffff 7fffffff 7fffffff 7fffffff 7fffffff 7fffffff 7fffffff 7fffffff 7fffffff 7fffffff 7fffffff 7fffffff 7fffffff 7fffffff 7fffffff 7fffffff 7fffffff 7fffffff 7fffffff 7fffffff 7fffffff 7fffffff 7fffffff 7fffffff 7fffffff 7fffffff 7fffffff 7fffffff}; s1=5 s2=1 s3=1 @1095ns,1 [trace regfile.cpp:109]
SM 1 warp 1 0x80000038           VDIV_VX_0x8612e0d7 mask=FFFFFFFF WB v[001]={7fffffff 7fffffff 7fffffff 7fffffff 7fffffff 7fffffff 7fffffff 7fffffff 7fffffff 7fffffff 7fffffff 7fffffff 7fffffff 7fffffff 7fffffff 7fffffff 7fffffff 7fffffff 7fffffff 7fffffff 7fffffff 7fffffff 7fffffff 7fffffff 7fffffff 7fffffff 7fffffff 7fffffff 7fffffff 7fffffff 7fffffff 7fffffff}; s1=5 s2=1 s3=1 @1185ns,1 [trace regfile.cpp:109]
SM 1 warp 1 0x8000003c           VDIV_VX_0x8612e0d7 mask=FFFFFFFF WB v[001]={7fffffff 7fffffff 7fffffff 7fffffff 7fffffff 7fffffff 7fffffff 7fffffff 7fffffff 7fffffff 7fffffff 7fffffff 7fffffff 7fffffff 7fffffff 7fffffff 7fffffff 7fffffff 7fffffff 7fffffff 7fffffff 7fffffff 7fffffff 7fffffff 7fffffff 7fffffff 7fffffff 7fffffff 7fffffff 7fffffff 7fffffff 7fffffff}; s1=5 s2=1 s3=1 @1275ns,1 [trace regfile.cpp:109]
SM 1 warp 1 0x80000040           VDIV_VX_0x8612e0d7 mask=FFFFFFFF WB v[001]={7fffffff 7fffffff 7fffffff 7fffffff 7fffffff 7fffffff 7fffffff 7fffffff 7fffffff 7fffffff 7fffffff 7fffffff 7fffffff 7fffffff 7fffffff 7fffffff 7fffffff 7fffffff 7fffffff 7fffffff 7fffffff 7fffffff 7fffffff 7fffffff 7fffffff 7fffffff 7fffffff 7fffffff 7fffffff 7fffffff 7fffffff 7fffffff}; s1=5 s2=1 s3=1 @1365ns,1 [trace regfile.cpp:109]
SM 1 warp 1 0x80000044           VDIV_VX_0x8612e0d7 mask=FFFFFFFF WB v[001]={7fffffff 7fffffff 7fffffff 7fffffff 7fffffff 7fffffff 7fffffff 7fffffff 7fffffff 7fffffff 7fffffff 7fffffff 7fffffff 7fffffff 7fffffff 7fffffff 7fffffff 7fffffff 7fffffff 7fffffff 7fffffff 7fffffff 7fffffff 7fffffff 7fffffff 7fffffff 7fffffff 7fffffff 7fffffff 7fffffff 7fffffff 7fffffff}; s1=5 s2=1 s3=1 @1455ns,1 [trace regfile.cpp:109]
SM 1 warp 1 0x80000048           VDIV_VX_0x8612e0d7 mask=FFFFFFFF WB v[001]={7fffffff 7fffffff 7fffffff 7fffffff 7fffffff 7fffffff 7fffffff 7fffffff 7fffffff 7fffffff 7fffffff 7fffffff 7fffffff 7fffffff 7fffffff 7fffffff 7fffffff 7fffffff 7fffffff 7fffffff 7fffffff 7fffffff 7fffffff 7fffffff 7fffffff 7fffffff 7fffffff 7fffffff 7fffffff 7fffffff 7fffffff 7fffffff}; s1=5 s2=1 s3=1 @1545ns,1 [trace regfile.cpp:109]
SM 1 warp 1 0x8000004c           VDIV_VX_0x8612e0d7 mask=FFFFFFFF WB v[001]={7fffffff 7fffffff 7fffffff 7fffffff 7fffffff 7fffffff 7fffffff 7fffffff 7fffffff 7fffffff 7fffffff 7fffffff 7fffffff 7fffffff 7fffffff 7fffffff 7fffffff 7fffffff 7fffffff 7fffffff 7fffffff 7fffffff 7fffffff 7fffffff 7fffffff 7fffffff 7fffffff 7fffffff 7fffffff 7fffffff 7fffffff 7fffffff}; s1=5 s2=1 s3=1 @1635ns,1 [trace regfile.cpp:109]
SM 1 warp 1 0x80000054               LUI_0x90002137 WB x[002]=0x90002000 @1725ns,1 [trace regfile.cpp:87]
SM 1 warp 1 0x80000050           VDIV_VX_0x8612e0d7 mask=FFFFFFFF WB v[001]={7fffffff 7fffffff 7fffffff 7fffffff 7fffffff 7fffffff 7fffffff 7fffffff 7fffffff 7fffffff 7fffffff 7fffffff 7fffffff 7fffffff 7fffffff 7fffffff 7fffffff 7fffffff 7fffffff 7fffffff 7fffffff 7fffffff 7fffffff 7fffffff 7fffffff 7fffffff 7fffffff 7fffffff 7fffffff 7fffffff 7fffffff 7fffffff}; s1=5 s2=1 s3=1 @1735ns,1 [trace regfile.cpp:109]
SM 1 warp 1 0x80000058             VID_V_0x5208a557 mask=FFFFFFFF WB v[010]={00000000 00000001 00000002 00000003 00000004 00000005 00000006 00000007 00000008 00000009 0000000a 0000000b 0000000c 0000000d 0000000e 0000000f 00000010 00000011 00000012 00000013 00000014 00000015 00000016 00000017 00000018 00000019 0000001a 0000001b 0000001c 0000001d 0000001e 0000001f}; s1=17 s2=0 s3=10 @1765ns,1 [trace regfile.cpp:109]
SM 1 warp 1 0x8000005c           VSLL_VI_0x96a13557 mask=FFFFFFFF WB v[010]={00000000 00000004 00000008 0000000c 00000010 00000014 00000018 0000001c 00000020 00000024 00000028 0000002c 00000030 00000034 00000038 0000003c 00000040 00000044 00000048 0000004c 00000050 00000054 00000058 0000005c 00000060 00000064 00000068 0000006c 00000070 00000074 00000078 0000007c}; s1=2 s2=10 s3=10 @1845ns,1 [trace regfile.cpp:109]
SM 1 warp 1 0x80000060           VADD_VX_0x02a14557 mask=FFFFFFFF WB v[010]={90002000 90002004 90002008 9000200c 90002010 90002014 90002018 9000201c 90002020 90002024 90002028 9000202c 90002030 90002034 90002038 9000203c 90002040 90002044 90002048 9000204c 90002050 90002054 90002058 9000205c 90002060 90002064 90002068 9000206c 90002070 90002074 90002078 9000207c}; s1=2 s2=10 s3=10 @1935ns,1 [trace regfile.cpp:109]
SM 1 warp 1 0x80000064           VSW12_V_0x0015607b mask=FFFFFFFF ADDR 90002000 90002004 90002008 9000200c 90002010 90002014 90002018 9000201c 90002020 90002024 90002028 9000202c 90002030 90002034 90002038 9000203c 90002040 90002044 90002048 9000204c 90002050 90002054 90002058 9000205c 90002060 90002064 90002068 9000206c 90002070 90002074 90002078 9000207c, DATA 7fffffff 7fffffff 7fffffff 7fffffff 7fffffff 7fffffff 7fffffff 7fffffff 7fffffff 7fffffff 7fffffff 7fffffff 7fffffff 7fffffff 7fffffff 7fffffff 7fffffff 7fffffff 7fffffff 7fffffff 7fffffff 7fffffff 7fffffff 7fffffff 7fffffff 7fffffff 7fffffff 7fffffff 7fffffff 7fffffff 7fffffff 7fffffff @1975ns,1 [trace exec_lsu.cpp:183]
SM 1 warp 1 0x80000068            ENDPRG_0x0000400b endprg @1995ns,1 [trace warp_scheduler.cpp:50]
kernel 0 div-maxint-by-1 block 0 finished @2005ns,1 [debug CTA_Scheduler.cpp:179]
kernel 0 div-maxint-by-1 finished @2005ns,1 [info context_model.cpp:32]
TEST_OUTPUT 0 7fffffff
TEST_OUTPUT 1 7fffffff
TEST_OUTPUT 2 7fffffff
TEST_OUTPUT 3 7fffffff
TEST_OUTPUT 4 7fffffff
TEST_OUTPUT 5 7fffffff
TEST_OUTPUT 6 7fffffff
TEST_OUTPUT 7 7fffffff
TEST_OUTPUT 8 7fffffff
TEST_OUTPUT 9 7fffffff
TEST_OUTPUT 10 7fffffff
TEST_OUTPUT 11 7fffffff
TEST_OUTPUT 12 7fffffff
TEST_OUTPUT 13 7fffffff
TEST_OUTPUT 14 7fffffff
TEST_OUTPUT 15 7fffffff
TEST_OUTPUT 16 7fffffff
TEST_OUTPUT 17 7fffffff
TEST_OUTPUT 18 7fffffff
TEST_OUTPUT 19 7fffffff
TEST_OUTPUT 20 7fffffff
TEST_OUTPUT 21 7fffffff
TEST_OUTPUT 22 7fffffff
TEST_OUTPUT 23 7fffffff
TEST_OUTPUT 24 7fffffff
TEST_OUTPUT 25 7fffffff
TEST_OUTPUT 26 7fffffff
TEST_OUTPUT 27 7fffffff
TEST_OUTPUT 28 7fffffff
TEST_OUTPUT 29 7fffffff
TEST_OUTPUT 30 7fffffff
TEST_OUTPUT 31 7fffffff
TEST_KERNEL_FINISH_NS 2005
Simulation finished at time 2010
