Cache size                    : 256
Block size                    : 4
Associativity                 : 1
Read only ports               : 2
Write only ports              : 2
Read write ports              : 0
Single ended read ports       : 0
Cache banks (UCA)             : 1
Technology                    : 0.032
Temperature                   : 360
Tag size                      : 42
array type                    : Scratch RAM
Model as memory               : 0
Model as 3D memory       	 : 0
Access mode                   : 0
Data array cell type          : 0
Data array peripheral type    : 0
Tag array cell type           : 0
Tag array peripheral type     : 0
Optimization target           : 0
Design objective (UCA wt)     : 0 0 0 0 100
Design objective (UCA dev)    : 100000 100000 100000 100000 100000
Cache model                   : 0
Nuca bank                     : 0
Wire inside mat               : 1
Wire outside mat              : 1
Interconnect projection       : 1
Wire signaling               : 1
Print level                   : 1
ECC overhead                  : 0
Page size                     : 8192
Burst length                  : 8
Internal prefetch width       : 8
Force cache config            : 0
Subarray Driver direction       : 1
iostate                       : WRITE
dram_ecc                      : NO_ECC
io_type                     : DDR3
dram_dimm                      : UDIMM
IO Area (sq.mm) = inf
IO Timing Margin (ps) = -14.1667
IO Votlage Margin (V) = 0.155
IO Dynamic Power (mW) = 1506.36 PHY Power (mW) = 232.752 PHY Wakeup Time (us) = 27.503
IO Termination and Bias Power (mW) = 2505.96

---------- CACTI (version 7.0.3DD Prerelease of Aug, 2012), Uniform Cache Access SRAM Model ----------

Cache Parameters:
    Total cache size (bytes): 256
    Number of banks: 1
    Associativity: direct mapped
    Block size (bytes): 4
    Read/write Ports: 0
    Read ports: 2
    Write ports: 2
    Technology size (nm): 32

    Access time (ns): 0.144748
    Cycle time (ns):  0.11085
    Total dynamic read energy per access (nJ): 0.000414388
    Total dynamic write energy per access (nJ): 0.000764598
    Total leakage power of a bank (mW): 0.309195
    Total gate leakage power of a bank (mW): 0.0341622
    Cache height x width (mm): 0.0864993 x 0.0340216

    Best Ndwl : 2
    Best Ndbl : 2
    Best Nspd : 1
    Best Ndcm : 2
    Best Ndsam L1 : 1
    Best Ndsam L2 : 1

    Data array, H-tree wire type: Global wires with 30% delay penalty

Time Components:

  Data side (with Output driver) (ns): 0.144748
	H-tree input delay (ns): 0
	Decoder + wordline delay (ns): 0.091846
	Bitline delay (ns): 0.0354124
	Sense Amplifier delay (ns): 0.00257713
	H-tree output delay (ns): 0.0149124


Power Components:

  Data array: Total dynamic read energy/access  (nJ): 0.000414388
	Total energy in H-tree (that includes both address and data transfer) (nJ): 0
	Output Htree inside bank Energy (nJ): 0
	Decoder (nJ): 2.94229e-05
	Wordline (nJ): 1.95264e-05
	Bitline mux & associated drivers (nJ): 2.83651e-05
	Sense amp mux & associated drivers (nJ): 0
	Bitlines precharge and equalization circuit (nJ): 0.000115308
	Bitlines (nJ): 9.01591e-05
	Sense amplifier energy (nJ): 2.945e-05
	Sub-array output driver (nJ): 0.000102156
	Total leakage power of a bank (mW): 0.309195
	Total leakage power in H-tree (that includes both address and data network) ((mW)): 0
	Total leakage power in cells (mW): 0
	Total leakage power in row logic(mW): 0
	Total leakage power in column logic(mW): 0
	Total gate leakage power in H-tree (that includes both address and data network) ((mW)): 0


Area Components:

  Data array: Area (mm2): 0.00294285
	Height (mm): 0.0864993
	Width (mm): 0.0340216
	Area efficiency (Memory cell area/Total area) - 52.7344 %
		MAT Height (mm): 0.0864993
		MAT Length (mm): 0.0340216
		Subarray Height (mm): 0.0303104
		Subarray Length (mm): 0.01304

Wire Properties:

  Delay Optimal
	Repeater size - 40.4238 
	Repeater spacing - 0.0633157 (mm) 
	Delay - 0.192687 (ns/mm) 
	PowerD - 0.000350036 (nJ/mm) 
	PowerL - 0.0250176 (mW/mm) 
	PowerLgate - 0.00308017 (mW/mm)
	Wire width - 0.032 microns
	Wire spacing - 0.032 microns

  5% Overhead
	Repeater size - 19.4238 
	Repeater spacing - 0.0633157 (mm) 
	Delay - 0.202285 (ns/mm) 
	PowerD - 0.000245483 (nJ/mm) 
	PowerL - 0.0120211 (mW/mm) 
	PowerLgate - 0.00148004 (mW/mm)
	Wire width - 0.032 microns
	Wire spacing - 0.032 microns

  10% Overhead
	Repeater size - 17.4238 
	Repeater spacing - 0.0633157 (mm) 
	Delay - 0.208547 (ns/mm) 
	PowerD - 0.000235846 (nJ/mm) 
	PowerL - 0.0107833 (mW/mm) 
	PowerLgate - 0.00132764 (mW/mm)
	Wire width - 0.032 microns
	Wire spacing - 0.032 microns

  20% Overhead
	Repeater size - 13.4238 
	Repeater spacing - 0.0633157 (mm) 
	Delay - 0.229474 (ns/mm) 
	PowerD - 0.000216741 (nJ/mm) 
	PowerL - 0.00830776 (mW/mm) 
	PowerLgate - 0.00102285 (mW/mm)
	Wire width - 0.032 microns
	Wire spacing - 0.032 microns

  30% Overhead
	Repeater size - 18.4238 
	Repeater spacing - 0.163316 (mm) 
	Delay - 0.248644 (ns/mm) 
	PowerD - 0.000197288 (nJ/mm) 
	PowerL - 0.00442049 (mW/mm) 
	PowerLgate - 0.000544253 (mW/mm)
	Wire width - 0.032 microns
	Wire spacing - 0.032 microns

  Low-swing wire (1 mm) - Note: Unlike repeated wires, 
	delay and power values of low-swing wires do not
	have a linear relationship with length. 
	delay - 0.117734 (ns) 
	powerD - 3.76988e-06 (nJ) 
	PowerL - 3.89092e-07 (mW) 
	PowerLgate - 8.80006e-08 (mW)
	Wire width - 6.4e-08 microns
	Wire spacing - 6.4e-08 microns


top 3 best memory configurations are:
Memory    cap: 80 GB num_bobs: 1 bw: 533 (MHz) cost: $731.2 energy: 32.6101 (nJ) 
 {
 (0)  BoB       cap: 80 GB num_channels: 1 bw: 533 (MHz) cost: $731.2 energy: 32.6101 (nJ) 
    ==============
    (0) cap: 80 GB bw: 533 (MHz) cost: $731.2 dpc: 3 energy: 32.6101 (nJ)  DIMM:  RDIMM  low power: F [ 0(4GB) 0(8GB) 1(16GB) 2(32GB) 0(64GB) ]
    ==============

 }

=============================================

