[RTL     info]@0 SNAPSHOT created, pid=3253201
[RTL    trace]@20 Hardware reset ok
[2026-10-06 07:49:54.746] [trace] kernel0 vecadd data loaded from file
[RTL    trace]@30 kernel 0 vecadd activate
[RTL    debug]@185 block0  dispatched to GPU (kernel0  vecadd block0 )
[RTL    debug]@195 block1  dispatched to GPU (kernel0  vecadd block1 )
[RTL    debug]@205 block2  dispatched to GPU (kernel0  vecadd block2 )
[RTL    debug]@215 block3  dispatched to GPU (kernel0  vecadd block3 )
[RTL    debug]@225 block4  dispatched to GPU (kernel0  vecadd block4 )
[RTL    debug]@235 block5  dispatched to GPU (kernel0  vecadd block5 )
[RTL    debug]@245 block6  dispatched to GPU (kernel0  vecadd block6 )
[RTL    debug]@255 block7  dispatched to GPU (kernel0  vecadd block7 )
[RTL    debug]@265 block8  dispatched to GPU (kernel0  vecadd block8 )
[RTL    debug]@285 block9  dispatched to GPU (kernel0  vecadd block9 )
[RTL    debug]@325 block10 dispatched to GPU (kernel0  vecadd block10)
[RTL    debug]@365 block11 dispatched to GPU (kernel0  vecadd block11)
[RTL    error]@3360 PMEM page at 0x80003000 not allocated, read as all zero
[RTL    debug]@10000 
[RTL    debug]@12205 block0  finished (kernel0  vecadd block0 )
[RTL    debug]@12225 block1  finished (kernel0  vecadd block1 )
[RTL    debug]@12265 block12 dispatched to GPU (kernel0  vecadd block12)
[RTL    debug]@12315 block13 dispatched to GPU (kernel0  vecadd block13)
[RTL    debug]@20000 
[RTL    debug]@30000 
[RTL    debug]@40000 
[RTL    debug]@50000 
[RTL    debug]@60000 
[RTL    debug]@70000 
[RTL    debug]@80000 
[RTL    debug]@90000 
[RTL    debug]@91145 block9  finished (kernel0  vecadd block9 )
[RTL    debug]@91215 block14 dispatched to GPU (kernel0  vecadd block14)
[RTL    debug]@92465 block10 finished (kernel0  vecadd block10)
[RTL    debug]@92515 block15 dispatched to GPU (kernel0  vecadd block15)
[RTL    debug]@100000 
[RTL    debug]@110000 
[RTL    debug]@120000 
[RTL    debug]@130000 
[RTL    debug]@140000 
[RTL    debug]@150000 
[RTL    debug]@160000 
[RTL    debug]@170000 
[RTL    debug]@175425 block3  finished (kernel0  vecadd block3 )
[RTL    debug]@175465 block16 dispatched to GPU (kernel0  vecadd block16)
[RTL    debug]@177415 block2  finished (kernel0  vecadd block2 )
[RTL    debug]@177465 block17 dispatched to GPU (kernel0  vecadd block17)
[RTL    debug]@180000 
[RTL    debug]@190000 
[RTL    debug]@200000 
[RTL    debug]@210000 
[RTL    debug]@220000 
[RTL    debug]@221935 block6  finished (kernel0  vecadd block6 )
[RTL    debug]@222005 block18 dispatched to GPU (kernel0  vecadd block18)
[RTL    debug]@223385 block4  finished (kernel0  vecadd block4 )
[RTL    debug]@223445 block19 dispatched to GPU (kernel0  vecadd block19)
[RTL    debug]@230000 
[RTL    debug]@240000 
[RTL    debug]@250000 
[RTL    debug]@260000 
[RTL    debug]@270000 
[RTL    debug]@280000 
[RTL    debug]@290000 
[RTL    debug]@300000 
[RTL    debug]@310000 
[RTL    debug]@312215 block14 finished (kernel0  vecadd block14)
[RTL    debug]@312285 block20 dispatched to GPU (kernel0  vecadd block20)
[RTL    debug]@312345 block12 finished (kernel0  vecadd block12)
[RTL    debug]@312485 block21 dispatched to GPU (kernel0  vecadd block21)
[RTL    debug]@312845 block17 finished (kernel0  vecadd block17)
[RTL    debug]@312885 block22 dispatched to GPU (kernel0  vecadd block22)
[RTL    debug]@320000 
[RTL    debug]@330000 
[RTL    debug]@340000 
[RTL    debug]@350000 
[RTL    debug]@360000 
[RTL    debug]@370000 
[RTL    debug]@380000 
[RTL    debug]@390000 
[RTL    debug]@400000 
[RTL    debug]@410000 
[RTL    debug]@420000 
[RTL    debug]@420405 block16 finished (kernel0  vecadd block16)
[RTL    debug]@420475 block23 dispatched to GPU (kernel0  vecadd block23)
[RTL    debug]@430000 
[RTL    debug]@440000 
[RTL    debug]@442515 block13 finished (kernel0  vecadd block13)
[RTL    debug]@442575 block24 dispatched to GPU (kernel0  vecadd block24)
[RTL    debug]@450000 
[RTL    debug]@460000 
[RTL    debug]@470000 
[RTL    debug]@480000 
[RTL    debug]@490000 
[RTL    debug]@500000 
[RTL    debug]@506075 block21 finished (kernel0  vecadd block21)
[RTL    debug]@506115 block25 dispatched to GPU (kernel0  vecadd block25)
[RTL    debug]@510000 
[RTL    debug]@520000 
[RTL    debug]@530000 
[RTL    debug]@540000 
[RTL    debug]@549195 block15 finished (kernel0  vecadd block15)
[RTL    debug]@549255 block26 dispatched to GPU (kernel0  vecadd block26)
[RTL    debug]@549355 block8  finished (kernel0  vecadd block8 )
[RTL    debug]@549405 block27 dispatched to GPU (kernel0  vecadd block27)
[RTL    debug]@550000 
[RTL    debug]@560000 
[RTL    debug]@570000 
[RTL    debug]@580000 
[RTL    debug]@590000 
[RTL    debug]@592635 block7  finished (kernel0  vecadd block7 )
[RTL    debug]@592705 block28 dispatched to GPU (kernel0  vecadd block28)
[RTL    debug]@600000 
[RTL    debug]@610000 
[RTL    debug]@613045 block22 finished (kernel0  vecadd block22)
[RTL    debug]@613095 block29 dispatched to GPU (kernel0  vecadd block29)
[RTL    debug]@620000 
[RTL    debug]@630000 
[RTL    debug]@640000 
[RTL    debug]@650000 
[RTL    debug]@659155 block23 finished (kernel0  vecadd block23)
[RTL    debug]@659195 block30 dispatched to GPU (kernel0  vecadd block30)
[RTL    debug]@660000 
[RTL    debug]@670000 
[RTL    debug]@680000 
[RTL    debug]@681645 block11 finished (kernel0  vecadd block11)
[RTL    debug]@681695 block31 dispatched to GPU (kernel0  vecadd block31)
[RTL    debug]@690000 
[RTL    debug]@700000 
[RTL    debug]@710000 
[RTL    debug]@720000 
[RTL    debug]@730000 
[RTL    debug]@740000 
[RTL    debug]@745745 block19 finished (kernel0  vecadd block19)
[RTL    debug]@750000 
[RTL    debug]@760000 
[RTL    debug]@770000 
[RTL    debug]@780000 
[RTL    debug]@788835 block25 finished (kernel0  vecadd block25)
[RTL    debug]@790000 
[RTL    debug]@800000 
[RTL    debug]@810000 
[RTL    debug]@820000 
[RTL    debug]@830000 
[RTL    debug]@830805 block5  finished (kernel0  vecadd block5 )
[RTL    debug]@840000 
[RTL    debug]@850000 
[RTL    debug]@860000 
[RTL    debug]@870000 
[RTL    debug]@873455 block28 finished (kernel0  vecadd block28)
[RTL    debug]@880000 
[RTL    debug]@890000 
[RTL    debug]@900000 
[RTL    debug]@910000 
[RTL    debug]@920000 
[RTL    debug]@921815 block20 finished (kernel0  vecadd block20)
[RTL    debug]@922715 block29 finished (kernel0  vecadd block29)
[RTL    debug]@930000 
[RTL    debug]@940000 
[RTL    debug]@950000 
[RTL    debug]@960000 
[RTL    debug]@970000 
[RTL    debug]@980000 
[RTL    debug]@990000 
[RTL    debug]@1000000 
[RTL    debug]@1005535 block27 finished (kernel0  vecadd block27)
[RTL    debug]@1010000 
[RTL    debug]@1020000 
[RTL    debug]@1030000 
[RTL    debug]@1040000 
[RTL    debug]@1049305 block26 finished (kernel0  vecadd block26)
[RTL    debug]@1049365 block24 finished (kernel0  vecadd block24)
[RTL    debug]@1050000 
[RTL    debug]@1060000 
[RTL    debug]@1070000 
[RTL    debug]@1080000 
[RTL    debug]@1090000 
[RTL    debug]@1100000 
[RTL    debug]@1110000 
[RTL    debug]@1114205 block31 finished (kernel0  vecadd block31)
[RTL    debug]@1120000 
[RTL    debug]@1130000 
[RTL    debug]@1136815 block18 finished (kernel0  vecadd block18)
[RTL    debug]@1140000 
[RTL    debug]@1150000 
[RTL    debug]@1160000 
[RTL    debug]@1170000 
[RTL    debug]@1177445 block30 finished (kernel0  vecadd block30)
[RTL     info]@1177445 kernel0  vecadd finished
[RTL    debug]@1180000 
[RTL    debug]@1190000 
[RTL    debug]@1200000 
[RTL    debug]@1210000 
[RTL    debug]@1220000 
dump-mem: mem[0x90002000 +: 4] = 0x44800000
dump-mem: mem[0x90002004 +: 4] = 0x44800000
dump-mem: mem[0x90002008 +: 4] = 0x44800000
dump-mem: mem[0x9000200C +: 4] = 0x44800000
dump-mem: mem[0x90002010 +: 4] = 0x44800000
dump-mem: mem[0x90002014 +: 4] = 0x44800000
dump-mem: mem[0x90002018 +: 4] = 0x44800000
dump-mem: mem[0x9000201C +: 4] = 0x44800000
dump-mem: mem[0x90002020 +: 4] = 0x44800000
dump-mem: mem[0x90002024 +: 4] = 0x44800000
dump-mem: mem[0x90002028 +: 4] = 0x44800000
dump-mem: mem[0x9000202C +: 4] = 0x44800000
dump-mem: mem[0x90002030 +: 4] = 0x44800000
dump-mem: mem[0x90002034 +: 4] = 0x44800000
dump-mem: mem[0x90002038 +: 4] = 0x44800000
dump-mem: mem[0x9000203C +: 4] = 0x44800000
dump-mem: mem[0x90002040 +: 4] = 0x44800000
dump-mem: mem[0x90002044 +: 4] = 0x44800000
dump-mem: mem[0x90002048 +: 4] = 0x44800000
dump-mem: mem[0x9000204C +: 4] = 0x44800000
dump-mem: mem[0x90002050 +: 4] = 0x44800000
dump-mem: mem[0x90002054 +: 4] = 0x44800000
dump-mem: mem[0x90002058 +: 4] = 0x44800000
dump-mem: mem[0x9000205C +: 4] = 0x44800000
dump-mem: mem[0x90002060 +: 4] = 0x44800000
dump-mem: mem[0x90002064 +: 4] = 0x44800000
dump-mem: mem[0x90002068 +: 4] = 0x44800000
dump-mem: mem[0x9000206C +: 4] = 0x44800000
dump-mem: mem[0x90002070 +: 4] = 0x44800000
dump-mem: mem[0x90002074 +: 4] = 0x44800000
dump-mem: mem[0x90002078 +: 4] = 0x44800000
dump-mem: mem[0x9000207C +: 4] = 0x44800000
dump-mem: mem[0x90002080 +: 4] = 0x44800000
dump-mem: mem[0x90002084 +: 4] = 0x44800000
dump-mem: mem[0x90002088 +: 4] = 0x44800000
dump-mem: mem[0x9000208C +: 4] = 0x44800000
dump-mem: mem[0x90002090 +: 4] = 0x44800000
dump-mem: mem[0x90002094 +: 4] = 0x44800000
dump-mem: mem[0x90002098 +: 4] = 0x44800000
dump-mem: mem[0x9000209C +: 4] = 0x44800000
dump-mem: mem[0x900020A0 +: 4] = 0x44800000
dump-mem: mem[0x900020A4 +: 4] = 0x44800000
dump-mem: mem[0x900020A8 +: 4] = 0x44800000
dump-mem: mem[0x900020AC +: 4] = 0x44800000
dump-mem: mem[0x900020B0 +: 4] = 0x44800000
dump-mem: mem[0x900020B4 +: 4] = 0x44800000
dump-mem: mem[0x900020B8 +: 4] = 0x44800000
dump-mem: mem[0x900020BC +: 4] = 0x44800000
dump-mem: mem[0x900020C0 +: 4] = 0x44800000
dump-mem: mem[0x900020C4 +: 4] = 0x44800000
dump-mem: mem[0x900020C8 +: 4] = 0x44800000
dump-mem: mem[0x900020CC +: 4] = 0x44800000
dump-mem: mem[0x900020D0 +: 4] = 0x44800000
dump-mem: mem[0x900020D4 +: 4] = 0x44800000
dump-mem: mem[0x900020D8 +: 4] = 0x44800000
dump-mem: mem[0x900020DC +: 4] = 0x44800000
dump-mem: mem[0x900020E0 +: 4] = 0x44800000
dump-mem: mem[0x900020E4 +: 4] = 0x44800000
dump-mem: mem[0x900020E8 +: 4] = 0x44800000
dump-mem: mem[0x900020EC +: 4] = 0x44800000
dump-mem: mem[0x900020F0 +: 4] = 0x44800000
dump-mem: mem[0x900020F4 +: 4] = 0x44800000
dump-mem: mem[0x900020F8 +: 4] = 0x44800000
dump-mem: mem[0x900020FC +: 4] = 0x44800000
dump-mem: mem[0x90002100 +: 4] = 0x44800000
dump-mem: mem[0x90002104 +: 4] = 0x44800000
dump-mem: mem[0x90002108 +: 4] = 0x44800000
dump-mem: mem[0x9000210C +: 4] = 0x44800000
dump-mem: mem[0x90002110 +: 4] = 0x44800000
dump-mem: mem[0x90002114 +: 4] = 0x44800000
dump-mem: mem[0x90002118 +: 4] = 0x44800000
dump-mem: mem[0x9000211C +: 4] = 0x44800000
dump-mem: mem[0x90002120 +: 4] = 0x44800000
dump-mem: mem[0x90002124 +: 4] = 0x44800000
dump-mem: mem[0x90002128 +: 4] = 0x44800000
dump-mem: mem[0x9000212C +: 4] = 0x44800000
dump-mem: mem[0x90002130 +: 4] = 0x44800000
dump-mem: mem[0x90002134 +: 4] = 0x44800000
dump-mem: mem[0x90002138 +: 4] = 0x44800000
dump-mem: mem[0x9000213C +: 4] = 0x44800000
dump-mem: mem[0x90002140 +: 4] = 0x44800000
dump-mem: mem[0x90002144 +: 4] = 0x44800000
dump-mem: mem[0x90002148 +: 4] = 0x44800000
dump-mem: mem[0x9000214C +: 4] = 0x44800000
dump-mem: mem[0x90002150 +: 4] = 0x44800000
dump-mem: mem[0x90002154 +: 4] = 0x44800000
dump-mem: mem[0x90002158 +: 4] = 0x44800000
dump-mem: mem[0x9000215C +: 4] = 0x44800000
dump-mem: mem[0x90002160 +: 4] = 0x44800000
dump-mem: mem[0x90002164 +: 4] = 0x44800000
dump-mem: mem[0x90002168 +: 4] = 0x44800000
dump-mem: mem[0x9000216C +: 4] = 0x44800000
dump-mem: mem[0x90002170 +: 4] = 0x44800000
dump-mem: mem[0x90002174 +: 4] = 0x44800000
dump-mem: mem[0x90002178 +: 4] = 0x44800000
dump-mem: mem[0x9000217C +: 4] = 0x44800000
dump-mem: mem[0x90002180 +: 4] = 0x44800000
dump-mem: mem[0x90002184 +: 4] = 0x44800000
dump-mem: mem[0x90002188 +: 4] = 0x44800000
dump-mem: mem[0x9000218C +: 4] = 0x44800000
dump-mem: mem[0x90002190 +: 4] = 0x44800000
dump-mem: mem[0x90002194 +: 4] = 0x44800000
dump-mem: mem[0x90002198 +: 4] = 0x44800000
dump-mem: mem[0x9000219C +: 4] = 0x44800000
dump-mem: mem[0x900021A0 +: 4] = 0x44800000
dump-mem: mem[0x900021A4 +: 4] = 0x44800000
dump-mem: mem[0x900021A8 +: 4] = 0x44800000
dump-mem: mem[0x900021AC +: 4] = 0x44800000
dump-mem: mem[0x900021B0 +: 4] = 0x44800000
dump-mem: mem[0x900021B4 +: 4] = 0x44800000
dump-mem: mem[0x900021B8 +: 4] = 0x44800000
dump-mem: mem[0x900021BC +: 4] = 0x44800000
dump-mem: mem[0x900021C0 +: 4] = 0x44800000
dump-mem: mem[0x900021C4 +: 4] = 0x44800000
dump-mem: mem[0x900021C8 +: 4] = 0x44800000
dump-mem: mem[0x900021CC +: 4] = 0x44800000
dump-mem: mem[0x900021D0 +: 4] = 0x44800000
dump-mem: mem[0x900021D4 +: 4] = 0x44800000
dump-mem: mem[0x900021D8 +: 4] = 0x44800000
dump-mem: mem[0x900021DC +: 4] = 0x44800000
dump-mem: mem[0x900021E0 +: 4] = 0x44800000
dump-mem: mem[0x900021E4 +: 4] = 0x44800000
dump-mem: mem[0x900021E8 +: 4] = 0x44800000
dump-mem: mem[0x900021EC +: 4] = 0x44800000
dump-mem: mem[0x900021F0 +: 4] = 0x44800000
dump-mem: mem[0x900021F4 +: 4] = 0x44800000
dump-mem: mem[0x900021F8 +: 4] = 0x44800000
dump-mem: mem[0x900021FC +: 4] = 0x44800000
dump-mem: mem[0x90002200 +: 4] = 0x44800000
dump-mem: mem[0x90002204 +: 4] = 0x44800000
dump-mem: mem[0x90002208 +: 4] = 0x44800000
dump-mem: mem[0x9000220C +: 4] = 0x44800000
dump-mem: mem[0x90002210 +: 4] = 0x44800000
dump-mem: mem[0x90002214 +: 4] = 0x44800000
dump-mem: mem[0x90002218 +: 4] = 0x44800000
dump-mem: mem[0x9000221C +: 4] = 0x44800000
dump-mem: mem[0x90002220 +: 4] = 0x44800000
dump-mem: mem[0x90002224 +: 4] = 0x44800000
dump-mem: mem[0x90002228 +: 4] = 0x44800000
dump-mem: mem[0x9000222C +: 4] = 0x44800000
dump-mem: mem[0x90002230 +: 4] = 0x44800000
dump-mem: mem[0x90002234 +: 4] = 0x44800000
dump-mem: mem[0x90002238 +: 4] = 0x44800000
dump-mem: mem[0x9000223C +: 4] = 0x44800000
dump-mem: mem[0x90002240 +: 4] = 0x44800000
dump-mem: mem[0x90002244 +: 4] = 0x44800000
dump-mem: mem[0x90002248 +: 4] = 0x44800000
dump-mem: mem[0x9000224C +: 4] = 0x44800000
dump-mem: mem[0x90002250 +: 4] = 0x44800000
dump-mem: mem[0x90002254 +: 4] = 0x44800000
dump-mem: mem[0x90002258 +: 4] = 0x44800000
dump-mem: mem[0x9000225C +: 4] = 0x44800000
dump-mem: mem[0x90002260 +: 4] = 0x44800000
dump-mem: mem[0x90002264 +: 4] = 0x44800000
dump-mem: mem[0x90002268 +: 4] = 0x44800000
dump-mem: mem[0x9000226C +: 4] = 0x44800000
dump-mem: mem[0x90002270 +: 4] = 0x44800000
dump-mem: mem[0x90002274 +: 4] = 0x44800000
dump-mem: mem[0x90002278 +: 4] = 0x44800000
dump-mem: mem[0x9000227C +: 4] = 0x44800000
dump-mem: mem[0x90002280 +: 4] = 0x44800000
dump-mem: mem[0x90002284 +: 4] = 0x44800000
dump-mem: mem[0x90002288 +: 4] = 0x44800000
dump-mem: mem[0x9000228C +: 4] = 0x44800000
dump-mem: mem[0x90002290 +: 4] = 0x44800000
dump-mem: mem[0x90002294 +: 4] = 0x44800000
dump-mem: mem[0x90002298 +: 4] = 0x44800000
dump-mem: mem[0x9000229C +: 4] = 0x44800000
dump-mem: mem[0x900022A0 +: 4] = 0x44800000
dump-mem: mem[0x900022A4 +: 4] = 0x44800000
dump-mem: mem[0x900022A8 +: 4] = 0x44800000
dump-mem: mem[0x900022AC +: 4] = 0x44800000
dump-mem: mem[0x900022B0 +: 4] = 0x44800000
dump-mem: mem[0x900022B4 +: 4] = 0x44800000
dump-mem: mem[0x900022B8 +: 4] = 0x44800000
dump-mem: mem[0x900022BC +: 4] = 0x44800000
dump-mem: mem[0x900022C0 +: 4] = 0x44800000
dump-mem: mem[0x900022C4 +: 4] = 0x44800000
dump-mem: mem[0x900022C8 +: 4] = 0x44800000
dump-mem: mem[0x900022CC +: 4] = 0x44800000
dump-mem: mem[0x900022D0 +: 4] = 0x44800000
dump-mem: mem[0x900022D4 +: 4] = 0x44800000
dump-mem: mem[0x900022D8 +: 4] = 0x44800000
dump-mem: mem[0x900022DC +: 4] = 0x44800000
dump-mem: mem[0x900022E0 +: 4] = 0x44800000
dump-mem: mem[0x900022E4 +: 4] = 0x44800000
dump-mem: mem[0x900022E8 +: 4] = 0x44800000
dump-mem: mem[0x900022EC +: 4] = 0x44800000
dump-mem: mem[0x900022F0 +: 4] = 0x44800000
dump-mem: mem[0x900022F4 +: 4] = 0x44800000
dump-mem: mem[0x900022F8 +: 4] = 0x44800000
dump-mem: mem[0x900022FC +: 4] = 0x44800000
dump-mem: mem[0x90002300 +: 4] = 0x44800000
dump-mem: mem[0x90002304 +: 4] = 0x44800000
dump-mem: mem[0x90002308 +: 4] = 0x44800000
dump-mem: mem[0x9000230C +: 4] = 0x44800000
dump-mem: mem[0x90002310 +: 4] = 0x44800000
dump-mem: mem[0x90002314 +: 4] = 0x44800000
dump-mem: mem[0x90002318 +: 4] = 0x44800000
dump-mem: mem[0x9000231C +: 4] = 0x44800000
dump-mem: mem[0x90002320 +: 4] = 0x44800000
dump-mem: mem[0x90002324 +: 4] = 0x44800000
dump-mem: mem[0x90002328 +: 4] = 0x44800000
dump-mem: mem[0x9000232C +: 4] = 0x44800000
dump-mem: mem[0x90002330 +: 4] = 0x44800000
dump-mem: mem[0x90002334 +: 4] = 0x44800000
dump-mem: mem[0x90002338 +: 4] = 0x44800000
dump-mem: mem[0x9000233C +: 4] = 0x44800000
dump-mem: mem[0x90002340 +: 4] = 0x44800000
dump-mem: mem[0x90002344 +: 4] = 0x44800000
dump-mem: mem[0x90002348 +: 4] = 0x44800000
dump-mem: mem[0x9000234C +: 4] = 0x44800000
dump-mem: mem[0x90002350 +: 4] = 0x44800000
dump-mem: mem[0x90002354 +: 4] = 0x44800000
dump-mem: mem[0x90002358 +: 4] = 0x44800000
dump-mem: mem[0x9000235C +: 4] = 0x44800000
dump-mem: mem[0x90002360 +: 4] = 0x44800000
dump-mem: mem[0x90002364 +: 4] = 0x44800000
dump-mem: mem[0x90002368 +: 4] = 0x44800000
dump-mem: mem[0x9000236C +: 4] = 0x44800000
dump-mem: mem[0x90002370 +: 4] = 0x44800000
dump-mem: mem[0x90002374 +: 4] = 0x44800000
dump-mem: mem[0x90002378 +: 4] = 0x44800000
dump-mem: mem[0x9000237C +: 4] = 0x44800000
dump-mem: mem[0x90002380 +: 4] = 0x44800000
dump-mem: mem[0x90002384 +: 4] = 0x44800000
dump-mem: mem[0x90002388 +: 4] = 0x44800000
dump-mem: mem[0x9000238C +: 4] = 0x44800000
dump-mem: mem[0x90002390 +: 4] = 0x44800000
dump-mem: mem[0x90002394 +: 4] = 0x44800000
dump-mem: mem[0x90002398 +: 4] = 0x44800000
dump-mem: mem[0x9000239C +: 4] = 0x44800000
dump-mem: mem[0x900023A0 +: 4] = 0x44800000
dump-mem: mem[0x900023A4 +: 4] = 0x44800000
dump-mem: mem[0x900023A8 +: 4] = 0x44800000
dump-mem: mem[0x900023AC +: 4] = 0x44800000
dump-mem: mem[0x900023B0 +: 4] = 0x44800000
dump-mem: mem[0x900023B4 +: 4] = 0x44800000
dump-mem: mem[0x900023B8 +: 4] = 0x44800000
dump-mem: mem[0x900023BC +: 4] = 0x44800000
dump-mem: mem[0x900023C0 +: 4] = 0x44800000
dump-mem: mem[0x900023C4 +: 4] = 0x44800000
dump-mem: mem[0x900023C8 +: 4] = 0x44800000
dump-mem: mem[0x900023CC +: 4] = 0x44800000
dump-mem: mem[0x900023D0 +: 4] = 0x44800000
dump-mem: mem[0x900023D4 +: 4] = 0x44800000
dump-mem: mem[0x900023D8 +: 4] = 0x44800000
dump-mem: mem[0x900023DC +: 4] = 0x44800000
dump-mem: mem[0x900023E0 +: 4] = 0x44800000
dump-mem: mem[0x900023E4 +: 4] = 0x44800000
dump-mem: mem[0x900023E8 +: 4] = 0x44800000
dump-mem: mem[0x900023EC +: 4] = 0x44800000
dump-mem: mem[0x900023F0 +: 4] = 0x44800000
dump-mem: mem[0x900023F4 +: 4] = 0x44800000
dump-mem: mem[0x900023F8 +: 4] = 0x44800000
dump-mem: mem[0x900023FC +: 4] = 0x44800000
dump-mem: mem[0x90002400 +: 4] = 0x44800000
dump-mem: mem[0x90002404 +: 4] = 0x44800000
dump-mem: mem[0x90002408 +: 4] = 0x44800000
dump-mem: mem[0x9000240C +: 4] = 0x44800000
dump-mem: mem[0x90002410 +: 4] = 0x44800000
dump-mem: mem[0x90002414 +: 4] = 0x44800000
dump-mem: mem[0x90002418 +: 4] = 0x44800000
dump-mem: mem[0x9000241C +: 4] = 0x44800000
dump-mem: mem[0x90002420 +: 4] = 0x44800000
dump-mem: mem[0x90002424 +: 4] = 0x44800000
dump-mem: mem[0x90002428 +: 4] = 0x44800000
dump-mem: mem[0x9000242C +: 4] = 0x44800000
dump-mem: mem[0x90002430 +: 4] = 0x44800000
dump-mem: mem[0x90002434 +: 4] = 0x44800000
dump-mem: mem[0x90002438 +: 4] = 0x44800000
dump-mem: mem[0x9000243C +: 4] = 0x44800000
dump-mem: mem[0x90002440 +: 4] = 0x44800000
dump-mem: mem[0x90002444 +: 4] = 0x44800000
dump-mem: mem[0x90002448 +: 4] = 0x44800000
dump-mem: mem[0x9000244C +: 4] = 0x44800000
dump-mem: mem[0x90002450 +: 4] = 0x44800000
dump-mem: mem[0x90002454 +: 4] = 0x44800000
dump-mem: mem[0x90002458 +: 4] = 0x44800000
dump-mem: mem[0x9000245C +: 4] = 0x44800000
dump-mem: mem[0x90002460 +: 4] = 0x44800000
dump-mem: mem[0x90002464 +: 4] = 0x44800000
dump-mem: mem[0x90002468 +: 4] = 0x44800000
dump-mem: mem[0x9000246C +: 4] = 0x44800000
dump-mem: mem[0x90002470 +: 4] = 0x44800000
dump-mem: mem[0x90002474 +: 4] = 0x44800000
dump-mem: mem[0x90002478 +: 4] = 0x44800000
dump-mem: mem[0x9000247C +: 4] = 0x44800000
dump-mem: mem[0x90002480 +: 4] = 0x44800000
dump-mem: mem[0x90002484 +: 4] = 0x44800000
dump-mem: mem[0x90002488 +: 4] = 0x44800000
dump-mem: mem[0x9000248C +: 4] = 0x44800000
dump-mem: mem[0x90002490 +: 4] = 0x44800000
dump-mem: mem[0x90002494 +: 4] = 0x44800000
dump-mem: mem[0x90002498 +: 4] = 0x44800000
dump-mem: mem[0x9000249C +: 4] = 0x44800000
dump-mem: mem[0x900024A0 +: 4] = 0x44800000
dump-mem: mem[0x900024A4 +: 4] = 0x44800000
dump-mem: mem[0x900024A8 +: 4] = 0x44800000
dump-mem: mem[0x900024AC +: 4] = 0x44800000
dump-mem: mem[0x900024B0 +: 4] = 0x44800000
dump-mem: mem[0x900024B4 +: 4] = 0x44800000
dump-mem: mem[0x900024B8 +: 4] = 0x44800000
dump-mem: mem[0x900024BC +: 4] = 0x44800000
dump-mem: mem[0x900024C0 +: 4] = 0x44800000
dump-mem: mem[0x900024C4 +: 4] = 0x44800000
dump-mem: mem[0x900024C8 +: 4] = 0x44800000
dump-mem: mem[0x900024CC +: 4] = 0x44800000
dump-mem: mem[0x900024D0 +: 4] = 0x44800000
dump-mem: mem[0x900024D4 +: 4] = 0x44800000
dump-mem: mem[0x900024D8 +: 4] = 0x44800000
dump-mem: mem[0x900024DC +: 4] = 0x44800000
dump-mem: mem[0x900024E0 +: 4] = 0x44800000
dump-mem: mem[0x900024E4 +: 4] = 0x44800000
dump-mem: mem[0x900024E8 +: 4] = 0x44800000
dump-mem: mem[0x900024EC +: 4] = 0x44800000
dump-mem: mem[0x900024F0 +: 4] = 0x44800000
dump-mem: mem[0x900024F4 +: 4] = 0x44800000
dump-mem: mem[0x900024F8 +: 4] = 0x44800000
dump-mem: mem[0x900024FC +: 4] = 0x44800000
dump-mem: mem[0x90002500 +: 4] = 0x44800000
dump-mem: mem[0x90002504 +: 4] = 0x44800000
dump-mem: mem[0x90002508 +: 4] = 0x44800000
dump-mem: mem[0x9000250C +: 4] = 0x44800000
dump-mem: mem[0x90002510 +: 4] = 0x44800000
dump-mem: mem[0x90002514 +: 4] = 0x44800000
dump-mem: mem[0x90002518 +: 4] = 0x44800000
dump-mem: mem[0x9000251C +: 4] = 0x44800000
dump-mem: mem[0x90002520 +: 4] = 0x44800000
dump-mem: mem[0x90002524 +: 4] = 0x44800000
dump-mem: mem[0x90002528 +: 4] = 0x44800000
dump-mem: mem[0x9000252C +: 4] = 0x44800000
dump-mem: mem[0x90002530 +: 4] = 0x44800000
dump-mem: mem[0x90002534 +: 4] = 0x44800000
dump-mem: mem[0x90002538 +: 4] = 0x44800000
dump-mem: mem[0x9000253C +: 4] = 0x44800000
dump-mem: mem[0x90002540 +: 4] = 0x44800000
dump-mem: mem[0x90002544 +: 4] = 0x44800000
dump-mem: mem[0x90002548 +: 4] = 0x44800000
dump-mem: mem[0x9000254C +: 4] = 0x44800000
dump-mem: mem[0x90002550 +: 4] = 0x44800000
dump-mem: mem[0x90002554 +: 4] = 0x44800000
dump-mem: mem[0x90002558 +: 4] = 0x44800000
dump-mem: mem[0x9000255C +: 4] = 0x44800000
dump-mem: mem[0x90002560 +: 4] = 0x44800000
dump-mem: mem[0x90002564 +: 4] = 0x44800000
dump-mem: mem[0x90002568 +: 4] = 0x44800000
dump-mem: mem[0x9000256C +: 4] = 0x44800000
dump-mem: mem[0x90002570 +: 4] = 0x44800000
dump-mem: mem[0x90002574 +: 4] = 0x44800000
dump-mem: mem[0x90002578 +: 4] = 0x44800000
dump-mem: mem[0x9000257C +: 4] = 0x44800000
dump-mem: mem[0x90002580 +: 4] = 0x44800000
dump-mem: mem[0x90002584 +: 4] = 0x44800000
dump-mem: mem[0x90002588 +: 4] = 0x44800000
dump-mem: mem[0x9000258C +: 4] = 0x44800000
dump-mem: mem[0x90002590 +: 4] = 0x44800000
dump-mem: mem[0x90002594 +: 4] = 0x44800000
dump-mem: mem[0x90002598 +: 4] = 0x44800000
dump-mem: mem[0x9000259C +: 4] = 0x44800000
dump-mem: mem[0x900025A0 +: 4] = 0x44800000
dump-mem: mem[0x900025A4 +: 4] = 0x44800000
dump-mem: mem[0x900025A8 +: 4] = 0x44800000
dump-mem: mem[0x900025AC +: 4] = 0x44800000
dump-mem: mem[0x900025B0 +: 4] = 0x44800000
dump-mem: mem[0x900025B4 +: 4] = 0x44800000
dump-mem: mem[0x900025B8 +: 4] = 0x44800000
dump-mem: mem[0x900025BC +: 4] = 0x44800000
dump-mem: mem[0x900025C0 +: 4] = 0x44800000
dump-mem: mem[0x900025C4 +: 4] = 0x44800000
dump-mem: mem[0x900025C8 +: 4] = 0x44800000
dump-mem: mem[0x900025CC +: 4] = 0x44800000
dump-mem: mem[0x900025D0 +: 4] = 0x44800000
dump-mem: mem[0x900025D4 +: 4] = 0x44800000
dump-mem: mem[0x900025D8 +: 4] = 0x44800000
dump-mem: mem[0x900025DC +: 4] = 0x44800000
dump-mem: mem[0x900025E0 +: 4] = 0x44800000
dump-mem: mem[0x900025E4 +: 4] = 0x44800000
dump-mem: mem[0x900025E8 +: 4] = 0x44800000
dump-mem: mem[0x900025EC +: 4] = 0x44800000
dump-mem: mem[0x900025F0 +: 4] = 0x44800000
dump-mem: mem[0x900025F4 +: 4] = 0x44800000
dump-mem: mem[0x900025F8 +: 4] = 0x44800000
dump-mem: mem[0x900025FC +: 4] = 0x44800000
dump-mem: mem[0x90002600 +: 4] = 0x44800000
dump-mem: mem[0x90002604 +: 4] = 0x44800000
dump-mem: mem[0x90002608 +: 4] = 0x44800000
dump-mem: mem[0x9000260C +: 4] = 0x44800000
dump-mem: mem[0x90002610 +: 4] = 0x44800000
dump-mem: mem[0x90002614 +: 4] = 0x44800000
dump-mem: mem[0x90002618 +: 4] = 0x44800000
dump-mem: mem[0x9000261C +: 4] = 0x44800000
dump-mem: mem[0x90002620 +: 4] = 0x44800000
dump-mem: mem[0x90002624 +: 4] = 0x44800000
dump-mem: mem[0x90002628 +: 4] = 0x44800000
dump-mem: mem[0x9000262C +: 4] = 0x44800000
dump-mem: mem[0x90002630 +: 4] = 0x44800000
dump-mem: mem[0x90002634 +: 4] = 0x44800000
dump-mem: mem[0x90002638 +: 4] = 0x44800000
dump-mem: mem[0x9000263C +: 4] = 0x44800000
dump-mem: mem[0x90002640 +: 4] = 0x44800000
dump-mem: mem[0x90002644 +: 4] = 0x44800000
dump-mem: mem[0x90002648 +: 4] = 0x44800000
dump-mem: mem[0x9000264C +: 4] = 0x44800000
dump-mem: mem[0x90002650 +: 4] = 0x44800000
dump-mem: mem[0x90002654 +: 4] = 0x44800000
dump-mem: mem[0x90002658 +: 4] = 0x44800000
dump-mem: mem[0x9000265C +: 4] = 0x44800000
dump-mem: mem[0x90002660 +: 4] = 0x44800000
dump-mem: mem[0x90002664 +: 4] = 0x44800000
dump-mem: mem[0x90002668 +: 4] = 0x44800000
dump-mem: mem[0x9000266C +: 4] = 0x44800000
dump-mem: mem[0x90002670 +: 4] = 0x44800000
dump-mem: mem[0x90002674 +: 4] = 0x44800000
dump-mem: mem[0x90002678 +: 4] = 0x44800000
dump-mem: mem[0x9000267C +: 4] = 0x44800000
dump-mem: mem[0x90002680 +: 4] = 0x44800000
dump-mem: mem[0x90002684 +: 4] = 0x44800000
dump-mem: mem[0x90002688 +: 4] = 0x44800000
dump-mem: mem[0x9000268C +: 4] = 0x44800000
dump-mem: mem[0x90002690 +: 4] = 0x44800000
dump-mem: mem[0x90002694 +: 4] = 0x44800000
dump-mem: mem[0x90002698 +: 4] = 0x44800000
dump-mem: mem[0x9000269C +: 4] = 0x44800000
dump-mem: mem[0x900026A0 +: 4] = 0x44800000
dump-mem: mem[0x900026A4 +: 4] = 0x44800000
dump-mem: mem[0x900026A8 +: 4] = 0x44800000
dump-mem: mem[0x900026AC +: 4] = 0x44800000
dump-mem: mem[0x900026B0 +: 4] = 0x44800000
dump-mem: mem[0x900026B4 +: 4] = 0x44800000
dump-mem: mem[0x900026B8 +: 4] = 0x44800000
dump-mem: mem[0x900026BC +: 4] = 0x44800000
dump-mem: mem[0x900026C0 +: 4] = 0x44800000
dump-mem: mem[0x900026C4 +: 4] = 0x44800000
dump-mem: mem[0x900026C8 +: 4] = 0x44800000
dump-mem: mem[0x900026CC +: 4] = 0x44800000
dump-mem: mem[0x900026D0 +: 4] = 0x44800000
dump-mem: mem[0x900026D4 +: 4] = 0x44800000
dump-mem: mem[0x900026D8 +: 4] = 0x44800000
dump-mem: mem[0x900026DC +: 4] = 0x44800000
dump-mem: mem[0x900026E0 +: 4] = 0x44800000
dump-mem: mem[0x900026E4 +: 4] = 0x44800000
dump-mem: mem[0x900026E8 +: 4] = 0x44800000
dump-mem: mem[0x900026EC +: 4] = 0x44800000
dump-mem: mem[0x900026F0 +: 4] = 0x44800000
dump-mem: mem[0x900026F4 +: 4] = 0x44800000
dump-mem: mem[0x900026F8 +: 4] = 0x44800000
dump-mem: mem[0x900026FC +: 4] = 0x44800000
dump-mem: mem[0x90002700 +: 4] = 0x44800000
dump-mem: mem[0x90002704 +: 4] = 0x44800000
dump-mem: mem[0x90002708 +: 4] = 0x44800000
dump-mem: mem[0x9000270C +: 4] = 0x44800000
dump-mem: mem[0x90002710 +: 4] = 0x44800000
dump-mem: mem[0x90002714 +: 4] = 0x44800000
dump-mem: mem[0x90002718 +: 4] = 0x44800000
dump-mem: mem[0x9000271C +: 4] = 0x44800000
dump-mem: mem[0x90002720 +: 4] = 0x44800000
dump-mem: mem[0x90002724 +: 4] = 0x44800000
dump-mem: mem[0x90002728 +: 4] = 0x44800000
dump-mem: mem[0x9000272C +: 4] = 0x44800000
dump-mem: mem[0x90002730 +: 4] = 0x44800000
dump-mem: mem[0x90002734 +: 4] = 0x44800000
dump-mem: mem[0x90002738 +: 4] = 0x44800000
dump-mem: mem[0x9000273C +: 4] = 0x44800000
dump-mem: mem[0x90002740 +: 4] = 0x44800000
dump-mem: mem[0x90002744 +: 4] = 0x44800000
dump-mem: mem[0x90002748 +: 4] = 0x44800000
dump-mem: mem[0x9000274C +: 4] = 0x44800000
dump-mem: mem[0x90002750 +: 4] = 0x44800000
dump-mem: mem[0x90002754 +: 4] = 0x44800000
dump-mem: mem[0x90002758 +: 4] = 0x44800000
dump-mem: mem[0x9000275C +: 4] = 0x44800000
dump-mem: mem[0x90002760 +: 4] = 0x44800000
dump-mem: mem[0x90002764 +: 4] = 0x44800000
dump-mem: mem[0x90002768 +: 4] = 0x44800000
dump-mem: mem[0x9000276C +: 4] = 0x44800000
dump-mem: mem[0x90002770 +: 4] = 0x44800000
dump-mem: mem[0x90002774 +: 4] = 0x44800000
dump-mem: mem[0x90002778 +: 4] = 0x44800000
dump-mem: mem[0x9000277C +: 4] = 0x44800000
dump-mem: mem[0x90002780 +: 4] = 0x44800000
dump-mem: mem[0x90002784 +: 4] = 0x44800000
dump-mem: mem[0x90002788 +: 4] = 0x44800000
dump-mem: mem[0x9000278C +: 4] = 0x44800000
dump-mem: mem[0x90002790 +: 4] = 0x44800000
dump-mem: mem[0x90002794 +: 4] = 0x44800000
dump-mem: mem[0x90002798 +: 4] = 0x44800000
dump-mem: mem[0x9000279C +: 4] = 0x44800000
dump-mem: mem[0x900027A0 +: 4] = 0x44800000
dump-mem: mem[0x900027A4 +: 4] = 0x44800000
dump-mem: mem[0x900027A8 +: 4] = 0x44800000
dump-mem: mem[0x900027AC +: 4] = 0x44800000
dump-mem: mem[0x900027B0 +: 4] = 0x44800000
dump-mem: mem[0x900027B4 +: 4] = 0x44800000
dump-mem: mem[0x900027B8 +: 4] = 0x44800000
dump-mem: mem[0x900027BC +: 4] = 0x44800000
dump-mem: mem[0x900027C0 +: 4] = 0x44800000
dump-mem: mem[0x900027C4 +: 4] = 0x44800000
dump-mem: mem[0x900027C8 +: 4] = 0x44800000
dump-mem: mem[0x900027CC +: 4] = 0x44800000
dump-mem: mem[0x900027D0 +: 4] = 0x44800000
dump-mem: mem[0x900027D4 +: 4] = 0x44800000
dump-mem: mem[0x900027D8 +: 4] = 0x44800000
dump-mem: mem[0x900027DC +: 4] = 0x44800000
dump-mem: mem[0x900027E0 +: 4] = 0x44800000
dump-mem: mem[0x900027E4 +: 4] = 0x44800000
dump-mem: mem[0x900027E8 +: 4] = 0x44800000
dump-mem: mem[0x900027EC +: 4] = 0x44800000
dump-mem: mem[0x900027F0 +: 4] = 0x44800000
dump-mem: mem[0x900027F4 +: 4] = 0x44800000
dump-mem: mem[0x900027F8 +: 4] = 0x44800000
dump-mem: mem[0x900027FC +: 4] = 0x44800000
dump-mem: mem[0x90002800 +: 4] = 0x44800000
dump-mem: mem[0x90002804 +: 4] = 0x44800000
dump-mem: mem[0x90002808 +: 4] = 0x44800000
dump-mem: mem[0x9000280C +: 4] = 0x44800000
dump-mem: mem[0x90002810 +: 4] = 0x44800000
dump-mem: mem[0x90002814 +: 4] = 0x44800000
dump-mem: mem[0x90002818 +: 4] = 0x44800000
dump-mem: mem[0x9000281C +: 4] = 0x44800000
dump-mem: mem[0x90002820 +: 4] = 0x44800000
dump-mem: mem[0x90002824 +: 4] = 0x44800000
dump-mem: mem[0x90002828 +: 4] = 0x44800000
dump-mem: mem[0x9000282C +: 4] = 0x44800000
dump-mem: mem[0x90002830 +: 4] = 0x44800000
dump-mem: mem[0x90002834 +: 4] = 0x44800000
dump-mem: mem[0x90002838 +: 4] = 0x44800000
dump-mem: mem[0x9000283C +: 4] = 0x44800000
dump-mem: mem[0x90002840 +: 4] = 0x44800000
dump-mem: mem[0x90002844 +: 4] = 0x44800000
dump-mem: mem[0x90002848 +: 4] = 0x44800000
dump-mem: mem[0x9000284C +: 4] = 0x44800000
dump-mem: mem[0x90002850 +: 4] = 0x44800000
dump-mem: mem[0x90002854 +: 4] = 0x44800000
dump-mem: mem[0x90002858 +: 4] = 0x44800000
dump-mem: mem[0x9000285C +: 4] = 0x44800000
dump-mem: mem[0x90002860 +: 4] = 0x44800000
dump-mem: mem[0x90002864 +: 4] = 0x44800000
dump-mem: mem[0x90002868 +: 4] = 0x44800000
dump-mem: mem[0x9000286C +: 4] = 0x44800000
dump-mem: mem[0x90002870 +: 4] = 0x44800000
dump-mem: mem[0x90002874 +: 4] = 0x44800000
dump-mem: mem[0x90002878 +: 4] = 0x44800000
dump-mem: mem[0x9000287C +: 4] = 0x44800000
dump-mem: mem[0x90002880 +: 4] = 0x44800000
dump-mem: mem[0x90002884 +: 4] = 0x44800000
dump-mem: mem[0x90002888 +: 4] = 0x44800000
dump-mem: mem[0x9000288C +: 4] = 0x44800000
dump-mem: mem[0x90002890 +: 4] = 0x44800000
dump-mem: mem[0x90002894 +: 4] = 0x44800000
dump-mem: mem[0x90002898 +: 4] = 0x44800000
dump-mem: mem[0x9000289C +: 4] = 0x44800000
dump-mem: mem[0x900028A0 +: 4] = 0x44800000
dump-mem: mem[0x900028A4 +: 4] = 0x44800000
dump-mem: mem[0x900028A8 +: 4] = 0x44800000
dump-mem: mem[0x900028AC +: 4] = 0x44800000
dump-mem: mem[0x900028B0 +: 4] = 0x44800000
dump-mem: mem[0x900028B4 +: 4] = 0x44800000
dump-mem: mem[0x900028B8 +: 4] = 0x44800000
dump-mem: mem[0x900028BC +: 4] = 0x44800000
dump-mem: mem[0x900028C0 +: 4] = 0x44800000
dump-mem: mem[0x900028C4 +: 4] = 0x44800000
dump-mem: mem[0x900028C8 +: 4] = 0x44800000
dump-mem: mem[0x900028CC +: 4] = 0x44800000
dump-mem: mem[0x900028D0 +: 4] = 0x44800000
dump-mem: mem[0x900028D4 +: 4] = 0x44800000
dump-mem: mem[0x900028D8 +: 4] = 0x44800000
dump-mem: mem[0x900028DC +: 4] = 0x44800000
dump-mem: mem[0x900028E0 +: 4] = 0x44800000
dump-mem: mem[0x900028E4 +: 4] = 0x44800000
dump-mem: mem[0x900028E8 +: 4] = 0x44800000
dump-mem: mem[0x900028EC +: 4] = 0x44800000
dump-mem: mem[0x900028F0 +: 4] = 0x44800000
dump-mem: mem[0x900028F4 +: 4] = 0x44800000
dump-mem: mem[0x900028F8 +: 4] = 0x44800000
dump-mem: mem[0x900028FC +: 4] = 0x44800000
dump-mem: mem[0x90002900 +: 4] = 0x44800000
dump-mem: mem[0x90002904 +: 4] = 0x44800000
dump-mem: mem[0x90002908 +: 4] = 0x44800000
dump-mem: mem[0x9000290C +: 4] = 0x44800000
dump-mem: mem[0x90002910 +: 4] = 0x44800000
dump-mem: mem[0x90002914 +: 4] = 0x44800000
dump-mem: mem[0x90002918 +: 4] = 0x44800000
dump-mem: mem[0x9000291C +: 4] = 0x44800000
dump-mem: mem[0x90002920 +: 4] = 0x44800000
dump-mem: mem[0x90002924 +: 4] = 0x44800000
dump-mem: mem[0x90002928 +: 4] = 0x44800000
dump-mem: mem[0x9000292C +: 4] = 0x44800000
dump-mem: mem[0x90002930 +: 4] = 0x44800000
dump-mem: mem[0x90002934 +: 4] = 0x44800000
dump-mem: mem[0x90002938 +: 4] = 0x44800000
dump-mem: mem[0x9000293C +: 4] = 0x44800000
dump-mem: mem[0x90002940 +: 4] = 0x44800000
dump-mem: mem[0x90002944 +: 4] = 0x44800000
dump-mem: mem[0x90002948 +: 4] = 0x44800000
dump-mem: mem[0x9000294C +: 4] = 0x44800000
dump-mem: mem[0x90002950 +: 4] = 0x44800000
dump-mem: mem[0x90002954 +: 4] = 0x44800000
dump-mem: mem[0x90002958 +: 4] = 0x44800000
dump-mem: mem[0x9000295C +: 4] = 0x44800000
dump-mem: mem[0x90002960 +: 4] = 0x44800000
dump-mem: mem[0x90002964 +: 4] = 0x44800000
dump-mem: mem[0x90002968 +: 4] = 0x44800000
dump-mem: mem[0x9000296C +: 4] = 0x44800000
dump-mem: mem[0x90002970 +: 4] = 0x44800000
dump-mem: mem[0x90002974 +: 4] = 0x44800000
dump-mem: mem[0x90002978 +: 4] = 0x44800000
dump-mem: mem[0x9000297C +: 4] = 0x44800000
dump-mem: mem[0x90002980 +: 4] = 0x44800000
dump-mem: mem[0x90002984 +: 4] = 0x44800000
dump-mem: mem[0x90002988 +: 4] = 0x44800000
dump-mem: mem[0x9000298C +: 4] = 0x44800000
dump-mem: mem[0x90002990 +: 4] = 0x44800000
dump-mem: mem[0x90002994 +: 4] = 0x44800000
dump-mem: mem[0x90002998 +: 4] = 0x44800000
dump-mem: mem[0x9000299C +: 4] = 0x44800000
dump-mem: mem[0x900029A0 +: 4] = 0x44800000
dump-mem: mem[0x900029A4 +: 4] = 0x44800000
dump-mem: mem[0x900029A8 +: 4] = 0x44800000
dump-mem: mem[0x900029AC +: 4] = 0x44800000
dump-mem: mem[0x900029B0 +: 4] = 0x44800000
dump-mem: mem[0x900029B4 +: 4] = 0x44800000
dump-mem: mem[0x900029B8 +: 4] = 0x44800000
dump-mem: mem[0x900029BC +: 4] = 0x44800000
dump-mem: mem[0x900029C0 +: 4] = 0x44800000
dump-mem: mem[0x900029C4 +: 4] = 0x44800000
dump-mem: mem[0x900029C8 +: 4] = 0x44800000
dump-mem: mem[0x900029CC +: 4] = 0x44800000
dump-mem: mem[0x900029D0 +: 4] = 0x44800000
dump-mem: mem[0x900029D4 +: 4] = 0x44800000
dump-mem: mem[0x900029D8 +: 4] = 0x44800000
dump-mem: mem[0x900029DC +: 4] = 0x44800000
dump-mem: mem[0x900029E0 +: 4] = 0x44800000
dump-mem: mem[0x900029E4 +: 4] = 0x44800000
dump-mem: mem[0x900029E8 +: 4] = 0x44800000
dump-mem: mem[0x900029EC +: 4] = 0x44800000
dump-mem: mem[0x900029F0 +: 4] = 0x44800000
dump-mem: mem[0x900029F4 +: 4] = 0x44800000
dump-mem: mem[0x900029F8 +: 4] = 0x44800000
dump-mem: mem[0x900029FC +: 4] = 0x44800000
dump-mem: mem[0x90002A00 +: 4] = 0x44800000
dump-mem: mem[0x90002A04 +: 4] = 0x44800000
dump-mem: mem[0x90002A08 +: 4] = 0x44800000
dump-mem: mem[0x90002A0C +: 4] = 0x44800000
dump-mem: mem[0x90002A10 +: 4] = 0x44800000
dump-mem: mem[0x90002A14 +: 4] = 0x44800000
dump-mem: mem[0x90002A18 +: 4] = 0x44800000
dump-mem: mem[0x90002A1C +: 4] = 0x44800000
dump-mem: mem[0x90002A20 +: 4] = 0x44800000
dump-mem: mem[0x90002A24 +: 4] = 0x44800000
dump-mem: mem[0x90002A28 +: 4] = 0x44800000
dump-mem: mem[0x90002A2C +: 4] = 0x44800000
dump-mem: mem[0x90002A30 +: 4] = 0x44800000
dump-mem: mem[0x90002A34 +: 4] = 0x44800000
dump-mem: mem[0x90002A38 +: 4] = 0x44800000
dump-mem: mem[0x90002A3C +: 4] = 0x44800000
dump-mem: mem[0x90002A40 +: 4] = 0x44800000
dump-mem: mem[0x90002A44 +: 4] = 0x44800000
dump-mem: mem[0x90002A48 +: 4] = 0x44800000
dump-mem: mem[0x90002A4C +: 4] = 0x44800000
dump-mem: mem[0x90002A50 +: 4] = 0x44800000
dump-mem: mem[0x90002A54 +: 4] = 0x44800000
dump-mem: mem[0x90002A58 +: 4] = 0x44800000
dump-mem: mem[0x90002A5C +: 4] = 0x44800000
dump-mem: mem[0x90002A60 +: 4] = 0x44800000
dump-mem: mem[0x90002A64 +: 4] = 0x44800000
dump-mem: mem[0x90002A68 +: 4] = 0x44800000
dump-mem: mem[0x90002A6C +: 4] = 0x44800000
dump-mem: mem[0x90002A70 +: 4] = 0x44800000
dump-mem: mem[0x90002A74 +: 4] = 0x44800000
dump-mem: mem[0x90002A78 +: 4] = 0x44800000
dump-mem: mem[0x90002A7C +: 4] = 0x44800000
dump-mem: mem[0x90002A80 +: 4] = 0x44800000
dump-mem: mem[0x90002A84 +: 4] = 0x44800000
dump-mem: mem[0x90002A88 +: 4] = 0x44800000
dump-mem: mem[0x90002A8C +: 4] = 0x44800000
dump-mem: mem[0x90002A90 +: 4] = 0x44800000
dump-mem: mem[0x90002A94 +: 4] = 0x44800000
dump-mem: mem[0x90002A98 +: 4] = 0x44800000
dump-mem: mem[0x90002A9C +: 4] = 0x44800000
dump-mem: mem[0x90002AA0 +: 4] = 0x44800000
dump-mem: mem[0x90002AA4 +: 4] = 0x44800000
dump-mem: mem[0x90002AA8 +: 4] = 0x44800000
dump-mem: mem[0x90002AAC +: 4] = 0x44800000
dump-mem: mem[0x90002AB0 +: 4] = 0x44800000
dump-mem: mem[0x90002AB4 +: 4] = 0x44800000
dump-mem: mem[0x90002AB8 +: 4] = 0x44800000
dump-mem: mem[0x90002ABC +: 4] = 0x44800000
dump-mem: mem[0x90002AC0 +: 4] = 0x44800000
dump-mem: mem[0x90002AC4 +: 4] = 0x44800000
dump-mem: mem[0x90002AC8 +: 4] = 0x44800000
dump-mem: mem[0x90002ACC +: 4] = 0x44800000
dump-mem: mem[0x90002AD0 +: 4] = 0x44800000
dump-mem: mem[0x90002AD4 +: 4] = 0x44800000
dump-mem: mem[0x90002AD8 +: 4] = 0x44800000
dump-mem: mem[0x90002ADC +: 4] = 0x44800000
dump-mem: mem[0x90002AE0 +: 4] = 0x44800000
dump-mem: mem[0x90002AE4 +: 4] = 0x44800000
dump-mem: mem[0x90002AE8 +: 4] = 0x44800000
dump-mem: mem[0x90002AEC +: 4] = 0x44800000
dump-mem: mem[0x90002AF0 +: 4] = 0x44800000
dump-mem: mem[0x90002AF4 +: 4] = 0x44800000
dump-mem: mem[0x90002AF8 +: 4] = 0x44800000
dump-mem: mem[0x90002AFC +: 4] = 0x44800000
dump-mem: mem[0x90002B00 +: 4] = 0x44800000
dump-mem: mem[0x90002B04 +: 4] = 0x44800000
dump-mem: mem[0x90002B08 +: 4] = 0x44800000
dump-mem: mem[0x90002B0C +: 4] = 0x44800000
dump-mem: mem[0x90002B10 +: 4] = 0x44800000
dump-mem: mem[0x90002B14 +: 4] = 0x44800000
dump-mem: mem[0x90002B18 +: 4] = 0x44800000
dump-mem: mem[0x90002B1C +: 4] = 0x44800000
dump-mem: mem[0x90002B20 +: 4] = 0x44800000
dump-mem: mem[0x90002B24 +: 4] = 0x44800000
dump-mem: mem[0x90002B28 +: 4] = 0x44800000
dump-mem: mem[0x90002B2C +: 4] = 0x44800000
dump-mem: mem[0x90002B30 +: 4] = 0x44800000
dump-mem: mem[0x90002B34 +: 4] = 0x44800000
dump-mem: mem[0x90002B38 +: 4] = 0x44800000
dump-mem: mem[0x90002B3C +: 4] = 0x44800000
dump-mem: mem[0x90002B40 +: 4] = 0x44800000
dump-mem: mem[0x90002B44 +: 4] = 0x44800000
dump-mem: mem[0x90002B48 +: 4] = 0x44800000
dump-mem: mem[0x90002B4C +: 4] = 0x44800000
dump-mem: mem[0x90002B50 +: 4] = 0x44800000
dump-mem: mem[0x90002B54 +: 4] = 0x44800000
dump-mem: mem[0x90002B58 +: 4] = 0x44800000
dump-mem: mem[0x90002B5C +: 4] = 0x44800000
dump-mem: mem[0x90002B60 +: 4] = 0x44800000
dump-mem: mem[0x90002B64 +: 4] = 0x44800000
dump-mem: mem[0x90002B68 +: 4] = 0x44800000
dump-mem: mem[0x90002B6C +: 4] = 0x44800000
dump-mem: mem[0x90002B70 +: 4] = 0x44800000
dump-mem: mem[0x90002B74 +: 4] = 0x44800000
dump-mem: mem[0x90002B78 +: 4] = 0x44800000
dump-mem: mem[0x90002B7C +: 4] = 0x44800000
dump-mem: mem[0x90002B80 +: 4] = 0x44800000
dump-mem: mem[0x90002B84 +: 4] = 0x44800000
dump-mem: mem[0x90002B88 +: 4] = 0x44800000
dump-mem: mem[0x90002B8C +: 4] = 0x44800000
dump-mem: mem[0x90002B90 +: 4] = 0x44800000
dump-mem: mem[0x90002B94 +: 4] = 0x44800000
dump-mem: mem[0x90002B98 +: 4] = 0x44800000
dump-mem: mem[0x90002B9C +: 4] = 0x44800000
dump-mem: mem[0x90002BA0 +: 4] = 0x44800000
dump-mem: mem[0x90002BA4 +: 4] = 0x44800000
dump-mem: mem[0x90002BA8 +: 4] = 0x44800000
dump-mem: mem[0x90002BAC +: 4] = 0x44800000
dump-mem: mem[0x90002BB0 +: 4] = 0x44800000
dump-mem: mem[0x90002BB4 +: 4] = 0x44800000
dump-mem: mem[0x90002BB8 +: 4] = 0x44800000
dump-mem: mem[0x90002BBC +: 4] = 0x44800000
dump-mem: mem[0x90002BC0 +: 4] = 0x44800000
dump-mem: mem[0x90002BC4 +: 4] = 0x44800000
dump-mem: mem[0x90002BC8 +: 4] = 0x44800000
dump-mem: mem[0x90002BCC +: 4] = 0x44800000
dump-mem: mem[0x90002BD0 +: 4] = 0x44800000
dump-mem: mem[0x90002BD4 +: 4] = 0x44800000
dump-mem: mem[0x90002BD8 +: 4] = 0x44800000
dump-mem: mem[0x90002BDC +: 4] = 0x44800000
dump-mem: mem[0x90002BE0 +: 4] = 0x44800000
dump-mem: mem[0x90002BE4 +: 4] = 0x44800000
dump-mem: mem[0x90002BE8 +: 4] = 0x44800000
dump-mem: mem[0x90002BEC +: 4] = 0x44800000
dump-mem: mem[0x90002BF0 +: 4] = 0x44800000
dump-mem: mem[0x90002BF4 +: 4] = 0x44800000
dump-mem: mem[0x90002BF8 +: 4] = 0x44800000
dump-mem: mem[0x90002BFC +: 4] = 0x44800000
dump-mem: mem[0x90002C00 +: 4] = 0x44800000
dump-mem: mem[0x90002C04 +: 4] = 0x44800000
dump-mem: mem[0x90002C08 +: 4] = 0x44800000
dump-mem: mem[0x90002C0C +: 4] = 0x44800000
dump-mem: mem[0x90002C10 +: 4] = 0x44800000
dump-mem: mem[0x90002C14 +: 4] = 0x44800000
dump-mem: mem[0x90002C18 +: 4] = 0x44800000
dump-mem: mem[0x90002C1C +: 4] = 0x44800000
dump-mem: mem[0x90002C20 +: 4] = 0x44800000
dump-mem: mem[0x90002C24 +: 4] = 0x44800000
dump-mem: mem[0x90002C28 +: 4] = 0x44800000
dump-mem: mem[0x90002C2C +: 4] = 0x44800000
dump-mem: mem[0x90002C30 +: 4] = 0x44800000
dump-mem: mem[0x90002C34 +: 4] = 0x44800000
dump-mem: mem[0x90002C38 +: 4] = 0x44800000
dump-mem: mem[0x90002C3C +: 4] = 0x44800000
dump-mem: mem[0x90002C40 +: 4] = 0x44800000
dump-mem: mem[0x90002C44 +: 4] = 0x44800000
dump-mem: mem[0x90002C48 +: 4] = 0x44800000
dump-mem: mem[0x90002C4C +: 4] = 0x44800000
dump-mem: mem[0x90002C50 +: 4] = 0x44800000
dump-mem: mem[0x90002C54 +: 4] = 0x44800000
dump-mem: mem[0x90002C58 +: 4] = 0x44800000
dump-mem: mem[0x90002C5C +: 4] = 0x44800000
dump-mem: mem[0x90002C60 +: 4] = 0x44800000
dump-mem: mem[0x90002C64 +: 4] = 0x44800000
dump-mem: mem[0x90002C68 +: 4] = 0x44800000
dump-mem: mem[0x90002C6C +: 4] = 0x44800000
dump-mem: mem[0x90002C70 +: 4] = 0x44800000
dump-mem: mem[0x90002C74 +: 4] = 0x44800000
dump-mem: mem[0x90002C78 +: 4] = 0x44800000
dump-mem: mem[0x90002C7C +: 4] = 0x44800000
dump-mem: mem[0x90002C80 +: 4] = 0x44800000
dump-mem: mem[0x90002C84 +: 4] = 0x44800000
dump-mem: mem[0x90002C88 +: 4] = 0x44800000
dump-mem: mem[0x90002C8C +: 4] = 0x44800000
dump-mem: mem[0x90002C90 +: 4] = 0x44800000
dump-mem: mem[0x90002C94 +: 4] = 0x44800000
dump-mem: mem[0x90002C98 +: 4] = 0x44800000
dump-mem: mem[0x90002C9C +: 4] = 0x44800000
dump-mem: mem[0x90002CA0 +: 4] = 0x44800000
dump-mem: mem[0x90002CA4 +: 4] = 0x44800000
dump-mem: mem[0x90002CA8 +: 4] = 0x44800000
dump-mem: mem[0x90002CAC +: 4] = 0x44800000
dump-mem: mem[0x90002CB0 +: 4] = 0x44800000
dump-mem: mem[0x90002CB4 +: 4] = 0x44800000
dump-mem: mem[0x90002CB8 +: 4] = 0x44800000
dump-mem: mem[0x90002CBC +: 4] = 0x44800000
dump-mem: mem[0x90002CC0 +: 4] = 0x44800000
dump-mem: mem[0x90002CC4 +: 4] = 0x44800000
dump-mem: mem[0x90002CC8 +: 4] = 0x44800000
dump-mem: mem[0x90002CCC +: 4] = 0x44800000
dump-mem: mem[0x90002CD0 +: 4] = 0x44800000
dump-mem: mem[0x90002CD4 +: 4] = 0x44800000
dump-mem: mem[0x90002CD8 +: 4] = 0x44800000
dump-mem: mem[0x90002CDC +: 4] = 0x44800000
dump-mem: mem[0x90002CE0 +: 4] = 0x44800000
dump-mem: mem[0x90002CE4 +: 4] = 0x44800000
dump-mem: mem[0x90002CE8 +: 4] = 0x44800000
dump-mem: mem[0x90002CEC +: 4] = 0x44800000
dump-mem: mem[0x90002CF0 +: 4] = 0x44800000
dump-mem: mem[0x90002CF4 +: 4] = 0x44800000
dump-mem: mem[0x90002CF8 +: 4] = 0x44800000
dump-mem: mem[0x90002CFC +: 4] = 0x44800000
dump-mem: mem[0x90002D00 +: 4] = 0x44800000
dump-mem: mem[0x90002D04 +: 4] = 0x44800000
dump-mem: mem[0x90002D08 +: 4] = 0x44800000
dump-mem: mem[0x90002D0C +: 4] = 0x44800000
dump-mem: mem[0x90002D10 +: 4] = 0x44800000
dump-mem: mem[0x90002D14 +: 4] = 0x44800000
dump-mem: mem[0x90002D18 +: 4] = 0x44800000
dump-mem: mem[0x90002D1C +: 4] = 0x44800000
dump-mem: mem[0x90002D20 +: 4] = 0x44800000
dump-mem: mem[0x90002D24 +: 4] = 0x44800000
dump-mem: mem[0x90002D28 +: 4] = 0x44800000
dump-mem: mem[0x90002D2C +: 4] = 0x44800000
dump-mem: mem[0x90002D30 +: 4] = 0x44800000
dump-mem: mem[0x90002D34 +: 4] = 0x44800000
dump-mem: mem[0x90002D38 +: 4] = 0x44800000
dump-mem: mem[0x90002D3C +: 4] = 0x44800000
dump-mem: mem[0x90002D40 +: 4] = 0x44800000
dump-mem: mem[0x90002D44 +: 4] = 0x44800000
dump-mem: mem[0x90002D48 +: 4] = 0x44800000
dump-mem: mem[0x90002D4C +: 4] = 0x44800000
dump-mem: mem[0x90002D50 +: 4] = 0x44800000
dump-mem: mem[0x90002D54 +: 4] = 0x44800000
dump-mem: mem[0x90002D58 +: 4] = 0x44800000
dump-mem: mem[0x90002D5C +: 4] = 0x44800000
dump-mem: mem[0x90002D60 +: 4] = 0x44800000
dump-mem: mem[0x90002D64 +: 4] = 0x44800000
dump-mem: mem[0x90002D68 +: 4] = 0x44800000
dump-mem: mem[0x90002D6C +: 4] = 0x44800000
dump-mem: mem[0x90002D70 +: 4] = 0x44800000
dump-mem: mem[0x90002D74 +: 4] = 0x44800000
dump-mem: mem[0x90002D78 +: 4] = 0x44800000
dump-mem: mem[0x90002D7C +: 4] = 0x44800000
dump-mem: mem[0x90002D80 +: 4] = 0x44800000
dump-mem: mem[0x90002D84 +: 4] = 0x44800000
dump-mem: mem[0x90002D88 +: 4] = 0x44800000
dump-mem: mem[0x90002D8C +: 4] = 0x44800000
dump-mem: mem[0x90002D90 +: 4] = 0x44800000
dump-mem: mem[0x90002D94 +: 4] = 0x44800000
dump-mem: mem[0x90002D98 +: 4] = 0x44800000
dump-mem: mem[0x90002D9C +: 4] = 0x44800000
dump-mem: mem[0x90002DA0 +: 4] = 0x44800000
dump-mem: mem[0x90002DA4 +: 4] = 0x44800000
dump-mem: mem[0x90002DA8 +: 4] = 0x44800000
dump-mem: mem[0x90002DAC +: 4] = 0x44800000
dump-mem: mem[0x90002DB0 +: 4] = 0x44800000
dump-mem: mem[0x90002DB4 +: 4] = 0x44800000
dump-mem: mem[0x90002DB8 +: 4] = 0x44800000
dump-mem: mem[0x90002DBC +: 4] = 0x44800000
dump-mem: mem[0x90002DC0 +: 4] = 0x44800000
dump-mem: mem[0x90002DC4 +: 4] = 0x44800000
dump-mem: mem[0x90002DC8 +: 4] = 0x44800000
dump-mem: mem[0x90002DCC +: 4] = 0x44800000
dump-mem: mem[0x90002DD0 +: 4] = 0x44800000
dump-mem: mem[0x90002DD4 +: 4] = 0x44800000
dump-mem: mem[0x90002DD8 +: 4] = 0x44800000
dump-mem: mem[0x90002DDC +: 4] = 0x44800000
dump-mem: mem[0x90002DE0 +: 4] = 0x44800000
dump-mem: mem[0x90002DE4 +: 4] = 0x44800000
dump-mem: mem[0x90002DE8 +: 4] = 0x44800000
dump-mem: mem[0x90002DEC +: 4] = 0x44800000
dump-mem: mem[0x90002DF0 +: 4] = 0x44800000
dump-mem: mem[0x90002DF4 +: 4] = 0x44800000
dump-mem: mem[0x90002DF8 +: 4] = 0x44800000
dump-mem: mem[0x90002DFC +: 4] = 0x44800000
dump-mem: mem[0x90002E00 +: 4] = 0x44800000
dump-mem: mem[0x90002E04 +: 4] = 0x44800000
dump-mem: mem[0x90002E08 +: 4] = 0x44800000
dump-mem: mem[0x90002E0C +: 4] = 0x44800000
dump-mem: mem[0x90002E10 +: 4] = 0x44800000
dump-mem: mem[0x90002E14 +: 4] = 0x44800000
dump-mem: mem[0x90002E18 +: 4] = 0x44800000
dump-mem: mem[0x90002E1C +: 4] = 0x44800000
dump-mem: mem[0x90002E20 +: 4] = 0x44800000
dump-mem: mem[0x90002E24 +: 4] = 0x44800000
dump-mem: mem[0x90002E28 +: 4] = 0x44800000
dump-mem: mem[0x90002E2C +: 4] = 0x44800000
dump-mem: mem[0x90002E30 +: 4] = 0x44800000
dump-mem: mem[0x90002E34 +: 4] = 0x44800000
dump-mem: mem[0x90002E38 +: 4] = 0x44800000
dump-mem: mem[0x90002E3C +: 4] = 0x44800000
dump-mem: mem[0x90002E40 +: 4] = 0x44800000
dump-mem: mem[0x90002E44 +: 4] = 0x44800000
dump-mem: mem[0x90002E48 +: 4] = 0x44800000
dump-mem: mem[0x90002E4C +: 4] = 0x44800000
dump-mem: mem[0x90002E50 +: 4] = 0x44800000
dump-mem: mem[0x90002E54 +: 4] = 0x44800000
dump-mem: mem[0x90002E58 +: 4] = 0x44800000
dump-mem: mem[0x90002E5C +: 4] = 0x44800000
dump-mem: mem[0x90002E60 +: 4] = 0x44800000
dump-mem: mem[0x90002E64 +: 4] = 0x44800000
dump-mem: mem[0x90002E68 +: 4] = 0x44800000
dump-mem: mem[0x90002E6C +: 4] = 0x44800000
dump-mem: mem[0x90002E70 +: 4] = 0x44800000
dump-mem: mem[0x90002E74 +: 4] = 0x44800000
dump-mem: mem[0x90002E78 +: 4] = 0x44800000
dump-mem: mem[0x90002E7C +: 4] = 0x44800000
dump-mem: mem[0x90002E80 +: 4] = 0x44800000
dump-mem: mem[0x90002E84 +: 4] = 0x44800000
dump-mem: mem[0x90002E88 +: 4] = 0x44800000
dump-mem: mem[0x90002E8C +: 4] = 0x44800000
dump-mem: mem[0x90002E90 +: 4] = 0x44800000
dump-mem: mem[0x90002E94 +: 4] = 0x44800000
dump-mem: mem[0x90002E98 +: 4] = 0x44800000
dump-mem: mem[0x90002E9C +: 4] = 0x44800000
dump-mem: mem[0x90002EA0 +: 4] = 0x44800000
dump-mem: mem[0x90002EA4 +: 4] = 0x44800000
dump-mem: mem[0x90002EA8 +: 4] = 0x44800000
dump-mem: mem[0x90002EAC +: 4] = 0x44800000
dump-mem: mem[0x90002EB0 +: 4] = 0x44800000
dump-mem: mem[0x90002EB4 +: 4] = 0x44800000
dump-mem: mem[0x90002EB8 +: 4] = 0x44800000
dump-mem: mem[0x90002EBC +: 4] = 0x44800000
dump-mem: mem[0x90002EC0 +: 4] = 0x44800000
dump-mem: mem[0x90002EC4 +: 4] = 0x44800000
dump-mem: mem[0x90002EC8 +: 4] = 0x44800000
dump-mem: mem[0x90002ECC +: 4] = 0x44800000
dump-mem: mem[0x90002ED0 +: 4] = 0x44800000
dump-mem: mem[0x90002ED4 +: 4] = 0x44800000
dump-mem: mem[0x90002ED8 +: 4] = 0x44800000
dump-mem: mem[0x90002EDC +: 4] = 0x44800000
dump-mem: mem[0x90002EE0 +: 4] = 0x44800000
dump-mem: mem[0x90002EE4 +: 4] = 0x44800000
dump-mem: mem[0x90002EE8 +: 4] = 0x44800000
dump-mem: mem[0x90002EEC +: 4] = 0x44800000
dump-mem: mem[0x90002EF0 +: 4] = 0x44800000
dump-mem: mem[0x90002EF4 +: 4] = 0x44800000
dump-mem: mem[0x90002EF8 +: 4] = 0x44800000
dump-mem: mem[0x90002EFC +: 4] = 0x44800000
dump-mem: mem[0x90002F00 +: 4] = 0x44800000
dump-mem: mem[0x90002F04 +: 4] = 0x44800000
dump-mem: mem[0x90002F08 +: 4] = 0x44800000
dump-mem: mem[0x90002F0C +: 4] = 0x44800000
dump-mem: mem[0x90002F10 +: 4] = 0x44800000
dump-mem: mem[0x90002F14 +: 4] = 0x44800000
dump-mem: mem[0x90002F18 +: 4] = 0x44800000
dump-mem: mem[0x90002F1C +: 4] = 0x44800000
dump-mem: mem[0x90002F20 +: 4] = 0x44800000
dump-mem: mem[0x90002F24 +: 4] = 0x44800000
dump-mem: mem[0x90002F28 +: 4] = 0x44800000
dump-mem: mem[0x90002F2C +: 4] = 0x44800000
dump-mem: mem[0x90002F30 +: 4] = 0x44800000
dump-mem: mem[0x90002F34 +: 4] = 0x44800000
dump-mem: mem[0x90002F38 +: 4] = 0x44800000
dump-mem: mem[0x90002F3C +: 4] = 0x44800000
dump-mem: mem[0x90002F40 +: 4] = 0x44800000
dump-mem: mem[0x90002F44 +: 4] = 0x44800000
dump-mem: mem[0x90002F48 +: 4] = 0x44800000
dump-mem: mem[0x90002F4C +: 4] = 0x44800000
dump-mem: mem[0x90002F50 +: 4] = 0x44800000
dump-mem: mem[0x90002F54 +: 4] = 0x44800000
dump-mem: mem[0x90002F58 +: 4] = 0x44800000
dump-mem: mem[0x90002F5C +: 4] = 0x44800000
dump-mem: mem[0x90002F60 +: 4] = 0x44800000
dump-mem: mem[0x90002F64 +: 4] = 0x44800000
dump-mem: mem[0x90002F68 +: 4] = 0x44800000
dump-mem: mem[0x90002F6C +: 4] = 0x44800000
dump-mem: mem[0x90002F70 +: 4] = 0x44800000
dump-mem: mem[0x90002F74 +: 4] = 0x44800000
dump-mem: mem[0x90002F78 +: 4] = 0x44800000
dump-mem: mem[0x90002F7C +: 4] = 0x44800000
dump-mem: mem[0x90002F80 +: 4] = 0x44800000
dump-mem: mem[0x90002F84 +: 4] = 0x44800000
dump-mem: mem[0x90002F88 +: 4] = 0x44800000
dump-mem: mem[0x90002F8C +: 4] = 0x44800000
dump-mem: mem[0x90002F90 +: 4] = 0x44800000
dump-mem: mem[0x90002F94 +: 4] = 0x44800000
dump-mem: mem[0x90002F98 +: 4] = 0x44800000
dump-mem: mem[0x90002F9C +: 4] = 0x44800000
dump-mem: mem[0x90002FA0 +: 4] = 0x44800000
dump-mem: mem[0x90002FA4 +: 4] = 0x44800000
dump-mem: mem[0x90002FA8 +: 4] = 0x44800000
dump-mem: mem[0x90002FAC +: 4] = 0x44800000
dump-mem: mem[0x90002FB0 +: 4] = 0x44800000
dump-mem: mem[0x90002FB4 +: 4] = 0x44800000
dump-mem: mem[0x90002FB8 +: 4] = 0x44800000
dump-mem: mem[0x90002FBC +: 4] = 0x44800000
dump-mem: mem[0x90002FC0 +: 4] = 0x44800000
dump-mem: mem[0x90002FC4 +: 4] = 0x44800000
dump-mem: mem[0x90002FC8 +: 4] = 0x44800000
dump-mem: mem[0x90002FCC +: 4] = 0x44800000
dump-mem: mem[0x90002FD0 +: 4] = 0x44800000
dump-mem: mem[0x90002FD4 +: 4] = 0x44800000
dump-mem: mem[0x90002FD8 +: 4] = 0x44800000
dump-mem: mem[0x90002FDC +: 4] = 0x44800000
dump-mem: mem[0x90002FE0 +: 4] = 0x44800000
dump-mem: mem[0x90002FE4 +: 4] = 0x44800000
dump-mem: mem[0x90002FE8 +: 4] = 0x44800000
dump-mem: mem[0x90002FEC +: 4] = 0x44800000
dump-mem: mem[0x90002FF0 +: 4] = 0x44800000
dump-mem: mem[0x90002FF4 +: 4] = 0x44800000
dump-mem: mem[0x90002FF8 +: 4] = 0x44800000
dump-mem: mem[0x90002FFC +: 4] = 0x44800000
[RTL     info]@1227445 Simulation finished in 1227445 unit time
- S i m u l a t i o n   R e p o r t: Verilator 5.049 devel
- Verilator: end at 1us; walltime 385.144 s; speed 3.187 ns/s
- Verilator: cpu 1540.074 s on 4 threads; allocated 583 MB
[RTL    debug]@1227445 All snapshot process are cleared, OK
