[L1C] #     65 SM 0 CACHE 0 ADDR 80000000
sm   0 warp 0 0x80000000 0x900002b7 x  5  90000000
sm   0 warp 0 0x80000004 0x0002a083 lsu.r x   1 op 0 @ 90000000+00000000
[L1C] #    260 SM 0 CACHE 1 ADDR 90000000
sm   0 warp 0 0x80000004 0x0002a083 x  1  00000000
sm   0 warp 0 0x80000008 0x0002a083 lsu.r x   1 op 0 @ 90000000+00000000
sm   0 warp 0 0x80000008 0x0002a083 x  1  00000000
sm   0 warp 0 0x8000000c 0x0002a083 lsu.r x   1 op 0 @ 90000000+00000000
sm   0 warp 0 0x8000000c 0x0002a083 x  1  00000000
sm   0 warp 0 0x80000010 0x0002a083 lsu.r x   1 op 0 @ 90000000+00000000
sm   0 warp 0 0x80000010 0x0002a083 x  1  00000000
sm   0 warp 0 0x80000014 0x0002a083 lsu.r x   1 op 0 @ 90000000+00000000
sm   0 warp 0 0x80000014 0x0002a083 x  1  00000000
sm   0 warp 0 0x80000018 0x0002a083 lsu.r x   1 op 0 @ 90000000+00000000
sm   0 warp 0 0x80000018 0x0002a083 x  1  00000000
sm   0 warp 0 0x8000001c 0x0002a083 lsu.r x   1 op 0 @ 90000000+00000000
sm   0 warp 0 0x8000001c 0x0002a083 x  1  00000000
sm   0 warp 0 0x80000020 0x0002a083 lsu.r x   1 op 0 @ 90000000+00000000
sm   0 warp 0 0x80000020 0x0002a083 x  1  00000000
sm   0 warp 0 0x80000024 0x0002a083 lsu.r x   1 op 0 @ 90000000+00000000
sm   0 warp 0 0x80000024 0x0002a083 x  1  00000000
sm   0 warp 0 0x80000028 0x0002a083 lsu.r x   1 op 0 @ 90000000+00000000
sm   0 warp 0 0x80000028 0x0002a083 x  1  00000000
sm   0 warp 0 0x8000002c 0x0002a083 lsu.r x   1 op 0 @ 90000000+00000000
sm   0 warp 0 0x8000002c 0x0002a083 x  1  00000000
sm   0 warp 0 0x80000030 0x0002a083 lsu.r x   1 op 0 @ 90000000+00000000
sm   0 warp 0 0x80000030 0x0002a083 x  1  00000000
sm   0 warp 0 0x80000034 0x0002a083 lsu.r x   1 op 0 @ 90000000+00000000
sm   0 warp 0 0x80000034 0x0002a083 x  1  00000000
sm   0 warp 0 0x80000038 0x0002a083 lsu.r x   1 op 0 @ 90000000+00000000
sm   0 warp 0 0x80000038 0x0002a083 x  1  00000000
sm   0 warp 0 0x8000003c 0x0002a083 lsu.r x   1 op 0 @ 90000000+00000000
sm   0 warp 0 0x8000003c 0x0002a083 x  1  00000000
sm   0 warp 0 0x80000040 0x0002a083 lsu.r x   1 op 0 @ 90000000+00000000
sm   0 warp 0 0x80000044 0x90002137 x  2  90002000
sm   0 warp 0 0x80000040 0x0002a083 x  1  00000000
sm   0 warp 0 0x80000048 0x00112023 lsu.w x   1 op 0 00000000 @ 90002000+00000000
sm   0 warp 0 0x8000004c 0x0000400b endprg
[L1C] #    453 SM 0 CACHE 1 ADDR 90002000
sm   0 warp 0 0x80000048 0x00112023 lsu.w finish
[L1C] #    470 SM 0 CACHE 1 ADDR 9d0f7f80
[L1C] #   1501 SM 0 CACHE 1 ADDR 9d0f7f80
