
Warning: (W569) sc_module(const char*), sc_module(const std::string&) have been deprecated, use sc_module(const sc_module_name&): RamulatorWrapper
In file: ${REMOTE_FLOW_ROOT}/deps/systemc/src/sysc/kernel/sc_module.cpp:248
Create new vmem for kernel repeat_load-64, ptroot=0x1000 [trace main.cpp:83]
Start loading data for kernel repeat_load-64, ptroot=0x1000 [trace main.cpp:188]
kernel 0 repeat_load-64 initialized, size={1,1,1} @0ns,0 [info context_model.cpp:23]

Warning: (W509) module construction not properly completed: did you forget to add a sc_module_name parameter to your module constructor?: module 'RamulatorWrapper'
In file: ${REMOTE_FLOW_ROOT}/deps/systemc/src/sysc/kernel/sc_module.cpp:409
SM 1 warp 1 receive kernel 0 repeat_load-64 block 0 warp 0 @15ns,1 [trace BASE.cpp:244]
SM 1 warp 1 0x80000000               LUI_0x900002b7 WB x[005]=0x90000000 @75ns,1 [trace regfile.cpp:87]
SM 1 warp 1 0x80000004                LW_0x0002a083 mask=FFFFFFFF MEMADDR 90000000 @115ns,1 [trace exec_lsu.cpp:189]
SM 1 warp 1 0x80000004                LW_0x0002a083 WB x[001]=0x00000000 @125ns,1 [trace regfile.cpp:87]
SM 1 warp 1 0x80000008                LW_0x0002a083 mask=FFFFFFFF MEMADDR 90000000 @165ns,1 [trace exec_lsu.cpp:189]
SM 1 warp 1 0x80000008                LW_0x0002a083 WB x[001]=0x00000000 @175ns,1 [trace regfile.cpp:87]
SM 1 warp 1 0x8000000c                LW_0x0002a083 mask=FFFFFFFF MEMADDR 90000000 @215ns,1 [trace exec_lsu.cpp:189]
SM 1 warp 1 0x8000000c                LW_0x0002a083 WB x[001]=0x00000000 @225ns,1 [trace regfile.cpp:87]
SM 1 warp 1 0x80000010                LW_0x0002a083 mask=FFFFFFFF MEMADDR 90000000 @265ns,1 [trace exec_lsu.cpp:189]
SM 1 warp 1 0x80000010                LW_0x0002a083 WB x[001]=0x00000000 @275ns,1 [trace regfile.cpp:87]
SM 1 warp 1 0x80000014                LW_0x0002a083 mask=FFFFFFFF MEMADDR 90000000 @315ns,1 [trace exec_lsu.cpp:189]
SM 1 warp 1 0x80000014                LW_0x0002a083 WB x[001]=0x00000000 @325ns,1 [trace regfile.cpp:87]
SM 1 warp 1 0x80000018                LW_0x0002a083 mask=FFFFFFFF MEMADDR 90000000 @365ns,1 [trace exec_lsu.cpp:189]
SM 1 warp 1 0x80000018                LW_0x0002a083 WB x[001]=0x00000000 @375ns,1 [trace regfile.cpp:87]
SM 1 warp 1 0x8000001c                LW_0x0002a083 mask=FFFFFFFF MEMADDR 90000000 @415ns,1 [trace exec_lsu.cpp:189]
SM 1 warp 1 0x8000001c                LW_0x0002a083 WB x[001]=0x00000000 @425ns,1 [trace regfile.cpp:87]
SM 1 warp 1 0x80000020                LW_0x0002a083 mask=FFFFFFFF MEMADDR 90000000 @465ns,1 [trace exec_lsu.cpp:189]
SM 1 warp 1 0x80000020                LW_0x0002a083 WB x[001]=0x00000000 @475ns,1 [trace regfile.cpp:87]
SM 1 warp 1 0x80000024                LW_0x0002a083 mask=FFFFFFFF MEMADDR 90000000 @515ns,1 [trace exec_lsu.cpp:189]
SM 1 warp 1 0x80000024                LW_0x0002a083 WB x[001]=0x00000000 @525ns,1 [trace regfile.cpp:87]
SM 1 warp 1 0x80000028                LW_0x0002a083 mask=FFFFFFFF MEMADDR 90000000 @565ns,1 [trace exec_lsu.cpp:189]
SM 1 warp 1 0x80000028                LW_0x0002a083 WB x[001]=0x00000000 @575ns,1 [trace regfile.cpp:87]
SM 1 warp 1 0x8000002c                LW_0x0002a083 mask=FFFFFFFF MEMADDR 90000000 @615ns,1 [trace exec_lsu.cpp:189]
SM 1 warp 1 0x8000002c                LW_0x0002a083 WB x[001]=0x00000000 @625ns,1 [trace regfile.cpp:87]
SM 1 warp 1 0x80000030                LW_0x0002a083 mask=FFFFFFFF MEMADDR 90000000 @665ns,1 [trace exec_lsu.cpp:189]
SM 1 warp 1 0x80000030                LW_0x0002a083 WB x[001]=0x00000000 @675ns,1 [trace regfile.cpp:87]
SM 1 warp 1 0x80000034                LW_0x0002a083 mask=FFFFFFFF MEMADDR 90000000 @715ns,1 [trace exec_lsu.cpp:189]
SM 1 warp 1 0x80000034                LW_0x0002a083 WB x[001]=0x00000000 @725ns,1 [trace regfile.cpp:87]
SM 1 warp 1 0x80000038                LW_0x0002a083 mask=FFFFFFFF MEMADDR 90000000 @765ns,1 [trace exec_lsu.cpp:189]
SM 1 warp 1 0x80000038                LW_0x0002a083 WB x[001]=0x00000000 @775ns,1 [trace regfile.cpp:87]
SM 1 warp 1 0x8000003c                LW_0x0002a083 mask=FFFFFFFF MEMADDR 90000000 @815ns,1 [trace exec_lsu.cpp:189]
SM 1 warp 1 0x8000003c                LW_0x0002a083 WB x[001]=0x00000000 @825ns,1 [trace regfile.cpp:87]
SM 1 warp 1 0x80000040                LW_0x0002a083 mask=FFFFFFFF MEMADDR 90000000 @865ns,1 [trace exec_lsu.cpp:189]
SM 1 warp 1 0x80000040                LW_0x0002a083 WB x[001]=0x00000000 @875ns,1 [trace regfile.cpp:87]
SM 1 warp 1 0x80000044                LW_0x0002a083 mask=FFFFFFFF MEMADDR 90000000 @915ns,1 [trace exec_lsu.cpp:189]
SM 1 warp 1 0x80000044                LW_0x0002a083 WB x[001]=0x00000000 @925ns,1 [trace regfile.cpp:87]
SM 1 warp 1 0x80000048                LW_0x0002a083 mask=FFFFFFFF MEMADDR 90000000 @965ns,1 [trace exec_lsu.cpp:189]
SM 1 warp 1 0x80000048                LW_0x0002a083 WB x[001]=0x00000000 @975ns,1 [trace regfile.cpp:87]
SM 1 warp 1 0x8000004c                LW_0x0002a083 mask=FFFFFFFF MEMADDR 90000000 @1015ns,1 [trace exec_lsu.cpp:189]
SM 1 warp 1 0x8000004c                LW_0x0002a083 WB x[001]=0x00000000 @1025ns,1 [trace regfile.cpp:87]
SM 1 warp 1 0x80000050                LW_0x0002a083 mask=FFFFFFFF MEMADDR 90000000 @1065ns,1 [trace exec_lsu.cpp:189]
SM 1 warp 1 0x80000050                LW_0x0002a083 WB x[001]=0x00000000 @1075ns,1 [trace regfile.cpp:87]
SM 1 warp 1 0x80000054                LW_0x0002a083 mask=FFFFFFFF MEMADDR 90000000 @1115ns,1 [trace exec_lsu.cpp:189]
SM 1 warp 1 0x80000054                LW_0x0002a083 WB x[001]=0x00000000 @1125ns,1 [trace regfile.cpp:87]
SM 1 warp 1 0x80000058                LW_0x0002a083 mask=FFFFFFFF MEMADDR 90000000 @1165ns,1 [trace exec_lsu.cpp:189]
SM 1 warp 1 0x80000058                LW_0x0002a083 WB x[001]=0x00000000 @1175ns,1 [trace regfile.cpp:87]
SM 1 warp 1 0x8000005c                LW_0x0002a083 mask=FFFFFFFF MEMADDR 90000000 @1215ns,1 [trace exec_lsu.cpp:189]
SM 1 warp 1 0x8000005c                LW_0x0002a083 WB x[001]=0x00000000 @1225ns,1 [trace regfile.cpp:87]
SM 1 warp 1 0x80000060                LW_0x0002a083 mask=FFFFFFFF MEMADDR 90000000 @1265ns,1 [trace exec_lsu.cpp:189]
SM 1 warp 1 0x80000060                LW_0x0002a083 WB x[001]=0x00000000 @1275ns,1 [trace regfile.cpp:87]
SM 1 warp 1 0x80000064                LW_0x0002a083 mask=FFFFFFFF MEMADDR 90000000 @1315ns,1 [trace exec_lsu.cpp:189]
SM 1 warp 1 0x80000064                LW_0x0002a083 WB x[001]=0x00000000 @1325ns,1 [trace regfile.cpp:87]
SM 1 warp 1 0x80000068                LW_0x0002a083 mask=FFFFFFFF MEMADDR 90000000 @1365ns,1 [trace exec_lsu.cpp:189]
SM 1 warp 1 0x80000068                LW_0x0002a083 WB x[001]=0x00000000 @1375ns,1 [trace regfile.cpp:87]
SM 1 warp 1 0x8000006c                LW_0x0002a083 mask=FFFFFFFF MEMADDR 90000000 @1415ns,1 [trace exec_lsu.cpp:189]
SM 1 warp 1 0x8000006c                LW_0x0002a083 WB x[001]=0x00000000 @1425ns,1 [trace regfile.cpp:87]
SM 1 warp 1 0x80000070                LW_0x0002a083 mask=FFFFFFFF MEMADDR 90000000 @1465ns,1 [trace exec_lsu.cpp:189]
SM 1 warp 1 0x80000070                LW_0x0002a083 WB x[001]=0x00000000 @1475ns,1 [trace regfile.cpp:87]
SM 1 warp 1 0x80000074                LW_0x0002a083 mask=FFFFFFFF MEMADDR 90000000 @1515ns,1 [trace exec_lsu.cpp:189]
SM 1 warp 1 0x80000074                LW_0x0002a083 WB x[001]=0x00000000 @1525ns,1 [trace regfile.cpp:87]
SM 1 warp 1 0x80000078                LW_0x0002a083 mask=FFFFFFFF MEMADDR 90000000 @1565ns,1 [trace exec_lsu.cpp:189]
SM 1 warp 1 0x80000078                LW_0x0002a083 WB x[001]=0x00000000 @1575ns,1 [trace regfile.cpp:87]
SM 1 warp 1 0x8000007c                LW_0x0002a083 mask=FFFFFFFF MEMADDR 90000000 @1615ns,1 [trace exec_lsu.cpp:189]
SM 1 warp 1 0x8000007c                LW_0x0002a083 WB x[001]=0x00000000 @1625ns,1 [trace regfile.cpp:87]
SM 1 warp 1 0x80000080                LW_0x0002a083 mask=FFFFFFFF MEMADDR 90000000 @1665ns,1 [trace exec_lsu.cpp:189]
SM 1 warp 1 0x80000080                LW_0x0002a083 WB x[001]=0x00000000 @1675ns,1 [trace regfile.cpp:87]
SM 1 warp 1 0x80000084                LW_0x0002a083 mask=FFFFFFFF MEMADDR 90000000 @1715ns,1 [trace exec_lsu.cpp:189]
SM 1 warp 1 0x80000084                LW_0x0002a083 WB x[001]=0x00000000 @1725ns,1 [trace regfile.cpp:87]
SM 1 warp 1 0x80000088                LW_0x0002a083 mask=FFFFFFFF MEMADDR 90000000 @1765ns,1 [trace exec_lsu.cpp:189]
SM 1 warp 1 0x80000088                LW_0x0002a083 WB x[001]=0x00000000 @1775ns,1 [trace regfile.cpp:87]
SM 1 warp 1 0x8000008c                LW_0x0002a083 mask=FFFFFFFF MEMADDR 90000000 @1815ns,1 [trace exec_lsu.cpp:189]
SM 1 warp 1 0x8000008c                LW_0x0002a083 WB x[001]=0x00000000 @1825ns,1 [trace regfile.cpp:87]
SM 1 warp 1 0x80000090                LW_0x0002a083 mask=FFFFFFFF MEMADDR 90000000 @1865ns,1 [trace exec_lsu.cpp:189]
SM 1 warp 1 0x80000090                LW_0x0002a083 WB x[001]=0x00000000 @1875ns,1 [trace regfile.cpp:87]
SM 1 warp 1 0x80000094                LW_0x0002a083 mask=FFFFFFFF MEMADDR 90000000 @1915ns,1 [trace exec_lsu.cpp:189]
SM 1 warp 1 0x80000094                LW_0x0002a083 WB x[001]=0x00000000 @1925ns,1 [trace regfile.cpp:87]
SM 1 warp 1 0x80000098                LW_0x0002a083 mask=FFFFFFFF MEMADDR 90000000 @1965ns,1 [trace exec_lsu.cpp:189]
SM 1 warp 1 0x80000098                LW_0x0002a083 WB x[001]=0x00000000 @1975ns,1 [trace regfile.cpp:87]
SM 1 warp 1 0x8000009c                LW_0x0002a083 mask=FFFFFFFF MEMADDR 90000000 @2015ns,1 [trace exec_lsu.cpp:189]
SM 1 warp 1 0x8000009c                LW_0x0002a083 WB x[001]=0x00000000 @2025ns,1 [trace regfile.cpp:87]
SM 1 warp 1 0x800000a0                LW_0x0002a083 mask=FFFFFFFF MEMADDR 90000000 @2065ns,1 [trace exec_lsu.cpp:189]
SM 1 warp 1 0x800000a0                LW_0x0002a083 WB x[001]=0x00000000 @2075ns,1 [trace regfile.cpp:87]
SM 1 warp 1 0x800000a4                LW_0x0002a083 mask=FFFFFFFF MEMADDR 90000000 @2115ns,1 [trace exec_lsu.cpp:189]
SM 1 warp 1 0x800000a4                LW_0x0002a083 WB x[001]=0x00000000 @2125ns,1 [trace regfile.cpp:87]
SM 1 warp 1 0x800000a8                LW_0x0002a083 mask=FFFFFFFF MEMADDR 90000000 @2165ns,1 [trace exec_lsu.cpp:189]
SM 1 warp 1 0x800000a8                LW_0x0002a083 WB x[001]=0x00000000 @2175ns,1 [trace regfile.cpp:87]
SM 1 warp 1 0x800000ac                LW_0x0002a083 mask=FFFFFFFF MEMADDR 90000000 @2215ns,1 [trace exec_lsu.cpp:189]
SM 1 warp 1 0x800000ac                LW_0x0002a083 WB x[001]=0x00000000 @2225ns,1 [trace regfile.cpp:87]
SM 1 warp 1 0x800000b0                LW_0x0002a083 mask=FFFFFFFF MEMADDR 90000000 @2265ns,1 [trace exec_lsu.cpp:189]
SM 1 warp 1 0x800000b0                LW_0x0002a083 WB x[001]=0x00000000 @2275ns,1 [trace regfile.cpp:87]
SM 1 warp 1 0x800000b4                LW_0x0002a083 mask=FFFFFFFF MEMADDR 90000000 @2315ns,1 [trace exec_lsu.cpp:189]
SM 1 warp 1 0x800000b4                LW_0x0002a083 WB x[001]=0x00000000 @2325ns,1 [trace regfile.cpp:87]
SM 1 warp 1 0x800000b8                LW_0x0002a083 mask=FFFFFFFF MEMADDR 90000000 @2365ns,1 [trace exec_lsu.cpp:189]
SM 1 warp 1 0x800000b8                LW_0x0002a083 WB x[001]=0x00000000 @2375ns,1 [trace regfile.cpp:87]
SM 1 warp 1 0x800000bc                LW_0x0002a083 mask=FFFFFFFF MEMADDR 90000000 @2415ns,1 [trace exec_lsu.cpp:189]
SM 1 warp 1 0x800000bc                LW_0x0002a083 WB x[001]=0x00000000 @2425ns,1 [trace regfile.cpp:87]
SM 1 warp 1 0x800000c0                LW_0x0002a083 mask=FFFFFFFF MEMADDR 90000000 @2465ns,1 [trace exec_lsu.cpp:189]
SM 1 warp 1 0x800000c0                LW_0x0002a083 WB x[001]=0x00000000 @2475ns,1 [trace regfile.cpp:87]
SM 1 warp 1 0x800000c4                LW_0x0002a083 mask=FFFFFFFF MEMADDR 90000000 @2515ns,1 [trace exec_lsu.cpp:189]
SM 1 warp 1 0x800000c4                LW_0x0002a083 WB x[001]=0x00000000 @2525ns,1 [trace regfile.cpp:87]
SM 1 warp 1 0x800000c8                LW_0x0002a083 mask=FFFFFFFF MEMADDR 90000000 @2565ns,1 [trace exec_lsu.cpp:189]
SM 1 warp 1 0x800000c8                LW_0x0002a083 WB x[001]=0x00000000 @2575ns,1 [trace regfile.cpp:87]
SM 1 warp 1 0x800000cc                LW_0x0002a083 mask=FFFFFFFF MEMADDR 90000000 @2615ns,1 [trace exec_lsu.cpp:189]
SM 1 warp 1 0x800000cc                LW_0x0002a083 WB x[001]=0x00000000 @2625ns,1 [trace regfile.cpp:87]
SM 1 warp 1 0x800000d0                LW_0x0002a083 mask=FFFFFFFF MEMADDR 90000000 @2665ns,1 [trace exec_lsu.cpp:189]
SM 1 warp 1 0x800000d0                LW_0x0002a083 WB x[001]=0x00000000 @2675ns,1 [trace regfile.cpp:87]
SM 1 warp 1 0x800000d4                LW_0x0002a083 mask=FFFFFFFF MEMADDR 90000000 @2715ns,1 [trace exec_lsu.cpp:189]
SM 1 warp 1 0x800000d4                LW_0x0002a083 WB x[001]=0x00000000 @2725ns,1 [trace regfile.cpp:87]
SM 1 warp 1 0x800000d8                LW_0x0002a083 mask=FFFFFFFF MEMADDR 90000000 @2765ns,1 [trace exec_lsu.cpp:189]
SM 1 warp 1 0x800000d8                LW_0x0002a083 WB x[001]=0x00000000 @2775ns,1 [trace regfile.cpp:87]
SM 1 warp 1 0x800000dc                LW_0x0002a083 mask=FFFFFFFF MEMADDR 90000000 @2815ns,1 [trace exec_lsu.cpp:189]
SM 1 warp 1 0x800000dc                LW_0x0002a083 WB x[001]=0x00000000 @2825ns,1 [trace regfile.cpp:87]
SM 1 warp 1 0x800000e0                LW_0x0002a083 mask=FFFFFFFF MEMADDR 90000000 @2865ns,1 [trace exec_lsu.cpp:189]
SM 1 warp 1 0x800000e0                LW_0x0002a083 WB x[001]=0x00000000 @2875ns,1 [trace regfile.cpp:87]
SM 1 warp 1 0x800000e4                LW_0x0002a083 mask=FFFFFFFF MEMADDR 90000000 @2915ns,1 [trace exec_lsu.cpp:189]
SM 1 warp 1 0x800000e4                LW_0x0002a083 WB x[001]=0x00000000 @2925ns,1 [trace regfile.cpp:87]
SM 1 warp 1 0x800000e8                LW_0x0002a083 mask=FFFFFFFF MEMADDR 90000000 @2965ns,1 [trace exec_lsu.cpp:189]
SM 1 warp 1 0x800000e8                LW_0x0002a083 WB x[001]=0x00000000 @2975ns,1 [trace regfile.cpp:87]
SM 1 warp 1 0x800000ec                LW_0x0002a083 mask=FFFFFFFF MEMADDR 90000000 @3015ns,1 [trace exec_lsu.cpp:189]
SM 1 warp 1 0x800000ec                LW_0x0002a083 WB x[001]=0x00000000 @3025ns,1 [trace regfile.cpp:87]
SM 1 warp 1 0x800000f0                LW_0x0002a083 mask=FFFFFFFF MEMADDR 90000000 @3065ns,1 [trace exec_lsu.cpp:189]
SM 1 warp 1 0x800000f0                LW_0x0002a083 WB x[001]=0x00000000 @3075ns,1 [trace regfile.cpp:87]
SM 1 warp 1 0x800000f4                LW_0x0002a083 mask=FFFFFFFF MEMADDR 90000000 @3115ns,1 [trace exec_lsu.cpp:189]
SM 1 warp 1 0x800000f4                LW_0x0002a083 WB x[001]=0x00000000 @3125ns,1 [trace regfile.cpp:87]
SM 1 warp 1 0x800000f8                LW_0x0002a083 mask=FFFFFFFF MEMADDR 90000000 @3165ns,1 [trace exec_lsu.cpp:189]
SM 1 warp 1 0x800000f8                LW_0x0002a083 WB x[001]=0x00000000 @3175ns,1 [trace regfile.cpp:87]
SM 1 warp 1 0x800000fc                LW_0x0002a083 mask=FFFFFFFF MEMADDR 90000000 @3215ns,1 [trace exec_lsu.cpp:189]
SM 1 warp 1 0x800000fc                LW_0x0002a083 WB x[001]=0x00000000 @3225ns,1 [trace regfile.cpp:87]
SM 1 warp 1 0x80000100                LW_0x0002a083 mask=FFFFFFFF MEMADDR 90000000 @3265ns,1 [trace exec_lsu.cpp:189]
SM 1 warp 1 0x80000100                LW_0x0002a083 WB x[001]=0x00000000 @3275ns,1 [trace regfile.cpp:87]
SM 1 warp 1 0x80000104               LUI_0x90002137 WB x[002]=0x90002000 @3305ns,1 [trace regfile.cpp:87]
SM 1 warp 1 0x80000108                SW_0x00112023 mask=FFFFFFFF ADDR 90002000, DATA 0 @3345ns,1 [trace exec_lsu.cpp:183]
SM 1 warp 1 0x8000010c            ENDPRG_0x0000400b endprg @3365ns,1 [trace warp_scheduler.cpp:50]
kernel 0 repeat_load-64 block 0 finished @3375ns,1 [debug CTA_Scheduler.cpp:179]
kernel 0 repeat_load-64 finished @3375ns,1 [info context_model.cpp:32]
TEST_OUTPUT 0 0
TEST_KERNEL_FINISH_NS 3375
Simulation finished at time 3380
