[RTL     info]@0 SNAPSHOT created, pid=3680400
[RTL    trace]@20 Hardware reset ok
[2026-10-06 12:19:52.599] [trace] kernel0 · δηN^ data loaded from file
[RTL    trace]@30 kernel 0 shared-4-rf0-lds4 activate
[RTL    debug]@5125 block0  dispatched to GPU (kernel0  shared-4-rf0-lds4 block0 )
[RTL    debug]@9185 block0  finished (kernel0  shared-4-rf0-lds4 block0 )
[RTL     info]@9185 kernel0  shared-4-rf0-lds4 finished
[RTL    debug]@10000 
[RTL    debug]@20000 
[RTL    debug]@30000 
[RTL    debug]@40000 
[RTL    debug]@50000 
dump-mem: mem[0x90002000 +: 4] = 0x41400000
dump-mem: mem[0x90002004 +: 4] = 0xC2000000
dump-mem: mem[0x90002008 +: 4] = 0x40800000
dump-mem: mem[0x9000200C +: 4] = 0xC1A00000
dump-mem: mem[0x90002010 +: 4] = 0x40800000
dump-mem: mem[0x90002014 +: 4] = 0x40800000
dump-mem: mem[0x90002018 +: 4] = 0xC2100000
dump-mem: mem[0x9000201C +: 4] = 0x42800000
dump-mem: mem[0x90002020 +: 4] = 0xC2000000
dump-mem: mem[0x90002024 +: 4] = 0x41400000
dump-mem: mem[0x90002028 +: 4] = 0x42100000
dump-mem: mem[0x9000202C +: 4] = 0xC1A00000
dump-mem: mem[0x90002030 +: 4] = 0x42900000
dump-mem: mem[0x90002034 +: 4] = 0xC2100000
dump-mem: mem[0x90002038 +: 4] = 0xC0800000
dump-mem: mem[0x9000203C +: 4] = 0x41000000
dump-mem: mem[0x90002040 +: 4] = 0x00000000
dump-mem: mem[0x90002044 +: 4] = 0x00000000
dump-mem: mem[0x90002048 +: 4] = 0x00000000
dump-mem: mem[0x9000204C +: 4] = 0x00000000
dump-mem: mem[0x90002050 +: 4] = 0x00000000
dump-mem: mem[0x90002054 +: 4] = 0x00000000
dump-mem: mem[0x90002058 +: 4] = 0x00000000
dump-mem: mem[0x9000205C +: 4] = 0x00000000
dump-mem: mem[0x90002060 +: 4] = 0x00000000
dump-mem: mem[0x90002064 +: 4] = 0x00000000
dump-mem: mem[0x90002068 +: 4] = 0x00000000
dump-mem: mem[0x9000206C +: 4] = 0x00000000
dump-mem: mem[0x90002070 +: 4] = 0x00000000
dump-mem: mem[0x90002074 +: 4] = 0x00000000
dump-mem: mem[0x90002078 +: 4] = 0x00000000
dump-mem: mem[0x9000207C +: 4] = 0x00000000
[RTL     info]@59185 Simulation finished in 59185 unit time
- S i m u l a t i o n   R e p o r t: Verilator 5.049 devel
- Verilator: end at 59ns; walltime 17.965 s; speed 3.294 ns/s
- Verilator: cpu 71.586 s on 4 threads; allocated 585 MB
[RTL    debug]@59185 All snapshot process are cleared, OK
