[RTL     info]@0 SNAPSHOT created, pid=642584
[RTL    trace]@20 Hardware reset ok
[2026-10-06 23:41:59.075] [trace] kernel0 reload data loaded from file
[RTL    trace]@30 kernel 0 reload activate
[RTL    debug]@5125 block0  dispatched to GPU (kernel0  reload block0 )
[RTL    debug]@10000 
[RTL    debug]@20000 
[RTL    debug]@21585 block0  finished (kernel0  reload block0 )
[RTL     info]@21585 kernel0  reload finished
[RTL    debug]@30000 
[RTL    debug]@40000 
[RTL    debug]@50000 
[RTL    debug]@60000 
[RTL    debug]@70000 
dump-mem: mem[0x90002000 +: 4] = 0x42C00000
dump-mem: mem[0x90002004 +: 4] = 0xC3800000
dump-mem: mem[0x90002008 +: 4] = 0x42000000
dump-mem: mem[0x9000200C +: 4] = 0xC3200000
dump-mem: mem[0x90002010 +: 4] = 0x42000000
dump-mem: mem[0x90002014 +: 4] = 0x42000000
dump-mem: mem[0x90002018 +: 4] = 0xC3900000
dump-mem: mem[0x9000201C +: 4] = 0x44000000
dump-mem: mem[0x90002020 +: 4] = 0xC3800000
dump-mem: mem[0x90002024 +: 4] = 0x42C00000
dump-mem: mem[0x90002028 +: 4] = 0x43900000
dump-mem: mem[0x9000202C +: 4] = 0xC3200000
dump-mem: mem[0x90002030 +: 4] = 0x44100000
dump-mem: mem[0x90002034 +: 4] = 0xC3900000
dump-mem: mem[0x90002038 +: 4] = 0xC2000000
dump-mem: mem[0x9000203C +: 4] = 0x42800000
dump-mem: mem[0x90002040 +: 4] = 0x00000000
dump-mem: mem[0x90002044 +: 4] = 0x00000000
dump-mem: mem[0x90002048 +: 4] = 0x00000000
dump-mem: mem[0x9000204C +: 4] = 0x00000000
dump-mem: mem[0x90002050 +: 4] = 0x00000000
dump-mem: mem[0x90002054 +: 4] = 0x00000000
dump-mem: mem[0x90002058 +: 4] = 0x00000000
dump-mem: mem[0x9000205C +: 4] = 0x00000000
dump-mem: mem[0x90002060 +: 4] = 0x00000000
dump-mem: mem[0x90002064 +: 4] = 0x00000000
dump-mem: mem[0x90002068 +: 4] = 0x00000000
dump-mem: mem[0x9000206C +: 4] = 0x00000000
dump-mem: mem[0x90002070 +: 4] = 0x00000000
dump-mem: mem[0x90002074 +: 4] = 0x00000000
dump-mem: mem[0x90002078 +: 4] = 0x00000000
dump-mem: mem[0x9000207C +: 4] = 0x00000000
[RTL     info]@71585 Simulation finished in 71585 unit time
- S i m u l a t i o n   R e p o r t: Verilator 5.049 devel
- Verilator: end at 72ns; walltime 23.331 s; speed 3.068 ns/s
- Verilator: cpu 93.049 s on 4 threads; allocated 583 MB
[RTL    debug]@71585 All snapshot process are cleared, OK
