[L1C] #    525 SM 0 CACHE 0 ADDR 80000000
sm   0 warp 0 0x80000000 0x000002b7 x  5  00000000
sm   0 warp 0 0x80000004 0x5e02cfd7 v 31 11111111111111111111111111111111 00000000 00000000 00000000 00000000 00000000 00000000 00000000 00000000 00000000 00000000 00000000 00000000 00000000 00000000 00000000 00000000 00000000 00000000 00000000 00000000 00000000 00000000 00000000 00000000 00000000 00000000 00000000 00000000 00000000 00000000 00000000 00000000 
sm   0 warp 0 0x80000008 0x3c8002b7 x  5  3c800000
sm   0 warp 0 0x8000000c 0x5e02c857 v 16 11111111111111111111111111111111 3c800000 3c800000 3c800000 3c800000 3c800000 3c800000 3c800000 3c800000 3c800000 3c800000 3c800000 3c800000 3c800000 3c800000 3c800000 3c800000 3c800000 3c800000 3c800000 3c800000 3c800000 3c800000 3c800000 3c800000 3c800000 3c800000 3c800000 3c800000 3c800000 3c800000 3c800000 3c800000 
sm   0 warp 0 0x80000010 0x3727c2b7 x  5  3727c000
sm   0 warp 0 0x80000014 0x5ac28293 x  5  3727c5ac
sm   0 warp 0 0x80000018 0x5e02c8d7 v 17 11111111111111111111111111111111 3727c5ac 3727c5ac 3727c5ac 3727c5ac 3727c5ac 3727c5ac 3727c5ac 3727c5ac 3727c5ac 3727c5ac 3727c5ac 3727c5ac 3727c5ac 3727c5ac 3727c5ac 3727c5ac 3727c5ac 3727c5ac 3727c5ac 3727c5ac 3727c5ac 3727c5ac 3727c5ac 3727c5ac 3727c5ac 3727c5ac 3727c5ac 3727c5ac 3727c5ac 3727c5ac 3727c5ac 3727c5ac 
sm   0 warp 0 0x8000001c 0x3f0002b7 x  5  3f000000
sm   0 warp 0 0x80000020 0x5e02c957 v 18 11111111111111111111111111111111 3f000000 3f000000 3f000000 3f000000 3f000000 3f000000 3f000000 3f000000 3f000000 3f000000 3f000000 3f000000 3f000000 3f000000 3f000000 3f000000 3f000000 3f000000 3f000000 3f000000 3f000000 3f000000 3f000000 3f000000 3f000000 3f000000 3f000000 3f000000 3f000000 3f000000 3f000000 3f000000 
sm   0 warp 0 0x80000024 0x3fc002b7 x  5  3fc00000
sm   0 warp 0 0x80000028 0x5e02c9d7 v 19 11111111111111111111111111111111 3fc00000 3fc00000 3fc00000 3fc00000 3fc00000 3fc00000 3fc00000 3fc00000 3fc00000 3fc00000 3fc00000 3fc00000 3fc00000 3fc00000 3fc00000 3fc00000 3fc00000 3fc00000 3fc00000 3fc00000 3fc00000 3fc00000 3fc00000 3fc00000 3fc00000 3fc00000 3fc00000 3fc00000 3fc00000 3fc00000 3fc00000 3fc00000 
sm   0 warp 0 0x8000002c 0x5f3762b7 x  5  5f376000
sm   0 warp 0 0x80000030 0x9df28293 x  5  5f3759df
sm   0 warp 0 0x80000034 0x5e02ca57 v 20 11111111111111111111111111111111 5f3759df 5f3759df 5f3759df 5f3759df 5f3759df 5f3759df 5f3759df 5f3759df 5f3759df 5f3759df 5f3759df 5f3759df 5f3759df 5f3759df 5f3759df 5f3759df 5f3759df 5f3759df 5f3759df 5f3759df 5f3759df 5f3759df 5f3759df 5f3759df 5f3759df 5f3759df 5f3759df 5f3759df 5f3759df 5f3759df 5f3759df 5f3759df 
sm   0 warp 0 0x80000038 0x2bff80d7 v  1 11111111111111111111111111111111 00000000 00000000 00000000 00000000 00000000 00000000 00000000 00000000 00000000 00000000 00000000 00000000 00000000 00000000 00000000 00000000 00000000 00000000 00000000 00000000 00000000 00000000 00000000 00000000 00000000 00000000 00000000 00000000 00000000 00000000 00000000 00000000 
sm   0 warp 0 0x8000003c 0x2bff8157 v  2 11111111111111111111111111111111 00000000 00000000 00000000 00000000 00000000 00000000 00000000 00000000 00000000 00000000 00000000 00000000 00000000 00000000 00000000 00000000 00000000 00000000 00000000 00000000 00000000 00000000 00000000 00000000 00000000 00000000 00000000 00000000 00000000 00000000 00000000 00000000 
sm   0 warp 0 0x80000040 0x90000337 x  6  90000000
sm   0 warp 0 0x80000044 0x5208a557 v 10 11111111111111111111111111111111 0000001f 0000001e 0000001d 0000001c 0000001b 0000001a 00000019 00000018 00000017 00000016 00000015 00000014 00000013 00000012 00000011 00000010 0000000f 0000000e 0000000d 0000000c 0000000b 0000000a 00000009 00000008 00000007 00000006 00000005 00000004 00000003 00000002 00000001 00000000 
sm   0 warp 0 0x80000048 0x96a13557 v 10 11111111111111111111111111111111 0000007c 00000078 00000074 00000070 0000006c 00000068 00000064 00000060 0000005c 00000058 00000054 00000050 0000004c 00000048 00000044 00000040 0000003c 00000038 00000034 00000030 0000002c 00000028 00000024 00000020 0000001c 00000018 00000014 00000010 0000000c 00000008 00000004 00000000 
sm   0 warp 0 0x8000004c 0x02a34557 v 10 11111111111111111111111111111111 9000007c 90000078 90000074 90000070 9000006c 90000068 90000064 90000060 9000005c 90000058 90000054 90000050 9000004c 90000048 90000044 90000040 9000003c 90000038 90000034 90000030 9000002c 90000028 90000024 90000020 9000001c 90000018 90000014 90000010 9000000c 90000008 90000004 90000000 
sm   0 warp 0 0x80000050 0x000521fb lsu.r v  3 op 3 @ 9000007c 90000078 90000074 90000070 9000006c 90000068 90000064 90000060 9000005c 90000058 90000054 90000050 9000004c 90000048 90000044 90000040 9000003c 90000038 90000034 90000030 9000002c 90000028 90000024 90000020 9000001c 90000018 90000014 90000010 9000000c 90000008 90000004 90000000
[L1C] #    631 SM 0 CACHE 1 ADDR 90000000
sm   0 warp 0 0x80000050 0x000521fb v  3 11111111111111111111111111111111 40800000 40800000 40800000 40800000 40800000 40800000 40800000 40800000 40800000 40800000 40800000 40800000 40800000 40800000 40800000 40800000 40800000 40800000 40800000 40800000 40800000 40800000 40800000 40800000 40800000 40800000 40800000 40800000 40800000 40800000 40800000 40800000 
sm   0 warp 0 0x80000054 0x023090d7 v  1 11111111111111111111111111111111 40800000 40800000 40800000 40800000 40800000 40800000 40800000 40800000 40800000 40800000 40800000 40800000 40800000 40800000 40800000 40800000 40800000 40800000 40800000 40800000 40800000 40800000 40800000 40800000 40800000 40800000 40800000 40800000 40800000 40800000 40800000 40800000 
sm   0 warp 0 0x8000005c 0x90000337 x  6  90000000
sm   0 warp 0 0x80000058 0xb2319157 v  2 11111111111111111111111111111111 41800000 41800000 41800000 41800000 41800000 41800000 41800000 41800000 41800000 41800000 41800000 41800000 41800000 41800000 41800000 41800000 41800000 41800000 41800000 41800000 41800000 41800000 41800000 41800000 41800000 41800000 41800000 41800000 41800000 41800000 41800000 41800000 
[L1C] #    664 SM 0 CACHE 0 ADDR 80000080
sm   0 warp 0 0x80000060 0x08030313 x  6  90000080
sm   0 warp 0 0x80000064 0x5208a557 v 10 11111111111111111111111111111111 0000001f 0000001e 0000001d 0000001c 0000001b 0000001a 00000019 00000018 00000017 00000016 00000015 00000014 00000013 00000012 00000011 00000010 0000000f 0000000e 0000000d 0000000c 0000000b 0000000a 00000009 00000008 00000007 00000006 00000005 00000004 00000003 00000002 00000001 00000000 
sm   0 warp 0 0x80000068 0x96a13557 v 10 11111111111111111111111111111111 0000007c 00000078 00000074 00000070 0000006c 00000068 00000064 00000060 0000005c 00000058 00000054 00000050 0000004c 00000048 00000044 00000040 0000003c 00000038 00000034 00000030 0000002c 00000028 00000024 00000020 0000001c 00000018 00000014 00000010 0000000c 00000008 00000004 00000000 
sm   0 warp 0 0x8000006c 0x02a34557 v 10 11111111111111111111111111111111 900000fc 900000f8 900000f4 900000f0 900000ec 900000e8 900000e4 900000e0 900000dc 900000d8 900000d4 900000d0 900000cc 900000c8 900000c4 900000c0 900000bc 900000b8 900000b4 900000b0 900000ac 900000a8 900000a4 900000a0 9000009c 90000098 90000094 90000090 9000008c 90000088 90000084 90000080 
sm   0 warp 0 0x80000070 0x000521fb lsu.r v  3 op 3 @ 900000fc 900000f8 900000f4 900000f0 900000ec 900000e8 900000e4 900000e0 900000dc 900000d8 900000d4 900000d0 900000cc 900000c8 900000c4 900000c0 900000bc 900000b8 900000b4 900000b0 900000ac 900000a8 900000a4 900000a0 9000009c 90000098 90000094 90000090 9000008c 90000088 90000084 90000080
[L1C] #    688 SM 0 CACHE 1 ADDR 90000080
sm   0 warp 0 0x80000070 0x000521fb v  3 11111111111111111111111111111111 40800000 40800000 40800000 40800000 40800000 40800000 40800000 40800000 40800000 40800000 40800000 40800000 40800000 40800000 40800000 40800000 40800000 40800000 40800000 40800000 40800000 40800000 40800000 40800000 40800000 40800000 40800000 40800000 40800000 40800000 40800000 40800000 
sm   0 warp 0 0x80000074 0x023090d7 v  1 11111111111111111111111111111111 41000000 41000000 41000000 41000000 41000000 41000000 41000000 41000000 41000000 41000000 41000000 41000000 41000000 41000000 41000000 41000000 41000000 41000000 41000000 41000000 41000000 41000000 41000000 41000000 41000000 41000000 41000000 41000000 41000000 41000000 41000000 41000000 
sm   0 warp 0 0x8000007c 0x70000337 x  6  70000000
sm   0 warp 0 0x80000080 0x5208a557 v 10 11111111111111111111111111111111 0000001f 0000001e 0000001d 0000001c 0000001b 0000001a 00000019 00000018 00000017 00000016 00000015 00000014 00000013 00000012 00000011 00000010 0000000f 0000000e 0000000d 0000000c 0000000b 0000000a 00000009 00000008 00000007 00000006 00000005 00000004 00000003 00000002 00000001 00000000 
sm   0 warp 0 0x80000078 0xb2319157 v  2 11111111111111111111111111111111 42000000 42000000 42000000 42000000 42000000 42000000 42000000 42000000 42000000 42000000 42000000 42000000 42000000 42000000 42000000 42000000 42000000 42000000 42000000 42000000 42000000 42000000 42000000 42000000 42000000 42000000 42000000 42000000 42000000 42000000 42000000 42000000 
sm   0 warp 0 0x80000084 0x96a13557 v 10 11111111111111111111111111111111 0000007c 00000078 00000074 00000070 0000006c 00000068 00000064 00000060 0000005c 00000058 00000054 00000050 0000004c 00000048 00000044 00000040 0000003c 00000038 00000034 00000030 0000002c 00000028 00000024 00000020 0000001c 00000018 00000014 00000010 0000000c 00000008 00000004 00000000 
sm   0 warp 0 0x80000088 0x02a34557 v 10 11111111111111111111111111111111 7000007c 70000078 70000074 70000070 7000006c 70000068 70000064 70000060 7000005c 70000058 70000054 70000050 7000004c 70000048 70000044 70000040 7000003c 70000038 70000034 70000030 7000002c 70000028 70000024 70000020 7000001c 70000018 70000014 70000010 7000000c 70000008 70000004 70000000 
sm   0 warp 0 0x8000008c 0x0015607b lsu.w v  1 op 3 mask 11111111111111111111111111111111 41000000 41000000 41000000 41000000 41000000 41000000 41000000 41000000 41000000 41000000 41000000 41000000 41000000 41000000 41000000 41000000 41000000 41000000 41000000 41000000 41000000 41000000 41000000 41000000 41000000 41000000 41000000 41000000 41000000 41000000 41000000 41000000 @ 7000007c 70000078 70000074 70000070 7000006c 70000068 70000064 70000060 7000005c 70000058 70000054 70000050 7000004c 70000048 70000044 70000040 7000003c 70000038 70000034 70000030 7000002c 70000028 70000024 70000020 7000001c 70000018 70000014 70000010 7000000c 70000008 70000004 70000000
sm   0 warp 0 0x80000090 0x70000337 x  6  70000000
sm   0 warp 0 0x80000094 0x5208a557 v 10 11111111111111111111111111111111 0000001f 0000001e 0000001d 0000001c 0000001b 0000001a 00000019 00000018 00000017 00000016 00000015 00000014 00000013 00000012 00000011 00000010 0000000f 0000000e 0000000d 0000000c 0000000b 0000000a 00000009 00000008 00000007 00000006 00000005 00000004 00000003 00000002 00000001 00000000 
sm   0 warp 0 0x80000098 0x000003b7 x  7  00000000
sm   0 warp 0 0x8000008c 0x0015607b lsu.w finish
sm   0 warp 0 0x8000009c 0x01038393 x  7  00000010
sm   0 warp 0 0x800000a0 0x02a3c557 v 10 11111111111111111111111111111111 0000002f 0000002e 0000002d 0000002c 0000002b 0000002a 00000029 00000028 00000027 00000026 00000025 00000024 00000023 00000022 00000021 00000020 0000001f 0000001e 0000001d 0000001c 0000001b 0000001a 00000019 00000018 00000017 00000016 00000015 00000014 00000013 00000012 00000011 00000010 
sm   0 warp 0 0x800000a4 0x000003b7 x  7  00000000
sm   0 warp 0 0x800000a8 0x01f38393 x  7  0000001f
sm   0 warp 0 0x800000ac 0x26a3c557 v 10 11111111111111111111111111111111 0000000f 0000000e 0000000d 0000000c 0000000b 0000000a 00000009 00000008 00000007 00000006 00000005 00000004 00000003 00000002 00000001 00000000 0000001f 0000001e 0000001d 0000001c 0000001b 0000001a 00000019 00000018 00000017 00000016 00000015 00000014 00000013 00000012 00000011 00000010 
sm   0 warp 0 0x800000b0 0x96a13557 v 10 11111111111111111111111111111111 0000003c 00000038 00000034 00000030 0000002c 00000028 00000024 00000020 0000001c 00000018 00000014 00000010 0000000c 00000008 00000004 00000000 0000007c 00000078 00000074 00000070 0000006c 00000068 00000064 00000060 0000005c 00000058 00000054 00000050 0000004c 00000048 00000044 00000040 
sm   0 warp 0 0x800000b4 0x02a34557 v 10 11111111111111111111111111111111 7000003c 70000038 70000034 70000030 7000002c 70000028 70000024 70000020 7000001c 70000018 70000014 70000010 7000000c 70000008 70000004 70000000 7000007c 70000078 70000074 70000070 7000006c 70000068 70000064 70000060 7000005c 70000058 70000054 70000050 7000004c 70000048 70000044 70000040 
sm   0 warp 0 0x800000b8 0x0005227b lsu.r v  4 op 3 @ 7000003c 70000038 70000034 70000030 7000002c 70000028 70000024 70000020 7000001c 70000018 70000014 70000010 7000000c 70000008 70000004 70000000 7000007c 70000078 70000074 70000070 7000006c 70000068 70000064 70000060 7000005c 70000058 70000054 70000050 7000004c 70000048 70000044 70000040
sm   0 warp 0 0x800000b8 0x0005227b v  4 11111111111111111111111111111111 41000000 41000000 41000000 41000000 41000000 41000000 41000000 41000000 41000000 41000000 41000000 41000000 41000000 41000000 41000000 41000000 41000000 41000000 41000000 41000000 41000000 41000000 41000000 41000000 41000000 41000000 41000000 41000000 41000000 41000000 41000000 41000000 
sm   0 warp 0 0x800000c0 0x70000337 x  6  70000000
sm   0 warp 0 0x800000bc 0x024090d7 v  1 11111111111111111111111111111111 41800000 41800000 41800000 41800000 41800000 41800000 41800000 41800000 41800000 41800000 41800000 41800000 41800000 41800000 41800000 41800000 41800000 41800000 41800000 41800000 41800000 41800000 41800000 41800000 41800000 41800000 41800000 41800000 41800000 41800000 41800000 41800000 
sm   0 warp 0 0x800000c4 0x5208a557 v 10 11111111111111111111111111111111 0000001f 0000001e 0000001d 0000001c 0000001b 0000001a 00000019 00000018 00000017 00000016 00000015 00000014 00000013 00000012 00000011 00000010 0000000f 0000000e 0000000d 0000000c 0000000b 0000000a 00000009 00000008 00000007 00000006 00000005 00000004 00000003 00000002 00000001 00000000 
sm   0 warp 0 0x800000c8 0x96a13557 v 10 11111111111111111111111111111111 0000007c 00000078 00000074 00000070 0000006c 00000068 00000064 00000060 0000005c 00000058 00000054 00000050 0000004c 00000048 00000044 00000040 0000003c 00000038 00000034 00000030 0000002c 00000028 00000024 00000020 0000001c 00000018 00000014 00000010 0000000c 00000008 00000004 00000000 
sm   0 warp 0 0x800000cc 0x02a34557 v 10 11111111111111111111111111111111 7000007c 70000078 70000074 70000070 7000006c 70000068 70000064 70000060 7000005c 70000058 70000054 70000050 7000004c 70000048 70000044 70000040 7000003c 70000038 70000034 70000030 7000002c 70000028 70000024 70000020 7000001c 70000018 70000014 70000010 7000000c 70000008 70000004 70000000 
sm   0 warp 0 0x800000d0 0x0015607b lsu.w v  1 op 3 mask 11111111111111111111111111111111 41800000 41800000 41800000 41800000 41800000 41800000 41800000 41800000 41800000 41800000 41800000 41800000 41800000 41800000 41800000 41800000 41800000 41800000 41800000 41800000 41800000 41800000 41800000 41800000 41800000 41800000 41800000 41800000 41800000 41800000 41800000 41800000 @ 7000007c 70000078 70000074 70000070 7000006c 70000068 70000064 70000060 7000005c 70000058 70000054 70000050 7000004c 70000048 70000044 70000040 7000003c 70000038 70000034 70000030 7000002c 70000028 70000024 70000020 7000001c 70000018 70000014 70000010 7000000c 70000008 70000004 70000000
sm   0 warp 0 0x800000d4 0x70000337 x  6  70000000
sm   0 warp 0 0x800000d8 0x5208a557 v 10 11111111111111111111111111111111 0000001f 0000001e 0000001d 0000001c 0000001b 0000001a 00000019 00000018 00000017 00000016 00000015 00000014 00000013 00000012 00000011 00000010 0000000f 0000000e 0000000d 0000000c 0000000b 0000000a 00000009 00000008 00000007 00000006 00000005 00000004 00000003 00000002 00000001 00000000 
sm   0 warp 0 0x800000dc 0x000003b7 x  7  00000000
sm   0 warp 0 0x800000d0 0x0015607b lsu.w finish
[L1C] #    817 SM 0 CACHE 0 ADDR 80000100
sm   0 warp 0 0x800000e0 0x00838393 x  7  00000008
sm   0 warp 0 0x800000e4 0x02a3c557 v 10 11111111111111111111111111111111 00000027 00000026 00000025 00000024 00000023 00000022 00000021 00000020 0000001f 0000001e 0000001d 0000001c 0000001b 0000001a 00000019 00000018 00000017 00000016 00000015 00000014 00000013 00000012 00000011 00000010 0000000f 0000000e 0000000d 0000000c 0000000b 0000000a 00000009 00000008 
sm   0 warp 0 0x800000e8 0x000003b7 x  7  00000000
sm   0 warp 0 0x800000ec 0x01f38393 x  7  0000001f
sm   0 warp 0 0x800000f0 0x26a3c557 v 10 11111111111111111111111111111111 00000007 00000006 00000005 00000004 00000003 00000002 00000001 00000000 0000001f 0000001e 0000001d 0000001c 0000001b 0000001a 00000019 00000018 00000017 00000016 00000015 00000014 00000013 00000012 00000011 00000010 0000000f 0000000e 0000000d 0000000c 0000000b 0000000a 00000009 00000008 
sm   0 warp 0 0x800000f4 0x96a13557 v 10 11111111111111111111111111111111 0000001c 00000018 00000014 00000010 0000000c 00000008 00000004 00000000 0000007c 00000078 00000074 00000070 0000006c 00000068 00000064 00000060 0000005c 00000058 00000054 00000050 0000004c 00000048 00000044 00000040 0000003c 00000038 00000034 00000030 0000002c 00000028 00000024 00000020 
sm   0 warp 0 0x800000f8 0x02a34557 v 10 11111111111111111111111111111111 7000001c 70000018 70000014 70000010 7000000c 70000008 70000004 70000000 7000007c 70000078 70000074 70000070 7000006c 70000068 70000064 70000060 7000005c 70000058 70000054 70000050 7000004c 70000048 70000044 70000040 7000003c 70000038 70000034 70000030 7000002c 70000028 70000024 70000020 
sm   0 warp 0 0x800000fc 0x0005227b lsu.r v  4 op 3 @ 7000001c 70000018 70000014 70000010 7000000c 70000008 70000004 70000000 7000007c 70000078 70000074 70000070 7000006c 70000068 70000064 70000060 7000005c 70000058 70000054 70000050 7000004c 70000048 70000044 70000040 7000003c 70000038 70000034 70000030 7000002c 70000028 70000024 70000020
sm   0 warp 0 0x800000fc 0x0005227b v  4 11111111111111111111111111111111 41800000 41800000 41800000 41800000 41800000 41800000 41800000 41800000 41800000 41800000 41800000 41800000 41800000 41800000 41800000 41800000 41800000 41800000 41800000 41800000 41800000 41800000 41800000 41800000 41800000 41800000 41800000 41800000 41800000 41800000 41800000 41800000 
sm   0 warp 0 0x80000104 0x70000337 x  6  70000000
sm   0 warp 0 0x80000100 0x024090d7 v  1 11111111111111111111111111111111 42000000 42000000 42000000 42000000 42000000 42000000 42000000 42000000 42000000 42000000 42000000 42000000 42000000 42000000 42000000 42000000 42000000 42000000 42000000 42000000 42000000 42000000 42000000 42000000 42000000 42000000 42000000 42000000 42000000 42000000 42000000 42000000 
sm   0 warp 0 0x80000108 0x5208a557 v 10 11111111111111111111111111111111 0000001f 0000001e 0000001d 0000001c 0000001b 0000001a 00000019 00000018 00000017 00000016 00000015 00000014 00000013 00000012 00000011 00000010 0000000f 0000000e 0000000d 0000000c 0000000b 0000000a 00000009 00000008 00000007 00000006 00000005 00000004 00000003 00000002 00000001 00000000 
sm   0 warp 0 0x8000010c 0x96a13557 v 10 11111111111111111111111111111111 0000007c 00000078 00000074 00000070 0000006c 00000068 00000064 00000060 0000005c 00000058 00000054 00000050 0000004c 00000048 00000044 00000040 0000003c 00000038 00000034 00000030 0000002c 00000028 00000024 00000020 0000001c 00000018 00000014 00000010 0000000c 00000008 00000004 00000000 
sm   0 warp 0 0x80000110 0x02a34557 v 10 11111111111111111111111111111111 7000007c 70000078 70000074 70000070 7000006c 70000068 70000064 70000060 7000005c 70000058 70000054 70000050 7000004c 70000048 70000044 70000040 7000003c 70000038 70000034 70000030 7000002c 70000028 70000024 70000020 7000001c 70000018 70000014 70000010 7000000c 70000008 70000004 70000000 
sm   0 warp 0 0x80000114 0x0015607b lsu.w v  1 op 3 mask 11111111111111111111111111111111 42000000 42000000 42000000 42000000 42000000 42000000 42000000 42000000 42000000 42000000 42000000 42000000 42000000 42000000 42000000 42000000 42000000 42000000 42000000 42000000 42000000 42000000 42000000 42000000 42000000 42000000 42000000 42000000 42000000 42000000 42000000 42000000 @ 7000007c 70000078 70000074 70000070 7000006c 70000068 70000064 70000060 7000005c 70000058 70000054 70000050 7000004c 70000048 70000044 70000040 7000003c 70000038 70000034 70000030 7000002c 70000028 70000024 70000020 7000001c 70000018 70000014 70000010 7000000c 70000008 70000004 70000000
sm   0 warp 0 0x80000118 0x70000337 x  6  70000000
sm   0 warp 0 0x8000011c 0x5208a557 v 10 11111111111111111111111111111111 0000001f 0000001e 0000001d 0000001c 0000001b 0000001a 00000019 00000018 00000017 00000016 00000015 00000014 00000013 00000012 00000011 00000010 0000000f 0000000e 0000000d 0000000c 0000000b 0000000a 00000009 00000008 00000007 00000006 00000005 00000004 00000003 00000002 00000001 00000000 
sm   0 warp 0 0x80000120 0x000003b7 x  7  00000000
sm   0 warp 0 0x80000114 0x0015607b lsu.w finish
sm   0 warp 0 0x80000124 0x00438393 x  7  00000004
sm   0 warp 0 0x80000128 0x02a3c557 v 10 11111111111111111111111111111111 00000023 00000022 00000021 00000020 0000001f 0000001e 0000001d 0000001c 0000001b 0000001a 00000019 00000018 00000017 00000016 00000015 00000014 00000013 00000012 00000011 00000010 0000000f 0000000e 0000000d 0000000c 0000000b 0000000a 00000009 00000008 00000007 00000006 00000005 00000004 
sm   0 warp 0 0x8000012c 0x000003b7 x  7  00000000
sm   0 warp 0 0x80000130 0x01f38393 x  7  0000001f
sm   0 warp 0 0x80000134 0x26a3c557 v 10 11111111111111111111111111111111 00000003 00000002 00000001 00000000 0000001f 0000001e 0000001d 0000001c 0000001b 0000001a 00000019 00000018 00000017 00000016 00000015 00000014 00000013 00000012 00000011 00000010 0000000f 0000000e 0000000d 0000000c 0000000b 0000000a 00000009 00000008 00000007 00000006 00000005 00000004 
sm   0 warp 0 0x80000138 0x96a13557 v 10 11111111111111111111111111111111 0000000c 00000008 00000004 00000000 0000007c 00000078 00000074 00000070 0000006c 00000068 00000064 00000060 0000005c 00000058 00000054 00000050 0000004c 00000048 00000044 00000040 0000003c 00000038 00000034 00000030 0000002c 00000028 00000024 00000020 0000001c 00000018 00000014 00000010 
sm   0 warp 0 0x8000013c 0x02a34557 v 10 11111111111111111111111111111111 7000000c 70000008 70000004 70000000 7000007c 70000078 70000074 70000070 7000006c 70000068 70000064 70000060 7000005c 70000058 70000054 70000050 7000004c 70000048 70000044 70000040 7000003c 70000038 70000034 70000030 7000002c 70000028 70000024 70000020 7000001c 70000018 70000014 70000010 
sm   0 warp 0 0x80000140 0x0005227b lsu.r v  4 op 3 @ 7000000c 70000008 70000004 70000000 7000007c 70000078 70000074 70000070 7000006c 70000068 70000064 70000060 7000005c 70000058 70000054 70000050 7000004c 70000048 70000044 70000040 7000003c 70000038 70000034 70000030 7000002c 70000028 70000024 70000020 7000001c 70000018 70000014 70000010
sm   0 warp 0 0x80000140 0x0005227b v  4 11111111111111111111111111111111 42000000 42000000 42000000 42000000 42000000 42000000 42000000 42000000 42000000 42000000 42000000 42000000 42000000 42000000 42000000 42000000 42000000 42000000 42000000 42000000 42000000 42000000 42000000 42000000 42000000 42000000 42000000 42000000 42000000 42000000 42000000 42000000 
sm   0 warp 0 0x80000148 0x70000337 x  6  70000000
sm   0 warp 0 0x80000144 0x024090d7 v  1 11111111111111111111111111111111 42800000 42800000 42800000 42800000 42800000 42800000 42800000 42800000 42800000 42800000 42800000 42800000 42800000 42800000 42800000 42800000 42800000 42800000 42800000 42800000 42800000 42800000 42800000 42800000 42800000 42800000 42800000 42800000 42800000 42800000 42800000 42800000 
sm   0 warp 0 0x8000014c 0x5208a557 v 10 11111111111111111111111111111111 0000001f 0000001e 0000001d 0000001c 0000001b 0000001a 00000019 00000018 00000017 00000016 00000015 00000014 00000013 00000012 00000011 00000010 0000000f 0000000e 0000000d 0000000c 0000000b 0000000a 00000009 00000008 00000007 00000006 00000005 00000004 00000003 00000002 00000001 00000000 
sm   0 warp 0 0x80000150 0x96a13557 v 10 11111111111111111111111111111111 0000007c 00000078 00000074 00000070 0000006c 00000068 00000064 00000060 0000005c 00000058 00000054 00000050 0000004c 00000048 00000044 00000040 0000003c 00000038 00000034 00000030 0000002c 00000028 00000024 00000020 0000001c 00000018 00000014 00000010 0000000c 00000008 00000004 00000000 
sm   0 warp 0 0x80000154 0x02a34557 v 10 11111111111111111111111111111111 7000007c 70000078 70000074 70000070 7000006c 70000068 70000064 70000060 7000005c 70000058 70000054 70000050 7000004c 70000048 70000044 70000040 7000003c 70000038 70000034 70000030 7000002c 70000028 70000024 70000020 7000001c 70000018 70000014 70000010 7000000c 70000008 70000004 70000000 
sm   0 warp 0 0x80000158 0x0015607b lsu.w v  1 op 3 mask 11111111111111111111111111111111 42800000 42800000 42800000 42800000 42800000 42800000 42800000 42800000 42800000 42800000 42800000 42800000 42800000 42800000 42800000 42800000 42800000 42800000 42800000 42800000 42800000 42800000 42800000 42800000 42800000 42800000 42800000 42800000 42800000 42800000 42800000 42800000 @ 7000007c 70000078 70000074 70000070 7000006c 70000068 70000064 70000060 7000005c 70000058 70000054 70000050 7000004c 70000048 70000044 70000040 7000003c 70000038 70000034 70000030 7000002c 70000028 70000024 70000020 7000001c 70000018 70000014 70000010 7000000c 70000008 70000004 70000000
sm   0 warp 0 0x8000015c 0x70000337 x  6  70000000
sm   0 warp 0 0x80000160 0x5208a557 v 10 11111111111111111111111111111111 0000001f 0000001e 0000001d 0000001c 0000001b 0000001a 00000019 00000018 00000017 00000016 00000015 00000014 00000013 00000012 00000011 00000010 0000000f 0000000e 0000000d 0000000c 0000000b 0000000a 00000009 00000008 00000007 00000006 00000005 00000004 00000003 00000002 00000001 00000000 
[L1C] #    959 SM 0 CACHE 0 ADDR 80000180
sm   0 warp 0 0x80000164 0x000003b7 x  7  00000000
sm   0 warp 0 0x80000158 0x0015607b lsu.w finish
sm   0 warp 0 0x80000168 0x00238393 x  7  00000002
sm   0 warp 0 0x8000016c 0x02a3c557 v 10 11111111111111111111111111111111 00000021 00000020 0000001f 0000001e 0000001d 0000001c 0000001b 0000001a 00000019 00000018 00000017 00000016 00000015 00000014 00000013 00000012 00000011 00000010 0000000f 0000000e 0000000d 0000000c 0000000b 0000000a 00000009 00000008 00000007 00000006 00000005 00000004 00000003 00000002 
sm   0 warp 0 0x80000170 0x000003b7 x  7  00000000
sm   0 warp 0 0x80000174 0x01f38393 x  7  0000001f
sm   0 warp 0 0x80000178 0x26a3c557 v 10 11111111111111111111111111111111 00000001 00000000 0000001f 0000001e 0000001d 0000001c 0000001b 0000001a 00000019 00000018 00000017 00000016 00000015 00000014 00000013 00000012 00000011 00000010 0000000f 0000000e 0000000d 0000000c 0000000b 0000000a 00000009 00000008 00000007 00000006 00000005 00000004 00000003 00000002 
sm   0 warp 0 0x8000017c 0x96a13557 v 10 11111111111111111111111111111111 00000004 00000000 0000007c 00000078 00000074 00000070 0000006c 00000068 00000064 00000060 0000005c 00000058 00000054 00000050 0000004c 00000048 00000044 00000040 0000003c 00000038 00000034 00000030 0000002c 00000028 00000024 00000020 0000001c 00000018 00000014 00000010 0000000c 00000008 
sm   0 warp 0 0x80000180 0x02a34557 v 10 11111111111111111111111111111111 70000004 70000000 7000007c 70000078 70000074 70000070 7000006c 70000068 70000064 70000060 7000005c 70000058 70000054 70000050 7000004c 70000048 70000044 70000040 7000003c 70000038 70000034 70000030 7000002c 70000028 70000024 70000020 7000001c 70000018 70000014 70000010 7000000c 70000008 
sm   0 warp 0 0x80000184 0x0005227b lsu.r v  4 op 3 @ 70000004 70000000 7000007c 70000078 70000074 70000070 7000006c 70000068 70000064 70000060 7000005c 70000058 70000054 70000050 7000004c 70000048 70000044 70000040 7000003c 70000038 70000034 70000030 7000002c 70000028 70000024 70000020 7000001c 70000018 70000014 70000010 7000000c 70000008
sm   0 warp 0 0x80000184 0x0005227b v  4 11111111111111111111111111111111 42800000 42800000 42800000 42800000 42800000 42800000 42800000 42800000 42800000 42800000 42800000 42800000 42800000 42800000 42800000 42800000 42800000 42800000 42800000 42800000 42800000 42800000 42800000 42800000 42800000 42800000 42800000 42800000 42800000 42800000 42800000 42800000 
sm   0 warp 0 0x8000018c 0x70000337 x  6  70000000
sm   0 warp 0 0x80000188 0x024090d7 v  1 11111111111111111111111111111111 43000000 43000000 43000000 43000000 43000000 43000000 43000000 43000000 43000000 43000000 43000000 43000000 43000000 43000000 43000000 43000000 43000000 43000000 43000000 43000000 43000000 43000000 43000000 43000000 43000000 43000000 43000000 43000000 43000000 43000000 43000000 43000000 
sm   0 warp 0 0x80000190 0x5208a557 v 10 11111111111111111111111111111111 0000001f 0000001e 0000001d 0000001c 0000001b 0000001a 00000019 00000018 00000017 00000016 00000015 00000014 00000013 00000012 00000011 00000010 0000000f 0000000e 0000000d 0000000c 0000000b 0000000a 00000009 00000008 00000007 00000006 00000005 00000004 00000003 00000002 00000001 00000000 
sm   0 warp 0 0x80000194 0x96a13557 v 10 11111111111111111111111111111111 0000007c 00000078 00000074 00000070 0000006c 00000068 00000064 00000060 0000005c 00000058 00000054 00000050 0000004c 00000048 00000044 00000040 0000003c 00000038 00000034 00000030 0000002c 00000028 00000024 00000020 0000001c 00000018 00000014 00000010 0000000c 00000008 00000004 00000000 
sm   0 warp 0 0x80000198 0x02a34557 v 10 11111111111111111111111111111111 7000007c 70000078 70000074 70000070 7000006c 70000068 70000064 70000060 7000005c 70000058 70000054 70000050 7000004c 70000048 70000044 70000040 7000003c 70000038 70000034 70000030 7000002c 70000028 70000024 70000020 7000001c 70000018 70000014 70000010 7000000c 70000008 70000004 70000000 
sm   0 warp 0 0x8000019c 0x0015607b lsu.w v  1 op 3 mask 11111111111111111111111111111111 43000000 43000000 43000000 43000000 43000000 43000000 43000000 43000000 43000000 43000000 43000000 43000000 43000000 43000000 43000000 43000000 43000000 43000000 43000000 43000000 43000000 43000000 43000000 43000000 43000000 43000000 43000000 43000000 43000000 43000000 43000000 43000000 @ 7000007c 70000078 70000074 70000070 7000006c 70000068 70000064 70000060 7000005c 70000058 70000054 70000050 7000004c 70000048 70000044 70000040 7000003c 70000038 70000034 70000030 7000002c 70000028 70000024 70000020 7000001c 70000018 70000014 70000010 7000000c 70000008 70000004 70000000
sm   0 warp 0 0x800001a0 0x70000337 x  6  70000000
sm   0 warp 0 0x800001a4 0x5208a557 v 10 11111111111111111111111111111111 0000001f 0000001e 0000001d 0000001c 0000001b 0000001a 00000019 00000018 00000017 00000016 00000015 00000014 00000013 00000012 00000011 00000010 0000000f 0000000e 0000000d 0000000c 0000000b 0000000a 00000009 00000008 00000007 00000006 00000005 00000004 00000003 00000002 00000001 00000000 
sm   0 warp 0 0x800001a8 0x000003b7 x  7  00000000
sm   0 warp 0 0x8000019c 0x0015607b lsu.w finish
sm   0 warp 0 0x800001ac 0x00138393 x  7  00000001
sm   0 warp 0 0x800001b0 0x02a3c557 v 10 11111111111111111111111111111111 00000020 0000001f 0000001e 0000001d 0000001c 0000001b 0000001a 00000019 00000018 00000017 00000016 00000015 00000014 00000013 00000012 00000011 00000010 0000000f 0000000e 0000000d 0000000c 0000000b 0000000a 00000009 00000008 00000007 00000006 00000005 00000004 00000003 00000002 00000001 
sm   0 warp 0 0x800001b4 0x000003b7 x  7  00000000
sm   0 warp 0 0x800001b8 0x01f38393 x  7  0000001f
sm   0 warp 0 0x800001bc 0x26a3c557 v 10 11111111111111111111111111111111 00000000 0000001f 0000001e 0000001d 0000001c 0000001b 0000001a 00000019 00000018 00000017 00000016 00000015 00000014 00000013 00000012 00000011 00000010 0000000f 0000000e 0000000d 0000000c 0000000b 0000000a 00000009 00000008 00000007 00000006 00000005 00000004 00000003 00000002 00000001 
sm   0 warp 0 0x800001c0 0x96a13557 v 10 11111111111111111111111111111111 00000000 0000007c 00000078 00000074 00000070 0000006c 00000068 00000064 00000060 0000005c 00000058 00000054 00000050 0000004c 00000048 00000044 00000040 0000003c 00000038 00000034 00000030 0000002c 00000028 00000024 00000020 0000001c 00000018 00000014 00000010 0000000c 00000008 00000004 
sm   0 warp 0 0x800001c4 0x02a34557 v 10 11111111111111111111111111111111 70000000 7000007c 70000078 70000074 70000070 7000006c 70000068 70000064 70000060 7000005c 70000058 70000054 70000050 7000004c 70000048 70000044 70000040 7000003c 70000038 70000034 70000030 7000002c 70000028 70000024 70000020 7000001c 70000018 70000014 70000010 7000000c 70000008 70000004 
sm   0 warp 0 0x800001c8 0x0005227b lsu.r v  4 op 3 @ 70000000 7000007c 70000078 70000074 70000070 7000006c 70000068 70000064 70000060 7000005c 70000058 70000054 70000050 7000004c 70000048 70000044 70000040 7000003c 70000038 70000034 70000030 7000002c 70000028 70000024 70000020 7000001c 70000018 70000014 70000010 7000000c 70000008 70000004
sm   0 warp 0 0x800001c8 0x0005227b v  4 11111111111111111111111111111111 43000000 43000000 43000000 43000000 43000000 43000000 43000000 43000000 43000000 43000000 43000000 43000000 43000000 43000000 43000000 43000000 43000000 43000000 43000000 43000000 43000000 43000000 43000000 43000000 43000000 43000000 43000000 43000000 43000000 43000000 43000000 43000000 
sm   0 warp 0 0x800001d0 0x70000337 x  6  70000000
sm   0 warp 0 0x800001cc 0x024090d7 v  1 11111111111111111111111111111111 43800000 43800000 43800000 43800000 43800000 43800000 43800000 43800000 43800000 43800000 43800000 43800000 43800000 43800000 43800000 43800000 43800000 43800000 43800000 43800000 43800000 43800000 43800000 43800000 43800000 43800000 43800000 43800000 43800000 43800000 43800000 43800000 
sm   0 warp 0 0x800001d4 0x5208a557 v 10 11111111111111111111111111111111 0000001f 0000001e 0000001d 0000001c 0000001b 0000001a 00000019 00000018 00000017 00000016 00000015 00000014 00000013 00000012 00000011 00000010 0000000f 0000000e 0000000d 0000000c 0000000b 0000000a 00000009 00000008 00000007 00000006 00000005 00000004 00000003 00000002 00000001 00000000 
sm   0 warp 0 0x800001d8 0x96a13557 v 10 11111111111111111111111111111111 0000007c 00000078 00000074 00000070 0000006c 00000068 00000064 00000060 0000005c 00000058 00000054 00000050 0000004c 00000048 00000044 00000040 0000003c 00000038 00000034 00000030 0000002c 00000028 00000024 00000020 0000001c 00000018 00000014 00000010 0000000c 00000008 00000004 00000000 
sm   0 warp 0 0x800001dc 0x02a34557 v 10 11111111111111111111111111111111 7000007c 70000078 70000074 70000070 7000006c 70000068 70000064 70000060 7000005c 70000058 70000054 70000050 7000004c 70000048 70000044 70000040 7000003c 70000038 70000034 70000030 7000002c 70000028 70000024 70000020 7000001c 70000018 70000014 70000010 7000000c 70000008 70000004 70000000 
[L1C] #   1096 SM 0 CACHE 0 ADDR 80000200
sm   0 warp 0 0x800001e0 0x0015607b lsu.w v  1 op 3 mask 11111111111111111111111111111111 43800000 43800000 43800000 43800000 43800000 43800000 43800000 43800000 43800000 43800000 43800000 43800000 43800000 43800000 43800000 43800000 43800000 43800000 43800000 43800000 43800000 43800000 43800000 43800000 43800000 43800000 43800000 43800000 43800000 43800000 43800000 43800000 @ 7000007c 70000078 70000074 70000070 7000006c 70000068 70000064 70000060 7000005c 70000058 70000054 70000050 7000004c 70000048 70000044 70000040 7000003c 70000038 70000034 70000030 7000002c 70000028 70000024 70000020 7000001c 70000018 70000014 70000010 7000000c 70000008 70000004 70000000
sm   0 warp 0 0x800001e4 0x70000337 x  6  70000000
sm   0 warp 0 0x800001e0 0x0015607b lsu.w finish
sm   0 warp 0 0x800001e8 0x10030313 x  6  70000100
sm   0 warp 0 0x800001ec 0x5208a557 v 10 11111111111111111111111111111111 0000001f 0000001e 0000001d 0000001c 0000001b 0000001a 00000019 00000018 00000017 00000016 00000015 00000014 00000013 00000012 00000011 00000010 0000000f 0000000e 0000000d 0000000c 0000000b 0000000a 00000009 00000008 00000007 00000006 00000005 00000004 00000003 00000002 00000001 00000000 
sm   0 warp 0 0x800001f0 0x96a13557 v 10 11111111111111111111111111111111 0000007c 00000078 00000074 00000070 0000006c 00000068 00000064 00000060 0000005c 00000058 00000054 00000050 0000004c 00000048 00000044 00000040 0000003c 00000038 00000034 00000030 0000002c 00000028 00000024 00000020 0000001c 00000018 00000014 00000010 0000000c 00000008 00000004 00000000 
sm   0 warp 0 0x800001f4 0x02a34557 v 10 11111111111111111111111111111111 7000017c 70000178 70000174 70000170 7000016c 70000168 70000164 70000160 7000015c 70000158 70000154 70000150 7000014c 70000148 70000144 70000140 7000013c 70000138 70000134 70000130 7000012c 70000128 70000124 70000120 7000011c 70000118 70000114 70000110 7000010c 70000108 70000104 70000100 
sm   0 warp 0 0x800001f8 0x0025607b lsu.w v  2 op 3 mask 11111111111111111111111111111111 42000000 42000000 42000000 42000000 42000000 42000000 42000000 42000000 42000000 42000000 42000000 42000000 42000000 42000000 42000000 42000000 42000000 42000000 42000000 42000000 42000000 42000000 42000000 42000000 42000000 42000000 42000000 42000000 42000000 42000000 42000000 42000000 @ 7000017c 70000178 70000174 70000170 7000016c 70000168 70000164 70000160 7000015c 70000158 70000154 70000150 7000014c 70000148 70000144 70000140 7000013c 70000138 70000134 70000130 7000012c 70000128 70000124 70000120 7000011c 70000118 70000114 70000110 7000010c 70000108 70000104 70000100
sm   0 warp 0 0x800001fc 0x70000337 x  6  70000000
sm   0 warp 0 0x800001f8 0x0025607b lsu.w finish
sm   0 warp 0 0x80000200 0x10030313 x  6  70000100
sm   0 warp 0 0x80000204 0x5208a557 v 10 11111111111111111111111111111111 0000001f 0000001e 0000001d 0000001c 0000001b 0000001a 00000019 00000018 00000017 00000016 00000015 00000014 00000013 00000012 00000011 00000010 0000000f 0000000e 0000000d 0000000c 0000000b 0000000a 00000009 00000008 00000007 00000006 00000005 00000004 00000003 00000002 00000001 00000000 
sm   0 warp 0 0x80000208 0x000003b7 x  7  00000000
sm   0 warp 0 0x8000020c 0x01038393 x  7  00000010
sm   0 warp 0 0x80000210 0x02a3c557 v 10 11111111111111111111111111111111 0000002f 0000002e 0000002d 0000002c 0000002b 0000002a 00000029 00000028 00000027 00000026 00000025 00000024 00000023 00000022 00000021 00000020 0000001f 0000001e 0000001d 0000001c 0000001b 0000001a 00000019 00000018 00000017 00000016 00000015 00000014 00000013 00000012 00000011 00000010 
sm   0 warp 0 0x80000214 0x000003b7 x  7  00000000
sm   0 warp 0 0x80000218 0x01f38393 x  7  0000001f
sm   0 warp 0 0x8000021c 0x26a3c557 v 10 11111111111111111111111111111111 0000000f 0000000e 0000000d 0000000c 0000000b 0000000a 00000009 00000008 00000007 00000006 00000005 00000004 00000003 00000002 00000001 00000000 0000001f 0000001e 0000001d 0000001c 0000001b 0000001a 00000019 00000018 00000017 00000016 00000015 00000014 00000013 00000012 00000011 00000010 
sm   0 warp 0 0x80000220 0x96a13557 v 10 11111111111111111111111111111111 0000003c 00000038 00000034 00000030 0000002c 00000028 00000024 00000020 0000001c 00000018 00000014 00000010 0000000c 00000008 00000004 00000000 0000007c 00000078 00000074 00000070 0000006c 00000068 00000064 00000060 0000005c 00000058 00000054 00000050 0000004c 00000048 00000044 00000040 
sm   0 warp 0 0x80000224 0x02a34557 v 10 11111111111111111111111111111111 7000013c 70000138 70000134 70000130 7000012c 70000128 70000124 70000120 7000011c 70000118 70000114 70000110 7000010c 70000108 70000104 70000100 7000017c 70000178 70000174 70000170 7000016c 70000168 70000164 70000160 7000015c 70000158 70000154 70000150 7000014c 70000148 70000144 70000140 
sm   0 warp 0 0x80000228 0x0005227b lsu.r v  4 op 3 @ 7000013c 70000138 70000134 70000130 7000012c 70000128 70000124 70000120 7000011c 70000118 70000114 70000110 7000010c 70000108 70000104 70000100 7000017c 70000178 70000174 70000170 7000016c 70000168 70000164 70000160 7000015c 70000158 70000154 70000150 7000014c 70000148 70000144 70000140
sm   0 warp 0 0x80000228 0x0005227b v  4 11111111111111111111111111111111 42000000 42000000 42000000 42000000 42000000 42000000 42000000 42000000 42000000 42000000 42000000 42000000 42000000 42000000 42000000 42000000 42000000 42000000 42000000 42000000 42000000 42000000 42000000 42000000 42000000 42000000 42000000 42000000 42000000 42000000 42000000 42000000 
sm   0 warp 0 0x80000230 0x70000337 x  6  70000000
sm   0 warp 0 0x8000022c 0x02411157 v  2 11111111111111111111111111111111 42800000 42800000 42800000 42800000 42800000 42800000 42800000 42800000 42800000 42800000 42800000 42800000 42800000 42800000 42800000 42800000 42800000 42800000 42800000 42800000 42800000 42800000 42800000 42800000 42800000 42800000 42800000 42800000 42800000 42800000 42800000 42800000 
sm   0 warp 0 0x80000234 0x10030313 x  6  70000100
sm   0 warp 0 0x80000238 0x5208a557 v 10 11111111111111111111111111111111 0000001f 0000001e 0000001d 0000001c 0000001b 0000001a 00000019 00000018 00000017 00000016 00000015 00000014 00000013 00000012 00000011 00000010 0000000f 0000000e 0000000d 0000000c 0000000b 0000000a 00000009 00000008 00000007 00000006 00000005 00000004 00000003 00000002 00000001 00000000 
sm   0 warp 0 0x8000023c 0x96a13557 v 10 11111111111111111111111111111111 0000007c 00000078 00000074 00000070 0000006c 00000068 00000064 00000060 0000005c 00000058 00000054 00000050 0000004c 00000048 00000044 00000040 0000003c 00000038 00000034 00000030 0000002c 00000028 00000024 00000020 0000001c 00000018 00000014 00000010 0000000c 00000008 00000004 00000000 
sm   0 warp 0 0x80000240 0x02a34557 v 10 11111111111111111111111111111111 7000017c 70000178 70000174 70000170 7000016c 70000168 70000164 70000160 7000015c 70000158 70000154 70000150 7000014c 70000148 70000144 70000140 7000013c 70000138 70000134 70000130 7000012c 70000128 70000124 70000120 7000011c 70000118 70000114 70000110 7000010c 70000108 70000104 70000100 
sm   0 warp 0 0x80000244 0x0025607b lsu.w v  2 op 3 mask 11111111111111111111111111111111 42800000 42800000 42800000 42800000 42800000 42800000 42800000 42800000 42800000 42800000 42800000 42800000 42800000 42800000 42800000 42800000 42800000 42800000 42800000 42800000 42800000 42800000 42800000 42800000 42800000 42800000 42800000 42800000 42800000 42800000 42800000 42800000 @ 7000017c 70000178 70000174 70000170 7000016c 70000168 70000164 70000160 7000015c 70000158 70000154 70000150 7000014c 70000148 70000144 70000140 7000013c 70000138 70000134 70000130 7000012c 70000128 70000124 70000120 7000011c 70000118 70000114 70000110 7000010c 70000108 70000104 70000100
sm   0 warp 0 0x80000248 0x70000337 x  6  70000000
sm   0 warp 0 0x80000244 0x0025607b lsu.w finish
sm   0 warp 0 0x8000024c 0x10030313 x  6  70000100
sm   0 warp 0 0x80000250 0x5208a557 v 10 11111111111111111111111111111111 0000001f 0000001e 0000001d 0000001c 0000001b 0000001a 00000019 00000018 00000017 00000016 00000015 00000014 00000013 00000012 00000011 00000010 0000000f 0000000e 0000000d 0000000c 0000000b 0000000a 00000009 00000008 00000007 00000006 00000005 00000004 00000003 00000002 00000001 00000000 
sm   0 warp 0 0x80000254 0x000003b7 x  7  00000000
sm   0 warp 0 0x80000258 0x00838393 x  7  00000008
sm   0 warp 0 0x8000025c 0x02a3c557 v 10 11111111111111111111111111111111 00000027 00000026 00000025 00000024 00000023 00000022 00000021 00000020 0000001f 0000001e 0000001d 0000001c 0000001b 0000001a 00000019 00000018 00000017 00000016 00000015 00000014 00000013 00000012 00000011 00000010 0000000f 0000000e 0000000d 0000000c 0000000b 0000000a 00000009 00000008 
[L1C] #   1231 SM 0 CACHE 0 ADDR 80000280
sm   0 warp 0 0x80000260 0x000003b7 x  7  00000000
sm   0 warp 0 0x80000264 0x01f38393 x  7  0000001f
sm   0 warp 0 0x80000268 0x26a3c557 v 10 11111111111111111111111111111111 00000007 00000006 00000005 00000004 00000003 00000002 00000001 00000000 0000001f 0000001e 0000001d 0000001c 0000001b 0000001a 00000019 00000018 00000017 00000016 00000015 00000014 00000013 00000012 00000011 00000010 0000000f 0000000e 0000000d 0000000c 0000000b 0000000a 00000009 00000008 
sm   0 warp 0 0x8000026c 0x96a13557 v 10 11111111111111111111111111111111 0000001c 00000018 00000014 00000010 0000000c 00000008 00000004 00000000 0000007c 00000078 00000074 00000070 0000006c 00000068 00000064 00000060 0000005c 00000058 00000054 00000050 0000004c 00000048 00000044 00000040 0000003c 00000038 00000034 00000030 0000002c 00000028 00000024 00000020 
sm   0 warp 0 0x80000270 0x02a34557 v 10 11111111111111111111111111111111 7000011c 70000118 70000114 70000110 7000010c 70000108 70000104 70000100 7000017c 70000178 70000174 70000170 7000016c 70000168 70000164 70000160 7000015c 70000158 70000154 70000150 7000014c 70000148 70000144 70000140 7000013c 70000138 70000134 70000130 7000012c 70000128 70000124 70000120 
sm   0 warp 0 0x80000274 0x0005227b lsu.r v  4 op 3 @ 7000011c 70000118 70000114 70000110 7000010c 70000108 70000104 70000100 7000017c 70000178 70000174 70000170 7000016c 70000168 70000164 70000160 7000015c 70000158 70000154 70000150 7000014c 70000148 70000144 70000140 7000013c 70000138 70000134 70000130 7000012c 70000128 70000124 70000120
sm   0 warp 0 0x80000274 0x0005227b v  4 11111111111111111111111111111111 42800000 42800000 42800000 42800000 42800000 42800000 42800000 42800000 42800000 42800000 42800000 42800000 42800000 42800000 42800000 42800000 42800000 42800000 42800000 42800000 42800000 42800000 42800000 42800000 42800000 42800000 42800000 42800000 42800000 42800000 42800000 42800000 
sm   0 warp 0 0x8000027c 0x70000337 x  6  70000000
sm   0 warp 0 0x80000278 0x02411157 v  2 11111111111111111111111111111111 43000000 43000000 43000000 43000000 43000000 43000000 43000000 43000000 43000000 43000000 43000000 43000000 43000000 43000000 43000000 43000000 43000000 43000000 43000000 43000000 43000000 43000000 43000000 43000000 43000000 43000000 43000000 43000000 43000000 43000000 43000000 43000000 
sm   0 warp 0 0x80000280 0x10030313 x  6  70000100
sm   0 warp 0 0x80000284 0x5208a557 v 10 11111111111111111111111111111111 0000001f 0000001e 0000001d 0000001c 0000001b 0000001a 00000019 00000018 00000017 00000016 00000015 00000014 00000013 00000012 00000011 00000010 0000000f 0000000e 0000000d 0000000c 0000000b 0000000a 00000009 00000008 00000007 00000006 00000005 00000004 00000003 00000002 00000001 00000000 
sm   0 warp 0 0x80000288 0x96a13557 v 10 11111111111111111111111111111111 0000007c 00000078 00000074 00000070 0000006c 00000068 00000064 00000060 0000005c 00000058 00000054 00000050 0000004c 00000048 00000044 00000040 0000003c 00000038 00000034 00000030 0000002c 00000028 00000024 00000020 0000001c 00000018 00000014 00000010 0000000c 00000008 00000004 00000000 
sm   0 warp 0 0x8000028c 0x02a34557 v 10 11111111111111111111111111111111 7000017c 70000178 70000174 70000170 7000016c 70000168 70000164 70000160 7000015c 70000158 70000154 70000150 7000014c 70000148 70000144 70000140 7000013c 70000138 70000134 70000130 7000012c 70000128 70000124 70000120 7000011c 70000118 70000114 70000110 7000010c 70000108 70000104 70000100 
sm   0 warp 0 0x80000290 0x0025607b lsu.w v  2 op 3 mask 11111111111111111111111111111111 43000000 43000000 43000000 43000000 43000000 43000000 43000000 43000000 43000000 43000000 43000000 43000000 43000000 43000000 43000000 43000000 43000000 43000000 43000000 43000000 43000000 43000000 43000000 43000000 43000000 43000000 43000000 43000000 43000000 43000000 43000000 43000000 @ 7000017c 70000178 70000174 70000170 7000016c 70000168 70000164 70000160 7000015c 70000158 70000154 70000150 7000014c 70000148 70000144 70000140 7000013c 70000138 70000134 70000130 7000012c 70000128 70000124 70000120 7000011c 70000118 70000114 70000110 7000010c 70000108 70000104 70000100
sm   0 warp 0 0x80000294 0x70000337 x  6  70000000
sm   0 warp 0 0x80000290 0x0025607b lsu.w finish
sm   0 warp 0 0x80000298 0x10030313 x  6  70000100
sm   0 warp 0 0x8000029c 0x5208a557 v 10 11111111111111111111111111111111 0000001f 0000001e 0000001d 0000001c 0000001b 0000001a 00000019 00000018 00000017 00000016 00000015 00000014 00000013 00000012 00000011 00000010 0000000f 0000000e 0000000d 0000000c 0000000b 0000000a 00000009 00000008 00000007 00000006 00000005 00000004 00000003 00000002 00000001 00000000 
sm   0 warp 0 0x800002a0 0x000003b7 x  7  00000000
sm   0 warp 0 0x800002a4 0x00438393 x  7  00000004
sm   0 warp 0 0x800002a8 0x02a3c557 v 10 11111111111111111111111111111111 00000023 00000022 00000021 00000020 0000001f 0000001e 0000001d 0000001c 0000001b 0000001a 00000019 00000018 00000017 00000016 00000015 00000014 00000013 00000012 00000011 00000010 0000000f 0000000e 0000000d 0000000c 0000000b 0000000a 00000009 00000008 00000007 00000006 00000005 00000004 
sm   0 warp 0 0x800002ac 0x000003b7 x  7  00000000
sm   0 warp 0 0x800002b0 0x01f38393 x  7  0000001f
sm   0 warp 0 0x800002b4 0x26a3c557 v 10 11111111111111111111111111111111 00000003 00000002 00000001 00000000 0000001f 0000001e 0000001d 0000001c 0000001b 0000001a 00000019 00000018 00000017 00000016 00000015 00000014 00000013 00000012 00000011 00000010 0000000f 0000000e 0000000d 0000000c 0000000b 0000000a 00000009 00000008 00000007 00000006 00000005 00000004 
sm   0 warp 0 0x800002b8 0x96a13557 v 10 11111111111111111111111111111111 0000000c 00000008 00000004 00000000 0000007c 00000078 00000074 00000070 0000006c 00000068 00000064 00000060 0000005c 00000058 00000054 00000050 0000004c 00000048 00000044 00000040 0000003c 00000038 00000034 00000030 0000002c 00000028 00000024 00000020 0000001c 00000018 00000014 00000010 
sm   0 warp 0 0x800002bc 0x02a34557 v 10 11111111111111111111111111111111 7000010c 70000108 70000104 70000100 7000017c 70000178 70000174 70000170 7000016c 70000168 70000164 70000160 7000015c 70000158 70000154 70000150 7000014c 70000148 70000144 70000140 7000013c 70000138 70000134 70000130 7000012c 70000128 70000124 70000120 7000011c 70000118 70000114 70000110 
sm   0 warp 0 0x800002c0 0x0005227b lsu.r v  4 op 3 @ 7000010c 70000108 70000104 70000100 7000017c 70000178 70000174 70000170 7000016c 70000168 70000164 70000160 7000015c 70000158 70000154 70000150 7000014c 70000148 70000144 70000140 7000013c 70000138 70000134 70000130 7000012c 70000128 70000124 70000120 7000011c 70000118 70000114 70000110
sm   0 warp 0 0x800002c0 0x0005227b v  4 11111111111111111111111111111111 43000000 43000000 43000000 43000000 43000000 43000000 43000000 43000000 43000000 43000000 43000000 43000000 43000000 43000000 43000000 43000000 43000000 43000000 43000000 43000000 43000000 43000000 43000000 43000000 43000000 43000000 43000000 43000000 43000000 43000000 43000000 43000000 
sm   0 warp 0 0x800002c8 0x70000337 x  6  70000000
sm   0 warp 0 0x800002c4 0x02411157 v  2 11111111111111111111111111111111 43800000 43800000 43800000 43800000 43800000 43800000 43800000 43800000 43800000 43800000 43800000 43800000 43800000 43800000 43800000 43800000 43800000 43800000 43800000 43800000 43800000 43800000 43800000 43800000 43800000 43800000 43800000 43800000 43800000 43800000 43800000 43800000 
sm   0 warp 0 0x800002cc 0x10030313 x  6  70000100
sm   0 warp 0 0x800002d0 0x5208a557 v 10 11111111111111111111111111111111 0000001f 0000001e 0000001d 0000001c 0000001b 0000001a 00000019 00000018 00000017 00000016 00000015 00000014 00000013 00000012 00000011 00000010 0000000f 0000000e 0000000d 0000000c 0000000b 0000000a 00000009 00000008 00000007 00000006 00000005 00000004 00000003 00000002 00000001 00000000 
sm   0 warp 0 0x800002d4 0x96a13557 v 10 11111111111111111111111111111111 0000007c 00000078 00000074 00000070 0000006c 00000068 00000064 00000060 0000005c 00000058 00000054 00000050 0000004c 00000048 00000044 00000040 0000003c 00000038 00000034 00000030 0000002c 00000028 00000024 00000020 0000001c 00000018 00000014 00000010 0000000c 00000008 00000004 00000000 
sm   0 warp 0 0x800002d8 0x02a34557 v 10 11111111111111111111111111111111 7000017c 70000178 70000174 70000170 7000016c 70000168 70000164 70000160 7000015c 70000158 70000154 70000150 7000014c 70000148 70000144 70000140 7000013c 70000138 70000134 70000130 7000012c 70000128 70000124 70000120 7000011c 70000118 70000114 70000110 7000010c 70000108 70000104 70000100 
[L1C] #   1377 SM 0 CACHE 0 ADDR 80000300
sm   0 warp 0 0x800002dc 0x0025607b lsu.w v  2 op 3 mask 11111111111111111111111111111111 43800000 43800000 43800000 43800000 43800000 43800000 43800000 43800000 43800000 43800000 43800000 43800000 43800000 43800000 43800000 43800000 43800000 43800000 43800000 43800000 43800000 43800000 43800000 43800000 43800000 43800000 43800000 43800000 43800000 43800000 43800000 43800000 @ 7000017c 70000178 70000174 70000170 7000016c 70000168 70000164 70000160 7000015c 70000158 70000154 70000150 7000014c 70000148 70000144 70000140 7000013c 70000138 70000134 70000130 7000012c 70000128 70000124 70000120 7000011c 70000118 70000114 70000110 7000010c 70000108 70000104 70000100
sm   0 warp 0 0x800002e0 0x70000337 x  6  70000000
sm   0 warp 0 0x800002dc 0x0025607b lsu.w finish
sm   0 warp 0 0x800002e4 0x10030313 x  6  70000100
sm   0 warp 0 0x800002e8 0x5208a557 v 10 11111111111111111111111111111111 0000001f 0000001e 0000001d 0000001c 0000001b 0000001a 00000019 00000018 00000017 00000016 00000015 00000014 00000013 00000012 00000011 00000010 0000000f 0000000e 0000000d 0000000c 0000000b 0000000a 00000009 00000008 00000007 00000006 00000005 00000004 00000003 00000002 00000001 00000000 
sm   0 warp 0 0x800002ec 0x000003b7 x  7  00000000
sm   0 warp 0 0x800002f0 0x00238393 x  7  00000002
sm   0 warp 0 0x800002f4 0x02a3c557 v 10 11111111111111111111111111111111 00000021 00000020 0000001f 0000001e 0000001d 0000001c 0000001b 0000001a 00000019 00000018 00000017 00000016 00000015 00000014 00000013 00000012 00000011 00000010 0000000f 0000000e 0000000d 0000000c 0000000b 0000000a 00000009 00000008 00000007 00000006 00000005 00000004 00000003 00000002 
sm   0 warp 0 0x800002f8 0x000003b7 x  7  00000000
sm   0 warp 0 0x800002fc 0x01f38393 x  7  0000001f
sm   0 warp 0 0x80000300 0x26a3c557 v 10 11111111111111111111111111111111 00000001 00000000 0000001f 0000001e 0000001d 0000001c 0000001b 0000001a 00000019 00000018 00000017 00000016 00000015 00000014 00000013 00000012 00000011 00000010 0000000f 0000000e 0000000d 0000000c 0000000b 0000000a 00000009 00000008 00000007 00000006 00000005 00000004 00000003 00000002 
sm   0 warp 0 0x80000304 0x96a13557 v 10 11111111111111111111111111111111 00000004 00000000 0000007c 00000078 00000074 00000070 0000006c 00000068 00000064 00000060 0000005c 00000058 00000054 00000050 0000004c 00000048 00000044 00000040 0000003c 00000038 00000034 00000030 0000002c 00000028 00000024 00000020 0000001c 00000018 00000014 00000010 0000000c 00000008 
sm   0 warp 0 0x80000308 0x02a34557 v 10 11111111111111111111111111111111 70000104 70000100 7000017c 70000178 70000174 70000170 7000016c 70000168 70000164 70000160 7000015c 70000158 70000154 70000150 7000014c 70000148 70000144 70000140 7000013c 70000138 70000134 70000130 7000012c 70000128 70000124 70000120 7000011c 70000118 70000114 70000110 7000010c 70000108 
sm   0 warp 0 0x8000030c 0x0005227b lsu.r v  4 op 3 @ 70000104 70000100 7000017c 70000178 70000174 70000170 7000016c 70000168 70000164 70000160 7000015c 70000158 70000154 70000150 7000014c 70000148 70000144 70000140 7000013c 70000138 70000134 70000130 7000012c 70000128 70000124 70000120 7000011c 70000118 70000114 70000110 7000010c 70000108
sm   0 warp 0 0x8000030c 0x0005227b v  4 11111111111111111111111111111111 43800000 43800000 43800000 43800000 43800000 43800000 43800000 43800000 43800000 43800000 43800000 43800000 43800000 43800000 43800000 43800000 43800000 43800000 43800000 43800000 43800000 43800000 43800000 43800000 43800000 43800000 43800000 43800000 43800000 43800000 43800000 43800000 
sm   0 warp 0 0x80000314 0x70000337 x  6  70000000
sm   0 warp 0 0x80000310 0x02411157 v  2 11111111111111111111111111111111 44000000 44000000 44000000 44000000 44000000 44000000 44000000 44000000 44000000 44000000 44000000 44000000 44000000 44000000 44000000 44000000 44000000 44000000 44000000 44000000 44000000 44000000 44000000 44000000 44000000 44000000 44000000 44000000 44000000 44000000 44000000 44000000 
sm   0 warp 0 0x80000318 0x10030313 x  6  70000100
sm   0 warp 0 0x8000031c 0x5208a557 v 10 11111111111111111111111111111111 0000001f 0000001e 0000001d 0000001c 0000001b 0000001a 00000019 00000018 00000017 00000016 00000015 00000014 00000013 00000012 00000011 00000010 0000000f 0000000e 0000000d 0000000c 0000000b 0000000a 00000009 00000008 00000007 00000006 00000005 00000004 00000003 00000002 00000001 00000000 
sm   0 warp 0 0x80000320 0x96a13557 v 10 11111111111111111111111111111111 0000007c 00000078 00000074 00000070 0000006c 00000068 00000064 00000060 0000005c 00000058 00000054 00000050 0000004c 00000048 00000044 00000040 0000003c 00000038 00000034 00000030 0000002c 00000028 00000024 00000020 0000001c 00000018 00000014 00000010 0000000c 00000008 00000004 00000000 
sm   0 warp 0 0x80000324 0x02a34557 v 10 11111111111111111111111111111111 7000017c 70000178 70000174 70000170 7000016c 70000168 70000164 70000160 7000015c 70000158 70000154 70000150 7000014c 70000148 70000144 70000140 7000013c 70000138 70000134 70000130 7000012c 70000128 70000124 70000120 7000011c 70000118 70000114 70000110 7000010c 70000108 70000104 70000100 
sm   0 warp 0 0x80000328 0x0025607b lsu.w v  2 op 3 mask 11111111111111111111111111111111 44000000 44000000 44000000 44000000 44000000 44000000 44000000 44000000 44000000 44000000 44000000 44000000 44000000 44000000 44000000 44000000 44000000 44000000 44000000 44000000 44000000 44000000 44000000 44000000 44000000 44000000 44000000 44000000 44000000 44000000 44000000 44000000 @ 7000017c 70000178 70000174 70000170 7000016c 70000168 70000164 70000160 7000015c 70000158 70000154 70000150 7000014c 70000148 70000144 70000140 7000013c 70000138 70000134 70000130 7000012c 70000128 70000124 70000120 7000011c 70000118 70000114 70000110 7000010c 70000108 70000104 70000100
sm   0 warp 0 0x8000032c 0x70000337 x  6  70000000
sm   0 warp 0 0x80000328 0x0025607b lsu.w finish
sm   0 warp 0 0x80000330 0x10030313 x  6  70000100
sm   0 warp 0 0x80000334 0x5208a557 v 10 11111111111111111111111111111111 0000001f 0000001e 0000001d 0000001c 0000001b 0000001a 00000019 00000018 00000017 00000016 00000015 00000014 00000013 00000012 00000011 00000010 0000000f 0000000e 0000000d 0000000c 0000000b 0000000a 00000009 00000008 00000007 00000006 00000005 00000004 00000003 00000002 00000001 00000000 
sm   0 warp 0 0x80000338 0x000003b7 x  7  00000000
sm   0 warp 0 0x8000033c 0x00138393 x  7  00000001
sm   0 warp 0 0x80000340 0x02a3c557 v 10 11111111111111111111111111111111 00000020 0000001f 0000001e 0000001d 0000001c 0000001b 0000001a 00000019 00000018 00000017 00000016 00000015 00000014 00000013 00000012 00000011 00000010 0000000f 0000000e 0000000d 0000000c 0000000b 0000000a 00000009 00000008 00000007 00000006 00000005 00000004 00000003 00000002 00000001 
sm   0 warp 0 0x80000344 0x000003b7 x  7  00000000
sm   0 warp 0 0x80000348 0x01f38393 x  7  0000001f
sm   0 warp 0 0x8000034c 0x26a3c557 v 10 11111111111111111111111111111111 00000000 0000001f 0000001e 0000001d 0000001c 0000001b 0000001a 00000019 00000018 00000017 00000016 00000015 00000014 00000013 00000012 00000011 00000010 0000000f 0000000e 0000000d 0000000c 0000000b 0000000a 00000009 00000008 00000007 00000006 00000005 00000004 00000003 00000002 00000001 
sm   0 warp 0 0x80000350 0x96a13557 v 10 11111111111111111111111111111111 00000000 0000007c 00000078 00000074 00000070 0000006c 00000068 00000064 00000060 0000005c 00000058 00000054 00000050 0000004c 00000048 00000044 00000040 0000003c 00000038 00000034 00000030 0000002c 00000028 00000024 00000020 0000001c 00000018 00000014 00000010 0000000c 00000008 00000004 
sm   0 warp 0 0x80000354 0x02a34557 v 10 11111111111111111111111111111111 70000100 7000017c 70000178 70000174 70000170 7000016c 70000168 70000164 70000160 7000015c 70000158 70000154 70000150 7000014c 70000148 70000144 70000140 7000013c 70000138 70000134 70000130 7000012c 70000128 70000124 70000120 7000011c 70000118 70000114 70000110 7000010c 70000108 70000104 
sm   0 warp 0 0x80000358 0x0005227b lsu.r v  4 op 3 @ 70000100 7000017c 70000178 70000174 70000170 7000016c 70000168 70000164 70000160 7000015c 70000158 70000154 70000150 7000014c 70000148 70000144 70000140 7000013c 70000138 70000134 70000130 7000012c 70000128 70000124 70000120 7000011c 70000118 70000114 70000110 7000010c 70000108 70000104
sm   0 warp 0 0x80000358 0x0005227b v  4 11111111111111111111111111111111 44000000 44000000 44000000 44000000 44000000 44000000 44000000 44000000 44000000 44000000 44000000 44000000 44000000 44000000 44000000 44000000 44000000 44000000 44000000 44000000 44000000 44000000 44000000 44000000 44000000 44000000 44000000 44000000 44000000 44000000 44000000 44000000 
[L1C] #   1521 SM 0 CACHE 0 ADDR 80000380
sm   0 warp 0 0x80000360 0x70000337 x  6  70000000
sm   0 warp 0 0x8000035c 0x02411157 v  2 11111111111111111111111111111111 44800000 44800000 44800000 44800000 44800000 44800000 44800000 44800000 44800000 44800000 44800000 44800000 44800000 44800000 44800000 44800000 44800000 44800000 44800000 44800000 44800000 44800000 44800000 44800000 44800000 44800000 44800000 44800000 44800000 44800000 44800000 44800000 
sm   0 warp 0 0x80000364 0x10030313 x  6  70000100
sm   0 warp 0 0x80000368 0x5208a557 v 10 11111111111111111111111111111111 0000001f 0000001e 0000001d 0000001c 0000001b 0000001a 00000019 00000018 00000017 00000016 00000015 00000014 00000013 00000012 00000011 00000010 0000000f 0000000e 0000000d 0000000c 0000000b 0000000a 00000009 00000008 00000007 00000006 00000005 00000004 00000003 00000002 00000001 00000000 
sm   0 warp 0 0x8000036c 0x96a13557 v 10 11111111111111111111111111111111 0000007c 00000078 00000074 00000070 0000006c 00000068 00000064 00000060 0000005c 00000058 00000054 00000050 0000004c 00000048 00000044 00000040 0000003c 00000038 00000034 00000030 0000002c 00000028 00000024 00000020 0000001c 00000018 00000014 00000010 0000000c 00000008 00000004 00000000 
sm   0 warp 0 0x80000370 0x02a34557 v 10 11111111111111111111111111111111 7000017c 70000178 70000174 70000170 7000016c 70000168 70000164 70000160 7000015c 70000158 70000154 70000150 7000014c 70000148 70000144 70000140 7000013c 70000138 70000134 70000130 7000012c 70000128 70000124 70000120 7000011c 70000118 70000114 70000110 7000010c 70000108 70000104 70000100 
sm   0 warp 0 0x80000374 0x0025607b lsu.w v  2 op 3 mask 11111111111111111111111111111111 44800000 44800000 44800000 44800000 44800000 44800000 44800000 44800000 44800000 44800000 44800000 44800000 44800000 44800000 44800000 44800000 44800000 44800000 44800000 44800000 44800000 44800000 44800000 44800000 44800000 44800000 44800000 44800000 44800000 44800000 44800000 44800000 @ 7000017c 70000178 70000174 70000170 7000016c 70000168 70000164 70000160 7000015c 70000158 70000154 70000150 7000014c 70000148 70000144 70000140 7000013c 70000138 70000134 70000130 7000012c 70000128 70000124 70000120 7000011c 70000118 70000114 70000110 7000010c 70000108 70000104 70000100
sm   0 warp 0 0x80000378 0x2a108f57 v 30 11111111111111111111111111111111 43800000 43800000 43800000 43800000 43800000 43800000 43800000 43800000 43800000 43800000 43800000 43800000 43800000 43800000 43800000 43800000 43800000 43800000 43800000 43800000 43800000 43800000 43800000 43800000 43800000 43800000 43800000 43800000 43800000 43800000 43800000 43800000 
sm   0 warp 0 0x80000374 0x0025607b lsu.w finish
sm   0 warp 0 0x8000037c 0x2bff80d7 v  1 11111111111111111111111111111111 00000000 00000000 00000000 00000000 00000000 00000000 00000000 00000000 00000000 00000000 00000000 00000000 00000000 00000000 00000000 00000000 00000000 00000000 00000000 00000000 00000000 00000000 00000000 00000000 00000000 00000000 00000000 00000000 00000000 00000000 00000000 00000000 
sm   0 warp 0 0x80000380 0xb30f10d7 v  1 11111111111111111111111111111111 40800000 40800000 40800000 40800000 40800000 40800000 40800000 40800000 40800000 40800000 40800000 40800000 40800000 40800000 40800000 40800000 40800000 40800000 40800000 40800000 40800000 40800000 40800000 40800000 40800000 40800000 40800000 40800000 40800000 40800000 40800000 40800000 
sm   0 warp 0 0x80000384 0x2a210f57 v 30 11111111111111111111111111111111 44800000 44800000 44800000 44800000 44800000 44800000 44800000 44800000 44800000 44800000 44800000 44800000 44800000 44800000 44800000 44800000 44800000 44800000 44800000 44800000 44800000 44800000 44800000 44800000 44800000 44800000 44800000 44800000 44800000 44800000 44800000 44800000 
sm   0 warp 0 0x80000388 0x2bff8157 v  2 11111111111111111111111111111111 00000000 00000000 00000000 00000000 00000000 00000000 00000000 00000000 00000000 00000000 00000000 00000000 00000000 00000000 00000000 00000000 00000000 00000000 00000000 00000000 00000000 00000000 00000000 00000000 00000000 00000000 00000000 00000000 00000000 00000000 00000000 00000000 
sm   0 warp 0 0x8000038c 0xb30f1157 v  2 11111111111111111111111111111111 41800000 41800000 41800000 41800000 41800000 41800000 41800000 41800000 41800000 41800000 41800000 41800000 41800000 41800000 41800000 41800000 41800000 41800000 41800000 41800000 41800000 41800000 41800000 41800000 41800000 41800000 41800000 41800000 41800000 41800000 41800000 41800000 
sm   0 warp 0 0x80000390 0xbe109157 v  2 11111111111111111111111111111111 00000000 00000000 00000000 00000000 00000000 00000000 00000000 00000000 00000000 00000000 00000000 00000000 00000000 00000000 00000000 00000000 00000000 00000000 00000000 00000000 00000000 00000000 00000000 00000000 00000000 00000000 00000000 00000000 00000000 00000000 00000000 00000000 
sm   0 warp 0 0x80000394 0x03111157 v  2 11111111111111111111111111111111 3727c5ac 3727c5ac 3727c5ac 3727c5ac 3727c5ac 3727c5ac 3727c5ac 3727c5ac 3727c5ac 3727c5ac 3727c5ac 3727c5ac 3727c5ac 3727c5ac 3727c5ac 3727c5ac 3727c5ac 3727c5ac 3727c5ac 3727c5ac 3727c5ac 3727c5ac 3727c5ac 3727c5ac 3727c5ac 3727c5ac 3727c5ac 3727c5ac 3727c5ac 3727c5ac 3727c5ac 3727c5ac 
sm   0 warp 0 0x80000398 0x2a2102d7 v  5 11111111111111111111111111111111 3727c5ac 3727c5ac 3727c5ac 3727c5ac 3727c5ac 3727c5ac 3727c5ac 3727c5ac 3727c5ac 3727c5ac 3727c5ac 3727c5ac 3727c5ac 3727c5ac 3727c5ac 3727c5ac 3727c5ac 3727c5ac 3727c5ac 3727c5ac 3727c5ac 3727c5ac 3727c5ac 3727c5ac 3727c5ac 3727c5ac 3727c5ac 3727c5ac 3727c5ac 3727c5ac 3727c5ac 3727c5ac 
sm   0 warp 0 0x8000039c 0xa250b2d7 v  5 11111111111111111111111111111111 1b93e2d6 1b93e2d6 1b93e2d6 1b93e2d6 1b93e2d6 1b93e2d6 1b93e2d6 1b93e2d6 1b93e2d6 1b93e2d6 1b93e2d6 1b93e2d6 1b93e2d6 1b93e2d6 1b93e2d6 1b93e2d6 1b93e2d6 1b93e2d6 1b93e2d6 1b93e2d6 1b93e2d6 1b93e2d6 1b93e2d6 1b93e2d6 1b93e2d6 1b93e2d6 1b93e2d6 1b93e2d6 1b93e2d6 1b93e2d6 1b93e2d6 1b93e2d6 
sm   0 warp 0 0x800003a0 0x0b4282d7 v  5 11111111111111111111111111111111 43a37709 43a37709 43a37709 43a37709 43a37709 43a37709 43a37709 43a37709 43a37709 43a37709 43a37709 43a37709 43a37709 43a37709 43a37709 43a37709 43a37709 43a37709 43a37709 43a37709 43a37709 43a37709 43a37709 43a37709 43a37709 43a37709 43a37709 43a37709 43a37709 43a37709 43a37709 43a37709 
sm   0 warp 0 0x800003a4 0x2bff8457 v  8 11111111111111111111111111111111 00000000 00000000 00000000 00000000 00000000 00000000 00000000 00000000 00000000 00000000 00000000 00000000 00000000 00000000 00000000 00000000 00000000 00000000 00000000 00000000 00000000 00000000 00000000 00000000 00000000 00000000 00000000 00000000 00000000 00000000 00000000 00000000 
sm   0 warp 0 0x800003a8 0xb3211457 v  8 11111111111111111111111111111111 36a7c5ac 36a7c5ac 36a7c5ac 36a7c5ac 36a7c5ac 36a7c5ac 36a7c5ac 36a7c5ac 36a7c5ac 36a7c5ac 36a7c5ac 36a7c5ac 36a7c5ac 36a7c5ac 36a7c5ac 36a7c5ac 36a7c5ac 36a7c5ac 36a7c5ac 36a7c5ac 36a7c5ac 36a7c5ac 36a7c5ac 36a7c5ac 36a7c5ac 36a7c5ac 36a7c5ac 36a7c5ac 36a7c5ac 36a7c5ac 36a7c5ac 36a7c5ac 
sm   0 warp 0 0x800003ac 0x2bff8357 v  6 11111111111111111111111111111111 00000000 00000000 00000000 00000000 00000000 00000000 00000000 00000000 00000000 00000000 00000000 00000000 00000000 00000000 00000000 00000000 00000000 00000000 00000000 00000000 00000000 00000000 00000000 00000000 00000000 00000000 00000000 00000000 00000000 00000000 00000000 00000000 
sm   0 warp 0 0x800003b0 0xb2529357 v  6 11111111111111111111111111111111 47d0c19a 47d0c19a 47d0c19a 47d0c19a 47d0c19a 47d0c19a 47d0c19a 47d0c19a 47d0c19a 47d0c19a 47d0c19a 47d0c19a 47d0c19a 47d0c19a 47d0c19a 47d0c19a 47d0c19a 47d0c19a 47d0c19a 47d0c19a 47d0c19a 47d0c19a 47d0c19a 47d0c19a 47d0c19a 47d0c19a 47d0c19a 47d0c19a 47d0c19a 47d0c19a 47d0c19a 47d0c19a 
sm   0 warp 0 0x800003b4 0x2b3983d7 v  7 11111111111111111111111111111111 3fc00000 3fc00000 3fc00000 3fc00000 3fc00000 3fc00000 3fc00000 3fc00000 3fc00000 3fc00000 3fc00000 3fc00000 3fc00000 3fc00000 3fc00000 3fc00000 3fc00000 3fc00000 3fc00000 3fc00000 3fc00000 3fc00000 3fc00000 3fc00000 3fc00000 3fc00000 3fc00000 3fc00000 3fc00000 3fc00000 3fc00000 3fc00000 
sm   0 warp 0 0x800003b8 0xbe6413d7 v  7 11111111111111111111111111111111 3f773083 3f773083 3f773083 3f773083 3f773083 3f773083 3f773083 3f773083 3f773083 3f773083 3f773083 3f773083 3f773083 3f773083 3f773083 3f773083 3f773083 3f773083 3f773083 3f773083 3f773083 3f773083 3f773083 3f773083 3f773083 3f773083 3f773083 3f773083 3f773083 3f773083 3f773083 3f773083 
sm   0 warp 0 0x800003bc 0x2a528f57 v 30 11111111111111111111111111111111 43a37709 43a37709 43a37709 43a37709 43a37709 43a37709 43a37709 43a37709 43a37709 43a37709 43a37709 43a37709 43a37709 43a37709 43a37709 43a37709 43a37709 43a37709 43a37709 43a37709 43a37709 43a37709 43a37709 43a37709 43a37709 43a37709 43a37709 43a37709 43a37709 43a37709 43a37709 43a37709 
sm   0 warp 0 0x800003c0 0x2bff82d7 v  5 11111111111111111111111111111111 00000000 00000000 00000000 00000000 00000000 00000000 00000000 00000000 00000000 00000000 00000000 00000000 00000000 00000000 00000000 00000000 00000000 00000000 00000000 00000000 00000000 00000000 00000000 00000000 00000000 00000000 00000000 00000000 00000000 00000000 00000000 00000000 
sm   0 warp 0 0x800003c4 0xb27f12d7 v  5 11111111111111111111111111111111 439dd6d4 439dd6d4 439dd6d4 439dd6d4 439dd6d4 439dd6d4 439dd6d4 439dd6d4 439dd6d4 439dd6d4 439dd6d4 439dd6d4 439dd6d4 439dd6d4 439dd6d4 439dd6d4 439dd6d4 439dd6d4 439dd6d4 439dd6d4 439dd6d4 439dd6d4 439dd6d4 439dd6d4 439dd6d4 439dd6d4 439dd6d4 439dd6d4 439dd6d4 439dd6d4 439dd6d4 439dd6d4 
sm   0 warp 0 0x800003c8 0x2bff8357 v  6 11111111111111111111111111111111 00000000 00000000 00000000 00000000 00000000 00000000 00000000 00000000 00000000 00000000 00000000 00000000 00000000 00000000 00000000 00000000 00000000 00000000 00000000 00000000 00000000 00000000 00000000 00000000 00000000 00000000 00000000 00000000 00000000 00000000 00000000 00000000 
sm   0 warp 0 0x800003cc 0xb2529357 v  6 11111111111111111111111111111111 47c2a269 47c2a269 47c2a269 47c2a269 47c2a269 47c2a269 47c2a269 47c2a269 47c2a269 47c2a269 47c2a269 47c2a269 47c2a269 47c2a269 47c2a269 47c2a269 47c2a269 47c2a269 47c2a269 47c2a269 47c2a269 47c2a269 47c2a269 47c2a269 47c2a269 47c2a269 47c2a269 47c2a269 47c2a269 47c2a269 47c2a269 47c2a269 
sm   0 warp 0 0x800003d0 0x2b3983d7 v  7 11111111111111111111111111111111 3fc00000 3fc00000 3fc00000 3fc00000 3fc00000 3fc00000 3fc00000 3fc00000 3fc00000 3fc00000 3fc00000 3fc00000 3fc00000 3fc00000 3fc00000 3fc00000 3fc00000 3fc00000 3fc00000 3fc00000 3fc00000 3fc00000 3fc00000 3fc00000 3fc00000 3fc00000 3fc00000 3fc00000 3fc00000 3fc00000 3fc00000 3fc00000 
sm   0 warp 0 0x800003d4 0xbe6413d7 v  7 11111111111111111111111111111111 3f8038e2 3f8038e2 3f8038e2 3f8038e2 3f8038e2 3f8038e2 3f8038e2 3f8038e2 3f8038e2 3f8038e2 3f8038e2 3f8038e2 3f8038e2 3f8038e2 3f8038e2 3f8038e2 3f8038e2 3f8038e2 3f8038e2 3f8038e2 3f8038e2 3f8038e2 3f8038e2 3f8038e2 3f8038e2 3f8038e2 3f8038e2 3f8038e2 3f8038e2 3f8038e2 3f8038e2 3f8038e2 
sm   0 warp 0 0x800003d8 0x2a528f57 v 30 11111111111111111111111111111111 439dd6d4 439dd6d4 439dd6d4 439dd6d4 439dd6d4 439dd6d4 439dd6d4 439dd6d4 439dd6d4 439dd6d4 439dd6d4 439dd6d4 439dd6d4 439dd6d4 439dd6d4 439dd6d4 439dd6d4 439dd6d4 439dd6d4 439dd6d4 439dd6d4 439dd6d4 439dd6d4 439dd6d4 439dd6d4 439dd6d4 439dd6d4 439dd6d4 439dd6d4 439dd6d4 439dd6d4 439dd6d4 
sm   0 warp 0 0x800003dc 0x2bff82d7 v  5 11111111111111111111111111111111 00000000 00000000 00000000 00000000 00000000 00000000 00000000 00000000 00000000 00000000 00000000 00000000 00000000 00000000 00000000 00000000 00000000 00000000 00000000 00000000 00000000 00000000 00000000 00000000 00000000 00000000 00000000 00000000 00000000 00000000 00000000 00000000 
[L1C] #   1691 SM 0 CACHE 0 ADDR 80000400
sm   0 warp 0 0x800003e0 0xb27f12d7 v  5 11111111111111111111111111111111 439e1cf9 439e1cf9 439e1cf9 439e1cf9 439e1cf9 439e1cf9 439e1cf9 439e1cf9 439e1cf9 439e1cf9 439e1cf9 439e1cf9 439e1cf9 439e1cf9 439e1cf9 439e1cf9 439e1cf9 439e1cf9 439e1cf9 439e1cf9 439e1cf9 439e1cf9 439e1cf9 439e1cf9 439e1cf9 439e1cf9 439e1cf9 439e1cf9 439e1cf9 439e1cf9 439e1cf9 439e1cf9 
sm   0 warp 0 0x800003e4 0x2bff8357 v  6 11111111111111111111111111111111 00000000 00000000 00000000 00000000 00000000 00000000 00000000 00000000 00000000 00000000 00000000 00000000 00000000 00000000 00000000 00000000 00000000 00000000 00000000 00000000 00000000 00000000 00000000 00000000 00000000 00000000 00000000 00000000 00000000 00000000 00000000 00000000 
sm   0 warp 0 0x800003e8 0xb2529357 v  6 11111111111111111111111111111111 47c34f8d 47c34f8d 47c34f8d 47c34f8d 47c34f8d 47c34f8d 47c34f8d 47c34f8d 47c34f8d 47c34f8d 47c34f8d 47c34f8d 47c34f8d 47c34f8d 47c34f8d 47c34f8d 47c34f8d 47c34f8d 47c34f8d 47c34f8d 47c34f8d 47c34f8d 47c34f8d 47c34f8d 47c34f8d 47c34f8d 47c34f8d 47c34f8d 47c34f8d 47c34f8d 47c34f8d 47c34f8d 
sm   0 warp 0 0x800003ec 0x2b3983d7 v  7 11111111111111111111111111111111 3fc00000 3fc00000 3fc00000 3fc00000 3fc00000 3fc00000 3fc00000 3fc00000 3fc00000 3fc00000 3fc00000 3fc00000 3fc00000 3fc00000 3fc00000 3fc00000 3fc00000 3fc00000 3fc00000 3fc00000 3fc00000 3fc00000 3fc00000 3fc00000 3fc00000 3fc00000 3fc00000 3fc00000 3fc00000 3fc00000 3fc00000 3fc00000 
sm   0 warp 0 0x800003f0 0xbe6413d7 v  7 11111111111111111111111111111111 3f800026 3f800026 3f800026 3f800026 3f800026 3f800026 3f800026 3f800026 3f800026 3f800026 3f800026 3f800026 3f800026 3f800026 3f800026 3f800026 3f800026 3f800026 3f800026 3f800026 3f800026 3f800026 3f800026 3f800026 3f800026 3f800026 3f800026 3f800026 3f800026 3f800026 3f800026 3f800026 
sm   0 warp 0 0x800003f4 0x2a528f57 v 30 11111111111111111111111111111111 439e1cf9 439e1cf9 439e1cf9 439e1cf9 439e1cf9 439e1cf9 439e1cf9 439e1cf9 439e1cf9 439e1cf9 439e1cf9 439e1cf9 439e1cf9 439e1cf9 439e1cf9 439e1cf9 439e1cf9 439e1cf9 439e1cf9 439e1cf9 439e1cf9 439e1cf9 439e1cf9 439e1cf9 439e1cf9 439e1cf9 439e1cf9 439e1cf9 439e1cf9 439e1cf9 439e1cf9 439e1cf9 
sm   0 warp 0 0x800003f8 0x2bff82d7 v  5 11111111111111111111111111111111 00000000 00000000 00000000 00000000 00000000 00000000 00000000 00000000 00000000 00000000 00000000 00000000 00000000 00000000 00000000 00000000 00000000 00000000 00000000 00000000 00000000 00000000 00000000 00000000 00000000 00000000 00000000 00000000 00000000 00000000 00000000 00000000 
sm   0 warp 0 0x800003fc 0xb27f12d7 v  5 11111111111111111111111111111111 439e1d28 439e1d28 439e1d28 439e1d28 439e1d28 439e1d28 439e1d28 439e1d28 439e1d28 439e1d28 439e1d28 439e1d28 439e1d28 439e1d28 439e1d28 439e1d28 439e1d28 439e1d28 439e1d28 439e1d28 439e1d28 439e1d28 439e1d28 439e1d28 439e1d28 439e1d28 439e1d28 439e1d28 439e1d28 439e1d28 439e1d28 439e1d28 
sm   0 warp 0 0x80000400 0x2bff8357 v  6 11111111111111111111111111111111 00000000 00000000 00000000 00000000 00000000 00000000 00000000 00000000 00000000 00000000 00000000 00000000 00000000 00000000 00000000 00000000 00000000 00000000 00000000 00000000 00000000 00000000 00000000 00000000 00000000 00000000 00000000 00000000 00000000 00000000 00000000 00000000 
sm   0 warp 0 0x80000404 0xb2529357 v  6 11111111111111111111111111111111 47c35001 47c35001 47c35001 47c35001 47c35001 47c35001 47c35001 47c35001 47c35001 47c35001 47c35001 47c35001 47c35001 47c35001 47c35001 47c35001 47c35001 47c35001 47c35001 47c35001 47c35001 47c35001 47c35001 47c35001 47c35001 47c35001 47c35001 47c35001 47c35001 47c35001 47c35001 47c35001 
sm   0 warp 0 0x80000408 0x2b3983d7 v  7 11111111111111111111111111111111 3fc00000 3fc00000 3fc00000 3fc00000 3fc00000 3fc00000 3fc00000 3fc00000 3fc00000 3fc00000 3fc00000 3fc00000 3fc00000 3fc00000 3fc00000 3fc00000 3fc00000 3fc00000 3fc00000 3fc00000 3fc00000 3fc00000 3fc00000 3fc00000 3fc00000 3fc00000 3fc00000 3fc00000 3fc00000 3fc00000 3fc00000 3fc00000 
sm   0 warp 0 0x8000040c 0xbe6413d7 v  7 11111111111111111111111111111111 3f800000 3f800000 3f800000 3f800000 3f800000 3f800000 3f800000 3f800000 3f800000 3f800000 3f800000 3f800000 3f800000 3f800000 3f800000 3f800000 3f800000 3f800000 3f800000 3f800000 3f800000 3f800000 3f800000 3f800000 3f800000 3f800000 3f800000 3f800000 3f800000 3f800000 3f800000 3f800000 
sm   0 warp 0 0x80000410 0x2a528f57 v 30 11111111111111111111111111111111 439e1d28 439e1d28 439e1d28 439e1d28 439e1d28 439e1d28 439e1d28 439e1d28 439e1d28 439e1d28 439e1d28 439e1d28 439e1d28 439e1d28 439e1d28 439e1d28 439e1d28 439e1d28 439e1d28 439e1d28 439e1d28 439e1d28 439e1d28 439e1d28 439e1d28 439e1d28 439e1d28 439e1d28 439e1d28 439e1d28 439e1d28 439e1d28 
sm   0 warp 0 0x80000414 0x2bff82d7 v  5 11111111111111111111111111111111 00000000 00000000 00000000 00000000 00000000 00000000 00000000 00000000 00000000 00000000 00000000 00000000 00000000 00000000 00000000 00000000 00000000 00000000 00000000 00000000 00000000 00000000 00000000 00000000 00000000 00000000 00000000 00000000 00000000 00000000 00000000 00000000 
sm   0 warp 0 0x8000041c 0x90000337 x  6  90000000
sm   0 warp 0 0x80000420 0x5208a557 v 10 11111111111111111111111111111111 0000001f 0000001e 0000001d 0000001c 0000001b 0000001a 00000019 00000018 00000017 00000016 00000015 00000014 00000013 00000012 00000011 00000010 0000000f 0000000e 0000000d 0000000c 0000000b 0000000a 00000009 00000008 00000007 00000006 00000005 00000004 00000003 00000002 00000001 00000000 
sm   0 warp 0 0x80000418 0xb27f12d7 v  5 11111111111111111111111111111111 439e1d28 439e1d28 439e1d28 439e1d28 439e1d28 439e1d28 439e1d28 439e1d28 439e1d28 439e1d28 439e1d28 439e1d28 439e1d28 439e1d28 439e1d28 439e1d28 439e1d28 439e1d28 439e1d28 439e1d28 439e1d28 439e1d28 439e1d28 439e1d28 439e1d28 439e1d28 439e1d28 439e1d28 439e1d28 439e1d28 439e1d28 439e1d28 
sm   0 warp 0 0x80000424 0x96a13557 v 10 11111111111111111111111111111111 0000007c 00000078 00000074 00000070 0000006c 00000068 00000064 00000060 0000005c 00000058 00000054 00000050 0000004c 00000048 00000044 00000040 0000003c 00000038 00000034 00000030 0000002c 00000028 00000024 00000020 0000001c 00000018 00000014 00000010 0000000c 00000008 00000004 00000000 
sm   0 warp 0 0x80000428 0x02a34557 v 10 11111111111111111111111111111111 9000007c 90000078 90000074 90000070 9000006c 90000068 90000064 90000060 9000005c 90000058 90000054 90000050 9000004c 90000048 90000044 90000040 9000003c 90000038 90000034 90000030 9000002c 90000028 90000024 90000020 9000001c 90000018 90000014 90000010 9000000c 90000008 90000004 90000000 
sm   0 warp 0 0x8000042c 0x000521fb lsu.r v  3 op 3 @ 9000007c 90000078 90000074 90000070 9000006c 90000068 90000064 90000060 9000005c 90000058 90000054 90000050 9000004c 90000048 90000044 90000040 9000003c 90000038 90000034 90000030 9000002c 90000028 90000024 90000020 9000001c 90000018 90000014 90000010 9000000c 90000008 90000004 90000000
sm   0 warp 0 0x8000042c 0x000521fb v  3 11111111111111111111111111111111 40800000 40800000 40800000 40800000 40800000 40800000 40800000 40800000 40800000 40800000 40800000 40800000 40800000 40800000 40800000 40800000 40800000 40800000 40800000 40800000 40800000 40800000 40800000 40800000 40800000 40800000 40800000 40800000 40800000 40800000 40800000 40800000 
sm   0 warp 0 0x80000430 0x0a3091d7 v  3 11111111111111111111111111111111 00000000 00000000 00000000 00000000 00000000 00000000 00000000 00000000 00000000 00000000 00000000 00000000 00000000 00000000 00000000 00000000 00000000 00000000 00000000 00000000 00000000 00000000 00000000 00000000 00000000 00000000 00000000 00000000 00000000 00000000 00000000 00000000 
sm   0 warp 0 0x80000434 0x2a318f57 v 30 11111111111111111111111111111111 00000000 00000000 00000000 00000000 00000000 00000000 00000000 00000000 00000000 00000000 00000000 00000000 00000000 00000000 00000000 00000000 00000000 00000000 00000000 00000000 00000000 00000000 00000000 00000000 00000000 00000000 00000000 00000000 00000000 00000000 00000000 00000000 
sm   0 warp 0 0x80000438 0x2bff81d7 v  3 11111111111111111111111111111111 00000000 00000000 00000000 00000000 00000000 00000000 00000000 00000000 00000000 00000000 00000000 00000000 00000000 00000000 00000000 00000000 00000000 00000000 00000000 00000000 00000000 00000000 00000000 00000000 00000000 00000000 00000000 00000000 00000000 00000000 00000000 00000000 
sm   0 warp 0 0x80000440 0x90001337 x  6  90001000
sm   0 warp 0 0x80000444 0x5208a557 v 10 11111111111111111111111111111111 0000001f 0000001e 0000001d 0000001c 0000001b 0000001a 00000019 00000018 00000017 00000016 00000015 00000014 00000013 00000012 00000011 00000010 0000000f 0000000e 0000000d 0000000c 0000000b 0000000a 00000009 00000008 00000007 00000006 00000005 00000004 00000003 00000002 00000001 00000000 
sm   0 warp 0 0x8000043c 0xb25f11d7 v  3 11111111111111111111111111111111 00000000 00000000 00000000 00000000 00000000 00000000 00000000 00000000 00000000 00000000 00000000 00000000 00000000 00000000 00000000 00000000 00000000 00000000 00000000 00000000 00000000 00000000 00000000 00000000 00000000 00000000 00000000 00000000 00000000 00000000 00000000 00000000 
sm   0 warp 0 0x80000448 0x96a13557 v 10 11111111111111111111111111111111 0000007c 00000078 00000074 00000070 0000006c 00000068 00000064 00000060 0000005c 00000058 00000054 00000050 0000004c 00000048 00000044 00000040 0000003c 00000038 00000034 00000030 0000002c 00000028 00000024 00000020 0000001c 00000018 00000014 00000010 0000000c 00000008 00000004 00000000 
sm   0 warp 0 0x8000044c 0x02a34557 v 10 11111111111111111111111111111111 9000107c 90001078 90001074 90001070 9000106c 90001068 90001064 90001060 9000105c 90001058 90001054 90001050 9000104c 90001048 90001044 90001040 9000103c 90001038 90001034 90001030 9000102c 90001028 90001024 90001020 9000101c 90001018 90001014 90001010 9000100c 90001008 90001004 90001000 
sm   0 warp 0 0x80000450 0x0005237b lsu.r v  6 op 3 @ 9000107c 90001078 90001074 90001070 9000106c 90001068 90001064 90001060 9000105c 90001058 90001054 90001050 9000104c 90001048 90001044 90001040 9000103c 90001038 90001034 90001030 9000102c 90001028 90001024 90001020 9000101c 90001018 90001014 90001010 9000100c 90001008 90001004 90001000
sm   0 warp 0 0x80000454 0x90001337 x  6  90001000
[L1C] #   1840 SM 0 CACHE 1 ADDR 90001000
sm   0 warp 0 0x80000458 0x10030313 x  6  90001100
sm   0 warp 0 0x8000045c 0x5208a557 v 10 11111111111111111111111111111111 0000001f 0000001e 0000001d 0000001c 0000001b 0000001a 00000019 00000018 00000017 00000016 00000015 00000014 00000013 00000012 00000011 00000010 0000000f 0000000e 0000000d 0000000c 0000000b 0000000a 00000009 00000008 00000007 00000006 00000005 00000004 00000003 00000002 00000001 00000000 
[L1C] #   1847 SM 0 CACHE 0 ADDR 80000480
sm   0 warp 0 0x80000460 0x96a13557 v 10 11111111111111111111111111111111 0000007c 00000078 00000074 00000070 0000006c 00000068 00000064 00000060 0000005c 00000058 00000054 00000050 0000004c 00000048 00000044 00000040 0000003c 00000038 00000034 00000030 0000002c 00000028 00000024 00000020 0000001c 00000018 00000014 00000010 0000000c 00000008 00000004 00000000 
sm   0 warp 0 0x80000464 0x02a34557 v 10 11111111111111111111111111111111 9000117c 90001178 90001174 90001170 9000116c 90001168 90001164 90001160 9000115c 90001158 90001154 90001150 9000114c 90001148 90001144 90001140 9000113c 90001138 90001134 90001130 9000112c 90001128 90001124 90001120 9000111c 90001118 90001114 90001110 9000110c 90001108 90001104 90001100 
sm   0 warp 0 0x80000450 0x0005237b v  6 11111111111111111111111111111111 3f200000 3f000000 3f800000 3f600000 3f400000 3f200000 3f000000 3f800000 3f600000 3f400000 3f200000 3f000000 3f800000 3f600000 3f400000 3f200000 3f000000 3f800000 3f600000 3f400000 3f200000 3f000000 3f800000 3f600000 3f400000 3f200000 3f000000 3f800000 3f600000 3f400000 3f200000 3f000000 
sm   0 warp 0 0x80000468 0x000523fb lsu.r v  7 op 3 @ 9000117c 90001178 90001174 90001170 9000116c 90001168 90001164 90001160 9000115c 90001158 90001154 90001150 9000114c 90001148 90001144 90001140 9000113c 90001138 90001134 90001130 9000112c 90001128 90001124 90001120 9000111c 90001118 90001114 90001110 9000110c 90001108 90001104 90001100
sm   0 warp 0 0x8000046c 0x2a318f57 v 30 11111111111111111111111111111111 00000000 00000000 00000000 00000000 00000000 00000000 00000000 00000000 00000000 00000000 00000000 00000000 00000000 00000000 00000000 00000000 00000000 00000000 00000000 00000000 00000000 00000000 00000000 00000000 00000000 00000000 00000000 00000000 00000000 00000000 00000000 00000000 
[L1C] #   1864 SM 0 CACHE 1 ADDR 90001100
sm   0 warp 0 0x80000468 0x000523fb v  7 11111111111111111111111111111111 3ee00000 3ec00000 3ea00000 3e800000 3f200000 3f100000 3f000000 3ee00000 3ec00000 3ea00000 3e800000 3f200000 3f100000 3f000000 3ee00000 3ec00000 3ea00000 3e800000 3f200000 3f100000 3f000000 3ee00000 3ec00000 3ea00000 3e800000 3f200000 3f100000 3f000000 3ee00000 3ec00000 3ea00000 3e800000 
sm   0 warp 0 0x80000470 0x2a7381d7 v  3 11111111111111111111111111111111 3ee00000 3ec00000 3ea00000 3e800000 3f200000 3f100000 3f000000 3ee00000 3ec00000 3ea00000 3e800000 3f200000 3f100000 3f000000 3ee00000 3ec00000 3ea00000 3e800000 3f200000 3f100000 3f000000 3ee00000 3ec00000 3ea00000 3e800000 3f200000 3f100000 3f000000 3ee00000 3ec00000 3ea00000 3e800000 
sm   0 warp 0 0x80000478 0x90002337 x  6  90002000
sm   0 warp 0 0x8000047c 0x5208a557 v 10 11111111111111111111111111111111 0000001f 0000001e 0000001d 0000001c 0000001b 0000001a 00000019 00000018 00000017 00000016 00000015 00000014 00000013 00000012 00000011 00000010 0000000f 0000000e 0000000d 0000000c 0000000b 0000000a 00000009 00000008 00000007 00000006 00000005 00000004 00000003 00000002 00000001 00000000 
sm   0 warp 0 0x80000474 0xb26f11d7 v  3 11111111111111111111111111111111 3ee00000 3ec00000 3ea00000 3e800000 3f200000 3f100000 3f000000 3ee00000 3ec00000 3ea00000 3e800000 3f200000 3f100000 3f000000 3ee00000 3ec00000 3ea00000 3e800000 3f200000 3f100000 3f000000 3ee00000 3ec00000 3ea00000 3e800000 3f200000 3f100000 3f000000 3ee00000 3ec00000 3ea00000 3e800000 
sm   0 warp 0 0x80000480 0x96a13557 v 10 11111111111111111111111111111111 0000007c 00000078 00000074 00000070 0000006c 00000068 00000064 00000060 0000005c 00000058 00000054 00000050 0000004c 00000048 00000044 00000040 0000003c 00000038 00000034 00000030 0000002c 00000028 00000024 00000020 0000001c 00000018 00000014 00000010 0000000c 00000008 00000004 00000000 
sm   0 warp 0 0x80000484 0x02a34557 v 10 11111111111111111111111111111111 9000207c 90002078 90002074 90002070 9000206c 90002068 90002064 90002060 9000205c 90002058 90002054 90002050 9000204c 90002048 90002044 90002040 9000203c 90002038 90002034 90002030 9000202c 90002028 90002024 90002020 9000201c 90002018 90002014 90002010 9000200c 90002008 90002004 90002000 
sm   0 warp 0 0x80000488 0x0035607b lsu.w v  3 op 3 mask 11111111111111111111111111111111 3ee00000 3ec00000 3ea00000 3e800000 3f200000 3f100000 3f000000 3ee00000 3ec00000 3ea00000 3e800000 3f200000 3f100000 3f000000 3ee00000 3ec00000 3ea00000 3e800000 3f200000 3f100000 3f000000 3ee00000 3ec00000 3ea00000 3e800000 3f200000 3f100000 3f000000 3ee00000 3ec00000 3ea00000 3e800000 @ 9000207c 90002078 90002074 90002070 9000206c 90002068 90002064 90002060 9000205c 90002058 90002054 90002050 9000204c 90002048 90002044 90002040 9000203c 90002038 90002034 90002030 9000202c 90002028 90002024 90002020 9000201c 90002018 90002014 90002010 9000200c 90002008 90002004 90002000
sm   0 warp 0 0x8000048c 0x90000337 x  6  90000000
[L1C] #   1918 SM 0 CACHE 1 ADDR 90002000
sm   0 warp 0 0x80000488 0x0035607b lsu.w finish
sm   0 warp 0 0x80000490 0x08030313 x  6  90000080
sm   0 warp 0 0x80000494 0x5208a557 v 10 11111111111111111111111111111111 0000001f 0000001e 0000001d 0000001c 0000001b 0000001a 00000019 00000018 00000017 00000016 00000015 00000014 00000013 00000012 00000011 00000010 0000000f 0000000e 0000000d 0000000c 0000000b 0000000a 00000009 00000008 00000007 00000006 00000005 00000004 00000003 00000002 00000001 00000000 
sm   0 warp 0 0x80000498 0x96a13557 v 10 11111111111111111111111111111111 0000007c 00000078 00000074 00000070 0000006c 00000068 00000064 00000060 0000005c 00000058 00000054 00000050 0000004c 00000048 00000044 00000040 0000003c 00000038 00000034 00000030 0000002c 00000028 00000024 00000020 0000001c 00000018 00000014 00000010 0000000c 00000008 00000004 00000000 
sm   0 warp 0 0x8000049c 0x02a34557 v 10 11111111111111111111111111111111 900000fc 900000f8 900000f4 900000f0 900000ec 900000e8 900000e4 900000e0 900000dc 900000d8 900000d4 900000d0 900000cc 900000c8 900000c4 900000c0 900000bc 900000b8 900000b4 900000b0 900000ac 900000a8 900000a4 900000a0 9000009c 90000098 90000094 90000090 9000008c 90000088 90000084 90000080 
sm   0 warp 0 0x800004a0 0x000521fb lsu.r v  3 op 3 @ 900000fc 900000f8 900000f4 900000f0 900000ec 900000e8 900000e4 900000e0 900000dc 900000d8 900000d4 900000d0 900000cc 900000c8 900000c4 900000c0 900000bc 900000b8 900000b4 900000b0 900000ac 900000a8 900000a4 900000a0 9000009c 90000098 90000094 90000090 9000008c 90000088 90000084 90000080
sm   0 warp 0 0x800004a0 0x000521fb v  3 11111111111111111111111111111111 40800000 40800000 40800000 40800000 40800000 40800000 40800000 40800000 40800000 40800000 40800000 40800000 40800000 40800000 40800000 40800000 40800000 40800000 40800000 40800000 40800000 40800000 40800000 40800000 40800000 40800000 40800000 40800000 40800000 40800000 40800000 40800000 
sm   0 warp 0 0x800004a4 0x0a3091d7 v  3 11111111111111111111111111111111 00000000 00000000 00000000 00000000 00000000 00000000 00000000 00000000 00000000 00000000 00000000 00000000 00000000 00000000 00000000 00000000 00000000 00000000 00000000 00000000 00000000 00000000 00000000 00000000 00000000 00000000 00000000 00000000 00000000 00000000 00000000 00000000 
sm   0 warp 0 0x800004a8 0x2a318f57 v 30 11111111111111111111111111111111 00000000 00000000 00000000 00000000 00000000 00000000 00000000 00000000 00000000 00000000 00000000 00000000 00000000 00000000 00000000 00000000 00000000 00000000 00000000 00000000 00000000 00000000 00000000 00000000 00000000 00000000 00000000 00000000 00000000 00000000 00000000 00000000 
sm   0 warp 0 0x800004ac 0x2bff81d7 v  3 11111111111111111111111111111111 00000000 00000000 00000000 00000000 00000000 00000000 00000000 00000000 00000000 00000000 00000000 00000000 00000000 00000000 00000000 00000000 00000000 00000000 00000000 00000000 00000000 00000000 00000000 00000000 00000000 00000000 00000000 00000000 00000000 00000000 00000000 00000000 
sm   0 warp 0 0x800004b4 0x90001337 x  6  90001000
sm   0 warp 0 0x800004b0 0xb25f11d7 v  3 11111111111111111111111111111111 00000000 00000000 00000000 00000000 00000000 00000000 00000000 00000000 00000000 00000000 00000000 00000000 00000000 00000000 00000000 00000000 00000000 00000000 00000000 00000000 00000000 00000000 00000000 00000000 00000000 00000000 00000000 00000000 00000000 00000000 00000000 00000000 
sm   0 warp 0 0x800004b8 0x08030313 x  6  90001080
sm   0 warp 0 0x800004bc 0x5208a557 v 10 11111111111111111111111111111111 0000001f 0000001e 0000001d 0000001c 0000001b 0000001a 00000019 00000018 00000017 00000016 00000015 00000014 00000013 00000012 00000011 00000010 0000000f 0000000e 0000000d 0000000c 0000000b 0000000a 00000009 00000008 00000007 00000006 00000005 00000004 00000003 00000002 00000001 00000000 
sm   0 warp 0 0x800004c0 0x96a13557 v 10 11111111111111111111111111111111 0000007c 00000078 00000074 00000070 0000006c 00000068 00000064 00000060 0000005c 00000058 00000054 00000050 0000004c 00000048 00000044 00000040 0000003c 00000038 00000034 00000030 0000002c 00000028 00000024 00000020 0000001c 00000018 00000014 00000010 0000000c 00000008 00000004 00000000 
sm   0 warp 0 0x800004c4 0x02a34557 v 10 11111111111111111111111111111111 900010fc 900010f8 900010f4 900010f0 900010ec 900010e8 900010e4 900010e0 900010dc 900010d8 900010d4 900010d0 900010cc 900010c8 900010c4 900010c0 900010bc 900010b8 900010b4 900010b0 900010ac 900010a8 900010a4 900010a0 9000109c 90001098 90001094 90001090 9000108c 90001088 90001084 90001080 
sm   0 warp 0 0x800004c8 0x0005237b lsu.r v  6 op 3 @ 900010fc 900010f8 900010f4 900010f0 900010ec 900010e8 900010e4 900010e0 900010dc 900010d8 900010d4 900010d0 900010cc 900010c8 900010c4 900010c0 900010bc 900010b8 900010b4 900010b0 900010ac 900010a8 900010a4 900010a0 9000109c 90001098 90001094 90001090 9000108c 90001088 90001084 90001080
sm   0 warp 0 0x800004cc 0x90001337 x  6  90001000
[L1C] #   1995 SM 0 CACHE 1 ADDR 90001080
sm   0 warp 0 0x800004d0 0x18030313 x  6  90001180
sm   0 warp 0 0x800004d4 0x5208a557 v 10 11111111111111111111111111111111 0000001f 0000001e 0000001d 0000001c 0000001b 0000001a 00000019 00000018 00000017 00000016 00000015 00000014 00000013 00000012 00000011 00000010 0000000f 0000000e 0000000d 0000000c 0000000b 0000000a 00000009 00000008 00000007 00000006 00000005 00000004 00000003 00000002 00000001 00000000 
sm   0 warp 0 0x800004d8 0x96a13557 v 10 11111111111111111111111111111111 0000007c 00000078 00000074 00000070 0000006c 00000068 00000064 00000060 0000005c 00000058 00000054 00000050 0000004c 00000048 00000044 00000040 0000003c 00000038 00000034 00000030 0000002c 00000028 00000024 00000020 0000001c 00000018 00000014 00000010 0000000c 00000008 00000004 00000000 
sm   0 warp 0 0x800004dc 0x02a34557 v 10 11111111111111111111111111111111 900011fc 900011f8 900011f4 900011f0 900011ec 900011e8 900011e4 900011e0 900011dc 900011d8 900011d4 900011d0 900011cc 900011c8 900011c4 900011c0 900011bc 900011b8 900011b4 900011b0 900011ac 900011a8 900011a4 900011a0 9000119c 90001198 90001194 90001190 9000118c 90001188 90001184 90001180 
[L1C] #   2010 SM 0 CACHE 0 ADDR 80000500
sm   0 warp 0 0x800004c8 0x0005237b v  6 11111111111111111111111111111111 3f600000 3f400000 3f200000 3f000000 3f800000 3f600000 3f400000 3f200000 3f000000 3f800000 3f600000 3f400000 3f200000 3f000000 3f800000 3f600000 3f400000 3f200000 3f000000 3f800000 3f600000 3f400000 3f200000 3f000000 3f800000 3f600000 3f400000 3f200000 3f000000 3f800000 3f600000 3f400000 
sm   0 warp 0 0x800004e0 0x000523fb lsu.r v  7 op 3 @ 900011fc 900011f8 900011f4 900011f0 900011ec 900011e8 900011e4 900011e0 900011dc 900011d8 900011d4 900011d0 900011cc 900011c8 900011c4 900011c0 900011bc 900011b8 900011b4 900011b0 900011ac 900011a8 900011a4 900011a0 9000119c 90001198 90001194 90001190 9000118c 90001188 90001184 90001180
sm   0 warp 0 0x800004e4 0x2a318f57 v 30 11111111111111111111111111111111 00000000 00000000 00000000 00000000 00000000 00000000 00000000 00000000 00000000 00000000 00000000 00000000 00000000 00000000 00000000 00000000 00000000 00000000 00000000 00000000 00000000 00000000 00000000 00000000 00000000 00000000 00000000 00000000 00000000 00000000 00000000 00000000 
[L1C] #   2019 SM 0 CACHE 1 ADDR 90001180
sm   0 warp 0 0x800004e0 0x000523fb v  7 11111111111111111111111111111111 3e800000 3f200000 3f100000 3f000000 3ee00000 3ec00000 3ea00000 3e800000 3f200000 3f100000 3f000000 3ee00000 3ec00000 3ea00000 3e800000 3f200000 3f100000 3f000000 3ee00000 3ec00000 3ea00000 3e800000 3f200000 3f100000 3f000000 3ee00000 3ec00000 3ea00000 3e800000 3f200000 3f100000 3f000000 
sm   0 warp 0 0x800004e8 0x2a7381d7 v  3 11111111111111111111111111111111 3e800000 3f200000 3f100000 3f000000 3ee00000 3ec00000 3ea00000 3e800000 3f200000 3f100000 3f000000 3ee00000 3ec00000 3ea00000 3e800000 3f200000 3f100000 3f000000 3ee00000 3ec00000 3ea00000 3e800000 3f200000 3f100000 3f000000 3ee00000 3ec00000 3ea00000 3e800000 3f200000 3f100000 3f000000 
sm   0 warp 0 0x800004f0 0x90002337 x  6  90002000
sm   0 warp 0 0x800004ec 0xb26f11d7 v  3 11111111111111111111111111111111 3e800000 3f200000 3f100000 3f000000 3ee00000 3ec00000 3ea00000 3e800000 3f200000 3f100000 3f000000 3ee00000 3ec00000 3ea00000 3e800000 3f200000 3f100000 3f000000 3ee00000 3ec00000 3ea00000 3e800000 3f200000 3f100000 3f000000 3ee00000 3ec00000 3ea00000 3e800000 3f200000 3f100000 3f000000 
sm   0 warp 0 0x800004f4 0x08030313 x  6  90002080
sm   0 warp 0 0x800004f8 0x5208a557 v 10 11111111111111111111111111111111 0000001f 0000001e 0000001d 0000001c 0000001b 0000001a 00000019 00000018 00000017 00000016 00000015 00000014 00000013 00000012 00000011 00000010 0000000f 0000000e 0000000d 0000000c 0000000b 0000000a 00000009 00000008 00000007 00000006 00000005 00000004 00000003 00000002 00000001 00000000 
sm   0 warp 0 0x800004fc 0x96a13557 v 10 11111111111111111111111111111111 0000007c 00000078 00000074 00000070 0000006c 00000068 00000064 00000060 0000005c 00000058 00000054 00000050 0000004c 00000048 00000044 00000040 0000003c 00000038 00000034 00000030 0000002c 00000028 00000024 00000020 0000001c 00000018 00000014 00000010 0000000c 00000008 00000004 00000000 
sm   0 warp 0 0x80000500 0x02a34557 v 10 11111111111111111111111111111111 900020fc 900020f8 900020f4 900020f0 900020ec 900020e8 900020e4 900020e0 900020dc 900020d8 900020d4 900020d0 900020cc 900020c8 900020c4 900020c0 900020bc 900020b8 900020b4 900020b0 900020ac 900020a8 900020a4 900020a0 9000209c 90002098 90002094 90002090 9000208c 90002088 90002084 90002080 
sm   0 warp 0 0x80000504 0x0035607b lsu.w v  3 op 3 mask 11111111111111111111111111111111 3e800000 3f200000 3f100000 3f000000 3ee00000 3ec00000 3ea00000 3e800000 3f200000 3f100000 3f000000 3ee00000 3ec00000 3ea00000 3e800000 3f200000 3f100000 3f000000 3ee00000 3ec00000 3ea00000 3e800000 3f200000 3f100000 3f000000 3ee00000 3ec00000 3ea00000 3e800000 3f200000 3f100000 3f000000 @ 900020fc 900020f8 900020f4 900020f0 900020ec 900020e8 900020e4 900020e0 900020dc 900020d8 900020d4 900020d0 900020cc 900020c8 900020c4 900020c0 900020bc 900020b8 900020b4 900020b0 900020ac 900020a8 900020a4 900020a0 9000209c 90002098 90002094 90002090 9000208c 90002088 90002084 90002080
sm   0 warp 0 0x80000508 0x0000400b endprg
[L1C] #   2078 SM 0 CACHE 1 ADDR 90002080
sm   0 warp 0 0x80000504 0x0035607b lsu.w finish
[L1C] #   2095 SM 0 CACHE 1 ADDR 9d0f7f80
[L1C] #   3126 SM 0 CACHE 1 ADDR 9d0f7f80
