[RTL     info]@0 SNAPSHOT created, pid=317206
[RTL    trace]@20 Hardware reset ok
[2026-10-06 20:50:42.591] [trace] kernel0 » data loaded from file
[RTL    trace]@30 kernel 0 layernorm-d64-s0-c1 activate
[RTL    debug]@5125 block0  dispatched to GPU (kernel0  layernorm-d64-s0-c1 block0 )
[RTL    debug]@10000 
[RTL    debug]@20000 
[RTL    debug]@20775 block0  finished (kernel0  layernorm-d64-s0-c1 block0 )
[RTL     info]@20775 kernel0  layernorm-d64-s0-c1 finished
[RTL    debug]@30000 
[RTL    debug]@40000 
[RTL    debug]@50000 
[RTL    debug]@60000 
[RTL    debug]@70000 
dump-mem: mem[0x90002000 +: 4] = 0x3E800000
dump-mem: mem[0x90002004 +: 4] = 0x3EA00000
dump-mem: mem[0x90002008 +: 4] = 0x3EC00000
dump-mem: mem[0x9000200C +: 4] = 0x3EE00000
dump-mem: mem[0x90002010 +: 4] = 0x3F000000
dump-mem: mem[0x90002014 +: 4] = 0x3F100000
dump-mem: mem[0x90002018 +: 4] = 0x3F200000
dump-mem: mem[0x9000201C +: 4] = 0x3E800000
dump-mem: mem[0x90002020 +: 4] = 0x3EA00000
dump-mem: mem[0x90002024 +: 4] = 0x3EC00000
dump-mem: mem[0x90002028 +: 4] = 0x3EE00000
dump-mem: mem[0x9000202C +: 4] = 0x3F000000
dump-mem: mem[0x90002030 +: 4] = 0x3F100000
dump-mem: mem[0x90002034 +: 4] = 0x3F200000
dump-mem: mem[0x90002038 +: 4] = 0x3E800000
dump-mem: mem[0x9000203C +: 4] = 0x3EA00000
dump-mem: mem[0x90002040 +: 4] = 0x3EC00000
dump-mem: mem[0x90002044 +: 4] = 0x3EE00000
dump-mem: mem[0x90002048 +: 4] = 0x3F000000
dump-mem: mem[0x9000204C +: 4] = 0x3F100000
dump-mem: mem[0x90002050 +: 4] = 0x3F200000
dump-mem: mem[0x90002054 +: 4] = 0x3E800000
dump-mem: mem[0x90002058 +: 4] = 0x3EA00000
dump-mem: mem[0x9000205C +: 4] = 0x3EC00000
dump-mem: mem[0x90002060 +: 4] = 0x3EE00000
dump-mem: mem[0x90002064 +: 4] = 0x3F000000
dump-mem: mem[0x90002068 +: 4] = 0x3F100000
dump-mem: mem[0x9000206C +: 4] = 0x3F200000
dump-mem: mem[0x90002070 +: 4] = 0x3E800000
dump-mem: mem[0x90002074 +: 4] = 0x3EA00000
dump-mem: mem[0x90002078 +: 4] = 0x3EC00000
dump-mem: mem[0x9000207C +: 4] = 0x3EE00000
dump-mem: mem[0x90002080 +: 4] = 0x3F000000
dump-mem: mem[0x90002084 +: 4] = 0x3F100000
dump-mem: mem[0x90002088 +: 4] = 0x3F200000
dump-mem: mem[0x9000208C +: 4] = 0x3E800000
dump-mem: mem[0x90002090 +: 4] = 0x3EA00000
dump-mem: mem[0x90002094 +: 4] = 0x3EC00000
dump-mem: mem[0x90002098 +: 4] = 0x3EE00000
dump-mem: mem[0x9000209C +: 4] = 0x3F000000
dump-mem: mem[0x900020A0 +: 4] = 0x3F100000
dump-mem: mem[0x900020A4 +: 4] = 0x3F200000
dump-mem: mem[0x900020A8 +: 4] = 0x3E800000
dump-mem: mem[0x900020AC +: 4] = 0x3EA00000
dump-mem: mem[0x900020B0 +: 4] = 0x3EC00000
dump-mem: mem[0x900020B4 +: 4] = 0x3EE00000
dump-mem: mem[0x900020B8 +: 4] = 0x3F000000
dump-mem: mem[0x900020BC +: 4] = 0x3F100000
dump-mem: mem[0x900020C0 +: 4] = 0x3F200000
dump-mem: mem[0x900020C4 +: 4] = 0x3E800000
dump-mem: mem[0x900020C8 +: 4] = 0x3EA00000
dump-mem: mem[0x900020CC +: 4] = 0x3EC00000
dump-mem: mem[0x900020D0 +: 4] = 0x3EE00000
dump-mem: mem[0x900020D4 +: 4] = 0x3F000000
dump-mem: mem[0x900020D8 +: 4] = 0x3F100000
dump-mem: mem[0x900020DC +: 4] = 0x3F200000
dump-mem: mem[0x900020E0 +: 4] = 0x3E800000
dump-mem: mem[0x900020E4 +: 4] = 0x3EA00000
dump-mem: mem[0x900020E8 +: 4] = 0x3EC00000
dump-mem: mem[0x900020EC +: 4] = 0x3EE00000
dump-mem: mem[0x900020F0 +: 4] = 0x3F000000
dump-mem: mem[0x900020F4 +: 4] = 0x3F100000
dump-mem: mem[0x900020F8 +: 4] = 0x3F200000
dump-mem: mem[0x900020FC +: 4] = 0x3E800000
[RTL     info]@70775 Simulation finished in 70775 unit time
- S i m u l a t i o n   R e p o r t: Verilator 5.049 devel
- Verilator: end at 71ns; walltime 23.305 s; speed 3.037 ns/s
- Verilator: cpu 92.963 s on 4 threads; allocated 583 MB
[RTL    debug]@70775 All snapshot process are cleared, OK
