[L1C] #    525 SM 0 CACHE 0 ADDR 80000000
sm   0 warp 0 0x80000000 0x000002b7 x  5  00000000
sm   0 warp 0 0x80000004 0x5e02cfd7 v 31 11111111111111111111111111111111 00000000 00000000 00000000 00000000 00000000 00000000 00000000 00000000 00000000 00000000 00000000 00000000 00000000 00000000 00000000 00000000 00000000 00000000 00000000 00000000 00000000 00000000 00000000 00000000 00000000 00000000 00000000 00000000 00000000 00000000 00000000 00000000 
sm   0 warp 0 0x80000008 0x90000337 x  6  90000000
sm   0 warp 0 0x8000000c 0x5208a557 v 10 11111111111111111111111111111111 0000001f 0000001e 0000001d 0000001c 0000001b 0000001a 00000019 00000018 00000017 00000016 00000015 00000014 00000013 00000012 00000011 00000010 0000000f 0000000e 0000000d 0000000c 0000000b 0000000a 00000009 00000008 00000007 00000006 00000005 00000004 00000003 00000002 00000001 00000000 
sm   0 warp 0 0x80000010 0x96a13557 v 10 11111111111111111111111111111111 0000007c 00000078 00000074 00000070 0000006c 00000068 00000064 00000060 0000005c 00000058 00000054 00000050 0000004c 00000048 00000044 00000040 0000003c 00000038 00000034 00000030 0000002c 00000028 00000024 00000020 0000001c 00000018 00000014 00000010 0000000c 00000008 00000004 00000000 
sm   0 warp 0 0x80000014 0x02a34557 v 10 11111111111111111111111111111111 9000007c 90000078 90000074 90000070 9000006c 90000068 90000064 90000060 9000005c 90000058 90000054 90000050 9000004c 90000048 90000044 90000040 9000003c 90000038 90000034 90000030 9000002c 90000028 90000024 90000020 9000001c 90000018 90000014 90000010 9000000c 90000008 90000004 90000000 
sm   0 warp 0 0x80000018 0x000520fb lsu.r v  1 op 3 @ 9000007c 90000078 90000074 90000070 9000006c 90000068 90000064 90000060 9000005c 90000058 90000054 90000050 9000004c 90000048 90000044 90000040 9000003c 90000038 90000034 90000030 9000002c 90000028 90000024 90000020 9000001c 90000018 90000014 90000010 9000000c 90000008 90000004 90000000
[L1C] #    576 SM 0 CACHE 1 ADDR 90000000
sm   0 warp 0 0x80000018 0x000520fb v  1 11111111111111111111111111111111 40000000 3e800000 bfc00000 3f800000 bf400000 3fe00000 00000000 bfe00000 3f400000 bf800000 3fc00000 be800000 c0000000 3f000000 bfa00000 3fa00000 bf000000 40000000 3e800000 bfc00000 3f800000 bf400000 3fe00000 00000000 bfe00000 3f400000 bf800000 3fc00000 be800000 c0000000 3f000000 bfa00000 
sm   0 warp 0 0x8000001c 0x2a108157 v  2 11111111111111111111111111111111 40000000 3e800000 bfc00000 3f800000 bf400000 3fe00000 00000000 bfe00000 3f400000 bf800000 3fc00000 be800000 c0000000 3f000000 bfa00000 3fa00000 bf000000 40000000 3e800000 bfc00000 3f800000 bf400000 3fe00000 00000000 bfe00000 3f400000 bf800000 3fc00000 be800000 c0000000 3f000000 bfa00000 
sm   0 warp 0 0x80000020 0x70000337 x  6  70000000
sm   0 warp 0 0x80000024 0x5208a557 v 10 11111111111111111111111111111111 0000001f 0000001e 0000001d 0000001c 0000001b 0000001a 00000019 00000018 00000017 00000016 00000015 00000014 00000013 00000012 00000011 00000010 0000000f 0000000e 0000000d 0000000c 0000000b 0000000a 00000009 00000008 00000007 00000006 00000005 00000004 00000003 00000002 00000001 00000000 
sm   0 warp 0 0x80000028 0x96a13557 v 10 11111111111111111111111111111111 0000007c 00000078 00000074 00000070 0000006c 00000068 00000064 00000060 0000005c 00000058 00000054 00000050 0000004c 00000048 00000044 00000040 0000003c 00000038 00000034 00000030 0000002c 00000028 00000024 00000020 0000001c 00000018 00000014 00000010 0000000c 00000008 00000004 00000000 
sm   0 warp 0 0x8000002c 0x02a34557 v 10 11111111111111111111111111111111 7000007c 70000078 70000074 70000070 7000006c 70000068 70000064 70000060 7000005c 70000058 70000054 70000050 7000004c 70000048 70000044 70000040 7000003c 70000038 70000034 70000030 7000002c 70000028 70000024 70000020 7000001c 70000018 70000014 70000010 7000000c 70000008 70000004 70000000 
sm   0 warp 0 0x80000030 0x0025607b lsu.w v  2 op 3 mask 11111111111111111111111111111111 40000000 3e800000 bfc00000 3f800000 bf400000 3fe00000 00000000 bfe00000 3f400000 bf800000 3fc00000 be800000 c0000000 3f000000 bfa00000 3fa00000 bf000000 40000000 3e800000 bfc00000 3f800000 bf400000 3fe00000 00000000 bfe00000 3f400000 bf800000 3fc00000 be800000 c0000000 3f000000 bfa00000 @ 7000007c 70000078 70000074 70000070 7000006c 70000068 70000064 70000060 7000005c 70000058 70000054 70000050 7000004c 70000048 70000044 70000040 7000003c 70000038 70000034 70000030 7000002c 70000028 70000024 70000020 7000001c 70000018 70000014 70000010 7000000c 70000008 70000004 70000000
sm   0 warp 0 0x80000034 0x70000337 x  6  70000000
sm   0 warp 0 0x80000038 0x5208a557 v 10 11111111111111111111111111111111 0000001f 0000001e 0000001d 0000001c 0000001b 0000001a 00000019 00000018 00000017 00000016 00000015 00000014 00000013 00000012 00000011 00000010 0000000f 0000000e 0000000d 0000000c 0000000b 0000000a 00000009 00000008 00000007 00000006 00000005 00000004 00000003 00000002 00000001 00000000 
sm   0 warp 0 0x8000003c 0x000003b7 x  7  00000000
sm   0 warp 0 0x80000030 0x0025607b lsu.w finish
sm   0 warp 0 0x80000040 0x01038393 x  7  00000010
sm   0 warp 0 0x80000044 0x02a3c557 v 10 11111111111111111111111111111111 0000002f 0000002e 0000002d 0000002c 0000002b 0000002a 00000029 00000028 00000027 00000026 00000025 00000024 00000023 00000022 00000021 00000020 0000001f 0000001e 0000001d 0000001c 0000001b 0000001a 00000019 00000018 00000017 00000016 00000015 00000014 00000013 00000012 00000011 00000010 
sm   0 warp 0 0x80000048 0x000003b7 x  7  00000000
sm   0 warp 0 0x8000004c 0x01f38393 x  7  0000001f
sm   0 warp 0 0x80000050 0x26a3c557 v 10 11111111111111111111111111111111 0000000f 0000000e 0000000d 0000000c 0000000b 0000000a 00000009 00000008 00000007 00000006 00000005 00000004 00000003 00000002 00000001 00000000 0000001f 0000001e 0000001d 0000001c 0000001b 0000001a 00000019 00000018 00000017 00000016 00000015 00000014 00000013 00000012 00000011 00000010 
sm   0 warp 0 0x80000054 0x96a13557 v 10 11111111111111111111111111111111 0000003c 00000038 00000034 00000030 0000002c 00000028 00000024 00000020 0000001c 00000018 00000014 00000010 0000000c 00000008 00000004 00000000 0000007c 00000078 00000074 00000070 0000006c 00000068 00000064 00000060 0000005c 00000058 00000054 00000050 0000004c 00000048 00000044 00000040 
sm   0 warp 0 0x80000058 0x02a34557 v 10 11111111111111111111111111111111 7000003c 70000038 70000034 70000030 7000002c 70000028 70000024 70000020 7000001c 70000018 70000014 70000010 7000000c 70000008 70000004 70000000 7000007c 70000078 70000074 70000070 7000006c 70000068 70000064 70000060 7000005c 70000058 70000054 70000050 7000004c 70000048 70000044 70000040 
sm   0 warp 0 0x8000005c 0x0005227b lsu.r v  4 op 3 @ 7000003c 70000038 70000034 70000030 7000002c 70000028 70000024 70000020 7000001c 70000018 70000014 70000010 7000000c 70000008 70000004 70000000 7000007c 70000078 70000074 70000070 7000006c 70000068 70000064 70000060 7000005c 70000058 70000054 70000050 7000004c 70000048 70000044 70000040
[L1C] #    664 SM 0 CACHE 0 ADDR 80000080
sm   0 warp 0 0x8000005c 0x0005227b v  4 11111111111111111111111111111111 bf000000 40000000 3e800000 bfc00000 3f800000 bf400000 3fe00000 00000000 bfe00000 3f400000 bf800000 3fc00000 be800000 c0000000 3f000000 bfa00000 40000000 3e800000 bfc00000 3f800000 bf400000 3fe00000 00000000 bfe00000 3f400000 bf800000 3fc00000 be800000 c0000000 3f000000 bfa00000 3fa00000 
sm   0 warp 0 0x80000060 0x1a411157 v  2 11111111111111111111111111111111 40000000 40000000 3e800000 3f800000 3f800000 3fe00000 3fe00000 00000000 3f400000 3f400000 3fc00000 3fc00000 be800000 3f000000 3f000000 3fa00000 40000000 40000000 3e800000 3f800000 3f800000 3fe00000 3fe00000 00000000 3f400000 3f400000 3fc00000 3fc00000 be800000 3f000000 3f000000 3fa00000 
sm   0 warp 0 0x80000064 0x70000337 x  6  70000000
sm   0 warp 0 0x80000068 0x5208a557 v 10 11111111111111111111111111111111 0000001f 0000001e 0000001d 0000001c 0000001b 0000001a 00000019 00000018 00000017 00000016 00000015 00000014 00000013 00000012 00000011 00000010 0000000f 0000000e 0000000d 0000000c 0000000b 0000000a 00000009 00000008 00000007 00000006 00000005 00000004 00000003 00000002 00000001 00000000 
sm   0 warp 0 0x8000006c 0x96a13557 v 10 11111111111111111111111111111111 0000007c 00000078 00000074 00000070 0000006c 00000068 00000064 00000060 0000005c 00000058 00000054 00000050 0000004c 00000048 00000044 00000040 0000003c 00000038 00000034 00000030 0000002c 00000028 00000024 00000020 0000001c 00000018 00000014 00000010 0000000c 00000008 00000004 00000000 
sm   0 warp 0 0x80000070 0x02a34557 v 10 11111111111111111111111111111111 7000007c 70000078 70000074 70000070 7000006c 70000068 70000064 70000060 7000005c 70000058 70000054 70000050 7000004c 70000048 70000044 70000040 7000003c 70000038 70000034 70000030 7000002c 70000028 70000024 70000020 7000001c 70000018 70000014 70000010 7000000c 70000008 70000004 70000000 
sm   0 warp 0 0x80000074 0x0025607b lsu.w v  2 op 3 mask 11111111111111111111111111111111 40000000 40000000 3e800000 3f800000 3f800000 3fe00000 3fe00000 00000000 3f400000 3f400000 3fc00000 3fc00000 be800000 3f000000 3f000000 3fa00000 40000000 40000000 3e800000 3f800000 3f800000 3fe00000 3fe00000 00000000 3f400000 3f400000 3fc00000 3fc00000 be800000 3f000000 3f000000 3fa00000 @ 7000007c 70000078 70000074 70000070 7000006c 70000068 70000064 70000060 7000005c 70000058 70000054 70000050 7000004c 70000048 70000044 70000040 7000003c 70000038 70000034 70000030 7000002c 70000028 70000024 70000020 7000001c 70000018 70000014 70000010 7000000c 70000008 70000004 70000000
sm   0 warp 0 0x80000078 0x70000337 x  6  70000000
sm   0 warp 0 0x8000007c 0x5208a557 v 10 11111111111111111111111111111111 0000001f 0000001e 0000001d 0000001c 0000001b 0000001a 00000019 00000018 00000017 00000016 00000015 00000014 00000013 00000012 00000011 00000010 0000000f 0000000e 0000000d 0000000c 0000000b 0000000a 00000009 00000008 00000007 00000006 00000005 00000004 00000003 00000002 00000001 00000000 
sm   0 warp 0 0x80000080 0x000003b7 x  7  00000000
sm   0 warp 0 0x80000074 0x0025607b lsu.w finish
sm   0 warp 0 0x80000084 0x00838393 x  7  00000008
sm   0 warp 0 0x80000088 0x02a3c557 v 10 11111111111111111111111111111111 00000027 00000026 00000025 00000024 00000023 00000022 00000021 00000020 0000001f 0000001e 0000001d 0000001c 0000001b 0000001a 00000019 00000018 00000017 00000016 00000015 00000014 00000013 00000012 00000011 00000010 0000000f 0000000e 0000000d 0000000c 0000000b 0000000a 00000009 00000008 
sm   0 warp 0 0x8000008c 0x000003b7 x  7  00000000
sm   0 warp 0 0x80000090 0x01f38393 x  7  0000001f
sm   0 warp 0 0x80000094 0x26a3c557 v 10 11111111111111111111111111111111 00000007 00000006 00000005 00000004 00000003 00000002 00000001 00000000 0000001f 0000001e 0000001d 0000001c 0000001b 0000001a 00000019 00000018 00000017 00000016 00000015 00000014 00000013 00000012 00000011 00000010 0000000f 0000000e 0000000d 0000000c 0000000b 0000000a 00000009 00000008 
sm   0 warp 0 0x80000098 0x96a13557 v 10 11111111111111111111111111111111 0000001c 00000018 00000014 00000010 0000000c 00000008 00000004 00000000 0000007c 00000078 00000074 00000070 0000006c 00000068 00000064 00000060 0000005c 00000058 00000054 00000050 0000004c 00000048 00000044 00000040 0000003c 00000038 00000034 00000030 0000002c 00000028 00000024 00000020 
sm   0 warp 0 0x8000009c 0x02a34557 v 10 11111111111111111111111111111111 7000001c 70000018 70000014 70000010 7000000c 70000008 70000004 70000000 7000007c 70000078 70000074 70000070 7000006c 70000068 70000064 70000060 7000005c 70000058 70000054 70000050 7000004c 70000048 70000044 70000040 7000003c 70000038 70000034 70000030 7000002c 70000028 70000024 70000020 
sm   0 warp 0 0x800000a0 0x0005227b lsu.r v  4 op 3 @ 7000001c 70000018 70000014 70000010 7000000c 70000008 70000004 70000000 7000007c 70000078 70000074 70000070 7000006c 70000068 70000064 70000060 7000005c 70000058 70000054 70000050 7000004c 70000048 70000044 70000040 7000003c 70000038 70000034 70000030 7000002c 70000028 70000024 70000020
sm   0 warp 0 0x800000a0 0x0005227b v  4 11111111111111111111111111111111 3f400000 3f400000 3fc00000 3fc00000 be800000 3f000000 3f000000 3fa00000 40000000 40000000 3e800000 3f800000 3f800000 3fe00000 3fe00000 00000000 3f400000 3f400000 3fc00000 3fc00000 be800000 3f000000 3f000000 3fa00000 40000000 40000000 3e800000 3f800000 3f800000 3fe00000 3fe00000 00000000 
sm   0 warp 0 0x800000a4 0x1a411157 v  2 11111111111111111111111111111111 40000000 40000000 3fc00000 3fc00000 3f800000 3fe00000 3fe00000 3fa00000 40000000 40000000 3fc00000 3fc00000 3f800000 3fe00000 3fe00000 3fa00000 40000000 40000000 3fc00000 3fc00000 3f800000 3fe00000 3fe00000 3fa00000 40000000 40000000 3fc00000 3fc00000 3f800000 3fe00000 3fe00000 3fa00000 
sm   0 warp 0 0x800000a8 0x70000337 x  6  70000000
sm   0 warp 0 0x800000ac 0x5208a557 v 10 11111111111111111111111111111111 0000001f 0000001e 0000001d 0000001c 0000001b 0000001a 00000019 00000018 00000017 00000016 00000015 00000014 00000013 00000012 00000011 00000010 0000000f 0000000e 0000000d 0000000c 0000000b 0000000a 00000009 00000008 00000007 00000006 00000005 00000004 00000003 00000002 00000001 00000000 
sm   0 warp 0 0x800000b0 0x96a13557 v 10 11111111111111111111111111111111 0000007c 00000078 00000074 00000070 0000006c 00000068 00000064 00000060 0000005c 00000058 00000054 00000050 0000004c 00000048 00000044 00000040 0000003c 00000038 00000034 00000030 0000002c 00000028 00000024 00000020 0000001c 00000018 00000014 00000010 0000000c 00000008 00000004 00000000 
sm   0 warp 0 0x800000b4 0x02a34557 v 10 11111111111111111111111111111111 7000007c 70000078 70000074 70000070 7000006c 70000068 70000064 70000060 7000005c 70000058 70000054 70000050 7000004c 70000048 70000044 70000040 7000003c 70000038 70000034 70000030 7000002c 70000028 70000024 70000020 7000001c 70000018 70000014 70000010 7000000c 70000008 70000004 70000000 
sm   0 warp 0 0x800000b8 0x0025607b lsu.w v  2 op 3 mask 11111111111111111111111111111111 40000000 40000000 3fc00000 3fc00000 3f800000 3fe00000 3fe00000 3fa00000 40000000 40000000 3fc00000 3fc00000 3f800000 3fe00000 3fe00000 3fa00000 40000000 40000000 3fc00000 3fc00000 3f800000 3fe00000 3fe00000 3fa00000 40000000 40000000 3fc00000 3fc00000 3f800000 3fe00000 3fe00000 3fa00000 @ 7000007c 70000078 70000074 70000070 7000006c 70000068 70000064 70000060 7000005c 70000058 70000054 70000050 7000004c 70000048 70000044 70000040 7000003c 70000038 70000034 70000030 7000002c 70000028 70000024 70000020 7000001c 70000018 70000014 70000010 7000000c 70000008 70000004 70000000
sm   0 warp 0 0x800000bc 0x70000337 x  6  70000000
sm   0 warp 0 0x800000c0 0x5208a557 v 10 11111111111111111111111111111111 0000001f 0000001e 0000001d 0000001c 0000001b 0000001a 00000019 00000018 00000017 00000016 00000015 00000014 00000013 00000012 00000011 00000010 0000000f 0000000e 0000000d 0000000c 0000000b 0000000a 00000009 00000008 00000007 00000006 00000005 00000004 00000003 00000002 00000001 00000000 
sm   0 warp 0 0x800000c4 0x000003b7 x  7  00000000
sm   0 warp 0 0x800000b8 0x0025607b lsu.w finish
sm   0 warp 0 0x800000c8 0x00438393 x  7  00000004
sm   0 warp 0 0x800000cc 0x02a3c557 v 10 11111111111111111111111111111111 00000023 00000022 00000021 00000020 0000001f 0000001e 0000001d 0000001c 0000001b 0000001a 00000019 00000018 00000017 00000016 00000015 00000014 00000013 00000012 00000011 00000010 0000000f 0000000e 0000000d 0000000c 0000000b 0000000a 00000009 00000008 00000007 00000006 00000005 00000004 
sm   0 warp 0 0x800000d0 0x000003b7 x  7  00000000
sm   0 warp 0 0x800000d4 0x01f38393 x  7  0000001f
sm   0 warp 0 0x800000d8 0x26a3c557 v 10 11111111111111111111111111111111 00000003 00000002 00000001 00000000 0000001f 0000001e 0000001d 0000001c 0000001b 0000001a 00000019 00000018 00000017 00000016 00000015 00000014 00000013 00000012 00000011 00000010 0000000f 0000000e 0000000d 0000000c 0000000b 0000000a 00000009 00000008 00000007 00000006 00000005 00000004 
sm   0 warp 0 0x800000dc 0x96a13557 v 10 11111111111111111111111111111111 0000000c 00000008 00000004 00000000 0000007c 00000078 00000074 00000070 0000006c 00000068 00000064 00000060 0000005c 00000058 00000054 00000050 0000004c 00000048 00000044 00000040 0000003c 00000038 00000034 00000030 0000002c 00000028 00000024 00000020 0000001c 00000018 00000014 00000010 
[L1C] #    802 SM 0 CACHE 0 ADDR 80000100
sm   0 warp 0 0x800000e0 0x02a34557 v 10 11111111111111111111111111111111 7000000c 70000008 70000004 70000000 7000007c 70000078 70000074 70000070 7000006c 70000068 70000064 70000060 7000005c 70000058 70000054 70000050 7000004c 70000048 70000044 70000040 7000003c 70000038 70000034 70000030 7000002c 70000028 70000024 70000020 7000001c 70000018 70000014 70000010 
sm   0 warp 0 0x800000e4 0x0005227b lsu.r v  4 op 3 @ 7000000c 70000008 70000004 70000000 7000007c 70000078 70000074 70000070 7000006c 70000068 70000064 70000060 7000005c 70000058 70000054 70000050 7000004c 70000048 70000044 70000040 7000003c 70000038 70000034 70000030 7000002c 70000028 70000024 70000020 7000001c 70000018 70000014 70000010
sm   0 warp 0 0x800000e4 0x0005227b v  4 11111111111111111111111111111111 3f800000 3fe00000 3fe00000 3fa00000 40000000 40000000 3fc00000 3fc00000 3f800000 3fe00000 3fe00000 3fa00000 40000000 40000000 3fc00000 3fc00000 3f800000 3fe00000 3fe00000 3fa00000 40000000 40000000 3fc00000 3fc00000 3f800000 3fe00000 3fe00000 3fa00000 40000000 40000000 3fc00000 3fc00000 
sm   0 warp 0 0x800000e8 0x1a411157 v  2 11111111111111111111111111111111 40000000 40000000 3fe00000 3fc00000 40000000 40000000 3fe00000 3fc00000 40000000 40000000 3fe00000 3fc00000 40000000 40000000 3fe00000 3fc00000 40000000 40000000 3fe00000 3fc00000 40000000 40000000 3fe00000 3fc00000 40000000 40000000 3fe00000 3fc00000 40000000 40000000 3fe00000 3fc00000 
sm   0 warp 0 0x800000ec 0x70000337 x  6  70000000
sm   0 warp 0 0x800000f0 0x5208a557 v 10 11111111111111111111111111111111 0000001f 0000001e 0000001d 0000001c 0000001b 0000001a 00000019 00000018 00000017 00000016 00000015 00000014 00000013 00000012 00000011 00000010 0000000f 0000000e 0000000d 0000000c 0000000b 0000000a 00000009 00000008 00000007 00000006 00000005 00000004 00000003 00000002 00000001 00000000 
sm   0 warp 0 0x800000f4 0x96a13557 v 10 11111111111111111111111111111111 0000007c 00000078 00000074 00000070 0000006c 00000068 00000064 00000060 0000005c 00000058 00000054 00000050 0000004c 00000048 00000044 00000040 0000003c 00000038 00000034 00000030 0000002c 00000028 00000024 00000020 0000001c 00000018 00000014 00000010 0000000c 00000008 00000004 00000000 
sm   0 warp 0 0x800000f8 0x02a34557 v 10 11111111111111111111111111111111 7000007c 70000078 70000074 70000070 7000006c 70000068 70000064 70000060 7000005c 70000058 70000054 70000050 7000004c 70000048 70000044 70000040 7000003c 70000038 70000034 70000030 7000002c 70000028 70000024 70000020 7000001c 70000018 70000014 70000010 7000000c 70000008 70000004 70000000 
sm   0 warp 0 0x800000fc 0x0025607b lsu.w v  2 op 3 mask 11111111111111111111111111111111 40000000 40000000 3fe00000 3fc00000 40000000 40000000 3fe00000 3fc00000 40000000 40000000 3fe00000 3fc00000 40000000 40000000 3fe00000 3fc00000 40000000 40000000 3fe00000 3fc00000 40000000 40000000 3fe00000 3fc00000 40000000 40000000 3fe00000 3fc00000 40000000 40000000 3fe00000 3fc00000 @ 7000007c 70000078 70000074 70000070 7000006c 70000068 70000064 70000060 7000005c 70000058 70000054 70000050 7000004c 70000048 70000044 70000040 7000003c 70000038 70000034 70000030 7000002c 70000028 70000024 70000020 7000001c 70000018 70000014 70000010 7000000c 70000008 70000004 70000000
sm   0 warp 0 0x80000100 0x70000337 x  6  70000000
sm   0 warp 0 0x80000104 0x5208a557 v 10 11111111111111111111111111111111 0000001f 0000001e 0000001d 0000001c 0000001b 0000001a 00000019 00000018 00000017 00000016 00000015 00000014 00000013 00000012 00000011 00000010 0000000f 0000000e 0000000d 0000000c 0000000b 0000000a 00000009 00000008 00000007 00000006 00000005 00000004 00000003 00000002 00000001 00000000 
sm   0 warp 0 0x80000108 0x000003b7 x  7  00000000
sm   0 warp 0 0x800000fc 0x0025607b lsu.w finish
sm   0 warp 0 0x8000010c 0x00238393 x  7  00000002
sm   0 warp 0 0x80000110 0x02a3c557 v 10 11111111111111111111111111111111 00000021 00000020 0000001f 0000001e 0000001d 0000001c 0000001b 0000001a 00000019 00000018 00000017 00000016 00000015 00000014 00000013 00000012 00000011 00000010 0000000f 0000000e 0000000d 0000000c 0000000b 0000000a 00000009 00000008 00000007 00000006 00000005 00000004 00000003 00000002 
sm   0 warp 0 0x80000114 0x000003b7 x  7  00000000
sm   0 warp 0 0x80000118 0x01f38393 x  7  0000001f
sm   0 warp 0 0x8000011c 0x26a3c557 v 10 11111111111111111111111111111111 00000001 00000000 0000001f 0000001e 0000001d 0000001c 0000001b 0000001a 00000019 00000018 00000017 00000016 00000015 00000014 00000013 00000012 00000011 00000010 0000000f 0000000e 0000000d 0000000c 0000000b 0000000a 00000009 00000008 00000007 00000006 00000005 00000004 00000003 00000002 
sm   0 warp 0 0x80000120 0x96a13557 v 10 11111111111111111111111111111111 00000004 00000000 0000007c 00000078 00000074 00000070 0000006c 00000068 00000064 00000060 0000005c 00000058 00000054 00000050 0000004c 00000048 00000044 00000040 0000003c 00000038 00000034 00000030 0000002c 00000028 00000024 00000020 0000001c 00000018 00000014 00000010 0000000c 00000008 
sm   0 warp 0 0x80000124 0x02a34557 v 10 11111111111111111111111111111111 70000004 70000000 7000007c 70000078 70000074 70000070 7000006c 70000068 70000064 70000060 7000005c 70000058 70000054 70000050 7000004c 70000048 70000044 70000040 7000003c 70000038 70000034 70000030 7000002c 70000028 70000024 70000020 7000001c 70000018 70000014 70000010 7000000c 70000008 
sm   0 warp 0 0x80000128 0x0005227b lsu.r v  4 op 3 @ 70000004 70000000 7000007c 70000078 70000074 70000070 7000006c 70000068 70000064 70000060 7000005c 70000058 70000054 70000050 7000004c 70000048 70000044 70000040 7000003c 70000038 70000034 70000030 7000002c 70000028 70000024 70000020 7000001c 70000018 70000014 70000010 7000000c 70000008
sm   0 warp 0 0x80000128 0x0005227b v  4 11111111111111111111111111111111 3fe00000 3fc00000 40000000 40000000 3fe00000 3fc00000 40000000 40000000 3fe00000 3fc00000 40000000 40000000 3fe00000 3fc00000 40000000 40000000 3fe00000 3fc00000 40000000 40000000 3fe00000 3fc00000 40000000 40000000 3fe00000 3fc00000 40000000 40000000 3fe00000 3fc00000 40000000 40000000 
sm   0 warp 0 0x8000012c 0x1a411157 v  2 11111111111111111111111111111111 40000000 40000000 40000000 40000000 40000000 40000000 40000000 40000000 40000000 40000000 40000000 40000000 40000000 40000000 40000000 40000000 40000000 40000000 40000000 40000000 40000000 40000000 40000000 40000000 40000000 40000000 40000000 40000000 40000000 40000000 40000000 40000000 
sm   0 warp 0 0x80000130 0x70000337 x  6  70000000
sm   0 warp 0 0x80000134 0x5208a557 v 10 11111111111111111111111111111111 0000001f 0000001e 0000001d 0000001c 0000001b 0000001a 00000019 00000018 00000017 00000016 00000015 00000014 00000013 00000012 00000011 00000010 0000000f 0000000e 0000000d 0000000c 0000000b 0000000a 00000009 00000008 00000007 00000006 00000005 00000004 00000003 00000002 00000001 00000000 
sm   0 warp 0 0x80000138 0x96a13557 v 10 11111111111111111111111111111111 0000007c 00000078 00000074 00000070 0000006c 00000068 00000064 00000060 0000005c 00000058 00000054 00000050 0000004c 00000048 00000044 00000040 0000003c 00000038 00000034 00000030 0000002c 00000028 00000024 00000020 0000001c 00000018 00000014 00000010 0000000c 00000008 00000004 00000000 
sm   0 warp 0 0x8000013c 0x02a34557 v 10 11111111111111111111111111111111 7000007c 70000078 70000074 70000070 7000006c 70000068 70000064 70000060 7000005c 70000058 70000054 70000050 7000004c 70000048 70000044 70000040 7000003c 70000038 70000034 70000030 7000002c 70000028 70000024 70000020 7000001c 70000018 70000014 70000010 7000000c 70000008 70000004 70000000 
sm   0 warp 0 0x80000140 0x0025607b lsu.w v  2 op 3 mask 11111111111111111111111111111111 40000000 40000000 40000000 40000000 40000000 40000000 40000000 40000000 40000000 40000000 40000000 40000000 40000000 40000000 40000000 40000000 40000000 40000000 40000000 40000000 40000000 40000000 40000000 40000000 40000000 40000000 40000000 40000000 40000000 40000000 40000000 40000000 @ 7000007c 70000078 70000074 70000070 7000006c 70000068 70000064 70000060 7000005c 70000058 70000054 70000050 7000004c 70000048 70000044 70000040 7000003c 70000038 70000034 70000030 7000002c 70000028 70000024 70000020 7000001c 70000018 70000014 70000010 7000000c 70000008 70000004 70000000
sm   0 warp 0 0x80000144 0x70000337 x  6  70000000
sm   0 warp 0 0x80000148 0x5208a557 v 10 11111111111111111111111111111111 0000001f 0000001e 0000001d 0000001c 0000001b 0000001a 00000019 00000018 00000017 00000016 00000015 00000014 00000013 00000012 00000011 00000010 0000000f 0000000e 0000000d 0000000c 0000000b 0000000a 00000009 00000008 00000007 00000006 00000005 00000004 00000003 00000002 00000001 00000000 
sm   0 warp 0 0x8000014c 0x000003b7 x  7  00000000
sm   0 warp 0 0x80000140 0x0025607b lsu.w finish
sm   0 warp 0 0x80000150 0x00138393 x  7  00000001
sm   0 warp 0 0x80000154 0x02a3c557 v 10 11111111111111111111111111111111 00000020 0000001f 0000001e 0000001d 0000001c 0000001b 0000001a 00000019 00000018 00000017 00000016 00000015 00000014 00000013 00000012 00000011 00000010 0000000f 0000000e 0000000d 0000000c 0000000b 0000000a 00000009 00000008 00000007 00000006 00000005 00000004 00000003 00000002 00000001 
sm   0 warp 0 0x80000158 0x000003b7 x  7  00000000
sm   0 warp 0 0x8000015c 0x01f38393 x  7  0000001f
[L1C] #    940 SM 0 CACHE 0 ADDR 80000180
sm   0 warp 0 0x80000160 0x26a3c557 v 10 11111111111111111111111111111111 00000000 0000001f 0000001e 0000001d 0000001c 0000001b 0000001a 00000019 00000018 00000017 00000016 00000015 00000014 00000013 00000012 00000011 00000010 0000000f 0000000e 0000000d 0000000c 0000000b 0000000a 00000009 00000008 00000007 00000006 00000005 00000004 00000003 00000002 00000001 
sm   0 warp 0 0x80000164 0x96a13557 v 10 11111111111111111111111111111111 00000000 0000007c 00000078 00000074 00000070 0000006c 00000068 00000064 00000060 0000005c 00000058 00000054 00000050 0000004c 00000048 00000044 00000040 0000003c 00000038 00000034 00000030 0000002c 00000028 00000024 00000020 0000001c 00000018 00000014 00000010 0000000c 00000008 00000004 
sm   0 warp 0 0x80000168 0x02a34557 v 10 11111111111111111111111111111111 70000000 7000007c 70000078 70000074 70000070 7000006c 70000068 70000064 70000060 7000005c 70000058 70000054 70000050 7000004c 70000048 70000044 70000040 7000003c 70000038 70000034 70000030 7000002c 70000028 70000024 70000020 7000001c 70000018 70000014 70000010 7000000c 70000008 70000004 
sm   0 warp 0 0x8000016c 0x0005227b lsu.r v  4 op 3 @ 70000000 7000007c 70000078 70000074 70000070 7000006c 70000068 70000064 70000060 7000005c 70000058 70000054 70000050 7000004c 70000048 70000044 70000040 7000003c 70000038 70000034 70000030 7000002c 70000028 70000024 70000020 7000001c 70000018 70000014 70000010 7000000c 70000008 70000004
sm   0 warp 0 0x8000016c 0x0005227b v  4 11111111111111111111111111111111 40000000 40000000 40000000 40000000 40000000 40000000 40000000 40000000 40000000 40000000 40000000 40000000 40000000 40000000 40000000 40000000 40000000 40000000 40000000 40000000 40000000 40000000 40000000 40000000 40000000 40000000 40000000 40000000 40000000 40000000 40000000 40000000 
sm   0 warp 0 0x80000170 0x1a411157 v  2 11111111111111111111111111111111 40000000 40000000 40000000 40000000 40000000 40000000 40000000 40000000 40000000 40000000 40000000 40000000 40000000 40000000 40000000 40000000 40000000 40000000 40000000 40000000 40000000 40000000 40000000 40000000 40000000 40000000 40000000 40000000 40000000 40000000 40000000 40000000 
sm   0 warp 0 0x80000174 0x70000337 x  6  70000000
sm   0 warp 0 0x80000178 0x5208a557 v 10 11111111111111111111111111111111 0000001f 0000001e 0000001d 0000001c 0000001b 0000001a 00000019 00000018 00000017 00000016 00000015 00000014 00000013 00000012 00000011 00000010 0000000f 0000000e 0000000d 0000000c 0000000b 0000000a 00000009 00000008 00000007 00000006 00000005 00000004 00000003 00000002 00000001 00000000 
sm   0 warp 0 0x8000017c 0x96a13557 v 10 11111111111111111111111111111111 0000007c 00000078 00000074 00000070 0000006c 00000068 00000064 00000060 0000005c 00000058 00000054 00000050 0000004c 00000048 00000044 00000040 0000003c 00000038 00000034 00000030 0000002c 00000028 00000024 00000020 0000001c 00000018 00000014 00000010 0000000c 00000008 00000004 00000000 
sm   0 warp 0 0x80000180 0x02a34557 v 10 11111111111111111111111111111111 7000007c 70000078 70000074 70000070 7000006c 70000068 70000064 70000060 7000005c 70000058 70000054 70000050 7000004c 70000048 70000044 70000040 7000003c 70000038 70000034 70000030 7000002c 70000028 70000024 70000020 7000001c 70000018 70000014 70000010 7000000c 70000008 70000004 70000000 
sm   0 warp 0 0x80000184 0x0025607b lsu.w v  2 op 3 mask 11111111111111111111111111111111 40000000 40000000 40000000 40000000 40000000 40000000 40000000 40000000 40000000 40000000 40000000 40000000 40000000 40000000 40000000 40000000 40000000 40000000 40000000 40000000 40000000 40000000 40000000 40000000 40000000 40000000 40000000 40000000 40000000 40000000 40000000 40000000 @ 7000007c 70000078 70000074 70000070 7000006c 70000068 70000064 70000060 7000005c 70000058 70000054 70000050 7000004c 70000048 70000044 70000040 7000003c 70000038 70000034 70000030 7000002c 70000028 70000024 70000020 7000001c 70000018 70000014 70000010 7000000c 70000008 70000004 70000000
sm   0 warp 0 0x8000018c 0x3d8002b7 x  5  3d800000
sm   0 warp 0 0x80000188 0x0a1110d7 v  1 11111111111111111111111111111111 00000000 bfe00000 c0600000 bf800000 c0300000 be800000 c0000000 c0700000 bfa00000 c0400000 bf000000 c0100000 c0800000 bfc00000 c0500000 bf400000 c0200000 00000000 bfe00000 c0600000 bf800000 c0300000 be800000 c0000000 c0700000 bfa00000 c0400000 bf000000 c0100000 c0800000 bfc00000 c0500000 
sm   0 warp 0 0x80000184 0x0025607b lsu.w finish
sm   0 warp 0 0x80000190 0x5e02c857 v 16 11111111111111111111111111111111 3d800000 3d800000 3d800000 3d800000 3d800000 3d800000 3d800000 3d800000 3d800000 3d800000 3d800000 3d800000 3d800000 3d800000 3d800000 3d800000 3d800000 3d800000 3d800000 3d800000 3d800000 3d800000 3d800000 3d800000 3d800000 3d800000 3d800000 3d800000 3d800000 3d800000 3d800000 3d800000 
sm   0 warp 0 0x80000194 0x2bff8657 v 12 11111111111111111111111111111111 00000000 00000000 00000000 00000000 00000000 00000000 00000000 00000000 00000000 00000000 00000000 00000000 00000000 00000000 00000000 00000000 00000000 00000000 00000000 00000000 00000000 00000000 00000000 00000000 00000000 00000000 00000000 00000000 00000000 00000000 00000000 00000000 
sm   0 warp 0 0x8000019c 0x37d012b7 x  5  37d01000
sm   0 warp 0 0x80000198 0xb3009657 v 12 11111111111111111111111111111111 00000000 bde00000 be600000 bd800000 be300000 bc800000 be000000 be700000 bda00000 be400000 bd000000 be100000 be800000 bdc00000 be500000 bd400000 be200000 00000000 bde00000 be600000 bd800000 be300000 bc800000 be000000 be700000 bda00000 be400000 bd000000 be100000 be800000 bdc00000 be500000 
sm   0 warp 0 0x800001a0 0xd0128293 x  5  37d00d01
sm   0 warp 0 0x800001a4 0x5e02c8d7 v 17 11111111111111111111111111111111 37d00d01 37d00d01 37d00d01 37d00d01 37d00d01 37d00d01 37d00d01 37d00d01 37d00d01 37d00d01 37d00d01 37d00d01 37d00d01 37d00d01 37d00d01 37d00d01 37d00d01 37d00d01 37d00d01 37d00d01 37d00d01 37d00d01 37d00d01 37d00d01 37d00d01 37d00d01 37d00d01 37d00d01 37d00d01 37d00d01 37d00d01 37d00d01 
sm   0 warp 0 0x800001a8 0x2b1886d7 v 13 11111111111111111111111111111111 37d00d01 37d00d01 37d00d01 37d00d01 37d00d01 37d00d01 37d00d01 37d00d01 37d00d01 37d00d01 37d00d01 37d00d01 37d00d01 37d00d01 37d00d01 37d00d01 37d00d01 37d00d01 37d00d01 37d00d01 37d00d01 37d00d01 37d00d01 37d00d01 37d00d01 37d00d01 37d00d01 37d00d01 37d00d01 37d00d01 37d00d01 37d00d01 
sm   0 warp 0 0x800001ac 0x395012b7 x  5  39501000
sm   0 warp 0 0x800001b0 0xd0128293 x  5  39500d01
sm   0 warp 0 0x800001b4 0x5e02c8d7 v 17 11111111111111111111111111111111 39500d01 39500d01 39500d01 39500d01 39500d01 39500d01 39500d01 39500d01 39500d01 39500d01 39500d01 39500d01 39500d01 39500d01 39500d01 39500d01 39500d01 39500d01 39500d01 39500d01 39500d01 39500d01 39500d01 39500d01 39500d01 39500d01 39500d01 39500d01 39500d01 39500d01 39500d01 39500d01 
sm   0 warp 0 0x800001b8 0x2ad68f57 v 30 11111111111111111111111111111111 37d00d01 37d00d01 37d00d01 37d00d01 37d00d01 37d00d01 37d00d01 37d00d01 37d00d01 37d00d01 37d00d01 37d00d01 37d00d01 37d00d01 37d00d01 37d00d01 37d00d01 37d00d01 37d00d01 37d00d01 37d00d01 37d00d01 37d00d01 37d00d01 37d00d01 37d00d01 37d00d01 37d00d01 37d00d01 37d00d01 37d00d01 37d00d01 
sm   0 warp 0 0x800001bc 0x2b1886d7 v 13 11111111111111111111111111111111 39500d01 39500d01 39500d01 39500d01 39500d01 39500d01 39500d01 39500d01 39500d01 39500d01 39500d01 39500d01 39500d01 39500d01 39500d01 39500d01 39500d01 39500d01 39500d01 39500d01 39500d01 39500d01 39500d01 39500d01 39500d01 39500d01 39500d01 39500d01 39500d01 39500d01 39500d01 39500d01 
sm   0 warp 0 0x800001c4 0x3ab612b7 x  5  3ab61000
sm   0 warp 0 0x800001c0 0xb2cf16d7 v 13 11111111111111111111111111111111 39500d01 394d34d3 394a5ca6 394e6ce7 394b94b9 394fa4fa 394ccccd 3949f49f 394e04e0 394b2cb3 394f3cf4 394c64c6 39498c99 394d9cda 394ac4ac 394ed4ed 394bfcc0 39500d01 394d34d3 394a5ca6 394e6ce7 394b94b9 394fa4fa 394ccccd 3949f49f 394e04e0 394b2cb3 394f3cf4 394c64c6 39498c99 394d9cda 394ac4ac 
sm   0 warp 0 0x800001c8 0xb6128293 x  5  3ab60b61
sm   0 warp 0 0x800001cc 0x5e02c8d7 v 17 11111111111111111111111111111111 3ab60b61 3ab60b61 3ab60b61 3ab60b61 3ab60b61 3ab60b61 3ab60b61 3ab60b61 3ab60b61 3ab60b61 3ab60b61 3ab60b61 3ab60b61 3ab60b61 3ab60b61 3ab60b61 3ab60b61 3ab60b61 3ab60b61 3ab60b61 3ab60b61 3ab60b61 3ab60b61 3ab60b61 3ab60b61 3ab60b61 3ab60b61 3ab60b61 3ab60b61 3ab60b61 3ab60b61 3ab60b61 
sm   0 warp 0 0x800001d0 0x2ad68f57 v 30 11111111111111111111111111111111 39500d01 394d34d3 394a5ca6 394e6ce7 394b94b9 394fa4fa 394ccccd 3949f49f 394e04e0 394b2cb3 394f3cf4 394c64c6 39498c99 394d9cda 394ac4ac 394ed4ed 394bfcc0 39500d01 394d34d3 394a5ca6 394e6ce7 394b94b9 394fa4fa 394ccccd 3949f49f 394e04e0 394b2cb3 394f3cf4 394c64c6 39498c99 394d9cda 394ac4ac 
sm   0 warp 0 0x800001d4 0x2b1886d7 v 13 11111111111111111111111111111111 3ab60b61 3ab60b61 3ab60b61 3ab60b61 3ab60b61 3ab60b61 3ab60b61 3ab60b61 3ab60b61 3ab60b61 3ab60b61 3ab60b61 3ab60b61 3ab60b61 3ab60b61 3ab60b61 3ab60b61 3ab60b61 3ab60b61 3ab60b61 3ab60b61 3ab60b61 3ab60b61 3ab60b61 3ab60b61 3ab60b61 3ab60b61 3ab60b61 3ab60b61 3ab60b61 3ab60b61 3ab60b61 
sm   0 warp 0 0x800001dc 0x3c0892b7 x  5  3c089000
sm   0 warp 0 0x800001d8 0xb2cf16d7 v 13 11111111111111111111111111111111 3ab60b61 3ab33d28 3ab082d8 3ab46e87 3ab1abaf 3ab5a38f 3ab2d82e 3ab020b6 3ab40855 3ab14855 3ab53c24 3ab2739c 3aafbefc 3ab3a28a 3ab0e563 3ab4d522 3ab20f71 3ab60b61 3ab33d28 3ab082d8 3ab46e87 3ab1abaf 3ab5a38f 3ab2d82e 3ab020b6 3ab40855 3ab14855 3ab53c24 3ab2739c 3aafbefc 3ab3a28a 3ab0e563 
[L1C] #   1089 SM 0 CACHE 0 ADDR 80000200
sm   0 warp 0 0x800001e0 0x88928293 x  5  3c088889
sm   0 warp 0 0x800001e4 0x5e02c8d7 v 17 11111111111111111111111111111111 3c088889 3c088889 3c088889 3c088889 3c088889 3c088889 3c088889 3c088889 3c088889 3c088889 3c088889 3c088889 3c088889 3c088889 3c088889 3c088889 3c088889 3c088889 3c088889 3c088889 3c088889 3c088889 3c088889 3c088889 3c088889 3c088889 3c088889 3c088889 3c088889 3c088889 3c088889 3c088889 
sm   0 warp 0 0x800001e8 0x2ad68f57 v 30 11111111111111111111111111111111 3ab60b61 3ab33d28 3ab082d8 3ab46e87 3ab1abaf 3ab5a38f 3ab2d82e 3ab020b6 3ab40855 3ab14855 3ab53c24 3ab2739c 3aafbefc 3ab3a28a 3ab0e563 3ab4d522 3ab20f71 3ab60b61 3ab33d28 3ab082d8 3ab46e87 3ab1abaf 3ab5a38f 3ab2d82e 3ab020b6 3ab40855 3ab14855 3ab53c24 3ab2739c 3aafbefc 3ab3a28a 3ab0e563 
sm   0 warp 0 0x800001ec 0x2b1886d7 v 13 11111111111111111111111111111111 3c088889 3c088889 3c088889 3c088889 3c088889 3c088889 3c088889 3c088889 3c088889 3c088889 3c088889 3c088889 3c088889 3c088889 3c088889 3c088889 3c088889 3c088889 3c088889 3c088889 3c088889 3c088889 3c088889 3c088889 3c088889 3c088889 3c088889 3c088889 3c088889 3c088889 3c088889 3c088889 
sm   0 warp 0 0x800001f4 0x3d2ab2b7 x  5  3d2ab000
sm   0 warp 0 0x800001f0 0xb2cf16d7 v 13 11111111111111111111111111111111 3c088889 3c061533 3c03b4f5 3c071fac 3c04b759 3c082db7 3c05bd28 3c035f94 3c06c674 3c0460d7 3c07d34d 3c056581 3c030a91 3c066da1 3c040ab6 3c077949 3c050e3c 3c088889 3c061533 3c03b4f5 3c071fac 3c04b759 3c082db7 3c05bd28 3c035f94 3c06c674 3c0460d7 3c07d34d 3c056581 3c030a91 3c066da1 3c040ab6 
sm   0 warp 0 0x800001f8 0xaab28293 x  5  3d2aaaab
sm   0 warp 0 0x800001fc 0x5e02c8d7 v 17 11111111111111111111111111111111 3d2aaaab 3d2aaaab 3d2aaaab 3d2aaaab 3d2aaaab 3d2aaaab 3d2aaaab 3d2aaaab 3d2aaaab 3d2aaaab 3d2aaaab 3d2aaaab 3d2aaaab 3d2aaaab 3d2aaaab 3d2aaaab 3d2aaaab 3d2aaaab 3d2aaaab 3d2aaaab 3d2aaaab 3d2aaaab 3d2aaaab 3d2aaaab 3d2aaaab 3d2aaaab 3d2aaaab 3d2aaaab 3d2aaaab 3d2aaaab 3d2aaaab 3d2aaaab 
sm   0 warp 0 0x80000200 0x2ad68f57 v 30 11111111111111111111111111111111 3c088889 3c061533 3c03b4f5 3c071fac 3c04b759 3c082db7 3c05bd28 3c035f94 3c06c674 3c0460d7 3c07d34d 3c056581 3c030a91 3c066da1 3c040ab6 3c077949 3c050e3c 3c088889 3c061533 3c03b4f5 3c071fac 3c04b759 3c082db7 3c05bd28 3c035f94 3c06c674 3c0460d7 3c07d34d 3c056581 3c030a91 3c066da1 3c040ab6 
sm   0 warp 0 0x80000204 0x2b1886d7 v 13 11111111111111111111111111111111 3d2aaaab 3d2aaaab 3d2aaaab 3d2aaaab 3d2aaaab 3d2aaaab 3d2aaaab 3d2aaaab 3d2aaaab 3d2aaaab 3d2aaaab 3d2aaaab 3d2aaaab 3d2aaaab 3d2aaaab 3d2aaaab 3d2aaaab 3d2aaaab 3d2aaaab 3d2aaaab 3d2aaaab 3d2aaaab 3d2aaaab 3d2aaaab 3d2aaaab 3d2aaaab 3d2aaaab 3d2aaaab 3d2aaaab 3d2aaaab 3d2aaaab 3d2aaaab 
sm   0 warp 0 0x8000020c 0x3e2ab2b7 x  5  3e2ab000
sm   0 warp 0 0x80000208 0xb2cf16d7 v 13 11111111111111111111111111111111 3d2aaaab 3d270017 3d2376c6 3d288e2c 3d24f6ca 3d2a227d 3d267cc2 3d22f811 3d2808cb 3d247621 3d299b04 3d25fa19 3d227a02 3d278419 3d23f620 3d29143f 3d25781d 3d2aaaab 3d270017 3d2376c6 3d288e2c 3d24f6ca 3d2a227d 3d267cc2 3d22f811 3d2808cb 3d247621 3d299b04 3d25fa19 3d227a02 3d278419 3d23f620 
sm   0 warp 0 0x80000210 0xaab28293 x  5  3e2aaaab
sm   0 warp 0 0x80000214 0x5e02c8d7 v 17 11111111111111111111111111111111 3e2aaaab 3e2aaaab 3e2aaaab 3e2aaaab 3e2aaaab 3e2aaaab 3e2aaaab 3e2aaaab 3e2aaaab 3e2aaaab 3e2aaaab 3e2aaaab 3e2aaaab 3e2aaaab 3e2aaaab 3e2aaaab 3e2aaaab 3e2aaaab 3e2aaaab 3e2aaaab 3e2aaaab 3e2aaaab 3e2aaaab 3e2aaaab 3e2aaaab 3e2aaaab 3e2aaaab 3e2aaaab 3e2aaaab 3e2aaaab 3e2aaaab 3e2aaaab 
sm   0 warp 0 0x80000218 0x2ad68f57 v 30 11111111111111111111111111111111 3d2aaaab 3d270017 3d2376c6 3d288e2c 3d24f6ca 3d2a227d 3d267cc2 3d22f811 3d2808cb 3d247621 3d299b04 3d25fa19 3d227a02 3d278419 3d23f620 3d29143f 3d25781d 3d2aaaab 3d270017 3d2376c6 3d288e2c 3d24f6ca 3d2a227d 3d267cc2 3d22f811 3d2808cb 3d247621 3d299b04 3d25fa19 3d227a02 3d278419 3d23f620 
sm   0 warp 0 0x8000021c 0x2b1886d7 v 13 11111111111111111111111111111111 3e2aaaab 3e2aaaab 3e2aaaab 3e2aaaab 3e2aaaab 3e2aaaab 3e2aaaab 3e2aaaab 3e2aaaab 3e2aaaab 3e2aaaab 3e2aaaab 3e2aaaab 3e2aaaab 3e2aaaab 3e2aaaab 3e2aaaab 3e2aaaab 3e2aaaab 3e2aaaab 3e2aaaab 3e2aaaab 3e2aaaab 3e2aaaab 3e2aaaab 3e2aaaab 3e2aaaab 3e2aaaab 3e2aaaab 3e2aaaab 3e2aaaab 3e2aaaab 
sm   0 warp 0 0x80000224 0x3f0002b7 x  5  3f000000
sm   0 warp 0 0x80000220 0xb2cf16d7 v 13 11111111111111111111111111111111 3e2aaaab 3e2619aa 3e21ba2c 3e280872 3e239410 3e2a0089 3e2576c5 3e211e22 3e27627f 3e22f521 3e295775 3e24d4e0 3e20830b 3e26bd92 3e22572b 3e28af6e 3e2433fa 3e2aaaab 3e2619aa 3e21ba2c 3e280872 3e239410 3e2a0089 3e2576c5 3e211e22 3e27627f 3e22f521 3e295775 3e24d4e0 3e20830b 3e26bd92 3e22572b 
sm   0 warp 0 0x80000228 0x5e02c8d7 v 17 11111111111111111111111111111111 3f000000 3f000000 3f000000 3f000000 3f000000 3f000000 3f000000 3f000000 3f000000 3f000000 3f000000 3f000000 3f000000 3f000000 3f000000 3f000000 3f000000 3f000000 3f000000 3f000000 3f000000 3f000000 3f000000 3f000000 3f000000 3f000000 3f000000 3f000000 3f000000 3f000000 3f000000 3f000000 
sm   0 warp 0 0x8000022c 0x2ad68f57 v 30 11111111111111111111111111111111 3e2aaaab 3e2619aa 3e21ba2c 3e280872 3e239410 3e2a0089 3e2576c5 3e211e22 3e27627f 3e22f521 3e295775 3e24d4e0 3e20830b 3e26bd92 3e22572b 3e28af6e 3e2433fa 3e2aaaab 3e2619aa 3e21ba2c 3e280872 3e239410 3e2a0089 3e2576c5 3e211e22 3e27627f 3e22f521 3e295775 3e24d4e0 3e20830b 3e26bd92 3e22572b 
sm   0 warp 0 0x80000230 0x2b1886d7 v 13 11111111111111111111111111111111 3f000000 3f000000 3f000000 3f000000 3f000000 3f000000 3f000000 3f000000 3f000000 3f000000 3f000000 3f000000 3f000000 3f000000 3f000000 3f000000 3f000000 3f000000 3f000000 3f000000 3f000000 3f000000 3f000000 3f000000 3f000000 3f000000 3f000000 3f000000 3f000000 3f000000 3f000000 3f000000 
sm   0 warp 0 0x80000238 0x3f8002b7 x  5  3f800000
sm   0 warp 0 0x80000234 0xb2cf16d7 v 13 11111111111111111111111111111111 3f000000 3ef6ea99 3eee4fa3 3efabfbc 3ef1f147 3efeabff 3ef5a894 3eed1e78 3ef97627 3ef0b905 3efd5aa2 3ef46908 3eebef9f 3ef82f1d 3eef8326 3efc0be3 3ef32bf0 3f000000 3ef6ea99 3eee4fa3 3efabfbc 3ef1f147 3efeabff 3ef5a894 3eed1e78 3ef97627 3ef0b905 3efd5aa2 3ef46908 3eebef9f 3ef82f1d 3eef8326 
sm   0 warp 0 0x8000023c 0x5e02c8d7 v 17 11111111111111111111111111111111 3f800000 3f800000 3f800000 3f800000 3f800000 3f800000 3f800000 3f800000 3f800000 3f800000 3f800000 3f800000 3f800000 3f800000 3f800000 3f800000 3f800000 3f800000 3f800000 3f800000 3f800000 3f800000 3f800000 3f800000 3f800000 3f800000 3f800000 3f800000 3f800000 3f800000 3f800000 3f800000 
sm   0 warp 0 0x80000240 0x2ad68f57 v 30 11111111111111111111111111111111 3f000000 3ef6ea99 3eee4fa3 3efabfbc 3ef1f147 3efeabff 3ef5a894 3eed1e78 3ef97627 3ef0b905 3efd5aa2 3ef46908 3eebef9f 3ef82f1d 3eef8326 3efc0be3 3ef32bf0 3f000000 3ef6ea99 3eee4fa3 3efabfbc 3ef1f147 3efeabff 3ef5a894 3eed1e78 3ef97627 3ef0b905 3efd5aa2 3ef46908 3eebef9f 3ef82f1d 3eef8326 
sm   0 warp 0 0x80000244 0x2b1886d7 v 13 11111111111111111111111111111111 3f800000 3f800000 3f800000 3f800000 3f800000 3f800000 3f800000 3f800000 3f800000 3f800000 3f800000 3f800000 3f800000 3f800000 3f800000 3f800000 3f800000 3f800000 3f800000 3f800000 3f800000 3f800000 3f800000 3f800000 3f800000 3f800000 3f800000 3f800000 3f800000 3f800000 3f800000 3f800000 
sm   0 warp 0 0x8000024c 0x3f8002b7 x  5  3f800000
sm   0 warp 0 0x80000248 0xb2cf16d7 v 13 11111111111111111111111111111111 3f800000 3f727f2c 3f65ef4a 3f782a02 3f6b3544 3f7e02a8 3f70a577 3f64366e 3f764162 3f696ea8 3f7c0a95 3f6ed09d 3f62820c 3f745dcb 3f67acae 3f7a17b9 3f6d0091 3f800000 3f727f2c 3f65ef4a 3f782a02 3f6b3544 3f7e02a8 3f70a577 3f64366e 3f764162 3f696ea8 3f7c0a95 3f6ed09d 3f62820c 3f745dcb 3f67acae 
sm   0 warp 0 0x80000250 0x5e02c8d7 v 17 11111111111111111111111111111111 3f800000 3f800000 3f800000 3f800000 3f800000 3f800000 3f800000 3f800000 3f800000 3f800000 3f800000 3f800000 3f800000 3f800000 3f800000 3f800000 3f800000 3f800000 3f800000 3f800000 3f800000 3f800000 3f800000 3f800000 3f800000 3f800000 3f800000 3f800000 3f800000 3f800000 3f800000 3f800000 
sm   0 warp 0 0x80000254 0x2ad68f57 v 30 11111111111111111111111111111111 3f800000 3f727f2c 3f65ef4a 3f782a02 3f6b3544 3f7e02a8 3f70a577 3f64366e 3f764162 3f696ea8 3f7c0a95 3f6ed09d 3f62820c 3f745dcb 3f67acae 3f7a17b9 3f6d0091 3f800000 3f727f2c 3f65ef4a 3f782a02 3f6b3544 3f7e02a8 3f70a577 3f64366e 3f764162 3f696ea8 3f7c0a95 3f6ed09d 3f62820c 3f745dcb 3f67acae 
sm   0 warp 0 0x80000258 0x2b1886d7 v 13 11111111111111111111111111111111 3f800000 3f800000 3f800000 3f800000 3f800000 3f800000 3f800000 3f800000 3f800000 3f800000 3f800000 3f800000 3f800000 3f800000 3f800000 3f800000 3f800000 3f800000 3f800000 3f800000 3f800000 3f800000 3f800000 3f800000 3f800000 3f800000 3f800000 3f800000 3f800000 3f800000 3f800000 3f800000 
[L1C] #   1232 SM 0 CACHE 0 ADDR 80000280
sm   0 warp 0 0x8000025c 0xb2cf16d7 v 13 11111111111111111111111111111111 3f800000 3f657a17 3f4db3a8 3f707d60 3f5792d8 3f7c07f5 3f61eb51 3f4a833e 3f6cc2e4 3f543b40 3f781fab 3f5e6aaa 3f475f7d 3f691735 3f50f0ed 3f7446e3 3f5af7e9 3f800000 3f657a17 3f4db3a8 3f707d60 3f5792d8 3f7c07f5 3f61eb51 3f4a833e 3f6cc2e4 3f543b40 3f781fab 3f5e6aaa 3f475f7d 3f691735 3f50f0ed 
sm   0 warp 0 0x80000260 0x2ad68f57 v 30 11111111111111111111111111111111 3f800000 3f657a17 3f4db3a8 3f707d60 3f5792d8 3f7c07f5 3f61eb51 3f4a833e 3f6cc2e4 3f543b40 3f781fab 3f5e6aaa 3f475f7d 3f691735 3f50f0ed 3f7446e3 3f5af7e9 3f800000 3f657a17 3f4db3a8 3f707d60 3f5792d8 3f7c07f5 3f61eb51 3f4a833e 3f6cc2e4 3f543b40 3f781fab 3f5e6aaa 3f475f7d 3f691735 3f50f0ed 
sm   0 warp 0 0x80000264 0x2bff86d7 v 13 11111111111111111111111111111111 00000000 00000000 00000000 00000000 00000000 00000000 00000000 00000000 00000000 00000000 00000000 00000000 00000000 00000000 00000000 00000000 00000000 00000000 00000000 00000000 00000000 00000000 00000000 00000000 00000000 00000000 00000000 00000000 00000000 00000000 00000000 00000000 
sm   0 warp 0 0x80000268 0xb3ef16d7 v 13 11111111111111111111111111111111 3f800000 3f4db3a7 3f254939 3f61eb51 3f3587fb 3f781fab 3f475f7d 3f203361 3f5af7e9 3f2ff230 3f707d5f 3f413d2b 3f1b4598 3f543b41 3f2a8864 3f691734 3f3b4b29 3f800000 3f4db3a7 3f254939 3f61eb51 3f3587fb 3f781fab 3f475f7d 3f203361 3f5af7e9 3f2ff230 3f707d5f 3f413d2b 3f1b4598 3f543b41 3f2a8864 
sm   0 warp 0 0x8000026c 0x2ad68f57 v 30 11111111111111111111111111111111 3f800000 3f4db3a7 3f254939 3f61eb51 3f3587fb 3f781fab 3f475f7d 3f203361 3f5af7e9 3f2ff230 3f707d5f 3f413d2b 3f1b4598 3f543b41 3f2a8864 3f691734 3f3b4b29 3f800000 3f4db3a7 3f254939 3f61eb51 3f3587fb 3f781fab 3f475f7d 3f203361 3f5af7e9 3f2ff230 3f707d5f 3f413d2b 3f1b4598 3f543b41 3f2a8864 
sm   0 warp 0 0x80000270 0x2bff86d7 v 13 11111111111111111111111111111111 00000000 00000000 00000000 00000000 00000000 00000000 00000000 00000000 00000000 00000000 00000000 00000000 00000000 00000000 00000000 00000000 00000000 00000000 00000000 00000000 00000000 00000000 00000000 00000000 00000000 00000000 00000000 00000000 00000000 00000000 00000000 00000000 
sm   0 warp 0 0x80000274 0xb3ef16d7 v 13 11111111111111111111111111111111 3f800000 3f254938 3ed56ef1 3f475f7d 3f00b991 3f707d5f 3f1b4598 3ec88087 3f3b4b29 3ef1da05 3f61eb50 3f11dd49 3ebc5ab2 3f2ff231 3ee332db 3f543b3f 3f0906e4 3f800000 3f254938 3ed56ef1 3f475f7d 3f00b991 3f707d5f 3f1b4598 3ec88087 3f3b4b29 3ef1da05 3f61eb50 3f11dd49 3ebc5ab2 3f2ff231 3ee332db 
sm   0 warp 0 0x80000278 0x2ad68f57 v 30 11111111111111111111111111111111 3f800000 3f254938 3ed56ef1 3f475f7d 3f00b991 3f707d5f 3f1b4598 3ec88087 3f3b4b29 3ef1da05 3f61eb50 3f11dd49 3ebc5ab2 3f2ff231 3ee332db 3f543b3f 3f0906e4 3f800000 3f254938 3ed56ef1 3f475f7d 3f00b991 3f707d5f 3f1b4598 3ec88087 3f3b4b29 3ef1da05 3f61eb50 3f11dd49 3ebc5ab2 3f2ff231 3ee332db 
sm   0 warp 0 0x8000027c 0x2bff86d7 v 13 11111111111111111111111111111111 00000000 00000000 00000000 00000000 00000000 00000000 00000000 00000000 00000000 00000000 00000000 00000000 00000000 00000000 00000000 00000000 00000000 00000000 00000000 00000000 00000000 00000000 00000000 00000000 00000000 00000000 00000000 00000000 00000000 00000000 00000000 00000000 
sm   0 warp 0 0x80000280 0xb3ef16d7 v 13 11111111111111111111111111111111 3f800000 3ed56eee 3e31f1cd 3f1b4598 3e81742f 3f61eb50 3ebc5ab2 3e1d0913 3f0906e4 3e647c37 3f475f7b 3ea638d8 3e0a9556 3ef1da08 3e49a33a 3f2ff22e 3e92b0c0 3f800000 3ed56eee 3e31f1cd 3f1b4598 3e81742f 3f61eb50 3ebc5ab2 3e1d0913 3f0906e4 3e647c37 3f475f7b 3ea638d8 3e0a9556 3ef1da08 3e49a33a 
sm   0 warp 0 0x80000284 0x2ad68f57 v 30 11111111111111111111111111111111 3f800000 3ed56eee 3e31f1cd 3f1b4598 3e81742f 3f61eb50 3ebc5ab2 3e1d0913 3f0906e4 3e647c37 3f475f7b 3ea638d8 3e0a9556 3ef1da08 3e49a33a 3f2ff22e 3e92b0c0 3f800000 3ed56eee 3e31f1cd 3f1b4598 3e81742f 3f61eb50 3ebc5ab2 3e1d0913 3f0906e4 3e647c37 3f475f7b 3ea638d8 3e0a9556 3ef1da08 3e49a33a 
sm   0 warp 0 0x80000288 0x2bff86d7 v 13 11111111111111111111111111111111 00000000 00000000 00000000 00000000 00000000 00000000 00000000 00000000 00000000 00000000 00000000 00000000 00000000 00000000 00000000 00000000 00000000 00000000 00000000 00000000 00000000 00000000 00000000 00000000 00000000 00000000 00000000 00000000 00000000 00000000 00000000 00000000 
sm   0 warp 0 0x8000028c 0xb3ef16d7 v 13 11111111111111111111111111111111 3f800000 3e31f1c8 3cf76084 3ebc5ab2 3d82ec98 3f475f7b 3e0a9556 3cc0a843 3e92b0c0 3d4bed7e 3f1b4595 3dd7db89 3c960ab0 3e647c3d 3d1ed1b9 3ef1da00 3da81c2a 3f800000 3e31f1c8 3cf76084 3ebc5ab2 3d82ec98 3f475f7b 3e0a9556 3cc0a843 3e92b0c0 3d4bed7e 3f1b4595 3dd7db89 3c960ab0 3e647c3d 3d1ed1b9 
sm   0 warp 0 0x80000290 0x2ad681d7 v  3 11111111111111111111111111111111 3f800000 3e31f1c8 3cf76084 3ebc5ab2 3d82ec98 3f475f7b 3e0a9556 3cc0a843 3e92b0c0 3d4bed7e 3f1b4595 3dd7db89 3c960ab0 3e647c3d 3d1ed1b9 3ef1da00 3da81c2a 3f800000 3e31f1c8 3cf76084 3ebc5ab2 3d82ec98 3f475f7b 3e0a9556 3cc0a843 3e92b0c0 3d4bed7e 3f1b4595 3dd7db89 3c960ab0 3e647c3d 3d1ed1b9 
sm   0 warp 0 0x80000294 0x2a3180d7 v  1 11111111111111111111111111111111 3f800000 3e31f1c8 3cf76084 3ebc5ab2 3d82ec98 3f475f7b 3e0a9556 3cc0a843 3e92b0c0 3d4bed7e 3f1b4595 3dd7db89 3c960ab0 3e647c3d 3d1ed1b9 3ef1da00 3da81c2a 3f800000 3e31f1c8 3cf76084 3ebc5ab2 3d82ec98 3f475f7b 3e0a9556 3cc0a843 3e92b0c0 3d4bed7e 3f1b4595 3dd7db89 3c960ab0 3e647c3d 3d1ed1b9 
sm   0 warp 0 0x80000298 0x2a318157 v  2 11111111111111111111111111111111 3f800000 3e31f1c8 3cf76084 3ebc5ab2 3d82ec98 3f475f7b 3e0a9556 3cc0a843 3e92b0c0 3d4bed7e 3f1b4595 3dd7db89 3c960ab0 3e647c3d 3d1ed1b9 3ef1da00 3da81c2a 3f800000 3e31f1c8 3cf76084 3ebc5ab2 3d82ec98 3f475f7b 3e0a9556 3cc0a843 3e92b0c0 3d4bed7e 3f1b4595 3dd7db89 3c960ab0 3e647c3d 3d1ed1b9 
sm   0 warp 0 0x8000029c 0x70000337 x  6  70000000
sm   0 warp 0 0x800002a0 0x10030313 x  6  70000100
sm   0 warp 0 0x800002a4 0x5208a557 v 10 11111111111111111111111111111111 0000001f 0000001e 0000001d 0000001c 0000001b 0000001a 00000019 00000018 00000017 00000016 00000015 00000014 00000013 00000012 00000011 00000010 0000000f 0000000e 0000000d 0000000c 0000000b 0000000a 00000009 00000008 00000007 00000006 00000005 00000004 00000003 00000002 00000001 00000000 
sm   0 warp 0 0x800002a8 0x96a13557 v 10 11111111111111111111111111111111 0000007c 00000078 00000074 00000070 0000006c 00000068 00000064 00000060 0000005c 00000058 00000054 00000050 0000004c 00000048 00000044 00000040 0000003c 00000038 00000034 00000030 0000002c 00000028 00000024 00000020 0000001c 00000018 00000014 00000010 0000000c 00000008 00000004 00000000 
sm   0 warp 0 0x800002ac 0x02a34557 v 10 11111111111111111111111111111111 7000017c 70000178 70000174 70000170 7000016c 70000168 70000164 70000160 7000015c 70000158 70000154 70000150 7000014c 70000148 70000144 70000140 7000013c 70000138 70000134 70000130 7000012c 70000128 70000124 70000120 7000011c 70000118 70000114 70000110 7000010c 70000108 70000104 70000100 
sm   0 warp 0 0x800002b0 0x0025607b lsu.w v  2 op 3 mask 11111111111111111111111111111111 3f800000 3e31f1c8 3cf76084 3ebc5ab2 3d82ec98 3f475f7b 3e0a9556 3cc0a843 3e92b0c0 3d4bed7e 3f1b4595 3dd7db89 3c960ab0 3e647c3d 3d1ed1b9 3ef1da00 3da81c2a 3f800000 3e31f1c8 3cf76084 3ebc5ab2 3d82ec98 3f475f7b 3e0a9556 3cc0a843 3e92b0c0 3d4bed7e 3f1b4595 3dd7db89 3c960ab0 3e647c3d 3d1ed1b9 @ 7000017c 70000178 70000174 70000170 7000016c 70000168 70000164 70000160 7000015c 70000158 70000154 70000150 7000014c 70000148 70000144 70000140 7000013c 70000138 70000134 70000130 7000012c 70000128 70000124 70000120 7000011c 70000118 70000114 70000110 7000010c 70000108 70000104 70000100
sm   0 warp 0 0x800002b4 0x70000337 x  6  70000000
sm   0 warp 0 0x800002b0 0x0025607b lsu.w finish
sm   0 warp 0 0x800002b8 0x10030313 x  6  70000100
sm   0 warp 0 0x800002bc 0x5208a557 v 10 11111111111111111111111111111111 0000001f 0000001e 0000001d 0000001c 0000001b 0000001a 00000019 00000018 00000017 00000016 00000015 00000014 00000013 00000012 00000011 00000010 0000000f 0000000e 0000000d 0000000c 0000000b 0000000a 00000009 00000008 00000007 00000006 00000005 00000004 00000003 00000002 00000001 00000000 
sm   0 warp 0 0x800002c0 0x000003b7 x  7  00000000
sm   0 warp 0 0x800002c4 0x01038393 x  7  00000010
sm   0 warp 0 0x800002c8 0x02a3c557 v 10 11111111111111111111111111111111 0000002f 0000002e 0000002d 0000002c 0000002b 0000002a 00000029 00000028 00000027 00000026 00000025 00000024 00000023 00000022 00000021 00000020 0000001f 0000001e 0000001d 0000001c 0000001b 0000001a 00000019 00000018 00000017 00000016 00000015 00000014 00000013 00000012 00000011 00000010 
sm   0 warp 0 0x800002cc 0x000003b7 x  7  00000000
sm   0 warp 0 0x800002d0 0x01f38393 x  7  0000001f
sm   0 warp 0 0x800002d4 0x26a3c557 v 10 11111111111111111111111111111111 0000000f 0000000e 0000000d 0000000c 0000000b 0000000a 00000009 00000008 00000007 00000006 00000005 00000004 00000003 00000002 00000001 00000000 0000001f 0000001e 0000001d 0000001c 0000001b 0000001a 00000019 00000018 00000017 00000016 00000015 00000014 00000013 00000012 00000011 00000010 
sm   0 warp 0 0x800002d8 0x96a13557 v 10 11111111111111111111111111111111 0000003c 00000038 00000034 00000030 0000002c 00000028 00000024 00000020 0000001c 00000018 00000014 00000010 0000000c 00000008 00000004 00000000 0000007c 00000078 00000074 00000070 0000006c 00000068 00000064 00000060 0000005c 00000058 00000054 00000050 0000004c 00000048 00000044 00000040 
sm   0 warp 0 0x800002dc 0x02a34557 v 10 11111111111111111111111111111111 7000013c 70000138 70000134 70000130 7000012c 70000128 70000124 70000120 7000011c 70000118 70000114 70000110 7000010c 70000108 70000104 70000100 7000017c 70000178 70000174 70000170 7000016c 70000168 70000164 70000160 7000015c 70000158 70000154 70000150 7000014c 70000148 70000144 70000140 
[L1C] #   1405 SM 0 CACHE 0 ADDR 80000300
sm   0 warp 0 0x800002e0 0x0005227b lsu.r v  4 op 3 @ 7000013c 70000138 70000134 70000130 7000012c 70000128 70000124 70000120 7000011c 70000118 70000114 70000110 7000010c 70000108 70000104 70000100 7000017c 70000178 70000174 70000170 7000016c 70000168 70000164 70000160 7000015c 70000158 70000154 70000150 7000014c 70000148 70000144 70000140
sm   0 warp 0 0x800002e0 0x0005227b v  4 11111111111111111111111111111111 3da81c2a 3f800000 3e31f1c8 3cf76084 3ebc5ab2 3d82ec98 3f475f7b 3e0a9556 3cc0a843 3e92b0c0 3d4bed7e 3f1b4595 3dd7db89 3c960ab0 3e647c3d 3d1ed1b9 3f800000 3e31f1c8 3cf76084 3ebc5ab2 3d82ec98 3f475f7b 3e0a9556 3cc0a843 3e92b0c0 3d4bed7e 3f1b4595 3dd7db89 3c960ab0 3e647c3d 3d1ed1b9 3ef1da00 
[L1C] #   1421 SM 0 CACHE 0 ADDR 80000300
sm   0 warp 0 0x800002e8 0x70000337 x  6  70000000
sm   0 warp 0 0x800002e4 0x02411157 v  2 11111111111111111111111111111111 3f8a81c3 3f963e39 3e50ddd8 3ecbd0ba 3edd15d8 3f57bd0e 3f6a04d0 3e22aa5e 3e9ebb44 3eac2e70 3f28046d 3f364106 3dfd5e35 3e773d93 3e861856 3f02da1c 3f8a81c3 3f963e39 3e50ddd8 3ecbd0ba 3edd15d8 3f57bd0e 3f6a04d0 3e22aa5e 3e9ebb44 3eac2e70 3f28046d 3f364106 3dfd5e35 3e773d93 3e861856 3f02da1c 
sm   0 warp 0 0x800002ec 0x10030313 x  6  70000100
[L1C] #   1428 SM 0 CACHE 0 ADDR 80000300
sm   0 warp 0 0x800002f0 0x5208a557 v 10 11111111111111111111111111111111 0000001f 0000001e 0000001d 0000001c 0000001b 0000001a 00000019 00000018 00000017 00000016 00000015 00000014 00000013 00000012 00000011 00000010 0000000f 0000000e 0000000d 0000000c 0000000b 0000000a 00000009 00000008 00000007 00000006 00000005 00000004 00000003 00000002 00000001 00000000 
sm   0 warp 0 0x800002f4 0x96a13557 v 10 11111111111111111111111111111111 0000007c 00000078 00000074 00000070 0000006c 00000068 00000064 00000060 0000005c 00000058 00000054 00000050 0000004c 00000048 00000044 00000040 0000003c 00000038 00000034 00000030 0000002c 00000028 00000024 00000020 0000001c 00000018 00000014 00000010 0000000c 00000008 00000004 00000000 
[L1C] #   1435 SM 0 CACHE 0 ADDR 80000300
sm   0 warp 0 0x800002f8 0x02a34557 v 10 11111111111111111111111111111111 7000017c 70000178 70000174 70000170 7000016c 70000168 70000164 70000160 7000015c 70000158 70000154 70000150 7000014c 70000148 70000144 70000140 7000013c 70000138 70000134 70000130 7000012c 70000128 70000124 70000120 7000011c 70000118 70000114 70000110 7000010c 70000108 70000104 70000100 
sm   0 warp 0 0x800002fc 0x0025607b lsu.w v  2 op 3 mask 11111111111111111111111111111111 3f8a81c3 3f963e39 3e50ddd8 3ecbd0ba 3edd15d8 3f57bd0e 3f6a04d0 3e22aa5e 3e9ebb44 3eac2e70 3f28046d 3f364106 3dfd5e35 3e773d93 3e861856 3f02da1c 3f8a81c3 3f963e39 3e50ddd8 3ecbd0ba 3edd15d8 3f57bd0e 3f6a04d0 3e22aa5e 3e9ebb44 3eac2e70 3f28046d 3f364106 3dfd5e35 3e773d93 3e861856 3f02da1c @ 7000017c 70000178 70000174 70000170 7000016c 70000168 70000164 70000160 7000015c 70000158 70000154 70000150 7000014c 70000148 70000144 70000140 7000013c 70000138 70000134 70000130 7000012c 70000128 70000124 70000120 7000011c 70000118 70000114 70000110 7000010c 70000108 70000104 70000100
sm   0 warp 0 0x80000300 0x70000337 x  6  70000000
sm   0 warp 0 0x800002fc 0x0025607b lsu.w finish
sm   0 warp 0 0x80000304 0x10030313 x  6  70000100
sm   0 warp 0 0x80000308 0x5208a557 v 10 11111111111111111111111111111111 0000001f 0000001e 0000001d 0000001c 0000001b 0000001a 00000019 00000018 00000017 00000016 00000015 00000014 00000013 00000012 00000011 00000010 0000000f 0000000e 0000000d 0000000c 0000000b 0000000a 00000009 00000008 00000007 00000006 00000005 00000004 00000003 00000002 00000001 00000000 
sm   0 warp 0 0x8000030c 0x000003b7 x  7  00000000
sm   0 warp 0 0x80000310 0x00838393 x  7  00000008
sm   0 warp 0 0x80000314 0x02a3c557 v 10 11111111111111111111111111111111 00000027 00000026 00000025 00000024 00000023 00000022 00000021 00000020 0000001f 0000001e 0000001d 0000001c 0000001b 0000001a 00000019 00000018 00000017 00000016 00000015 00000014 00000013 00000012 00000011 00000010 0000000f 0000000e 0000000d 0000000c 0000000b 0000000a 00000009 00000008 
sm   0 warp 0 0x80000318 0x000003b7 x  7  00000000
sm   0 warp 0 0x8000031c 0x01f38393 x  7  0000001f
sm   0 warp 0 0x80000320 0x26a3c557 v 10 11111111111111111111111111111111 00000007 00000006 00000005 00000004 00000003 00000002 00000001 00000000 0000001f 0000001e 0000001d 0000001c 0000001b 0000001a 00000019 00000018 00000017 00000016 00000015 00000014 00000013 00000012 00000011 00000010 0000000f 0000000e 0000000d 0000000c 0000000b 0000000a 00000009 00000008 
sm   0 warp 0 0x80000324 0x96a13557 v 10 11111111111111111111111111111111 0000001c 00000018 00000014 00000010 0000000c 00000008 00000004 00000000 0000007c 00000078 00000074 00000070 0000006c 00000068 00000064 00000060 0000005c 00000058 00000054 00000050 0000004c 00000048 00000044 00000040 0000003c 00000038 00000034 00000030 0000002c 00000028 00000024 00000020 
sm   0 warp 0 0x80000328 0x02a34557 v 10 11111111111111111111111111111111 7000011c 70000118 70000114 70000110 7000010c 70000108 70000104 70000100 7000017c 70000178 70000174 70000170 7000016c 70000168 70000164 70000160 7000015c 70000158 70000154 70000150 7000014c 70000148 70000144 70000140 7000013c 70000138 70000134 70000130 7000012c 70000128 70000124 70000120 
sm   0 warp 0 0x8000032c 0x0005227b lsu.r v  4 op 3 @ 7000011c 70000118 70000114 70000110 7000010c 70000108 70000104 70000100 7000017c 70000178 70000174 70000170 7000016c 70000168 70000164 70000160 7000015c 70000158 70000154 70000150 7000014c 70000148 70000144 70000140 7000013c 70000138 70000134 70000130 7000012c 70000128 70000124 70000120
sm   0 warp 0 0x8000032c 0x0005227b v  4 11111111111111111111111111111111 3e9ebb44 3eac2e70 3f28046d 3f364106 3dfd5e35 3e773d93 3e861856 3f02da1c 3f8a81c3 3f963e39 3e50ddd8 3ecbd0ba 3edd15d8 3f57bd0e 3f6a04d0 3e22aa5e 3e9ebb44 3eac2e70 3f28046d 3f364106 3dfd5e35 3e773d93 3e861856 3f02da1c 3f8a81c3 3f963e39 3e50ddd8 3ecbd0ba 3edd15d8 3f57bd0e 3f6a04d0 3e22aa5e 
sm   0 warp 0 0x80000334 0x70000337 x  6  70000000
sm   0 warp 0 0x80000330 0x02411157 v  2 11111111111111111111111111111111 3fb23094 3fc149d5 3f5c3be3 3f8e14b2 3f0e36b3 3f8ac639 3f96887e 3f2b84b4 3fb23094 3fc149d5 3f5c3be3 3f8e14b2 3f0e36b3 3f8ac639 3f96887e 3f2b84b4 3fb23094 3fc149d5 3f5c3be3 3f8e14b2 3f0e36b3 3f8ac639 3f96887e 3f2b84b4 3fb23094 3fc149d5 3f5c3be3 3f8e14b2 3f0e36b3 3f8ac639 3f96887e 3f2b84b4 
sm   0 warp 0 0x80000338 0x10030313 x  6  70000100
sm   0 warp 0 0x8000033c 0x5208a557 v 10 11111111111111111111111111111111 0000001f 0000001e 0000001d 0000001c 0000001b 0000001a 00000019 00000018 00000017 00000016 00000015 00000014 00000013 00000012 00000011 00000010 0000000f 0000000e 0000000d 0000000c 0000000b 0000000a 00000009 00000008 00000007 00000006 00000005 00000004 00000003 00000002 00000001 00000000 
sm   0 warp 0 0x80000340 0x96a13557 v 10 11111111111111111111111111111111 0000007c 00000078 00000074 00000070 0000006c 00000068 00000064 00000060 0000005c 00000058 00000054 00000050 0000004c 00000048 00000044 00000040 0000003c 00000038 00000034 00000030 0000002c 00000028 00000024 00000020 0000001c 00000018 00000014 00000010 0000000c 00000008 00000004 00000000 
sm   0 warp 0 0x80000344 0x02a34557 v 10 11111111111111111111111111111111 7000017c 70000178 70000174 70000170 7000016c 70000168 70000164 70000160 7000015c 70000158 70000154 70000150 7000014c 70000148 70000144 70000140 7000013c 70000138 70000134 70000130 7000012c 70000128 70000124 70000120 7000011c 70000118 70000114 70000110 7000010c 70000108 70000104 70000100 
sm   0 warp 0 0x80000348 0x0025607b lsu.w v  2 op 3 mask 11111111111111111111111111111111 3fb23094 3fc149d5 3f5c3be3 3f8e14b2 3f0e36b3 3f8ac639 3f96887e 3f2b84b4 3fb23094 3fc149d5 3f5c3be3 3f8e14b2 3f0e36b3 3f8ac639 3f96887e 3f2b84b4 3fb23094 3fc149d5 3f5c3be3 3f8e14b2 3f0e36b3 3f8ac639 3f96887e 3f2b84b4 3fb23094 3fc149d5 3f5c3be3 3f8e14b2 3f0e36b3 3f8ac639 3f96887e 3f2b84b4 @ 7000017c 70000178 70000174 70000170 7000016c 70000168 70000164 70000160 7000015c 70000158 70000154 70000150 7000014c 70000148 70000144 70000140 7000013c 70000138 70000134 70000130 7000012c 70000128 70000124 70000120 7000011c 70000118 70000114 70000110 7000010c 70000108 70000104 70000100
sm   0 warp 0 0x8000034c 0x70000337 x  6  70000000
sm   0 warp 0 0x80000348 0x0025607b lsu.w finish
sm   0 warp 0 0x80000350 0x10030313 x  6  70000100
sm   0 warp 0 0x80000354 0x5208a557 v 10 11111111111111111111111111111111 0000001f 0000001e 0000001d 0000001c 0000001b 0000001a 00000019 00000018 00000017 00000016 00000015 00000014 00000013 00000012 00000011 00000010 0000000f 0000000e 0000000d 0000000c 0000000b 0000000a 00000009 00000008 00000007 00000006 00000005 00000004 00000003 00000002 00000001 00000000 
sm   0 warp 0 0x80000358 0x000003b7 x  7  00000000
sm   0 warp 0 0x8000035c 0x00438393 x  7  00000004
[L1C] #   1546 SM 0 CACHE 0 ADDR 80000380
sm   0 warp 0 0x80000360 0x02a3c557 v 10 11111111111111111111111111111111 00000023 00000022 00000021 00000020 0000001f 0000001e 0000001d 0000001c 0000001b 0000001a 00000019 00000018 00000017 00000016 00000015 00000014 00000013 00000012 00000011 00000010 0000000f 0000000e 0000000d 0000000c 0000000b 0000000a 00000009 00000008 00000007 00000006 00000005 00000004 
sm   0 warp 0 0x80000364 0x000003b7 x  7  00000000
sm   0 warp 0 0x80000368 0x01f38393 x  7  0000001f
sm   0 warp 0 0x8000036c 0x26a3c557 v 10 11111111111111111111111111111111 00000003 00000002 00000001 00000000 0000001f 0000001e 0000001d 0000001c 0000001b 0000001a 00000019 00000018 00000017 00000016 00000015 00000014 00000013 00000012 00000011 00000010 0000000f 0000000e 0000000d 0000000c 0000000b 0000000a 00000009 00000008 00000007 00000006 00000005 00000004 
sm   0 warp 0 0x80000370 0x96a13557 v 10 11111111111111111111111111111111 0000000c 00000008 00000004 00000000 0000007c 00000078 00000074 00000070 0000006c 00000068 00000064 00000060 0000005c 00000058 00000054 00000050 0000004c 00000048 00000044 00000040 0000003c 00000038 00000034 00000030 0000002c 00000028 00000024 00000020 0000001c 00000018 00000014 00000010 
sm   0 warp 0 0x80000374 0x02a34557 v 10 11111111111111111111111111111111 7000010c 70000108 70000104 70000100 7000017c 70000178 70000174 70000170 7000016c 70000168 70000164 70000160 7000015c 70000158 70000154 70000150 7000014c 70000148 70000144 70000140 7000013c 70000138 70000134 70000130 7000012c 70000128 70000124 70000120 7000011c 70000118 70000114 70000110 
sm   0 warp 0 0x80000378 0x0005227b lsu.r v  4 op 3 @ 7000010c 70000108 70000104 70000100 7000017c 70000178 70000174 70000170 7000016c 70000168 70000164 70000160 7000015c 70000158 70000154 70000150 7000014c 70000148 70000144 70000140 7000013c 70000138 70000134 70000130 7000012c 70000128 70000124 70000120 7000011c 70000118 70000114 70000110
sm   0 warp 0 0x80000378 0x0005227b v  4 11111111111111111111111111111111 3f0e36b3 3f8ac639 3f96887e 3f2b84b4 3fb23094 3fc149d5 3f5c3be3 3f8e14b2 3f0e36b3 3f8ac639 3f96887e 3f2b84b4 3fb23094 3fc149d5 3f5c3be3 3f8e14b2 3f0e36b3 3f8ac639 3f96887e 3f2b84b4 3fb23094 3fc149d5 3f5c3be3 3f8e14b2 3f0e36b3 3f8ac639 3f96887e 3f2b84b4 3fb23094 3fc149d5 3f5c3be3 3f8e14b2 
sm   0 warp 0 0x80000380 0x70000337 x  6  70000000
sm   0 warp 0 0x8000037c 0x02411157 v  2 11111111111111111111111111111111 3ff94bee 40260807 40025338 3fe3d70c 3ff94bee 40260807 40025338 3fe3d70c 3ff94bee 40260807 40025338 3fe3d70c 3ff94bee 40260807 40025338 3fe3d70c 3ff94bee 40260807 40025338 3fe3d70c 3ff94bee 40260807 40025338 3fe3d70c 3ff94bee 40260807 40025338 3fe3d70c 3ff94bee 40260807 40025338 3fe3d70c 
sm   0 warp 0 0x80000384 0x10030313 x  6  70000100
sm   0 warp 0 0x80000388 0x5208a557 v 10 11111111111111111111111111111111 0000001f 0000001e 0000001d 0000001c 0000001b 0000001a 00000019 00000018 00000017 00000016 00000015 00000014 00000013 00000012 00000011 00000010 0000000f 0000000e 0000000d 0000000c 0000000b 0000000a 00000009 00000008 00000007 00000006 00000005 00000004 00000003 00000002 00000001 00000000 
sm   0 warp 0 0x8000038c 0x96a13557 v 10 11111111111111111111111111111111 0000007c 00000078 00000074 00000070 0000006c 00000068 00000064 00000060 0000005c 00000058 00000054 00000050 0000004c 00000048 00000044 00000040 0000003c 00000038 00000034 00000030 0000002c 00000028 00000024 00000020 0000001c 00000018 00000014 00000010 0000000c 00000008 00000004 00000000 
sm   0 warp 0 0x80000390 0x02a34557 v 10 11111111111111111111111111111111 7000017c 70000178 70000174 70000170 7000016c 70000168 70000164 70000160 7000015c 70000158 70000154 70000150 7000014c 70000148 70000144 70000140 7000013c 70000138 70000134 70000130 7000012c 70000128 70000124 70000120 7000011c 70000118 70000114 70000110 7000010c 70000108 70000104 70000100 
sm   0 warp 0 0x80000394 0x0025607b lsu.w v  2 op 3 mask 11111111111111111111111111111111 3ff94bee 40260807 40025338 3fe3d70c 3ff94bee 40260807 40025338 3fe3d70c 3ff94bee 40260807 40025338 3fe3d70c 3ff94bee 40260807 40025338 3fe3d70c 3ff94bee 40260807 40025338 3fe3d70c 3ff94bee 40260807 40025338 3fe3d70c 3ff94bee 40260807 40025338 3fe3d70c 3ff94bee 40260807 40025338 3fe3d70c @ 7000017c 70000178 70000174 70000170 7000016c 70000168 70000164 70000160 7000015c 70000158 70000154 70000150 7000014c 70000148 70000144 70000140 7000013c 70000138 70000134 70000130 7000012c 70000128 70000124 70000120 7000011c 70000118 70000114 70000110 7000010c 70000108 70000104 70000100
sm   0 warp 0 0x80000398 0x70000337 x  6  70000000
sm   0 warp 0 0x80000394 0x0025607b lsu.w finish
sm   0 warp 0 0x8000039c 0x10030313 x  6  70000100
sm   0 warp 0 0x800003a0 0x5208a557 v 10 11111111111111111111111111111111 0000001f 0000001e 0000001d 0000001c 0000001b 0000001a 00000019 00000018 00000017 00000016 00000015 00000014 00000013 00000012 00000011 00000010 0000000f 0000000e 0000000d 0000000c 0000000b 0000000a 00000009 00000008 00000007 00000006 00000005 00000004 00000003 00000002 00000001 00000000 
sm   0 warp 0 0x800003a4 0x000003b7 x  7  00000000
sm   0 warp 0 0x800003a8 0x00238393 x  7  00000002
sm   0 warp 0 0x800003ac 0x02a3c557 v 10 11111111111111111111111111111111 00000021 00000020 0000001f 0000001e 0000001d 0000001c 0000001b 0000001a 00000019 00000018 00000017 00000016 00000015 00000014 00000013 00000012 00000011 00000010 0000000f 0000000e 0000000d 0000000c 0000000b 0000000a 00000009 00000008 00000007 00000006 00000005 00000004 00000003 00000002 
sm   0 warp 0 0x800003b0 0x000003b7 x  7  00000000
sm   0 warp 0 0x800003b4 0x01f38393 x  7  0000001f
sm   0 warp 0 0x800003b8 0x26a3c557 v 10 11111111111111111111111111111111 00000001 00000000 0000001f 0000001e 0000001d 0000001c 0000001b 0000001a 00000019 00000018 00000017 00000016 00000015 00000014 00000013 00000012 00000011 00000010 0000000f 0000000e 0000000d 0000000c 0000000b 0000000a 00000009 00000008 00000007 00000006 00000005 00000004 00000003 00000002 
sm   0 warp 0 0x800003bc 0x96a13557 v 10 11111111111111111111111111111111 00000004 00000000 0000007c 00000078 00000074 00000070 0000006c 00000068 00000064 00000060 0000005c 00000058 00000054 00000050 0000004c 00000048 00000044 00000040 0000003c 00000038 00000034 00000030 0000002c 00000028 00000024 00000020 0000001c 00000018 00000014 00000010 0000000c 00000008 
sm   0 warp 0 0x800003c0 0x02a34557 v 10 11111111111111111111111111111111 70000104 70000100 7000017c 70000178 70000174 70000170 7000016c 70000168 70000164 70000160 7000015c 70000158 70000154 70000150 7000014c 70000148 70000144 70000140 7000013c 70000138 70000134 70000130 7000012c 70000128 70000124 70000120 7000011c 70000118 70000114 70000110 7000010c 70000108 
sm   0 warp 0 0x800003c4 0x0005227b lsu.r v  4 op 3 @ 70000104 70000100 7000017c 70000178 70000174 70000170 7000016c 70000168 70000164 70000160 7000015c 70000158 70000154 70000150 7000014c 70000148 70000144 70000140 7000013c 70000138 70000134 70000130 7000012c 70000128 70000124 70000120 7000011c 70000118 70000114 70000110 7000010c 70000108
sm   0 warp 0 0x800003c4 0x0005227b v  4 11111111111111111111111111111111 40025338 3fe3d70c 3ff94bee 40260807 40025338 3fe3d70c 3ff94bee 40260807 40025338 3fe3d70c 3ff94bee 40260807 40025338 3fe3d70c 3ff94bee 40260807 40025338 3fe3d70c 3ff94bee 40260807 40025338 3fe3d70c 3ff94bee 40260807 40025338 3fe3d70c 3ff94bee 40260807 40025338 3fe3d70c 3ff94bee 40260807 
sm   0 warp 0 0x800003cc 0x70000337 x  6  70000000
sm   0 warp 0 0x800003c8 0x02411157 v  2 11111111111111111111111111111111 407ef92f 408bf9c6 407ef92f 408bf9c6 407ef92f 408bf9c6 407ef92f 408bf9c6 407ef92f 408bf9c6 407ef92f 408bf9c6 407ef92f 408bf9c6 407ef92f 408bf9c6 407ef92f 408bf9c6 407ef92f 408bf9c6 407ef92f 408bf9c6 407ef92f 408bf9c6 407ef92f 408bf9c6 407ef92f 408bf9c6 407ef92f 408bf9c6 407ef92f 408bf9c6 
sm   0 warp 0 0x800003d0 0x10030313 x  6  70000100
sm   0 warp 0 0x800003d4 0x5208a557 v 10 11111111111111111111111111111111 0000001f 0000001e 0000001d 0000001c 0000001b 0000001a 00000019 00000018 00000017 00000016 00000015 00000014 00000013 00000012 00000011 00000010 0000000f 0000000e 0000000d 0000000c 0000000b 0000000a 00000009 00000008 00000007 00000006 00000005 00000004 00000003 00000002 00000001 00000000 
sm   0 warp 0 0x800003d8 0x96a13557 v 10 11111111111111111111111111111111 0000007c 00000078 00000074 00000070 0000006c 00000068 00000064 00000060 0000005c 00000058 00000054 00000050 0000004c 00000048 00000044 00000040 0000003c 00000038 00000034 00000030 0000002c 00000028 00000024 00000020 0000001c 00000018 00000014 00000010 0000000c 00000008 00000004 00000000 
sm   0 warp 0 0x800003dc 0x02a34557 v 10 11111111111111111111111111111111 7000017c 70000178 70000174 70000170 7000016c 70000168 70000164 70000160 7000015c 70000158 70000154 70000150 7000014c 70000148 70000144 70000140 7000013c 70000138 70000134 70000130 7000012c 70000128 70000124 70000120 7000011c 70000118 70000114 70000110 7000010c 70000108 70000104 70000100 
[L1C] #   1692 SM 0 CACHE 0 ADDR 80000400
sm   0 warp 0 0x800003e0 0x0025607b lsu.w v  2 op 3 mask 11111111111111111111111111111111 407ef92f 408bf9c6 407ef92f 408bf9c6 407ef92f 408bf9c6 407ef92f 408bf9c6 407ef92f 408bf9c6 407ef92f 408bf9c6 407ef92f 408bf9c6 407ef92f 408bf9c6 407ef92f 408bf9c6 407ef92f 408bf9c6 407ef92f 408bf9c6 407ef92f 408bf9c6 407ef92f 408bf9c6 407ef92f 408bf9c6 407ef92f 408bf9c6 407ef92f 408bf9c6 @ 7000017c 70000178 70000174 70000170 7000016c 70000168 70000164 70000160 7000015c 70000158 70000154 70000150 7000014c 70000148 70000144 70000140 7000013c 70000138 70000134 70000130 7000012c 70000128 70000124 70000120 7000011c 70000118 70000114 70000110 7000010c 70000108 70000104 70000100
sm   0 warp 0 0x800003e4 0x70000337 x  6  70000000
sm   0 warp 0 0x800003e0 0x0025607b lsu.w finish
sm   0 warp 0 0x800003e8 0x10030313 x  6  70000100
sm   0 warp 0 0x800003ec 0x5208a557 v 10 11111111111111111111111111111111 0000001f 0000001e 0000001d 0000001c 0000001b 0000001a 00000019 00000018 00000017 00000016 00000015 00000014 00000013 00000012 00000011 00000010 0000000f 0000000e 0000000d 0000000c 0000000b 0000000a 00000009 00000008 00000007 00000006 00000005 00000004 00000003 00000002 00000001 00000000 
sm   0 warp 0 0x800003f0 0x000003b7 x  7  00000000
sm   0 warp 0 0x800003f4 0x00138393 x  7  00000001
sm   0 warp 0 0x800003f8 0x02a3c557 v 10 11111111111111111111111111111111 00000020 0000001f 0000001e 0000001d 0000001c 0000001b 0000001a 00000019 00000018 00000017 00000016 00000015 00000014 00000013 00000012 00000011 00000010 0000000f 0000000e 0000000d 0000000c 0000000b 0000000a 00000009 00000008 00000007 00000006 00000005 00000004 00000003 00000002 00000001 
sm   0 warp 0 0x800003fc 0x000003b7 x  7  00000000
sm   0 warp 0 0x80000400 0x01f38393 x  7  0000001f
sm   0 warp 0 0x80000404 0x26a3c557 v 10 11111111111111111111111111111111 00000000 0000001f 0000001e 0000001d 0000001c 0000001b 0000001a 00000019 00000018 00000017 00000016 00000015 00000014 00000013 00000012 00000011 00000010 0000000f 0000000e 0000000d 0000000c 0000000b 0000000a 00000009 00000008 00000007 00000006 00000005 00000004 00000003 00000002 00000001 
sm   0 warp 0 0x80000408 0x96a13557 v 10 11111111111111111111111111111111 00000000 0000007c 00000078 00000074 00000070 0000006c 00000068 00000064 00000060 0000005c 00000058 00000054 00000050 0000004c 00000048 00000044 00000040 0000003c 00000038 00000034 00000030 0000002c 00000028 00000024 00000020 0000001c 00000018 00000014 00000010 0000000c 00000008 00000004 
sm   0 warp 0 0x8000040c 0x02a34557 v 10 11111111111111111111111111111111 70000100 7000017c 70000178 70000174 70000170 7000016c 70000168 70000164 70000160 7000015c 70000158 70000154 70000150 7000014c 70000148 70000144 70000140 7000013c 70000138 70000134 70000130 7000012c 70000128 70000124 70000120 7000011c 70000118 70000114 70000110 7000010c 70000108 70000104 
sm   0 warp 0 0x80000410 0x0005227b lsu.r v  4 op 3 @ 70000100 7000017c 70000178 70000174 70000170 7000016c 70000168 70000164 70000160 7000015c 70000158 70000154 70000150 7000014c 70000148 70000144 70000140 7000013c 70000138 70000134 70000130 7000012c 70000128 70000124 70000120 7000011c 70000118 70000114 70000110 7000010c 70000108 70000104
sm   0 warp 0 0x80000410 0x0005227b v  4 11111111111111111111111111111111 408bf9c6 407ef92f 408bf9c6 407ef92f 408bf9c6 407ef92f 408bf9c6 407ef92f 408bf9c6 407ef92f 408bf9c6 407ef92f 408bf9c6 407ef92f 408bf9c6 407ef92f 408bf9c6 407ef92f 408bf9c6 407ef92f 408bf9c6 407ef92f 408bf9c6 407ef92f 408bf9c6 407ef92f 408bf9c6 407ef92f 408bf9c6 407ef92f 408bf9c6 407ef92f 
sm   0 warp 0 0x80000418 0x70000337 x  6  70000000
sm   0 warp 0 0x80000414 0x02411157 v  2 11111111111111111111111111111111 4105bb2f 4105bb2f 4105bb2f 4105bb2f 4105bb2f 4105bb2f 4105bb2f 4105bb2f 4105bb2f 4105bb2f 4105bb2f 4105bb2f 4105bb2f 4105bb2f 4105bb2f 4105bb2f 4105bb2f 4105bb2f 4105bb2f 4105bb2f 4105bb2f 4105bb2f 4105bb2f 4105bb2f 4105bb2f 4105bb2f 4105bb2f 4105bb2f 4105bb2f 4105bb2f 4105bb2f 4105bb2f 
sm   0 warp 0 0x8000041c 0x10030313 x  6  70000100
sm   0 warp 0 0x80000420 0x5208a557 v 10 11111111111111111111111111111111 0000001f 0000001e 0000001d 0000001c 0000001b 0000001a 00000019 00000018 00000017 00000016 00000015 00000014 00000013 00000012 00000011 00000010 0000000f 0000000e 0000000d 0000000c 0000000b 0000000a 00000009 00000008 00000007 00000006 00000005 00000004 00000003 00000002 00000001 00000000 
sm   0 warp 0 0x80000424 0x96a13557 v 10 11111111111111111111111111111111 0000007c 00000078 00000074 00000070 0000006c 00000068 00000064 00000060 0000005c 00000058 00000054 00000050 0000004c 00000048 00000044 00000040 0000003c 00000038 00000034 00000030 0000002c 00000028 00000024 00000020 0000001c 00000018 00000014 00000010 0000000c 00000008 00000004 00000000 
sm   0 warp 0 0x80000428 0x02a34557 v 10 11111111111111111111111111111111 7000017c 70000178 70000174 70000170 7000016c 70000168 70000164 70000160 7000015c 70000158 70000154 70000150 7000014c 70000148 70000144 70000140 7000013c 70000138 70000134 70000130 7000012c 70000128 70000124 70000120 7000011c 70000118 70000114 70000110 7000010c 70000108 70000104 70000100 
sm   0 warp 0 0x8000042c 0x0025607b lsu.w v  2 op 3 mask 11111111111111111111111111111111 4105bb2f 4105bb2f 4105bb2f 4105bb2f 4105bb2f 4105bb2f 4105bb2f 4105bb2f 4105bb2f 4105bb2f 4105bb2f 4105bb2f 4105bb2f 4105bb2f 4105bb2f 4105bb2f 4105bb2f 4105bb2f 4105bb2f 4105bb2f 4105bb2f 4105bb2f 4105bb2f 4105bb2f 4105bb2f 4105bb2f 4105bb2f 4105bb2f 4105bb2f 4105bb2f 4105bb2f 4105bb2f @ 7000017c 70000178 70000174 70000170 7000016c 70000168 70000164 70000160 7000015c 70000158 70000154 70000150 7000014c 70000148 70000144 70000140 7000013c 70000138 70000134 70000130 7000012c 70000128 70000124 70000120 7000011c 70000118 70000114 70000110 7000010c 70000108 70000104 70000100
sm   0 warp 0 0x80000430 0x7ef312b7 x  5  7ef31000
sm   0 warp 0 0x8000042c 0x0025607b lsu.w finish
sm   0 warp 0 0x80000434 0x1c328293 x  5  7ef311c3
sm   0 warp 0 0x80000438 0x5e02c957 v 18 11111111111111111111111111111111 7ef311c3 7ef311c3 7ef311c3 7ef311c3 7ef311c3 7ef311c3 7ef311c3 7ef311c3 7ef311c3 7ef311c3 7ef311c3 7ef311c3 7ef311c3 7ef311c3 7ef311c3 7ef311c3 7ef311c3 7ef311c3 7ef311c3 7ef311c3 7ef311c3 7ef311c3 7ef311c3 7ef311c3 7ef311c3 7ef311c3 7ef311c3 7ef311c3 7ef311c3 7ef311c3 7ef311c3 7ef311c3 
sm   0 warp 0 0x8000043c 0x2a2102d7 v  5 11111111111111111111111111111111 4105bb2f 4105bb2f 4105bb2f 4105bb2f 4105bb2f 4105bb2f 4105bb2f 4105bb2f 4105bb2f 4105bb2f 4105bb2f 4105bb2f 4105bb2f 4105bb2f 4105bb2f 4105bb2f 4105bb2f 4105bb2f 4105bb2f 4105bb2f 4105bb2f 4105bb2f 4105bb2f 4105bb2f 4105bb2f 4105bb2f 4105bb2f 4105bb2f 4105bb2f 4105bb2f 4105bb2f 4105bb2f 
sm   0 warp 0 0x80000440 0x0b2282d7 v  5 11111111111111111111111111111111 3ded5694 3ded5694 3ded5694 3ded5694 3ded5694 3ded5694 3ded5694 3ded5694 3ded5694 3ded5694 3ded5694 3ded5694 3ded5694 3ded5694 3ded5694 3ded5694 3ded5694 3ded5694 3ded5694 3ded5694 3ded5694 3ded5694 3ded5694 3ded5694 3ded5694 3ded5694 3ded5694 3ded5694 3ded5694 3ded5694 3ded5694 3ded5694 
sm   0 warp 0 0x80000444 0x400002b7 x  5  40000000
sm   0 warp 0 0x80000448 0x5e02c9d7 v 19 11111111111111111111111111111111 40000000 40000000 40000000 40000000 40000000 40000000 40000000 40000000 40000000 40000000 40000000 40000000 40000000 40000000 40000000 40000000 40000000 40000000 40000000 40000000 40000000 40000000 40000000 40000000 40000000 40000000 40000000 40000000 40000000 40000000 40000000 40000000 
sm   0 warp 0 0x8000044c 0x2b398757 v 14 11111111111111111111111111111111 40000000 40000000 40000000 40000000 40000000 40000000 40000000 40000000 40000000 40000000 40000000 40000000 40000000 40000000 40000000 40000000 40000000 40000000 40000000 40000000 40000000 40000000 40000000 40000000 40000000 40000000 40000000 40000000 40000000 40000000 40000000 40000000 
sm   0 warp 0 0x80000450 0xbe511757 v 14 11111111111111111111111111111111 3f84047b 3f84047b 3f84047b 3f84047b 3f84047b 3f84047b 3f84047b 3f84047b 3f84047b 3f84047b 3f84047b 3f84047b 3f84047b 3f84047b 3f84047b 3f84047b 3f84047b 3f84047b 3f84047b 3f84047b 3f84047b 3f84047b 3f84047b 3f84047b 3f84047b 3f84047b 3f84047b 3f84047b 3f84047b 3f84047b 3f84047b 3f84047b 
sm   0 warp 0 0x80000454 0x2a528f57 v 30 11111111111111111111111111111111 3ded5694 3ded5694 3ded5694 3ded5694 3ded5694 3ded5694 3ded5694 3ded5694 3ded5694 3ded5694 3ded5694 3ded5694 3ded5694 3ded5694 3ded5694 3ded5694 3ded5694 3ded5694 3ded5694 3ded5694 3ded5694 3ded5694 3ded5694 3ded5694 3ded5694 3ded5694 3ded5694 3ded5694 3ded5694 3ded5694 3ded5694 3ded5694 
sm   0 warp 0 0x80000458 0x2bff82d7 v  5 11111111111111111111111111111111 00000000 00000000 00000000 00000000 00000000 00000000 00000000 00000000 00000000 00000000 00000000 00000000 00000000 00000000 00000000 00000000 00000000 00000000 00000000 00000000 00000000 00000000 00000000 00000000 00000000 00000000 00000000 00000000 00000000 00000000 00000000 00000000 
[L1C] #   1838 SM 0 CACHE 0 ADDR 80000480
sm   0 warp 0 0x8000045c 0xb2ef12d7 v  5 11111111111111111111111111111111 3df4c997 3df4c997 3df4c997 3df4c997 3df4c997 3df4c997 3df4c997 3df4c997 3df4c997 3df4c997 3df4c997 3df4c997 3df4c997 3df4c997 3df4c997 3df4c997 3df4c997 3df4c997 3df4c997 3df4c997 3df4c997 3df4c997 3df4c997 3df4c997 3df4c997 3df4c997 3df4c997 3df4c997 3df4c997 3df4c997 3df4c997 3df4c997 
sm   0 warp 0 0x80000460 0x2b398757 v 14 11111111111111111111111111111111 40000000 40000000 40000000 40000000 40000000 40000000 40000000 40000000 40000000 40000000 40000000 40000000 40000000 40000000 40000000 40000000 40000000 40000000 40000000 40000000 40000000 40000000 40000000 40000000 40000000 40000000 40000000 40000000 40000000 40000000 40000000 40000000 
sm   0 warp 0 0x80000464 0xbe511757 v 14 11111111111111111111111111111111 3f802048 3f802048 3f802048 3f802048 3f802048 3f802048 3f802048 3f802048 3f802048 3f802048 3f802048 3f802048 3f802048 3f802048 3f802048 3f802048 3f802048 3f802048 3f802048 3f802048 3f802048 3f802048 3f802048 3f802048 3f802048 3f802048 3f802048 3f802048 3f802048 3f802048 3f802048 3f802048 
sm   0 warp 0 0x80000468 0x2a528f57 v 30 11111111111111111111111111111111 3df4c997 3df4c997 3df4c997 3df4c997 3df4c997 3df4c997 3df4c997 3df4c997 3df4c997 3df4c997 3df4c997 3df4c997 3df4c997 3df4c997 3df4c997 3df4c997 3df4c997 3df4c997 3df4c997 3df4c997 3df4c997 3df4c997 3df4c997 3df4c997 3df4c997 3df4c997 3df4c997 3df4c997 3df4c997 3df4c997 3df4c997 3df4c997 
sm   0 warp 0 0x8000046c 0x2bff82d7 v  5 11111111111111111111111111111111 00000000 00000000 00000000 00000000 00000000 00000000 00000000 00000000 00000000 00000000 00000000 00000000 00000000 00000000 00000000 00000000 00000000 00000000 00000000 00000000 00000000 00000000 00000000 00000000 00000000 00000000 00000000 00000000 00000000 00000000 00000000 00000000 
sm   0 warp 0 0x80000470 0xb2ef12d7 v  5 11111111111111111111111111111111 3df50753 3df50753 3df50753 3df50753 3df50753 3df50753 3df50753 3df50753 3df50753 3df50753 3df50753 3df50753 3df50753 3df50753 3df50753 3df50753 3df50753 3df50753 3df50753 3df50753 3df50753 3df50753 3df50753 3df50753 3df50753 3df50753 3df50753 3df50753 3df50753 3df50753 3df50753 3df50753 
sm   0 warp 0 0x80000474 0x2b398757 v 14 11111111111111111111111111111111 40000000 40000000 40000000 40000000 40000000 40000000 40000000 40000000 40000000 40000000 40000000 40000000 40000000 40000000 40000000 40000000 40000000 40000000 40000000 40000000 40000000 40000000 40000000 40000000 40000000 40000000 40000000 40000000 40000000 40000000 40000000 40000000 
sm   0 warp 0 0x80000478 0xbe511757 v 14 11111111111111111111111111111111 3f800009 3f800009 3f800009 3f800009 3f800009 3f800009 3f800009 3f800009 3f800009 3f800009 3f800009 3f800009 3f800009 3f800009 3f800009 3f800009 3f800009 3f800009 3f800009 3f800009 3f800009 3f800009 3f800009 3f800009 3f800009 3f800009 3f800009 3f800009 3f800009 3f800009 3f800009 3f800009 
sm   0 warp 0 0x8000047c 0x2a528f57 v 30 11111111111111111111111111111111 3df50753 3df50753 3df50753 3df50753 3df50753 3df50753 3df50753 3df50753 3df50753 3df50753 3df50753 3df50753 3df50753 3df50753 3df50753 3df50753 3df50753 3df50753 3df50753 3df50753 3df50753 3df50753 3df50753 3df50753 3df50753 3df50753 3df50753 3df50753 3df50753 3df50753 3df50753 3df50753 
sm   0 warp 0 0x80000480 0x2bff82d7 v  5 11111111111111111111111111111111 00000000 00000000 00000000 00000000 00000000 00000000 00000000 00000000 00000000 00000000 00000000 00000000 00000000 00000000 00000000 00000000 00000000 00000000 00000000 00000000 00000000 00000000 00000000 00000000 00000000 00000000 00000000 00000000 00000000 00000000 00000000 00000000 
sm   0 warp 0 0x80000484 0xb2ef12d7 v  5 11111111111111111111111111111111 3df50764 3df50764 3df50764 3df50764 3df50764 3df50764 3df50764 3df50764 3df50764 3df50764 3df50764 3df50764 3df50764 3df50764 3df50764 3df50764 3df50764 3df50764 3df50764 3df50764 3df50764 3df50764 3df50764 3df50764 3df50764 3df50764 3df50764 3df50764 3df50764 3df50764 3df50764 3df50764 
sm   0 warp 0 0x80000488 0x2b398757 v 14 11111111111111111111111111111111 40000000 40000000 40000000 40000000 40000000 40000000 40000000 40000000 40000000 40000000 40000000 40000000 40000000 40000000 40000000 40000000 40000000 40000000 40000000 40000000 40000000 40000000 40000000 40000000 40000000 40000000 40000000 40000000 40000000 40000000 40000000 40000000 
sm   0 warp 0 0x8000048c 0xbe511757 v 14 11111111111111111111111111111111 3f7fffff 3f7fffff 3f7fffff 3f7fffff 3f7fffff 3f7fffff 3f7fffff 3f7fffff 3f7fffff 3f7fffff 3f7fffff 3f7fffff 3f7fffff 3f7fffff 3f7fffff 3f7fffff 3f7fffff 3f7fffff 3f7fffff 3f7fffff 3f7fffff 3f7fffff 3f7fffff 3f7fffff 3f7fffff 3f7fffff 3f7fffff 3f7fffff 3f7fffff 3f7fffff 3f7fffff 3f7fffff 
sm   0 warp 0 0x80000490 0x2a528f57 v 30 11111111111111111111111111111111 3df50764 3df50764 3df50764 3df50764 3df50764 3df50764 3df50764 3df50764 3df50764 3df50764 3df50764 3df50764 3df50764 3df50764 3df50764 3df50764 3df50764 3df50764 3df50764 3df50764 3df50764 3df50764 3df50764 3df50764 3df50764 3df50764 3df50764 3df50764 3df50764 3df50764 3df50764 3df50764 
sm   0 warp 0 0x80000494 0x2bff82d7 v  5 11111111111111111111111111111111 00000000 00000000 00000000 00000000 00000000 00000000 00000000 00000000 00000000 00000000 00000000 00000000 00000000 00000000 00000000 00000000 00000000 00000000 00000000 00000000 00000000 00000000 00000000 00000000 00000000 00000000 00000000 00000000 00000000 00000000 00000000 00000000 
sm   0 warp 0 0x80000498 0xb2ef12d7 v  5 11111111111111111111111111111111 3df50763 3df50763 3df50763 3df50763 3df50763 3df50763 3df50763 3df50763 3df50763 3df50763 3df50763 3df50763 3df50763 3df50763 3df50763 3df50763 3df50763 3df50763 3df50763 3df50763 3df50763 3df50763 3df50763 3df50763 3df50763 3df50763 3df50763 3df50763 3df50763 3df50763 3df50763 3df50763 
sm   0 warp 0 0x8000049c 0x2a108f57 v 30 11111111111111111111111111111111 3f800000 3e31f1c8 3cf76084 3ebc5ab2 3d82ec98 3f475f7b 3e0a9556 3cc0a843 3e92b0c0 3d4bed7e 3f1b4595 3dd7db89 3c960ab0 3e647c3d 3d1ed1b9 3ef1da00 3da81c2a 3f800000 3e31f1c8 3cf76084 3ebc5ab2 3d82ec98 3f475f7b 3e0a9556 3cc0a843 3e92b0c0 3d4bed7e 3f1b4595 3dd7db89 3c960ab0 3e647c3d 3d1ed1b9 
sm   0 warp 0 0x800004a0 0x2bff80d7 v  1 11111111111111111111111111111111 00000000 00000000 00000000 00000000 00000000 00000000 00000000 00000000 00000000 00000000 00000000 00000000 00000000 00000000 00000000 00000000 00000000 00000000 00000000 00000000 00000000 00000000 00000000 00000000 00000000 00000000 00000000 00000000 00000000 00000000 00000000 00000000 
sm   0 warp 0 0x800004a8 0x90002337 x  6  90002000
sm   0 warp 0 0x800004ac 0x5208a557 v 10 11111111111111111111111111111111 0000001f 0000001e 0000001d 0000001c 0000001b 0000001a 00000019 00000018 00000017 00000016 00000015 00000014 00000013 00000012 00000011 00000010 0000000f 0000000e 0000000d 0000000c 0000000b 0000000a 00000009 00000008 00000007 00000006 00000005 00000004 00000003 00000002 00000001 00000000 
sm   0 warp 0 0x800004a4 0xb25f10d7 v  1 11111111111111111111111111111111 3df50763 3caa5187 3b6cc682 3d34483c 3bfaa069 3dbed421 3c84a4eb 3b386697 3d0c6763 3bc3302c 3d949e13 3c4e9b55 3b0f9c8f 3cdab17e 3b98034b 3d677c9c 3c20e7ce 3df50763 3caa5187 3b6cc682 3d34483c 3bfaa069 3dbed421 3c84a4eb 3b386697 3d0c6763 3bc3302c 3d949e13 3c4e9b55 3b0f9c8f 3cdab17e 3b98034b 
sm   0 warp 0 0x800004b0 0x96a13557 v 10 11111111111111111111111111111111 0000007c 00000078 00000074 00000070 0000006c 00000068 00000064 00000060 0000005c 00000058 00000054 00000050 0000004c 00000048 00000044 00000040 0000003c 00000038 00000034 00000030 0000002c 00000028 00000024 00000020 0000001c 00000018 00000014 00000010 0000000c 00000008 00000004 00000000 
sm   0 warp 0 0x800004b4 0x02a34557 v 10 11111111111111111111111111111111 9000207c 90002078 90002074 90002070 9000206c 90002068 90002064 90002060 9000205c 90002058 90002054 90002050 9000204c 90002048 90002044 90002040 9000203c 90002038 90002034 90002030 9000202c 90002028 90002024 90002020 9000201c 90002018 90002014 90002010 9000200c 90002008 90002004 90002000 
sm   0 warp 0 0x800004b8 0x0015607b lsu.w v  1 op 3 mask 11111111111111111111111111111111 3df50763 3caa5187 3b6cc682 3d34483c 3bfaa069 3dbed421 3c84a4eb 3b386697 3d0c6763 3bc3302c 3d949e13 3c4e9b55 3b0f9c8f 3cdab17e 3b98034b 3d677c9c 3c20e7ce 3df50763 3caa5187 3b6cc682 3d34483c 3bfaa069 3dbed421 3c84a4eb 3b386697 3d0c6763 3bc3302c 3d949e13 3c4e9b55 3b0f9c8f 3cdab17e 3b98034b @ 9000207c 90002078 90002074 90002070 9000206c 90002068 90002064 90002060 9000205c 90002058 90002054 90002050 9000204c 90002048 90002044 90002040 9000203c 90002038 90002034 90002030 9000202c 90002028 90002024 90002020 9000201c 90002018 90002014 90002010 9000200c 90002008 90002004 90002000
sm   0 warp 0 0x800004bc 0x0000400b endprg
[L1C] #   1959 SM 0 CACHE 1 ADDR 90002000
sm   0 warp 0 0x800004b8 0x0015607b lsu.w finish
[L1C] #   1976 SM 0 CACHE 1 ADDR 9d0f7f80
[L1C] #   3007 SM 0 CACHE 1 ADDR 9d0f7f80
