[RTL     info]@0 SNAPSHOT created, pid=674946
[RTL    trace]@20 Hardware reset ok
[2026-10-07 00:02:24.039] [trace] kernel0 softmax-w1 data loaded from file
[RTL    trace]@30 kernel 0 softmax-w1 activate
[RTL    debug]@5125 block0  dispatched to GPU (kernel0  softmax-w1 block0 )
[RTL    debug]@10000 
[RTL    debug]@19585 block0  finished (kernel0  softmax-w1 block0 )
[RTL     info]@19585 kernel0  softmax-w1 finished
[RTL    debug]@20000 
[RTL    debug]@30000 
[RTL    debug]@40000 
[RTL    debug]@50000 
[RTL    debug]@60000 
dump-mem: mem[0x90002000 +: 4] = 0x3B98034B
dump-mem: mem[0x90002004 +: 4] = 0x3CDAB17E
dump-mem: mem[0x90002008 +: 4] = 0x3B0F9C8F
dump-mem: mem[0x9000200C +: 4] = 0x3C4E9B55
dump-mem: mem[0x90002010 +: 4] = 0x3D949E13
dump-mem: mem[0x90002014 +: 4] = 0x3BC3302C
dump-mem: mem[0x90002018 +: 4] = 0x3D0C6763
dump-mem: mem[0x9000201C +: 4] = 0x3B386697
dump-mem: mem[0x90002020 +: 4] = 0x3C84A4EB
dump-mem: mem[0x90002024 +: 4] = 0x3DBED421
dump-mem: mem[0x90002028 +: 4] = 0x3BFAA069
dump-mem: mem[0x9000202C +: 4] = 0x3D34483C
dump-mem: mem[0x90002030 +: 4] = 0x3B6CC682
dump-mem: mem[0x90002034 +: 4] = 0x3CAA5187
dump-mem: mem[0x90002038 +: 4] = 0x3DF50763
dump-mem: mem[0x9000203C +: 4] = 0x3C20E7CE
dump-mem: mem[0x90002040 +: 4] = 0x3D677C9C
dump-mem: mem[0x90002044 +: 4] = 0x3B98034B
dump-mem: mem[0x90002048 +: 4] = 0x3CDAB17E
dump-mem: mem[0x9000204C +: 4] = 0x3B0F9C8F
dump-mem: mem[0x90002050 +: 4] = 0x3C4E9B55
dump-mem: mem[0x90002054 +: 4] = 0x3D949E13
dump-mem: mem[0x90002058 +: 4] = 0x3BC3302C
dump-mem: mem[0x9000205C +: 4] = 0x3D0C6763
dump-mem: mem[0x90002060 +: 4] = 0x3B386697
dump-mem: mem[0x90002064 +: 4] = 0x3C84A4EB
dump-mem: mem[0x90002068 +: 4] = 0x3DBED421
dump-mem: mem[0x9000206C +: 4] = 0x3BFAA069
dump-mem: mem[0x90002070 +: 4] = 0x3D34483C
dump-mem: mem[0x90002074 +: 4] = 0x3B6CC682
dump-mem: mem[0x90002078 +: 4] = 0x3CAA5187
dump-mem: mem[0x9000207C +: 4] = 0x3DF50763
[RTL     info]@69585 Simulation finished in 69585 unit time
- S i m u l a t i o n   R e p o r t: Verilator 5.049 devel
- Verilator: end at 70ns; walltime 22.179 s; speed 3.137 ns/s
- Verilator: cpu 88.432 s on 4 threads; allocated 583 MB
[RTL    debug]@69585 All snapshot process are cleared, OK
