
Warning: (W569) sc_module(const char*), sc_module(const std::string&) have been deprecated, use sc_module(const sc_module_name&): RamulatorWrapper
In file: ${REMOTE_FLOW_ROOT}/deps/systemc/src/sysc/kernel/sc_module.cpp:248
Create new vmem for kernel scalar_add-16, ptroot=0x1000 [trace main.cpp:83]
Start loading data for kernel scalar_add-16, ptroot=0x1000 [trace main.cpp:188]
kernel 0 scalar_add-16 initialized, size={1,1,1} @0ns,0 [info context_model.cpp:23]

Warning: (W509) module construction not properly completed: did you forget to add a sc_module_name parameter to your module constructor?: module 'RamulatorWrapper'
In file: ${REMOTE_FLOW_ROOT}/deps/systemc/src/sysc/kernel/sc_module.cpp:409
SM 1 warp 1 receive kernel 0 scalar_add-16 block 0 warp 0 @15ns,1 [trace BASE.cpp:244]
SM 1 warp 1 0x80000000              ADDI_0x00000093 WB x[001]=0x00000000 @95ns,1 [trace regfile.cpp:87]
SM 1 warp 1 0x80000004              ADDI_0x00108093 WB x[001]=0x00000001 @155ns,1 [trace regfile.cpp:87]
SM 1 warp 1 0x80000008              ADDI_0x00108093 WB x[001]=0x00000002 @215ns,1 [trace regfile.cpp:87]
SM 1 warp 1 0x8000000c              ADDI_0x00108093 WB x[001]=0x00000003 @275ns,1 [trace regfile.cpp:87]
SM 1 warp 1 0x80000010              ADDI_0x00108093 WB x[001]=0x00000004 @335ns,1 [trace regfile.cpp:87]
SM 1 warp 1 0x80000014              ADDI_0x00108093 WB x[001]=0x00000005 @395ns,1 [trace regfile.cpp:87]
SM 1 warp 1 0x80000018              ADDI_0x00108093 WB x[001]=0x00000006 @455ns,1 [trace regfile.cpp:87]
SM 1 warp 1 0x8000001c              ADDI_0x00108093 WB x[001]=0x00000007 @515ns,1 [trace regfile.cpp:87]
SM 1 warp 1 0x80000020              ADDI_0x00108093 WB x[001]=0x00000008 @575ns,1 [trace regfile.cpp:87]
SM 1 warp 1 0x80000024              ADDI_0x00108093 WB x[001]=0x00000009 @635ns,1 [trace regfile.cpp:87]
SM 1 warp 1 0x80000028              ADDI_0x00108093 WB x[001]=0x0000000a @695ns,1 [trace regfile.cpp:87]
SM 1 warp 1 0x8000002c              ADDI_0x00108093 WB x[001]=0x0000000b @755ns,1 [trace regfile.cpp:87]
SM 1 warp 1 0x80000030              ADDI_0x00108093 WB x[001]=0x0000000c @815ns,1 [trace regfile.cpp:87]
SM 1 warp 1 0x80000034              ADDI_0x00108093 WB x[001]=0x0000000d @875ns,1 [trace regfile.cpp:87]
SM 1 warp 1 0x80000038              ADDI_0x00108093 WB x[001]=0x0000000e @935ns,1 [trace regfile.cpp:87]
SM 1 warp 1 0x8000003c              ADDI_0x00108093 WB x[001]=0x0000000f @995ns,1 [trace regfile.cpp:87]
SM 1 warp 1 0x80000040              ADDI_0x00108093 WB x[001]=0x00000010 @1055ns,1 [trace regfile.cpp:87]
SM 1 warp 1 0x80000044               LUI_0x90002137 WB x[002]=0x90002000 @1075ns,1 [trace regfile.cpp:87]
SM 1 warp 1 0x80000048                SW_0x00112023 mask=FFFFFFFF ADDR 90002000, DATA 10 @1115ns,1 [trace exec_lsu.cpp:183]
SM 1 warp 1 0x8000004c            ENDPRG_0x0000400b endprg @1135ns,1 [trace warp_scheduler.cpp:50]
kernel 0 scalar_add-16 block 0 finished @1145ns,1 [debug CTA_Scheduler.cpp:179]
kernel 0 scalar_add-16 finished @1145ns,1 [info context_model.cpp:32]
TEST_OUTPUT 0 10
TEST_KERNEL_FINISH_NS 1145
Simulation finished at time 1150
