[RTL     info]@0 SNAPSHOT created, pid=3746620
[RTL    trace]@20 Hardware reset ok
[2026-10-06 12:58:25.007] [trace] kernel0 resident-w2-k64 data loaded from file
[RTL    trace]@30 kernel 0 resident-w2-k64 activate
[RTL    debug]@5125 block0  dispatched to GPU (kernel0  resident-w2-k64 block0 )
[RTL    debug]@7715 block0  finished (kernel0  resident-w2-k64 block0 )
[RTL     info]@7715 kernel0  resident-w2-k64 finished
[RTL    debug]@10000 
[RTL    debug]@20000 
[RTL    debug]@30000 
[RTL    debug]@40000 
[RTL    debug]@50000 
dump-mem: mem[0x90002000 +: 4] = 0x41C00000
dump-mem: mem[0x90002004 +: 4] = 0xC2800000
dump-mem: mem[0x90002008 +: 4] = 0x41000000
dump-mem: mem[0x9000200C +: 4] = 0xC2200000
dump-mem: mem[0x90002010 +: 4] = 0x41000000
dump-mem: mem[0x90002014 +: 4] = 0x41000000
dump-mem: mem[0x90002018 +: 4] = 0xC2900000
dump-mem: mem[0x9000201C +: 4] = 0x43000000
dump-mem: mem[0x90002020 +: 4] = 0xC2800000
dump-mem: mem[0x90002024 +: 4] = 0x41C00000
dump-mem: mem[0x90002028 +: 4] = 0x42900000
dump-mem: mem[0x9000202C +: 4] = 0xC2200000
dump-mem: mem[0x90002030 +: 4] = 0x43100000
dump-mem: mem[0x90002034 +: 4] = 0xC2900000
dump-mem: mem[0x90002038 +: 4] = 0xC1000000
dump-mem: mem[0x9000203C +: 4] = 0x41800000
dump-mem: mem[0x90002040 +: 4] = 0x00000000
dump-mem: mem[0x90002044 +: 4] = 0x00000000
dump-mem: mem[0x90002048 +: 4] = 0x00000000
dump-mem: mem[0x9000204C +: 4] = 0x00000000
dump-mem: mem[0x90002050 +: 4] = 0x00000000
dump-mem: mem[0x90002054 +: 4] = 0x00000000
dump-mem: mem[0x90002058 +: 4] = 0x00000000
dump-mem: mem[0x9000205C +: 4] = 0x00000000
dump-mem: mem[0x90002060 +: 4] = 0x00000000
dump-mem: mem[0x90002064 +: 4] = 0x00000000
dump-mem: mem[0x90002068 +: 4] = 0x00000000
dump-mem: mem[0x9000206C +: 4] = 0x00000000
dump-mem: mem[0x90002070 +: 4] = 0x00000000
dump-mem: mem[0x90002074 +: 4] = 0x00000000
dump-mem: mem[0x90002078 +: 4] = 0x00000000
dump-mem: mem[0x9000207C +: 4] = 0x00000000
dump-mem: mem[0x90002080 +: 4] = 0x41C00000
dump-mem: mem[0x90002084 +: 4] = 0xC2800000
dump-mem: mem[0x90002088 +: 4] = 0x41000000
dump-mem: mem[0x9000208C +: 4] = 0xC2200000
dump-mem: mem[0x90002090 +: 4] = 0x41000000
dump-mem: mem[0x90002094 +: 4] = 0x41000000
dump-mem: mem[0x90002098 +: 4] = 0xC2900000
dump-mem: mem[0x9000209C +: 4] = 0x43000000
dump-mem: mem[0x900020A0 +: 4] = 0xC2800000
dump-mem: mem[0x900020A4 +: 4] = 0x41C00000
dump-mem: mem[0x900020A8 +: 4] = 0x42900000
dump-mem: mem[0x900020AC +: 4] = 0xC2200000
dump-mem: mem[0x900020B0 +: 4] = 0x43100000
dump-mem: mem[0x900020B4 +: 4] = 0xC2900000
dump-mem: mem[0x900020B8 +: 4] = 0xC1000000
dump-mem: mem[0x900020BC +: 4] = 0x41800000
dump-mem: mem[0x900020C0 +: 4] = 0x00000000
dump-mem: mem[0x900020C4 +: 4] = 0x00000000
dump-mem: mem[0x900020C8 +: 4] = 0x00000000
dump-mem: mem[0x900020CC +: 4] = 0x00000000
dump-mem: mem[0x900020D0 +: 4] = 0x00000000
dump-mem: mem[0x900020D4 +: 4] = 0x00000000
dump-mem: mem[0x900020D8 +: 4] = 0x00000000
dump-mem: mem[0x900020DC +: 4] = 0x00000000
dump-mem: mem[0x900020E0 +: 4] = 0x00000000
dump-mem: mem[0x900020E4 +: 4] = 0x00000000
dump-mem: mem[0x900020E8 +: 4] = 0x00000000
dump-mem: mem[0x900020EC +: 4] = 0x00000000
dump-mem: mem[0x900020F0 +: 4] = 0x00000000
dump-mem: mem[0x900020F4 +: 4] = 0x00000000
dump-mem: mem[0x900020F8 +: 4] = 0x00000000
dump-mem: mem[0x900020FC +: 4] = 0x00000000
[RTL     info]@57715 Simulation finished in 57715 unit time
- S i m u l a t i o n   R e p o r t: Verilator 5.049 devel
- Verilator: end at 58ns; walltime 24.694 s; speed 2.337 ns/s
- Verilator: cpu 98.475 s on 4 threads; allocated 583 MB
[RTL    debug]@57715 All snapshot process are cleared, OK
