[RTL     info]@0 SNAPSHOT created, pid=3424423
[RTL    trace]@20 Hardware reset ok
[2026-10-06 09:38:32.197] [trace] kernel0 Ð:V%e data loaded from file
[RTL    trace]@30 kernel 0 global-stride128-64 activate
[RTL    debug]@185 block0  dispatched to GPU (kernel0  global-stride128-64 block0 )
[RTL    debug]@10000 
[RTL    debug]@20000 
[RTL    debug]@20595 block0  finished (kernel0  global-stride128-64 block0 )
[RTL     info]@20595 kernel0  global-stride128-64 finished
[RTL    debug]@30000 
[RTL    debug]@40000 
[RTL    debug]@50000 
[RTL    debug]@60000 
[RTL    debug]@70000 
dump-mem: mem[0x90002000 +: 4] = 0x42000000
dump-mem: mem[0x90002004 +: 4] = 0x41F80000
dump-mem: mem[0x90002008 +: 4] = 0x41F00000
dump-mem: mem[0x9000200C +: 4] = 0x41E80000
dump-mem: mem[0x90002010 +: 4] = 0x41E00000
dump-mem: mem[0x90002014 +: 4] = 0x41D80000
dump-mem: mem[0x90002018 +: 4] = 0x41D00000
dump-mem: mem[0x9000201C +: 4] = 0x41C80000
dump-mem: mem[0x90002020 +: 4] = 0x41C00000
dump-mem: mem[0x90002024 +: 4] = 0x41B80000
dump-mem: mem[0x90002028 +: 4] = 0x41B00000
dump-mem: mem[0x9000202C +: 4] = 0x41A80000
dump-mem: mem[0x90002030 +: 4] = 0x41A00000
dump-mem: mem[0x90002034 +: 4] = 0x41980000
dump-mem: mem[0x90002038 +: 4] = 0x41900000
dump-mem: mem[0x9000203C +: 4] = 0x41880000
dump-mem: mem[0x90002040 +: 4] = 0x41800000
dump-mem: mem[0x90002044 +: 4] = 0x41700000
dump-mem: mem[0x90002048 +: 4] = 0x41600000
dump-mem: mem[0x9000204C +: 4] = 0x41500000
dump-mem: mem[0x90002050 +: 4] = 0x41400000
dump-mem: mem[0x90002054 +: 4] = 0x41300000
dump-mem: mem[0x90002058 +: 4] = 0x41200000
dump-mem: mem[0x9000205C +: 4] = 0x41100000
dump-mem: mem[0x90002060 +: 4] = 0x41000000
dump-mem: mem[0x90002064 +: 4] = 0x40E00000
dump-mem: mem[0x90002068 +: 4] = 0x40C00000
dump-mem: mem[0x9000206C +: 4] = 0x40A00000
dump-mem: mem[0x90002070 +: 4] = 0x40800000
dump-mem: mem[0x90002074 +: 4] = 0x40400000
dump-mem: mem[0x90002078 +: 4] = 0x40000000
dump-mem: mem[0x9000207C +: 4] = 0x3F800000
[RTL     info]@70595 Simulation finished in 70595 unit time
- S i m u l a t i o n   R e p o r t: Verilator 5.049 devel
- Verilator: end at 71ns; walltime 23.234 s; speed 3.038 ns/s
- Verilator: cpu 92.682 s on 4 threads; allocated 583 MB
[RTL    debug]@70595 All snapshot process are cleared, OK
