[L1C] #     65 SM 0 CACHE 0 ADDR 80000000
sm   0 warp 0 0x80000000 0x00000093 x  1  00000000
sm   0 warp 0 0x80000004 0x00108093 x  1  00000001
sm   0 warp 0 0x80000008 0x00108093 x  1  00000002
sm   0 warp 0 0x8000000c 0x00108093 x  1  00000003
sm   0 warp 0 0x80000010 0x00108093 x  1  00000004
sm   0 warp 0 0x80000014 0x00108093 x  1  00000005
sm   0 warp 0 0x80000018 0x00108093 x  1  00000006
sm   0 warp 0 0x8000001c 0x00108093 x  1  00000007
sm   0 warp 0 0x80000020 0x00108093 x  1  00000008
sm   0 warp 0 0x80000024 0x00108093 x  1  00000009
sm   0 warp 0 0x80000028 0x00108093 x  1  0000000a
sm   0 warp 0 0x8000002c 0x00108093 x  1  0000000b
sm   0 warp 0 0x80000030 0x00108093 x  1  0000000c
sm   0 warp 0 0x80000034 0x00108093 x  1  0000000d
sm   0 warp 0 0x80000038 0x00108093 x  1  0000000e
sm   0 warp 0 0x8000003c 0x00108093 x  1  0000000f
sm   0 warp 0 0x80000040 0x00108093 x  1  00000010
sm   0 warp 0 0x80000044 0x90002137 x  2  90002000
sm   0 warp 0 0x80000048 0x00112023 lsu.w x   1 op 0 00000010 @ 90002000+00000000
sm   0 warp 0 0x8000004c 0x0000400b endprg
[L1C] #    260 SM 0 CACHE 1 ADDR 90002000
sm   0 warp 0 0x80000048 0x00112023 lsu.w finish
[L1C] #    277 SM 0 CACHE 1 ADDR 9d0f7f80
[L1C] #   1308 SM 0 CACHE 1 ADDR 9d0f7f80
