[RTL     info]@0 SNAPSHOT created, pid=3414454
[RTL    trace]@20 Hardware reset ok
[2026-10-06 09:32:23.075] [trace] kernel0 lds-2way-64 data loaded from file
[RTL    trace]@30 kernel 0 lds-2way-64 activate
[RTL    debug]@185 block0  dispatched to GPU (kernel0  lds-2way-64 block0 )
[RTL    debug]@9095 block0  finished (kernel0  lds-2way-64 block0 )
[RTL     info]@9095 kernel0  lds-2way-64 finished
[RTL    debug]@10000 
[RTL    debug]@20000 
[RTL    debug]@30000 
[RTL    debug]@40000 
[RTL    debug]@50000 
dump-mem: mem[0x90002000 +: 4] = 0x00000000
dump-mem: mem[0x90002004 +: 4] = 0x00000000
dump-mem: mem[0x90002008 +: 4] = 0x00000000
dump-mem: mem[0x9000200C +: 4] = 0x00000000
dump-mem: mem[0x90002010 +: 4] = 0x00000000
dump-mem: mem[0x90002014 +: 4] = 0x00000000
dump-mem: mem[0x90002018 +: 4] = 0x00000000
dump-mem: mem[0x9000201C +: 4] = 0x00000000
dump-mem: mem[0x90002020 +: 4] = 0x00000000
dump-mem: mem[0x90002024 +: 4] = 0x00000000
dump-mem: mem[0x90002028 +: 4] = 0x00000000
dump-mem: mem[0x9000202C +: 4] = 0x00000000
dump-mem: mem[0x90002030 +: 4] = 0x00000000
dump-mem: mem[0x90002034 +: 4] = 0x00000000
dump-mem: mem[0x90002038 +: 4] = 0x00000000
dump-mem: mem[0x9000203C +: 4] = 0x00000000
dump-mem: mem[0x90002040 +: 4] = 0x00000000
dump-mem: mem[0x90002044 +: 4] = 0x00000000
dump-mem: mem[0x90002048 +: 4] = 0x00000000
dump-mem: mem[0x9000204C +: 4] = 0x00000000
dump-mem: mem[0x90002050 +: 4] = 0x00000000
dump-mem: mem[0x90002054 +: 4] = 0x00000000
dump-mem: mem[0x90002058 +: 4] = 0x00000000
dump-mem: mem[0x9000205C +: 4] = 0x00000000
dump-mem: mem[0x90002060 +: 4] = 0x00000000
dump-mem: mem[0x90002064 +: 4] = 0x00000000
dump-mem: mem[0x90002068 +: 4] = 0x00000000
dump-mem: mem[0x9000206C +: 4] = 0x00000000
dump-mem: mem[0x90002070 +: 4] = 0x00000000
dump-mem: mem[0x90002074 +: 4] = 0x00000000
dump-mem: mem[0x90002078 +: 4] = 0x00000000
dump-mem: mem[0x9000207C +: 4] = 0x00000000
[RTL     info]@59095 Simulation finished in 59095 unit time
- S i m u l a t i o n   R e p o r t: Verilator 5.049 devel
- Verilator: end at 59ns; walltime 19.895 s; speed 2.970 ns/s
- Verilator: cpu 79.336 s on 4 threads; allocated 583 MB
[RTL    debug]@59095 All snapshot process are cleared, OK
