[L1C] #    525 SM 0 CACHE 0 ADDR 80000000
sm   0 warp 0 0x80000000 0x2e1080d7 v  1 11111111111111111111111111111111 00000000 00000000 00000000 00000000 00000000 00000000 00000000 00000000 00000000 00000000 00000000 00000000 00000000 00000000 00000000 00000000 00000000 00000000 00000000 00000000 00000000 00000000 00000000 00000000 00000000 00000000 00000000 00000000 00000000 00000000 00000000 00000000 
sm   0 warp 0 0x80000004 0x900002b7 x  5  90000000
sm   0 warp 0 0x80000008 0x5208a557 v 10 11111111111111111111111111111111 0000001f 0000001e 0000001d 0000001c 0000001b 0000001a 00000019 00000018 00000017 00000016 00000015 00000014 00000013 00000012 00000011 00000010 0000000f 0000000e 0000000d 0000000c 0000000b 0000000a 00000009 00000008 00000007 00000006 00000005 00000004 00000003 00000002 00000001 00000000 
sm   0 warp 0 0x8000000c 0x96a13557 v 10 11111111111111111111111111111111 0000007c 00000078 00000074 00000070 0000006c 00000068 00000064 00000060 0000005c 00000058 00000054 00000050 0000004c 00000048 00000044 00000040 0000003c 00000038 00000034 00000030 0000002c 00000028 00000024 00000020 0000001c 00000018 00000014 00000010 0000000c 00000008 00000004 00000000 
sm   0 warp 0 0x80000010 0x02a2c557 v 10 11111111111111111111111111111111 9000007c 90000078 90000074 90000070 9000006c 90000068 90000064 90000060 9000005c 90000058 90000054 90000050 9000004c 90000048 90000044 90000040 9000003c 90000038 90000034 90000030 9000002c 90000028 90000024 90000020 9000001c 90000018 90000014 90000010 9000000c 90000008 90000004 90000000 
sm   0 warp 0 0x80000014 0x90001337 x  6  90001000
sm   0 warp 0 0x80000018 0x5208a5d7 v 11 11111111111111111111111111111111 0000001f 0000001e 0000001d 0000001c 0000001b 0000001a 00000019 00000018 00000017 00000016 00000015 00000014 00000013 00000012 00000011 00000010 0000000f 0000000e 0000000d 0000000c 0000000b 0000000a 00000009 00000008 00000007 00000006 00000005 00000004 00000003 00000002 00000001 00000000 
sm   0 warp 0 0x8000001c 0x96b135d7 v 11 11111111111111111111111111111111 0000007c 00000078 00000074 00000070 0000006c 00000068 00000064 00000060 0000005c 00000058 00000054 00000050 0000004c 00000048 00000044 00000040 0000003c 00000038 00000034 00000030 0000002c 00000028 00000024 00000020 0000001c 00000018 00000014 00000010 0000000c 00000008 00000004 00000000 
sm   0 warp 0 0x80000020 0x02b345d7 v 11 11111111111111111111111111111111 9000107c 90001078 90001074 90001070 9000106c 90001068 90001064 90001060 9000105c 90001058 90001054 90001050 9000104c 90001048 90001044 90001040 9000103c 90001038 90001034 90001030 9000102c 90001028 90001024 90001020 9000101c 90001018 90001014 90001010 9000100c 90001008 90001004 90001000 
sm   0 warp 0 0x80000024 0x08000393 x  7  00000080
sm   0 warp 0 0x80000028 0x0005217b lsu.r v  2 op 3 @ 9000007c 90000078 90000074 90000070 9000006c 90000068 90000064 90000060 9000005c 90000058 90000054 90000050 9000004c 90000048 90000044 90000040 9000003c 90000038 90000034 90000030 9000002c 90000028 90000024 90000020 9000001c 90000018 90000014 90000010 9000000c 90000008 90000004 90000000
sm   0 warp 0 0x8000002c 0x0005a1fb lsu.r v  3 op 3 @ 9000107c 90001078 90001074 90001070 9000106c 90001068 90001064 90001060 9000105c 90001058 90001054 90001050 9000104c 90001048 90001044 90001040 9000103c 90001038 90001034 90001030 9000102c 90001028 90001024 90001020 9000101c 90001018 90001014 90001010 9000100c 90001008 90001004 90001000
[L1C] #    591 SM 0 CACHE 1 ADDR 90000000
sm   0 warp 0 0x80000030 0x02a3c557 v 10 11111111111111111111111111111111 900000fc 900000f8 900000f4 900000f0 900000ec 900000e8 900000e4 900000e0 900000dc 900000d8 900000d4 900000d0 900000cc 900000c8 900000c4 900000c0 900000bc 900000b8 900000b4 900000b0 900000ac 900000a8 900000a4 900000a0 9000009c 90000098 90000094 90000090 9000008c 90000088 90000084 90000080 
[L1C] #    595 SM 0 CACHE 1 ADDR 90001000
sm   0 warp 0 0x80000034 0x02b3c5d7 v 11 11111111111111111111111111111111 900010fc 900010f8 900010f4 900010f0 900010ec 900010e8 900010e4 900010e0 900010dc 900010d8 900010d4 900010d0 900010cc 900010c8 900010c4 900010c0 900010bc 900010b8 900010b4 900010b0 900010ac 900010a8 900010a4 900010a0 9000109c 90001098 90001094 90001090 9000108c 90001088 90001084 90001080 
sm   0 warp 0 0x80000028 0x0005217b v  2 11111111111111111111111111111111 bf800000 c0000000 c0400000 40400000 40000000 3f800000 00000000 bf800000 40400000 40000000 3f800000 00000000 bf800000 c0000000 c0400000 40400000 00000000 bf800000 c0000000 c0400000 40400000 40000000 3f800000 00000000 c0400000 40400000 40000000 3f800000 00000000 bf800000 c0000000 c0400000 
sm   0 warp 0 0x8000002c 0x0005a1fb v  3 11111111111111111111111111111111 3f800000 00000000 bf800000 c0000000 40000000 3f800000 00000000 bf800000 bf800000 c0000000 40000000 3f800000 00000000 bf800000 c0000000 40000000 40000000 3f800000 00000000 bf800000 c0000000 40000000 3f800000 00000000 00000000 bf800000 c0000000 40000000 3f800000 00000000 bf800000 c0000000 
sm   0 warp 0 0x8000003c 0x0005217b lsu.r v  2 op 3 @ 900000fc 900000f8 900000f4 900000f0 900000ec 900000e8 900000e4 900000e0 900000dc 900000d8 900000d4 900000d0 900000cc 900000c8 900000c4 900000c0 900000bc 900000b8 900000b4 900000b0 900000ac 900000a8 900000a4 900000a0 9000009c 90000098 90000094 90000090 9000008c 90000088 90000084 90000080
sm   0 warp 0 0x80000040 0x0005a1fb lsu.r v  3 op 3 @ 900010fc 900010f8 900010f4 900010f0 900010ec 900010e8 900010e4 900010e0 900010dc 900010d8 900010d4 900010d0 900010cc 900010c8 900010c4 900010c0 900010bc 900010b8 900010b4 900010b0 900010ac 900010a8 900010a4 900010a0 9000109c 90001098 90001094 90001090 9000108c 90001088 90001084 90001080
[L1C] #    627 SM 0 CACHE 1 ADDR 90000080
sm   0 warp 0 0x80000038 0x0e31408b v  1 11111111111111111111111111111111 00000000 00000000 00000000 00000000 00000000 00000000 00000000 00000000 00000000 00000000 00000000 00000000 00000000 00000000 00000000 00000000 40000000 bf800000 c1100000 41900000 c0a00000 41100000 40400000 c1000000 41800000 c1100000 3f800000 3f800000 c0a00000 3f800000 c1000000 40400000 
sm   0 warp 0 0x80000044 0x02a3c557 v 10 11111111111111111111111111111111 9000017c 90000178 90000174 90000170 9000016c 90000168 90000164 90000160 9000015c 90000158 90000154 90000150 9000014c 90000148 90000144 90000140 9000013c 90000138 90000134 90000130 9000012c 90000128 90000124 90000120 9000011c 90000118 90000114 90000110 9000010c 90000108 90000104 90000100 
[L1C] #    631 SM 0 CACHE 1 ADDR 90001080
sm   0 warp 0 0x80000048 0x02b3c5d7 v 11 11111111111111111111111111111111 9000117c 90001178 90001174 90001170 9000116c 90001168 90001164 90001160 9000115c 90001158 90001154 90001150 9000114c 90001148 90001144 90001140 9000113c 90001138 90001134 90001130 9000112c 90001128 90001124 90001120 9000111c 90001118 90001114 90001110 9000110c 90001108 90001104 90001100 
sm   0 warp 0 0x8000003c 0x0005217b v  2 11111111111111111111111111111111 bf800000 c0000000 c0400000 40400000 40000000 3f800000 00000000 bf800000 40400000 40000000 3f800000 00000000 bf800000 c0000000 c0400000 40400000 00000000 bf800000 c0000000 c0400000 40400000 40000000 3f800000 00000000 c0400000 40400000 40000000 3f800000 00000000 bf800000 c0000000 c0400000 
sm   0 warp 0 0x80000040 0x0005a1fb v  3 11111111111111111111111111111111 3f800000 00000000 bf800000 c0000000 40000000 3f800000 00000000 bf800000 bf800000 c0000000 40000000 3f800000 00000000 bf800000 c0000000 40000000 40000000 3f800000 00000000 bf800000 c0000000 40000000 3f800000 00000000 00000000 bf800000 c0000000 40000000 3f800000 00000000 bf800000 c0000000 
sm   0 warp 0 0x80000050 0x0005217b lsu.r v  2 op 3 @ 9000017c 90000178 90000174 90000170 9000016c 90000168 90000164 90000160 9000015c 90000158 90000154 90000150 9000014c 90000148 90000144 90000140 9000013c 90000138 90000134 90000130 9000012c 90000128 90000124 90000120 9000011c 90000118 90000114 90000110 9000010c 90000108 90000104 90000100
sm   0 warp 0 0x80000054 0x0005a1fb lsu.r v  3 op 3 @ 9000117c 90001178 90001174 90001170 9000116c 90001168 90001164 90001160 9000115c 90001158 90001154 90001150 9000114c 90001148 90001144 90001140 9000113c 90001138 90001134 90001130 9000112c 90001128 90001124 90001120 9000111c 90001118 90001114 90001110 9000110c 90001108 90001104 90001100
[L1C] #    663 SM 0 CACHE 1 ADDR 90000100
sm   0 warp 0 0x8000004c 0x0e31408b v  1 11111111111111111111111111111111 00000000 00000000 00000000 00000000 00000000 00000000 00000000 00000000 00000000 00000000 00000000 00000000 00000000 00000000 00000000 00000000 40800000 c0000000 c1900000 42100000 c1200000 41900000 40c00000 c1800000 42000000 c1900000 40000000 40000000 c1200000 40000000 c1800000 40c00000 
sm   0 warp 0 0x80000058 0x02a3c557 v 10 11111111111111111111111111111111 900001fc 900001f8 900001f4 900001f0 900001ec 900001e8 900001e4 900001e0 900001dc 900001d8 900001d4 900001d0 900001cc 900001c8 900001c4 900001c0 900001bc 900001b8 900001b4 900001b0 900001ac 900001a8 900001a4 900001a0 9000019c 90000198 90000194 90000190 9000018c 90000188 90000184 90000180 
[L1C] #    667 SM 0 CACHE 1 ADDR 90001100
sm   0 warp 0 0x8000005c 0x02b3c5d7 v 11 11111111111111111111111111111111 900011fc 900011f8 900011f4 900011f0 900011ec 900011e8 900011e4 900011e0 900011dc 900011d8 900011d4 900011d0 900011cc 900011c8 900011c4 900011c0 900011bc 900011b8 900011b4 900011b0 900011ac 900011a8 900011a4 900011a0 9000119c 90001198 90001194 90001190 9000118c 90001188 90001184 90001180 
[L1C] #    671 SM 0 CACHE 0 ADDR 80000080
sm   0 warp 0 0x80000050 0x0005217b v  2 11111111111111111111111111111111 bf800000 c0000000 c0400000 40400000 40000000 3f800000 00000000 bf800000 40400000 40000000 3f800000 00000000 bf800000 c0000000 c0400000 40400000 00000000 bf800000 c0000000 c0400000 40400000 40000000 3f800000 00000000 c0400000 40400000 40000000 3f800000 00000000 bf800000 c0000000 c0400000 
sm   0 warp 0 0x80000054 0x0005a1fb v  3 11111111111111111111111111111111 3f800000 00000000 bf800000 c0000000 40000000 3f800000 00000000 bf800000 bf800000 c0000000 40000000 3f800000 00000000 bf800000 c0000000 40000000 40000000 3f800000 00000000 bf800000 c0000000 40000000 3f800000 00000000 00000000 bf800000 c0000000 40000000 3f800000 00000000 bf800000 c0000000 
sm   0 warp 0 0x80000064 0x0005217b lsu.r v  2 op 3 @ 900001fc 900001f8 900001f4 900001f0 900001ec 900001e8 900001e4 900001e0 900001dc 900001d8 900001d4 900001d0 900001cc 900001c8 900001c4 900001c0 900001bc 900001b8 900001b4 900001b0 900001ac 900001a8 900001a4 900001a0 9000019c 90000198 90000194 90000190 9000018c 90000188 90000184 90000180
sm   0 warp 0 0x80000068 0x0005a1fb lsu.r v  3 op 3 @ 900011fc 900011f8 900011f4 900011f0 900011ec 900011e8 900011e4 900011e0 900011dc 900011d8 900011d4 900011d0 900011cc 900011c8 900011c4 900011c0 900011bc 900011b8 900011b4 900011b0 900011ac 900011a8 900011a4 900011a0 9000119c 90001198 90001194 90001190 9000118c 90001188 90001184 90001180
[L1C] #    699 SM 0 CACHE 1 ADDR 90000180
sm   0 warp 0 0x80000060 0x0e31408b v  1 11111111111111111111111111111111 00000000 00000000 00000000 00000000 00000000 00000000 00000000 00000000 00000000 00000000 00000000 00000000 00000000 00000000 00000000 00000000 40c00000 c0400000 c1d80000 42580000 c1700000 41d80000 41100000 c1c00000 42400000 c1d80000 40400000 40400000 c1700000 40400000 c1c00000 41100000 
sm   0 warp 0 0x8000006c 0x02a3c557 v 10 11111111111111111111111111111111 9000027c 90000278 90000274 90000270 9000026c 90000268 90000264 90000260 9000025c 90000258 90000254 90000250 9000024c 90000248 90000244 90000240 9000023c 90000238 90000234 90000230 9000022c 90000228 90000224 90000220 9000021c 90000218 90000214 90000210 9000020c 90000208 90000204 90000200 
[L1C] #    703 SM 0 CACHE 1 ADDR 90001180
sm   0 warp 0 0x80000070 0x02b3c5d7 v 11 11111111111111111111111111111111 9000127c 90001278 90001274 90001270 9000126c 90001268 90001264 90001260 9000125c 90001258 90001254 90001250 9000124c 90001248 90001244 90001240 9000123c 90001238 90001234 90001230 9000122c 90001228 90001224 90001220 9000121c 90001218 90001214 90001210 9000120c 90001208 90001204 90001200 
sm   0 warp 0 0x80000064 0x0005217b v  2 11111111111111111111111111111111 bf800000 c0000000 c0400000 40400000 40000000 3f800000 00000000 bf800000 40400000 40000000 3f800000 00000000 bf800000 c0000000 c0400000 40400000 00000000 bf800000 c0000000 c0400000 40400000 40000000 3f800000 00000000 c0400000 40400000 40000000 3f800000 00000000 bf800000 c0000000 c0400000 
sm   0 warp 0 0x80000068 0x0005a1fb v  3 11111111111111111111111111111111 3f800000 00000000 bf800000 c0000000 40000000 3f800000 00000000 bf800000 bf800000 c0000000 40000000 3f800000 00000000 bf800000 c0000000 40000000 40000000 3f800000 00000000 bf800000 c0000000 40000000 3f800000 00000000 00000000 bf800000 c0000000 40000000 3f800000 00000000 bf800000 c0000000 
sm   0 warp 0 0x80000078 0x0005217b lsu.r v  2 op 3 @ 9000027c 90000278 90000274 90000270 9000026c 90000268 90000264 90000260 9000025c 90000258 90000254 90000250 9000024c 90000248 90000244 90000240 9000023c 90000238 90000234 90000230 9000022c 90000228 90000224 90000220 9000021c 90000218 90000214 90000210 9000020c 90000208 90000204 90000200
sm   0 warp 0 0x8000007c 0x0005a1fb lsu.r v  3 op 3 @ 9000127c 90001278 90001274 90001270 9000126c 90001268 90001264 90001260 9000125c 90001258 90001254 90001250 9000124c 90001248 90001244 90001240 9000123c 90001238 90001234 90001230 9000122c 90001228 90001224 90001220 9000121c 90001218 90001214 90001210 9000120c 90001208 90001204 90001200
[L1C] #    735 SM 0 CACHE 1 ADDR 90000200
sm   0 warp 0 0x80000074 0x0e31408b v  1 11111111111111111111111111111111 00000000 00000000 00000000 00000000 00000000 00000000 00000000 00000000 00000000 00000000 00000000 00000000 00000000 00000000 00000000 00000000 41000000 c0800000 c2100000 42900000 c1a00000 42100000 41400000 c2000000 42800000 c2100000 40800000 40800000 c1a00000 40800000 c2000000 41400000 
sm   0 warp 0 0x80000080 0x02a3c557 v 10 11111111111111111111111111111111 900002fc 900002f8 900002f4 900002f0 900002ec 900002e8 900002e4 900002e0 900002dc 900002d8 900002d4 900002d0 900002cc 900002c8 900002c4 900002c0 900002bc 900002b8 900002b4 900002b0 900002ac 900002a8 900002a4 900002a0 9000029c 90000298 90000294 90000290 9000028c 90000288 90000284 90000280 
[L1C] #    739 SM 0 CACHE 1 ADDR 90001200
sm   0 warp 0 0x80000084 0x02b3c5d7 v 11 11111111111111111111111111111111 900012fc 900012f8 900012f4 900012f0 900012ec 900012e8 900012e4 900012e0 900012dc 900012d8 900012d4 900012d0 900012cc 900012c8 900012c4 900012c0 900012bc 900012b8 900012b4 900012b0 900012ac 900012a8 900012a4 900012a0 9000129c 90001298 90001294 90001290 9000128c 90001288 90001284 90001280 
sm   0 warp 0 0x80000078 0x0005217b v  2 11111111111111111111111111111111 bf800000 c0000000 c0400000 40400000 40000000 3f800000 00000000 bf800000 40400000 40000000 3f800000 00000000 bf800000 c0000000 c0400000 40400000 00000000 bf800000 c0000000 c0400000 40400000 40000000 3f800000 00000000 c0400000 40400000 40000000 3f800000 00000000 bf800000 c0000000 c0400000 
sm   0 warp 0 0x8000007c 0x0005a1fb v  3 11111111111111111111111111111111 3f800000 00000000 bf800000 c0000000 40000000 3f800000 00000000 bf800000 bf800000 c0000000 40000000 3f800000 00000000 bf800000 c0000000 40000000 40000000 3f800000 00000000 bf800000 c0000000 40000000 3f800000 00000000 00000000 bf800000 c0000000 40000000 3f800000 00000000 bf800000 c0000000 
sm   0 warp 0 0x8000008c 0x0005217b lsu.r v  2 op 3 @ 900002fc 900002f8 900002f4 900002f0 900002ec 900002e8 900002e4 900002e0 900002dc 900002d8 900002d4 900002d0 900002cc 900002c8 900002c4 900002c0 900002bc 900002b8 900002b4 900002b0 900002ac 900002a8 900002a4 900002a0 9000029c 90000298 90000294 90000290 9000028c 90000288 90000284 90000280
sm   0 warp 0 0x80000090 0x0005a1fb lsu.r v  3 op 3 @ 900012fc 900012f8 900012f4 900012f0 900012ec 900012e8 900012e4 900012e0 900012dc 900012d8 900012d4 900012d0 900012cc 900012c8 900012c4 900012c0 900012bc 900012b8 900012b4 900012b0 900012ac 900012a8 900012a4 900012a0 9000129c 90001298 90001294 90001290 9000128c 90001288 90001284 90001280
[L1C] #    771 SM 0 CACHE 1 ADDR 90000280
sm   0 warp 0 0x80000088 0x0e31408b v  1 11111111111111111111111111111111 00000000 00000000 00000000 00000000 00000000 00000000 00000000 00000000 00000000 00000000 00000000 00000000 00000000 00000000 00000000 00000000 41200000 c0a00000 c2340000 42b40000 c1c80000 42340000 41700000 c2200000 42a00000 c2340000 40a00000 40a00000 c1c80000 40a00000 c2200000 41700000 
sm   0 warp 0 0x80000094 0x02a3c557 v 10 11111111111111111111111111111111 9000037c 90000378 90000374 90000370 9000036c 90000368 90000364 90000360 9000035c 90000358 90000354 90000350 9000034c 90000348 90000344 90000340 9000033c 90000338 90000334 90000330 9000032c 90000328 90000324 90000320 9000031c 90000318 90000314 90000310 9000030c 90000308 90000304 90000300 
[L1C] #    775 SM 0 CACHE 1 ADDR 90001280
sm   0 warp 0 0x80000098 0x02b3c5d7 v 11 11111111111111111111111111111111 9000137c 90001378 90001374 90001370 9000136c 90001368 90001364 90001360 9000135c 90001358 90001354 90001350 9000134c 90001348 90001344 90001340 9000133c 90001338 90001334 90001330 9000132c 90001328 90001324 90001320 9000131c 90001318 90001314 90001310 9000130c 90001308 90001304 90001300 
sm   0 warp 0 0x8000008c 0x0005217b v  2 11111111111111111111111111111111 bf800000 c0000000 c0400000 40400000 40000000 3f800000 00000000 bf800000 40400000 40000000 3f800000 00000000 bf800000 c0000000 c0400000 40400000 00000000 bf800000 c0000000 c0400000 40400000 40000000 3f800000 00000000 c0400000 40400000 40000000 3f800000 00000000 bf800000 c0000000 c0400000 
sm   0 warp 0 0x80000090 0x0005a1fb v  3 11111111111111111111111111111111 3f800000 00000000 bf800000 c0000000 40000000 3f800000 00000000 bf800000 bf800000 c0000000 40000000 3f800000 00000000 bf800000 c0000000 40000000 40000000 3f800000 00000000 bf800000 c0000000 40000000 3f800000 00000000 00000000 bf800000 c0000000 40000000 3f800000 00000000 bf800000 c0000000 
sm   0 warp 0 0x800000a0 0x0005217b lsu.r v  2 op 3 @ 9000037c 90000378 90000374 90000370 9000036c 90000368 90000364 90000360 9000035c 90000358 90000354 90000350 9000034c 90000348 90000344 90000340 9000033c 90000338 90000334 90000330 9000032c 90000328 90000324 90000320 9000031c 90000318 90000314 90000310 9000030c 90000308 90000304 90000300
sm   0 warp 0 0x800000a4 0x0005a1fb lsu.r v  3 op 3 @ 9000137c 90001378 90001374 90001370 9000136c 90001368 90001364 90001360 9000135c 90001358 90001354 90001350 9000134c 90001348 90001344 90001340 9000133c 90001338 90001334 90001330 9000132c 90001328 90001324 90001320 9000131c 90001318 90001314 90001310 9000130c 90001308 90001304 90001300
[L1C] #    807 SM 0 CACHE 1 ADDR 90000300
sm   0 warp 0 0x8000009c 0x0e31408b v  1 11111111111111111111111111111111 00000000 00000000 00000000 00000000 00000000 00000000 00000000 00000000 00000000 00000000 00000000 00000000 00000000 00000000 00000000 00000000 41400000 c0c00000 c2580000 42d80000 c1f00000 42580000 41900000 c2400000 42c00000 c2580000 40c00000 40c00000 c1f00000 40c00000 c2400000 41900000 
sm   0 warp 0 0x800000a8 0x02a3c557 v 10 11111111111111111111111111111111 900003fc 900003f8 900003f4 900003f0 900003ec 900003e8 900003e4 900003e0 900003dc 900003d8 900003d4 900003d0 900003cc 900003c8 900003c4 900003c0 900003bc 900003b8 900003b4 900003b0 900003ac 900003a8 900003a4 900003a0 9000039c 90000398 90000394 90000390 9000038c 90000388 90000384 90000380 
[L1C] #    811 SM 0 CACHE 1 ADDR 90001300
sm   0 warp 0 0x800000ac 0x02b3c5d7 v 11 11111111111111111111111111111111 900013fc 900013f8 900013f4 900013f0 900013ec 900013e8 900013e4 900013e0 900013dc 900013d8 900013d4 900013d0 900013cc 900013c8 900013c4 900013c0 900013bc 900013b8 900013b4 900013b0 900013ac 900013a8 900013a4 900013a0 9000139c 90001398 90001394 90001390 9000138c 90001388 90001384 90001380 
sm   0 warp 0 0x800000a0 0x0005217b v  2 11111111111111111111111111111111 bf800000 c0000000 c0400000 40400000 40000000 3f800000 00000000 bf800000 40400000 40000000 3f800000 00000000 bf800000 c0000000 c0400000 40400000 00000000 bf800000 c0000000 c0400000 40400000 40000000 3f800000 00000000 c0400000 40400000 40000000 3f800000 00000000 bf800000 c0000000 c0400000 
sm   0 warp 0 0x800000a4 0x0005a1fb v  3 11111111111111111111111111111111 3f800000 00000000 bf800000 c0000000 40000000 3f800000 00000000 bf800000 bf800000 c0000000 40000000 3f800000 00000000 bf800000 c0000000 40000000 40000000 3f800000 00000000 bf800000 c0000000 40000000 3f800000 00000000 00000000 bf800000 c0000000 40000000 3f800000 00000000 bf800000 c0000000 
sm   0 warp 0 0x800000b4 0x0005217b lsu.r v  2 op 3 @ 900003fc 900003f8 900003f4 900003f0 900003ec 900003e8 900003e4 900003e0 900003dc 900003d8 900003d4 900003d0 900003cc 900003c8 900003c4 900003c0 900003bc 900003b8 900003b4 900003b0 900003ac 900003a8 900003a4 900003a0 9000039c 90000398 90000394 90000390 9000038c 90000388 90000384 90000380
sm   0 warp 0 0x800000b8 0x0005a1fb lsu.r v  3 op 3 @ 900013fc 900013f8 900013f4 900013f0 900013ec 900013e8 900013e4 900013e0 900013dc 900013d8 900013d4 900013d0 900013cc 900013c8 900013c4 900013c0 900013bc 900013b8 900013b4 900013b0 900013ac 900013a8 900013a4 900013a0 9000139c 90001398 90001394 90001390 9000138c 90001388 90001384 90001380
[L1C] #    843 SM 0 CACHE 1 ADDR 90000380
sm   0 warp 0 0x800000b0 0x0e31408b v  1 11111111111111111111111111111111 00000000 00000000 00000000 00000000 00000000 00000000 00000000 00000000 00000000 00000000 00000000 00000000 00000000 00000000 00000000 00000000 41600000 c0e00000 c27c0000 42fc0000 c20c0000 427c0000 41a80000 c2600000 42e00000 c27c0000 40e00000 40e00000 c20c0000 40e00000 c2600000 41a80000 
sm   0 warp 0 0x800000bc 0x02a3c557 v 10 11111111111111111111111111111111 9000047c 90000478 90000474 90000470 9000046c 90000468 90000464 90000460 9000045c 90000458 90000454 90000450 9000044c 90000448 90000444 90000440 9000043c 90000438 90000434 90000430 9000042c 90000428 90000424 90000420 9000041c 90000418 90000414 90000410 9000040c 90000408 90000404 90000400 
[L1C] #    847 SM 0 CACHE 1 ADDR 90001380
sm   0 warp 0 0x800000c0 0x02b3c5d7 v 11 11111111111111111111111111111111 9000147c 90001478 90001474 90001470 9000146c 90001468 90001464 90001460 9000145c 90001458 90001454 90001450 9000144c 90001448 90001444 90001440 9000143c 90001438 90001434 90001430 9000142c 90001428 90001424 90001420 9000141c 90001418 90001414 90001410 9000140c 90001408 90001404 90001400 
sm   0 warp 0 0x800000b4 0x0005217b v  2 11111111111111111111111111111111 bf800000 c0000000 c0400000 40400000 40000000 3f800000 00000000 bf800000 40400000 40000000 3f800000 00000000 bf800000 c0000000 c0400000 40400000 00000000 bf800000 c0000000 c0400000 40400000 40000000 3f800000 00000000 c0400000 40400000 40000000 3f800000 00000000 bf800000 c0000000 c0400000 
sm   0 warp 0 0x800000b8 0x0005a1fb v  3 11111111111111111111111111111111 3f800000 00000000 bf800000 c0000000 40000000 3f800000 00000000 bf800000 bf800000 c0000000 40000000 3f800000 00000000 bf800000 c0000000 40000000 40000000 3f800000 00000000 bf800000 c0000000 40000000 3f800000 00000000 00000000 bf800000 c0000000 40000000 3f800000 00000000 bf800000 c0000000 
sm   0 warp 0 0x800000c8 0x0005217b lsu.r v  2 op 3 @ 9000047c 90000478 90000474 90000470 9000046c 90000468 90000464 90000460 9000045c 90000458 90000454 90000450 9000044c 90000448 90000444 90000440 9000043c 90000438 90000434 90000430 9000042c 90000428 90000424 90000420 9000041c 90000418 90000414 90000410 9000040c 90000408 90000404 90000400
sm   0 warp 0 0x800000cc 0x0005a1fb lsu.r v  3 op 3 @ 9000147c 90001478 90001474 90001470 9000146c 90001468 90001464 90001460 9000145c 90001458 90001454 90001450 9000144c 90001448 90001444 90001440 9000143c 90001438 90001434 90001430 9000142c 90001428 90001424 90001420 9000141c 90001418 90001414 90001410 9000140c 90001408 90001404 90001400
[L1C] #    879 SM 0 CACHE 1 ADDR 90000400
sm   0 warp 0 0x800000c4 0x0e31408b v  1 11111111111111111111111111111111 00000000 00000000 00000000 00000000 00000000 00000000 00000000 00000000 00000000 00000000 00000000 00000000 00000000 00000000 00000000 00000000 41800000 c1000000 c2900000 43100000 c2200000 42900000 41c00000 c2800000 43000000 c2900000 41000000 41000000 c2200000 41000000 c2800000 41c00000 
sm   0 warp 0 0x800000d0 0x02a3c557 v 10 11111111111111111111111111111111 900004fc 900004f8 900004f4 900004f0 900004ec 900004e8 900004e4 900004e0 900004dc 900004d8 900004d4 900004d0 900004cc 900004c8 900004c4 900004c0 900004bc 900004b8 900004b4 900004b0 900004ac 900004a8 900004a4 900004a0 9000049c 90000498 90000494 90000490 9000048c 90000488 90000484 90000480 
[L1C] #    883 SM 0 CACHE 1 ADDR 90001400
sm   0 warp 0 0x800000d4 0x02b3c5d7 v 11 11111111111111111111111111111111 900014fc 900014f8 900014f4 900014f0 900014ec 900014e8 900014e4 900014e0 900014dc 900014d8 900014d4 900014d0 900014cc 900014c8 900014c4 900014c0 900014bc 900014b8 900014b4 900014b0 900014ac 900014a8 900014a4 900014a0 9000149c 90001498 90001494 90001490 9000148c 90001488 90001484 90001480 
sm   0 warp 0 0x800000c8 0x0005217b v  2 11111111111111111111111111111111 bf800000 c0000000 c0400000 40400000 40000000 3f800000 00000000 bf800000 40400000 40000000 3f800000 00000000 bf800000 c0000000 c0400000 40400000 00000000 bf800000 c0000000 c0400000 40400000 40000000 3f800000 00000000 c0400000 40400000 40000000 3f800000 00000000 bf800000 c0000000 c0400000 
sm   0 warp 0 0x800000cc 0x0005a1fb v  3 11111111111111111111111111111111 3f800000 00000000 bf800000 c0000000 40000000 3f800000 00000000 bf800000 bf800000 c0000000 40000000 3f800000 00000000 bf800000 c0000000 40000000 40000000 3f800000 00000000 bf800000 c0000000 40000000 3f800000 00000000 00000000 bf800000 c0000000 40000000 3f800000 00000000 bf800000 c0000000 
sm   0 warp 0 0x800000dc 0x0005217b lsu.r v  2 op 3 @ 900004fc 900004f8 900004f4 900004f0 900004ec 900004e8 900004e4 900004e0 900004dc 900004d8 900004d4 900004d0 900004cc 900004c8 900004c4 900004c0 900004bc 900004b8 900004b4 900004b0 900004ac 900004a8 900004a4 900004a0 9000049c 90000498 90000494 90000490 9000048c 90000488 90000484 90000480
[L1C] #    911 SM 0 CACHE 0 ADDR 80000100
sm   0 warp 0 0x800000e0 0x0005a1fb lsu.r v  3 op 3 @ 900014fc 900014f8 900014f4 900014f0 900014ec 900014e8 900014e4 900014e0 900014dc 900014d8 900014d4 900014d0 900014cc 900014c8 900014c4 900014c0 900014bc 900014b8 900014b4 900014b0 900014ac 900014a8 900014a4 900014a0 9000149c 90001498 90001494 90001490 9000148c 90001488 90001484 90001480
[L1C] #    915 SM 0 CACHE 1 ADDR 90000480
sm   0 warp 0 0x800000d8 0x0e31408b v  1 11111111111111111111111111111111 00000000 00000000 00000000 00000000 00000000 00000000 00000000 00000000 00000000 00000000 00000000 00000000 00000000 00000000 00000000 00000000 41900000 c1100000 c2a20000 43220000 c2340000 42a20000 41d80000 c2900000 43100000 c2a20000 41100000 41100000 c2340000 41100000 c2900000 41d80000 
sm   0 warp 0 0x800000e4 0x02a3c557 v 10 11111111111111111111111111111111 9000057c 90000578 90000574 90000570 9000056c 90000568 90000564 90000560 9000055c 90000558 90000554 90000550 9000054c 90000548 90000544 90000540 9000053c 90000538 90000534 90000530 9000052c 90000528 90000524 90000520 9000051c 90000518 90000514 90000510 9000050c 90000508 90000504 90000500 
[L1C] #    919 SM 0 CACHE 1 ADDR 90001480
sm   0 warp 0 0x800000e8 0x02b3c5d7 v 11 11111111111111111111111111111111 9000157c 90001578 90001574 90001570 9000156c 90001568 90001564 90001560 9000155c 90001558 90001554 90001550 9000154c 90001548 90001544 90001540 9000153c 90001538 90001534 90001530 9000152c 90001528 90001524 90001520 9000151c 90001518 90001514 90001510 9000150c 90001508 90001504 90001500 
sm   0 warp 0 0x800000dc 0x0005217b v  2 11111111111111111111111111111111 bf800000 c0000000 c0400000 40400000 40000000 3f800000 00000000 bf800000 40400000 40000000 3f800000 00000000 bf800000 c0000000 c0400000 40400000 00000000 bf800000 c0000000 c0400000 40400000 40000000 3f800000 00000000 c0400000 40400000 40000000 3f800000 00000000 bf800000 c0000000 c0400000 
sm   0 warp 0 0x800000e0 0x0005a1fb v  3 11111111111111111111111111111111 3f800000 00000000 bf800000 c0000000 40000000 3f800000 00000000 bf800000 bf800000 c0000000 40000000 3f800000 00000000 bf800000 c0000000 40000000 40000000 3f800000 00000000 bf800000 c0000000 40000000 3f800000 00000000 00000000 bf800000 c0000000 40000000 3f800000 00000000 bf800000 c0000000 
sm   0 warp 0 0x800000f0 0x0005217b lsu.r v  2 op 3 @ 9000057c 90000578 90000574 90000570 9000056c 90000568 90000564 90000560 9000055c 90000558 90000554 90000550 9000054c 90000548 90000544 90000540 9000053c 90000538 90000534 90000530 9000052c 90000528 90000524 90000520 9000051c 90000518 90000514 90000510 9000050c 90000508 90000504 90000500
sm   0 warp 0 0x800000f4 0x0005a1fb lsu.r v  3 op 3 @ 9000157c 90001578 90001574 90001570 9000156c 90001568 90001564 90001560 9000155c 90001558 90001554 90001550 9000154c 90001548 90001544 90001540 9000153c 90001538 90001534 90001530 9000152c 90001528 90001524 90001520 9000151c 90001518 90001514 90001510 9000150c 90001508 90001504 90001500
[L1C] #    951 SM 0 CACHE 1 ADDR 90000500
sm   0 warp 0 0x800000ec 0x0e31408b v  1 11111111111111111111111111111111 00000000 00000000 00000000 00000000 00000000 00000000 00000000 00000000 00000000 00000000 00000000 00000000 00000000 00000000 00000000 00000000 41a00000 c1200000 c2b40000 43340000 c2480000 42b40000 41f00000 c2a00000 43200000 c2b40000 41200000 41200000 c2480000 41200000 c2a00000 41f00000 
sm   0 warp 0 0x800000f8 0x02a3c557 v 10 11111111111111111111111111111111 900005fc 900005f8 900005f4 900005f0 900005ec 900005e8 900005e4 900005e0 900005dc 900005d8 900005d4 900005d0 900005cc 900005c8 900005c4 900005c0 900005bc 900005b8 900005b4 900005b0 900005ac 900005a8 900005a4 900005a0 9000059c 90000598 90000594 90000590 9000058c 90000588 90000584 90000580 
[L1C] #    955 SM 0 CACHE 1 ADDR 90001500
sm   0 warp 0 0x800000fc 0x02b3c5d7 v 11 11111111111111111111111111111111 900015fc 900015f8 900015f4 900015f0 900015ec 900015e8 900015e4 900015e0 900015dc 900015d8 900015d4 900015d0 900015cc 900015c8 900015c4 900015c0 900015bc 900015b8 900015b4 900015b0 900015ac 900015a8 900015a4 900015a0 9000159c 90001598 90001594 90001590 9000158c 90001588 90001584 90001580 
sm   0 warp 0 0x800000f0 0x0005217b v  2 11111111111111111111111111111111 bf800000 c0000000 c0400000 40400000 40000000 3f800000 00000000 bf800000 40400000 40000000 3f800000 00000000 bf800000 c0000000 c0400000 40400000 00000000 bf800000 c0000000 c0400000 40400000 40000000 3f800000 00000000 c0400000 40400000 40000000 3f800000 00000000 bf800000 c0000000 c0400000 
sm   0 warp 0 0x800000f4 0x0005a1fb v  3 11111111111111111111111111111111 3f800000 00000000 bf800000 c0000000 40000000 3f800000 00000000 bf800000 bf800000 c0000000 40000000 3f800000 00000000 bf800000 c0000000 40000000 40000000 3f800000 00000000 bf800000 c0000000 40000000 3f800000 00000000 00000000 bf800000 c0000000 40000000 3f800000 00000000 bf800000 c0000000 
sm   0 warp 0 0x80000104 0x0005217b lsu.r v  2 op 3 @ 900005fc 900005f8 900005f4 900005f0 900005ec 900005e8 900005e4 900005e0 900005dc 900005d8 900005d4 900005d0 900005cc 900005c8 900005c4 900005c0 900005bc 900005b8 900005b4 900005b0 900005ac 900005a8 900005a4 900005a0 9000059c 90000598 90000594 90000590 9000058c 90000588 90000584 90000580
sm   0 warp 0 0x80000108 0x0005a1fb lsu.r v  3 op 3 @ 900015fc 900015f8 900015f4 900015f0 900015ec 900015e8 900015e4 900015e0 900015dc 900015d8 900015d4 900015d0 900015cc 900015c8 900015c4 900015c0 900015bc 900015b8 900015b4 900015b0 900015ac 900015a8 900015a4 900015a0 9000159c 90001598 90001594 90001590 9000158c 90001588 90001584 90001580
[L1C] #    987 SM 0 CACHE 1 ADDR 90000580
sm   0 warp 0 0x80000100 0x0e31408b v  1 11111111111111111111111111111111 00000000 00000000 00000000 00000000 00000000 00000000 00000000 00000000 00000000 00000000 00000000 00000000 00000000 00000000 00000000 00000000 41b00000 c1300000 c2c60000 43460000 c25c0000 42c60000 42040000 c2b00000 43300000 c2c60000 41300000 41300000 c25c0000 41300000 c2b00000 42040000 
sm   0 warp 0 0x8000010c 0x02a3c557 v 10 11111111111111111111111111111111 9000067c 90000678 90000674 90000670 9000066c 90000668 90000664 90000660 9000065c 90000658 90000654 90000650 9000064c 90000648 90000644 90000640 9000063c 90000638 90000634 90000630 9000062c 90000628 90000624 90000620 9000061c 90000618 90000614 90000610 9000060c 90000608 90000604 90000600 
[L1C] #    991 SM 0 CACHE 1 ADDR 90001580
sm   0 warp 0 0x80000110 0x02b3c5d7 v 11 11111111111111111111111111111111 9000167c 90001678 90001674 90001670 9000166c 90001668 90001664 90001660 9000165c 90001658 90001654 90001650 9000164c 90001648 90001644 90001640 9000163c 90001638 90001634 90001630 9000162c 90001628 90001624 90001620 9000161c 90001618 90001614 90001610 9000160c 90001608 90001604 90001600 
sm   0 warp 0 0x80000104 0x0005217b v  2 11111111111111111111111111111111 bf800000 c0000000 c0400000 40400000 40000000 3f800000 00000000 bf800000 40400000 40000000 3f800000 00000000 bf800000 c0000000 c0400000 40400000 00000000 bf800000 c0000000 c0400000 40400000 40000000 3f800000 00000000 c0400000 40400000 40000000 3f800000 00000000 bf800000 c0000000 c0400000 
sm   0 warp 0 0x80000108 0x0005a1fb v  3 11111111111111111111111111111111 3f800000 00000000 bf800000 c0000000 40000000 3f800000 00000000 bf800000 bf800000 c0000000 40000000 3f800000 00000000 bf800000 c0000000 40000000 40000000 3f800000 00000000 bf800000 c0000000 40000000 3f800000 00000000 00000000 bf800000 c0000000 40000000 3f800000 00000000 bf800000 c0000000 
sm   0 warp 0 0x80000118 0x0005217b lsu.r v  2 op 3 @ 9000067c 90000678 90000674 90000670 9000066c 90000668 90000664 90000660 9000065c 90000658 90000654 90000650 9000064c 90000648 90000644 90000640 9000063c 90000638 90000634 90000630 9000062c 90000628 90000624 90000620 9000061c 90000618 90000614 90000610 9000060c 90000608 90000604 90000600
sm   0 warp 0 0x8000011c 0x0005a1fb lsu.r v  3 op 3 @ 9000167c 90001678 90001674 90001670 9000166c 90001668 90001664 90001660 9000165c 90001658 90001654 90001650 9000164c 90001648 90001644 90001640 9000163c 90001638 90001634 90001630 9000162c 90001628 90001624 90001620 9000161c 90001618 90001614 90001610 9000160c 90001608 90001604 90001600
[L1C] #   1023 SM 0 CACHE 1 ADDR 90000600
sm   0 warp 0 0x80000114 0x0e31408b v  1 11111111111111111111111111111111 00000000 00000000 00000000 00000000 00000000 00000000 00000000 00000000 00000000 00000000 00000000 00000000 00000000 00000000 00000000 00000000 41c00000 c1400000 c2d80000 43580000 c2700000 42d80000 42100000 c2c00000 43400000 c2d80000 41400000 41400000 c2700000 41400000 c2c00000 42100000 
sm   0 warp 0 0x80000120 0x02a3c557 v 10 11111111111111111111111111111111 900006fc 900006f8 900006f4 900006f0 900006ec 900006e8 900006e4 900006e0 900006dc 900006d8 900006d4 900006d0 900006cc 900006c8 900006c4 900006c0 900006bc 900006b8 900006b4 900006b0 900006ac 900006a8 900006a4 900006a0 9000069c 90000698 90000694 90000690 9000068c 90000688 90000684 90000680 
[L1C] #   1027 SM 0 CACHE 1 ADDR 90001600
sm   0 warp 0 0x80000124 0x02b3c5d7 v 11 11111111111111111111111111111111 900016fc 900016f8 900016f4 900016f0 900016ec 900016e8 900016e4 900016e0 900016dc 900016d8 900016d4 900016d0 900016cc 900016c8 900016c4 900016c0 900016bc 900016b8 900016b4 900016b0 900016ac 900016a8 900016a4 900016a0 9000169c 90001698 90001694 90001690 9000168c 90001688 90001684 90001680 
sm   0 warp 0 0x80000118 0x0005217b v  2 11111111111111111111111111111111 bf800000 c0000000 c0400000 40400000 40000000 3f800000 00000000 bf800000 40400000 40000000 3f800000 00000000 bf800000 c0000000 c0400000 40400000 00000000 bf800000 c0000000 c0400000 40400000 40000000 3f800000 00000000 c0400000 40400000 40000000 3f800000 00000000 bf800000 c0000000 c0400000 
sm   0 warp 0 0x8000011c 0x0005a1fb v  3 11111111111111111111111111111111 3f800000 00000000 bf800000 c0000000 40000000 3f800000 00000000 bf800000 bf800000 c0000000 40000000 3f800000 00000000 bf800000 c0000000 40000000 40000000 3f800000 00000000 bf800000 c0000000 40000000 3f800000 00000000 00000000 bf800000 c0000000 40000000 3f800000 00000000 bf800000 c0000000 
sm   0 warp 0 0x8000012c 0x0005217b lsu.r v  2 op 3 @ 900006fc 900006f8 900006f4 900006f0 900006ec 900006e8 900006e4 900006e0 900006dc 900006d8 900006d4 900006d0 900006cc 900006c8 900006c4 900006c0 900006bc 900006b8 900006b4 900006b0 900006ac 900006a8 900006a4 900006a0 9000069c 90000698 90000694 90000690 9000068c 90000688 90000684 90000680
sm   0 warp 0 0x80000130 0x0005a1fb lsu.r v  3 op 3 @ 900016fc 900016f8 900016f4 900016f0 900016ec 900016e8 900016e4 900016e0 900016dc 900016d8 900016d4 900016d0 900016cc 900016c8 900016c4 900016c0 900016bc 900016b8 900016b4 900016b0 900016ac 900016a8 900016a4 900016a0 9000169c 90001698 90001694 90001690 9000168c 90001688 90001684 90001680
[L1C] #   1059 SM 0 CACHE 1 ADDR 90000680
sm   0 warp 0 0x80000128 0x0e31408b v  1 11111111111111111111111111111111 00000000 00000000 00000000 00000000 00000000 00000000 00000000 00000000 00000000 00000000 00000000 00000000 00000000 00000000 00000000 00000000 41d00000 c1500000 c2ea0000 436a0000 c2820000 42ea0000 421c0000 c2d00000 43500000 c2ea0000 41500000 41500000 c2820000 41500000 c2d00000 421c0000 
sm   0 warp 0 0x80000134 0x02a3c557 v 10 11111111111111111111111111111111 9000077c 90000778 90000774 90000770 9000076c 90000768 90000764 90000760 9000075c 90000758 90000754 90000750 9000074c 90000748 90000744 90000740 9000073c 90000738 90000734 90000730 9000072c 90000728 90000724 90000720 9000071c 90000718 90000714 90000710 9000070c 90000708 90000704 90000700 
[L1C] #   1063 SM 0 CACHE 1 ADDR 90001680
sm   0 warp 0 0x80000138 0x02b3c5d7 v 11 11111111111111111111111111111111 9000177c 90001778 90001774 90001770 9000176c 90001768 90001764 90001760 9000175c 90001758 90001754 90001750 9000174c 90001748 90001744 90001740 9000173c 90001738 90001734 90001730 9000172c 90001728 90001724 90001720 9000171c 90001718 90001714 90001710 9000170c 90001708 90001704 90001700 
sm   0 warp 0 0x8000012c 0x0005217b v  2 11111111111111111111111111111111 bf800000 c0000000 c0400000 40400000 40000000 3f800000 00000000 bf800000 40400000 40000000 3f800000 00000000 bf800000 c0000000 c0400000 40400000 00000000 bf800000 c0000000 c0400000 40400000 40000000 3f800000 00000000 c0400000 40400000 40000000 3f800000 00000000 bf800000 c0000000 c0400000 
sm   0 warp 0 0x80000130 0x0005a1fb v  3 11111111111111111111111111111111 3f800000 00000000 bf800000 c0000000 40000000 3f800000 00000000 bf800000 bf800000 c0000000 40000000 3f800000 00000000 bf800000 c0000000 40000000 40000000 3f800000 00000000 bf800000 c0000000 40000000 3f800000 00000000 00000000 bf800000 c0000000 40000000 3f800000 00000000 bf800000 c0000000 
sm   0 warp 0 0x80000140 0x0005217b lsu.r v  2 op 3 @ 9000077c 90000778 90000774 90000770 9000076c 90000768 90000764 90000760 9000075c 90000758 90000754 90000750 9000074c 90000748 90000744 90000740 9000073c 90000738 90000734 90000730 9000072c 90000728 90000724 90000720 9000071c 90000718 90000714 90000710 9000070c 90000708 90000704 90000700
sm   0 warp 0 0x80000144 0x0005a1fb lsu.r v  3 op 3 @ 9000177c 90001778 90001774 90001770 9000176c 90001768 90001764 90001760 9000175c 90001758 90001754 90001750 9000174c 90001748 90001744 90001740 9000173c 90001738 90001734 90001730 9000172c 90001728 90001724 90001720 9000171c 90001718 90001714 90001710 9000170c 90001708 90001704 90001700
[L1C] #   1095 SM 0 CACHE 1 ADDR 90000700
sm   0 warp 0 0x8000013c 0x0e31408b v  1 11111111111111111111111111111111 00000000 00000000 00000000 00000000 00000000 00000000 00000000 00000000 00000000 00000000 00000000 00000000 00000000 00000000 00000000 00000000 41e00000 c1600000 c2fc0000 437c0000 c28c0000 42fc0000 42280000 c2e00000 43600000 c2fc0000 41600000 41600000 c28c0000 41600000 c2e00000 42280000 
sm   0 warp 0 0x80000148 0x02a3c557 v 10 11111111111111111111111111111111 900007fc 900007f8 900007f4 900007f0 900007ec 900007e8 900007e4 900007e0 900007dc 900007d8 900007d4 900007d0 900007cc 900007c8 900007c4 900007c0 900007bc 900007b8 900007b4 900007b0 900007ac 900007a8 900007a4 900007a0 9000079c 90000798 90000794 90000790 9000078c 90000788 90000784 90000780 
[L1C] #   1099 SM 0 CACHE 1 ADDR 90001700
sm   0 warp 0 0x8000014c 0x02b3c5d7 v 11 11111111111111111111111111111111 900017fc 900017f8 900017f4 900017f0 900017ec 900017e8 900017e4 900017e0 900017dc 900017d8 900017d4 900017d0 900017cc 900017c8 900017c4 900017c0 900017bc 900017b8 900017b4 900017b0 900017ac 900017a8 900017a4 900017a0 9000179c 90001798 90001794 90001790 9000178c 90001788 90001784 90001780 
sm   0 warp 0 0x80000140 0x0005217b v  2 11111111111111111111111111111111 bf800000 c0000000 c0400000 40400000 40000000 3f800000 00000000 bf800000 40400000 40000000 3f800000 00000000 bf800000 c0000000 c0400000 40400000 00000000 bf800000 c0000000 c0400000 40400000 40000000 3f800000 00000000 c0400000 40400000 40000000 3f800000 00000000 bf800000 c0000000 c0400000 
sm   0 warp 0 0x80000144 0x0005a1fb v  3 11111111111111111111111111111111 3f800000 00000000 bf800000 c0000000 40000000 3f800000 00000000 bf800000 bf800000 c0000000 40000000 3f800000 00000000 bf800000 c0000000 40000000 40000000 3f800000 00000000 bf800000 c0000000 40000000 3f800000 00000000 00000000 bf800000 c0000000 40000000 3f800000 00000000 bf800000 c0000000 
sm   0 warp 0 0x80000154 0x0005217b lsu.r v  2 op 3 @ 900007fc 900007f8 900007f4 900007f0 900007ec 900007e8 900007e4 900007e0 900007dc 900007d8 900007d4 900007d0 900007cc 900007c8 900007c4 900007c0 900007bc 900007b8 900007b4 900007b0 900007ac 900007a8 900007a4 900007a0 9000079c 90000798 90000794 90000790 9000078c 90000788 90000784 90000780
sm   0 warp 0 0x80000158 0x0005a1fb lsu.r v  3 op 3 @ 900017fc 900017f8 900017f4 900017f0 900017ec 900017e8 900017e4 900017e0 900017dc 900017d8 900017d4 900017d0 900017cc 900017c8 900017c4 900017c0 900017bc 900017b8 900017b4 900017b0 900017ac 900017a8 900017a4 900017a0 9000179c 90001798 90001794 90001790 9000178c 90001788 90001784 90001780
[L1C] #   1131 SM 0 CACHE 1 ADDR 90000780
sm   0 warp 0 0x80000150 0x0e31408b v  1 11111111111111111111111111111111 00000000 00000000 00000000 00000000 00000000 00000000 00000000 00000000 00000000 00000000 00000000 00000000 00000000 00000000 00000000 00000000 41f00000 c1700000 c3070000 43870000 c2960000 43070000 42340000 c2f00000 43700000 c3070000 41700000 41700000 c2960000 41700000 c2f00000 42340000 
[L1C] #   1135 SM 0 CACHE 1 ADDR 90001780
sm   0 warp 0 0x80000154 0x0005217b v  2 11111111111111111111111111111111 bf800000 c0000000 c0400000 40400000 40000000 3f800000 00000000 bf800000 40400000 40000000 3f800000 00000000 bf800000 c0000000 c0400000 40400000 00000000 bf800000 c0000000 c0400000 40400000 40000000 3f800000 00000000 c0400000 40400000 40000000 3f800000 00000000 bf800000 c0000000 c0400000 
sm   0 warp 0 0x80000158 0x0005a1fb v  3 11111111111111111111111111111111 3f800000 00000000 bf800000 c0000000 40000000 3f800000 00000000 bf800000 bf800000 c0000000 40000000 3f800000 00000000 bf800000 c0000000 40000000 40000000 3f800000 00000000 bf800000 c0000000 40000000 3f800000 00000000 00000000 bf800000 c0000000 40000000 3f800000 00000000 bf800000 c0000000 
[L1C] #   1159 SM 0 CACHE 0 ADDR 80000180
sm   0 warp 0 0x80000160 0x90002137 x  2  90002000
sm   0 warp 0 0x80000164 0x5208a757 v 14 11111111111111111111111111111111 0000001f 0000001e 0000001d 0000001c 0000001b 0000001a 00000019 00000018 00000017 00000016 00000015 00000014 00000013 00000012 00000011 00000010 0000000f 0000000e 0000000d 0000000c 0000000b 0000000a 00000009 00000008 00000007 00000006 00000005 00000004 00000003 00000002 00000001 00000000 
sm   0 warp 0 0x80000168 0x96e13757 v 14 11111111111111111111111111111111 0000007c 00000078 00000074 00000070 0000006c 00000068 00000064 00000060 0000005c 00000058 00000054 00000050 0000004c 00000048 00000044 00000040 0000003c 00000038 00000034 00000030 0000002c 00000028 00000024 00000020 0000001c 00000018 00000014 00000010 0000000c 00000008 00000004 00000000 
sm   0 warp 0 0x8000015c 0x0e31408b v  1 11111111111111111111111111111111 00000000 00000000 00000000 00000000 00000000 00000000 00000000 00000000 00000000 00000000 00000000 00000000 00000000 00000000 00000000 00000000 42000000 c1800000 c3100000 43900000 c2a00000 43100000 42400000 c3000000 43800000 c3100000 41800000 41800000 c2a00000 41800000 c3000000 42400000 
sm   0 warp 0 0x8000016c 0x02e14757 v 14 11111111111111111111111111111111 9000207c 90002078 90002074 90002070 9000206c 90002068 90002064 90002060 9000205c 90002058 90002054 90002050 9000204c 90002048 90002044 90002040 9000203c 90002038 90002034 90002030 9000202c 90002028 90002024 90002020 9000201c 90002018 90002014 90002010 9000200c 90002008 90002004 90002000 
sm   0 warp 0 0x80000170 0x0017607b lsu.w v  1 op 3 mask 11111111111111111111111111111111 00000000 00000000 00000000 00000000 00000000 00000000 00000000 00000000 00000000 00000000 00000000 00000000 00000000 00000000 00000000 00000000 42000000 c1800000 c3100000 43900000 c2a00000 43100000 42400000 c3000000 43800000 c3100000 41800000 41800000 c2a00000 41800000 c3000000 42400000 @ 9000207c 90002078 90002074 90002070 9000206c 90002068 90002064 90002060 9000205c 90002058 90002054 90002050 9000204c 90002048 90002044 90002040 9000203c 90002038 90002034 90002030 9000202c 90002028 90002024 90002020 9000201c 90002018 90002014 90002010 9000200c 90002008 90002004 90002000
sm   0 warp 0 0x80000174 0x0000400b endprg
[L1C] #   1182 SM 0 CACHE 1 ADDR 90002000
sm   0 warp 0 0x80000170 0x0017607b lsu.w finish
[L1C] #   1199 SM 0 CACHE 1 ADDR 9d0f7f80
[L1C] #   2230 SM 0 CACHE 1 ADDR 9d0f7f80
