[L1C] #    525 SM 0 CACHE 0 ADDR 80000000
sm   0 warp 0 0x80000000 0x2fce0e57 v 28 11111111111111111111111111111111 00000000 00000000 00000000 00000000 00000000 00000000 00000000 00000000 00000000 00000000 00000000 00000000 00000000 00000000 00000000 00000000 00000000 00000000 00000000 00000000 00000000 00000000 00000000 00000000 00000000 00000000 00000000 00000000 00000000 00000000 00000000 00000000 
sm   0 warp 0 0x80000004 0x2e1080d7 v  1 11111111111111111111111111111111 00000000 00000000 00000000 00000000 00000000 00000000 00000000 00000000 00000000 00000000 00000000 00000000 00000000 00000000 00000000 00000000 00000000 00000000 00000000 00000000 00000000 00000000 00000000 00000000 00000000 00000000 00000000 00000000 00000000 00000000 00000000 00000000 
sm   0 warp 0 0x80000008 0x5208a557 v 10 11111111111111111111111111111111 0000001f 0000001e 0000001d 0000001c 0000001b 0000001a 00000019 00000018 00000017 00000016 00000015 00000014 00000013 00000012 00000011 00000010 0000000f 0000000e 0000000d 0000000c 0000000b 0000000a 00000009 00000008 00000007 00000006 00000005 00000004 00000003 00000002 00000001 00000000 
sm   0 warp 0 0x8000000c 0x96a13557 v 10 11111111111111111111111111111111 0000007c 00000078 00000074 00000070 0000006c 00000068 00000064 00000060 0000005c 00000058 00000054 00000050 0000004c 00000048 00000044 00000040 0000003c 00000038 00000034 00000030 0000002c 00000028 00000024 00000020 0000001c 00000018 00000014 00000010 0000000c 00000008 00000004 00000000 
sm   0 warp 0 0x80000010 0x900002b7 x  5  90000000
sm   0 warp 0 0x80000014 0x02a2c557 v 10 11111111111111111111111111111111 9000007c 90000078 90000074 90000070 9000006c 90000068 90000064 90000060 9000005c 90000058 90000054 90000050 9000004c 90000048 90000044 90000040 9000003c 90000038 90000034 90000030 9000002c 90000028 90000024 90000020 9000001c 90000018 90000014 90000010 9000000c 90000008 90000004 90000000 
sm   0 warp 0 0x80000018 0x0005217b lsu.r v  2 op 3 @ 9000007c 90000078 90000074 90000070 9000006c 90000068 90000064 90000060 9000005c 90000058 90000054 90000050 9000004c 90000048 90000044 90000040 9000003c 90000038 90000034 90000030 9000002c 90000028 90000024 90000020 9000001c 90000018 90000014 90000010 9000000c 90000008 90000004 90000000
sm   0 warp 0 0x8000001c 0x5208a5d7 v 11 11111111111111111111111111111111 0000001f 0000001e 0000001d 0000001c 0000001b 0000001a 00000019 00000018 00000017 00000016 00000015 00000014 00000013 00000012 00000011 00000010 0000000f 0000000e 0000000d 0000000c 0000000b 0000000a 00000009 00000008 00000007 00000006 00000005 00000004 00000003 00000002 00000001 00000000 
[L1C] #    579 SM 0 CACHE 1 ADDR 90000000
sm   0 warp 0 0x80000020 0x96b135d7 v 11 11111111111111111111111111111111 0000007c 00000078 00000074 00000070 0000006c 00000068 00000064 00000060 0000005c 00000058 00000054 00000050 0000004c 00000048 00000044 00000040 0000003c 00000038 00000034 00000030 0000002c 00000028 00000024 00000020 0000001c 00000018 00000014 00000010 0000000c 00000008 00000004 00000000 
sm   0 warp 0 0x80000024 0x90001337 x  6  90001000
sm   0 warp 0 0x80000028 0x02b345d7 v 11 11111111111111111111111111111111 9000107c 90001078 90001074 90001070 9000106c 90001068 90001064 90001060 9000105c 90001058 90001054 90001050 9000104c 90001048 90001044 90001040 9000103c 90001038 90001034 90001030 9000102c 90001028 90001024 90001020 9000101c 90001018 90001014 90001010 9000100c 90001008 90001004 90001000 
sm   0 warp 0 0x8000002c 0x0005a1fb lsu.r v  3 op 3 @ 9000107c 90001078 90001074 90001070 9000106c 90001068 90001064 90001060 9000105c 90001058 90001054 90001050 9000104c 90001048 90001044 90001040 9000103c 90001038 90001034 90001030 9000102c 90001028 90001024 90001020 9000101c 90001018 90001014 90001010 9000100c 90001008 90001004 90001000
sm   0 warp 0 0x80000018 0x0005217b v  2 11111111111111111111111111111111 00000000 c0000000 40400000 3f800000 bf800000 c0400000 40000000 00000000 c0400000 40000000 00000000 c0000000 40400000 3f800000 bf800000 c0400000 3f800000 bf800000 c0400000 40000000 00000000 c0000000 40400000 3f800000 c0000000 40400000 3f800000 bf800000 c0400000 40000000 00000000 c0000000 
[L1C] #    598 SM 0 CACHE 1 ADDR 90001000
sm   0 warp 0 0x8000002c 0x0005a1fb v  3 11111111111111111111111111111111 3f800000 c0000000 00000000 40000000 bf800000 3f800000 c0000000 00000000 bf800000 3f800000 c0000000 00000000 40000000 bf800000 3f800000 c0000000 40000000 bf800000 3f800000 c0000000 00000000 40000000 bf800000 3f800000 00000000 40000000 bf800000 3f800000 c0000000 00000000 40000000 bf800000 
sm   0 warp 0 0x80000034 0x5208a557 v 10 11111111111111111111111111111111 0000001f 0000001e 0000001d 0000001c 0000001b 0000001a 00000019 00000018 00000017 00000016 00000015 00000014 00000013 00000012 00000011 00000010 0000000f 0000000e 0000000d 0000000c 0000000b 0000000a 00000009 00000008 00000007 00000006 00000005 00000004 00000003 00000002 00000001 00000000 
sm   0 warp 0 0x80000038 0x96a13557 v 10 11111111111111111111111111111111 0000007c 00000078 00000074 00000070 0000006c 00000068 00000064 00000060 0000005c 00000058 00000054 00000050 0000004c 00000048 00000044 00000040 0000003c 00000038 00000034 00000030 0000002c 00000028 00000024 00000020 0000001c 00000018 00000014 00000010 0000000c 00000008 00000004 00000000 
sm   0 warp 0 0x8000003c 0x900002b7 x  5  90000000
sm   0 warp 0 0x80000030 0x0e31408b v  1 11111111111111111111111111111111 00000000 00000000 00000000 00000000 00000000 00000000 00000000 00000000 00000000 00000000 00000000 00000000 00000000 00000000 00000000 00000000 00000000 c0a00000 c0a00000 00000000 c1300000 41700000 c0800000 c0400000 bf800000 40e00000 c1200000 41000000 c0a00000 bf800000 c0000000 41400000 
sm   0 warp 0 0x80000040 0x08028293 x  5  90000080
sm   0 warp 0 0x80000044 0x02a2c557 v 10 11111111111111111111111111111111 900000fc 900000f8 900000f4 900000f0 900000ec 900000e8 900000e4 900000e0 900000dc 900000d8 900000d4 900000d0 900000cc 900000c8 900000c4 900000c0 900000bc 900000b8 900000b4 900000b0 900000ac 900000a8 900000a4 900000a0 9000009c 90000098 90000094 90000090 9000008c 90000088 90000084 90000080 
sm   0 warp 0 0x80000048 0x0005227b lsu.r v  4 op 3 @ 900000fc 900000f8 900000f4 900000f0 900000ec 900000e8 900000e4 900000e0 900000dc 900000d8 900000d4 900000d0 900000cc 900000c8 900000c4 900000c0 900000bc 900000b8 900000b4 900000b0 900000ac 900000a8 900000a4 900000a0 9000009c 90000098 90000094 90000090 9000008c 90000088 90000084 90000080
[L1C] #    650 SM 0 CACHE 1 ADDR 90000080
sm   0 warp 0 0x80000048 0x0005227b v  4 11111111111111111111111111111111 00000000 00000000 00000000 00000000 00000000 00000000 00000000 00000000 00000000 00000000 00000000 00000000 00000000 00000000 00000000 00000000 40000000 3f800000 00000000 bf800000 40000000 3f800000 00000000 bf800000 40000000 3f800000 00000000 bf800000 40000000 3f800000 00000000 bf800000 
sm   0 warp 0 0x8000004c 0x024090d7 v  1 11111111111111111111111111111111 00000000 00000000 00000000 00000000 00000000 00000000 00000000 00000000 00000000 00000000 00000000 00000000 00000000 00000000 00000000 00000000 40000000 c0800000 c0a00000 bf800000 c1100000 41800000 c0800000 c0800000 3f800000 41000000 c1200000 40e00000 c0400000 00000000 c0000000 41300000 
sm   0 warp 0 0x80000050 0x1bc090d7 v  1 11111111111111111111111111111111 00000000 00000000 00000000 00000000 00000000 00000000 00000000 00000000 00000000 00000000 00000000 00000000 00000000 00000000 00000000 00000000 40000000 00000000 00000000 00000000 00000000 41800000 00000000 00000000 3f800000 41000000 00000000 40e00000 00000000 00000000 00000000 41300000 
sm   0 warp 0 0x80000054 0x5208a657 v 12 11111111111111111111111111111111 0000001f 0000001e 0000001d 0000001c 0000001b 0000001a 00000019 00000018 00000017 00000016 00000015 00000014 00000013 00000012 00000011 00000010 0000000f 0000000e 0000000d 0000000c 0000000b 0000000a 00000009 00000008 00000007 00000006 00000005 00000004 00000003 00000002 00000001 00000000 
sm   0 warp 0 0x80000058 0x5208a7d7 v 15 11111111111111111111111111111111 0000001f 0000001e 0000001d 0000001c 0000001b 0000001a 00000019 00000018 00000017 00000016 00000015 00000014 00000013 00000012 00000011 00000010 0000000f 0000000e 0000000d 0000000c 0000000b 0000000a 00000009 00000008 00000007 00000006 00000005 00000004 00000003 00000002 00000001 00000000 
sm   0 warp 0 0x8000005c 0xa2c13657 v 12 11111111111111111111111111111111 00000007 00000007 00000007 00000007 00000006 00000006 00000006 00000006 00000005 00000005 00000005 00000005 00000004 00000004 00000004 00000004 00000003 00000003 00000003 00000003 00000002 00000002 00000002 00000002 00000001 00000001 00000001 00000001 00000000 00000000 00000000 00000000 
[L1C] #    689 SM 0 CACHE 0 ADDR 80000080
sm   0 warp 0 0x80000060 0x96c2b657 v 12 11111111111111111111111111111111 000000e0 000000e0 000000e0 000000e0 000000c0 000000c0 000000c0 000000c0 000000a0 000000a0 000000a0 000000a0 00000080 00000080 00000080 00000080 00000060 00000060 00000060 00000060 00000040 00000040 00000040 00000040 00000020 00000020 00000020 00000020 00000000 00000000 00000000 00000000 
sm   0 warp 0 0x80000064 0x26f1b7d7 v 15 11111111111111111111111111111111 00000003 00000002 00000001 00000000 00000003 00000002 00000001 00000000 00000003 00000002 00000001 00000000 00000003 00000002 00000001 00000000 00000003 00000002 00000001 00000000 00000003 00000002 00000001 00000000 00000003 00000002 00000001 00000000 00000003 00000002 00000001 00000000 
sm   0 warp 0 0x80000068 0x96f137d7 v 15 11111111111111111111111111111111 0000000c 00000008 00000004 00000000 0000000c 00000008 00000004 00000000 0000000c 00000008 00000004 00000000 0000000c 00000008 00000004 00000000 0000000c 00000008 00000004 00000000 0000000c 00000008 00000004 00000000 0000000c 00000008 00000004 00000000 0000000c 00000008 00000004 00000000 
sm   0 warp 0 0x8000006c 0x02c78657 v 12 11111111111111111111111111111111 000000ec 000000e8 000000e4 000000e0 000000cc 000000c8 000000c4 000000c0 000000ac 000000a8 000000a4 000000a0 0000008c 00000088 00000084 00000080 0000006c 00000068 00000064 00000060 0000004c 00000048 00000044 00000040 0000002c 00000028 00000024 00000020 0000000c 00000008 00000004 00000000 
sm   0 warp 0 0x80000070 0x90002437 x  8  90002000
sm   0 warp 0 0x80000074 0xc0040413 x  8  90001c00
sm   0 warp 0 0x80000078 0x02c44657 v 12 11111111111111111111111111111111 90001cec 90001ce8 90001ce4 90001ce0 90001ccc 90001cc8 90001cc4 90001cc0 90001cac 90001ca8 90001ca4 90001ca0 90001c8c 90001c88 90001c84 90001c80 90001c6c 90001c68 90001c64 90001c60 90001c4c 90001c48 90001c44 90001c40 90001c2c 90001c28 90001c24 90001c20 90001c0c 90001c08 90001c04 90001c00 
sm   0 warp 0 0x8000007c 0x0016607b lsu.w v  1 op 3 mask 11111111111111111111111111111111 00000000 00000000 00000000 00000000 00000000 00000000 00000000 00000000 00000000 00000000 00000000 00000000 00000000 00000000 00000000 00000000 40000000 00000000 00000000 00000000 00000000 41800000 00000000 00000000 3f800000 41000000 00000000 40e00000 00000000 00000000 00000000 41300000 @ 90001cec 90001ce8 90001ce4 90001ce0 90001ccc 90001cc8 90001cc4 90001cc0 90001cac 90001ca8 90001ca4 90001ca0 90001c8c 90001c88 90001c84 90001c80 90001c6c 90001c68 90001c64 90001c60 90001c4c 90001c48 90001c44 90001c40 90001c2c 90001c28 90001c24 90001c20 90001c0c 90001c08 90001c04 90001c00
sm   0 warp 0 0x80000080 0x2e1080d7 v  1 11111111111111111111111111111111 00000000 00000000 00000000 00000000 00000000 00000000 00000000 00000000 00000000 00000000 00000000 00000000 00000000 00000000 00000000 00000000 00000000 00000000 00000000 00000000 00000000 00000000 00000000 00000000 00000000 00000000 00000000 00000000 00000000 00000000 00000000 00000000 
[L1C] #    729 SM 0 CACHE 1 ADDR 90001c00
[L1C] #    730 SM 0 CACHE 1 ADDR 90001c80
sm   0 warp 0 0x80000084 0x5208a557 v 10 11111111111111111111111111111111 0000001f 0000001e 0000001d 0000001c 0000001b 0000001a 00000019 00000018 00000017 00000016 00000015 00000014 00000013 00000012 00000011 00000010 0000000f 0000000e 0000000d 0000000c 0000000b 0000000a 00000009 00000008 00000007 00000006 00000005 00000004 00000003 00000002 00000001 00000000 
sm   0 warp 0 0x8000007c 0x0016607b lsu.w finish
sm   0 warp 0 0x80000088 0x96a13557 v 10 11111111111111111111111111111111 0000007c 00000078 00000074 00000070 0000006c 00000068 00000064 00000060 0000005c 00000058 00000054 00000050 0000004c 00000048 00000044 00000040 0000003c 00000038 00000034 00000030 0000002c 00000028 00000024 00000020 0000001c 00000018 00000014 00000010 0000000c 00000008 00000004 00000000 
sm   0 warp 0 0x8000008c 0x900002b7 x  5  90000000
sm   0 warp 0 0x80000090 0x10028293 x  5  90000100
sm   0 warp 0 0x80000094 0x02a2c557 v 10 11111111111111111111111111111111 9000017c 90000178 90000174 90000170 9000016c 90000168 90000164 90000160 9000015c 90000158 90000154 90000150 9000014c 90000148 90000144 90000140 9000013c 90000138 90000134 90000130 9000012c 90000128 90000124 90000120 9000011c 90000118 90000114 90000110 9000010c 90000108 90000104 90000100 
sm   0 warp 0 0x80000098 0x0005217b lsu.r v  2 op 3 @ 9000017c 90000178 90000174 90000170 9000016c 90000168 90000164 90000160 9000015c 90000158 90000154 90000150 9000014c 90000148 90000144 90000140 9000013c 90000138 90000134 90000130 9000012c 90000128 90000124 90000120 9000011c 90000118 90000114 90000110 9000010c 90000108 90000104 90000100
sm   0 warp 0 0x8000009c 0x5208a5d7 v 11 11111111111111111111111111111111 0000001f 0000001e 0000001d 0000001c 0000001b 0000001a 00000019 00000018 00000017 00000016 00000015 00000014 00000013 00000012 00000011 00000010 0000000f 0000000e 0000000d 0000000c 0000000b 0000000a 00000009 00000008 00000007 00000006 00000005 00000004 00000003 00000002 00000001 00000000 
[L1C] #    758 SM 0 CACHE 1 ADDR 90000100
sm   0 warp 0 0x800000a0 0x96b135d7 v 11 11111111111111111111111111111111 0000007c 00000078 00000074 00000070 0000006c 00000068 00000064 00000060 0000005c 00000058 00000054 00000050 0000004c 00000048 00000044 00000040 0000003c 00000038 00000034 00000030 0000002c 00000028 00000024 00000020 0000001c 00000018 00000014 00000010 0000000c 00000008 00000004 00000000 
sm   0 warp 0 0x800000a4 0x90001337 x  6  90001000
sm   0 warp 0 0x800000a8 0x08030313 x  6  90001080
sm   0 warp 0 0x800000ac 0x02b345d7 v 11 11111111111111111111111111111111 900010fc 900010f8 900010f4 900010f0 900010ec 900010e8 900010e4 900010e0 900010dc 900010d8 900010d4 900010d0 900010cc 900010c8 900010c4 900010c0 900010bc 900010b8 900010b4 900010b0 900010ac 900010a8 900010a4 900010a0 9000109c 90001098 90001094 90001090 9000108c 90001088 90001084 90001080 
sm   0 warp 0 0x80000098 0x0005217b v  2 11111111111111111111111111111111 00000000 c0000000 40400000 3f800000 bf800000 c0400000 40000000 00000000 c0400000 40000000 00000000 c0000000 40400000 3f800000 bf800000 c0400000 3f800000 bf800000 c0400000 40000000 00000000 c0000000 40400000 3f800000 c0000000 40400000 3f800000 bf800000 c0400000 40000000 00000000 c0000000 
sm   0 warp 0 0x800000b0 0x0005a1fb lsu.r v  3 op 3 @ 900010fc 900010f8 900010f4 900010f0 900010ec 900010e8 900010e4 900010e0 900010dc 900010d8 900010d4 900010d0 900010cc 900010c8 900010c4 900010c0 900010bc 900010b8 900010b4 900010b0 900010ac 900010a8 900010a4 900010a0 9000109c 90001098 90001094 90001090 9000108c 90001088 90001084 90001080
[L1C] #    782 SM 0 CACHE 1 ADDR 90001080
sm   0 warp 0 0x800000b0 0x0005a1fb v  3 11111111111111111111111111111111 bf800000 3f800000 c0000000 00000000 40000000 bf800000 3f800000 c0000000 40000000 bf800000 3f800000 c0000000 00000000 40000000 bf800000 3f800000 00000000 40000000 bf800000 3f800000 c0000000 00000000 40000000 bf800000 c0000000 00000000 40000000 bf800000 3f800000 c0000000 00000000 40000000 
sm   0 warp 0 0x800000b8 0x5208a557 v 10 11111111111111111111111111111111 0000001f 0000001e 0000001d 0000001c 0000001b 0000001a 00000019 00000018 00000017 00000016 00000015 00000014 00000013 00000012 00000011 00000010 0000000f 0000000e 0000000d 0000000c 0000000b 0000000a 00000009 00000008 00000007 00000006 00000005 00000004 00000003 00000002 00000001 00000000 
sm   0 warp 0 0x800000bc 0x96a13557 v 10 11111111111111111111111111111111 0000007c 00000078 00000074 00000070 0000006c 00000068 00000064 00000060 0000005c 00000058 00000054 00000050 0000004c 00000048 00000044 00000040 0000003c 00000038 00000034 00000030 0000002c 00000028 00000024 00000020 0000001c 00000018 00000014 00000010 0000000c 00000008 00000004 00000000 
sm   0 warp 0 0x800000c0 0x900002b7 x  5  90000000
sm   0 warp 0 0x800000b4 0x0e31408b v  1 11111111111111111111111111111111 00000000 00000000 00000000 00000000 00000000 00000000 00000000 00000000 00000000 00000000 00000000 00000000 00000000 00000000 00000000 00000000 c0a00000 c0a00000 00000000 41200000 41700000 c0800000 c0400000 40400000 40e00000 c1200000 41000000 c0800000 bf800000 c0000000 41400000 c0800000 
sm   0 warp 0 0x800000c4 0x18028293 x  5  90000180
sm   0 warp 0 0x800000c8 0x02a2c557 v 10 11111111111111111111111111111111 900001fc 900001f8 900001f4 900001f0 900001ec 900001e8 900001e4 900001e0 900001dc 900001d8 900001d4 900001d0 900001cc 900001c8 900001c4 900001c0 900001bc 900001b8 900001b4 900001b0 900001ac 900001a8 900001a4 900001a0 9000019c 90000198 90000194 90000190 9000018c 90000188 90000184 90000180 
sm   0 warp 0 0x800000cc 0x0005227b lsu.r v  4 op 3 @ 900001fc 900001f8 900001f4 900001f0 900001ec 900001e8 900001e4 900001e0 900001dc 900001d8 900001d4 900001d0 900001cc 900001c8 900001c4 900001c0 900001bc 900001b8 900001b4 900001b0 900001ac 900001a8 900001a4 900001a0 9000019c 90000198 90000194 90000190 9000018c 90000188 90000184 90000180
[L1C] #    834 SM 0 CACHE 1 ADDR 90000180
sm   0 warp 0 0x800000cc 0x0005227b v  4 11111111111111111111111111111111 00000000 00000000 00000000 00000000 00000000 00000000 00000000 00000000 00000000 00000000 00000000 00000000 00000000 00000000 00000000 00000000 3f800000 00000000 bf800000 c0000000 3f800000 00000000 bf800000 c0000000 3f800000 00000000 bf800000 c0000000 3f800000 00000000 bf800000 c0000000 
sm   0 warp 0 0x800000d0 0x024090d7 v  1 11111111111111111111111111111111 00000000 00000000 00000000 00000000 00000000 00000000 00000000 00000000 00000000 00000000 00000000 00000000 00000000 00000000 00000000 00000000 c0800000 c0a00000 bf800000 41000000 41800000 c0800000 c0800000 3f800000 41000000 c1200000 40e00000 c0c00000 00000000 c0000000 41300000 c0c00000 
sm   0 warp 0 0x800000d4 0x1bc090d7 v  1 11111111111111111111111111111111 00000000 00000000 00000000 00000000 00000000 00000000 00000000 00000000 00000000 00000000 00000000 00000000 00000000 00000000 00000000 00000000 00000000 00000000 00000000 41000000 41800000 00000000 00000000 3f800000 41000000 00000000 40e00000 00000000 00000000 00000000 41300000 00000000 
sm   0 warp 0 0x800000d8 0x5208a657 v 12 11111111111111111111111111111111 0000001f 0000001e 0000001d 0000001c 0000001b 0000001a 00000019 00000018 00000017 00000016 00000015 00000014 00000013 00000012 00000011 00000010 0000000f 0000000e 0000000d 0000000c 0000000b 0000000a 00000009 00000008 00000007 00000006 00000005 00000004 00000003 00000002 00000001 00000000 
sm   0 warp 0 0x800000dc 0x5208a7d7 v 15 11111111111111111111111111111111 0000001f 0000001e 0000001d 0000001c 0000001b 0000001a 00000019 00000018 00000017 00000016 00000015 00000014 00000013 00000012 00000011 00000010 0000000f 0000000e 0000000d 0000000c 0000000b 0000000a 00000009 00000008 00000007 00000006 00000005 00000004 00000003 00000002 00000001 00000000 
[L1C] #    871 SM 0 CACHE 0 ADDR 80000100
sm   0 warp 0 0x800000e0 0xa2c13657 v 12 11111111111111111111111111111111 00000007 00000007 00000007 00000007 00000006 00000006 00000006 00000006 00000005 00000005 00000005 00000005 00000004 00000004 00000004 00000004 00000003 00000003 00000003 00000003 00000002 00000002 00000002 00000002 00000001 00000001 00000001 00000001 00000000 00000000 00000000 00000000 
sm   0 warp 0 0x800000e4 0x96c2b657 v 12 11111111111111111111111111111111 000000e0 000000e0 000000e0 000000e0 000000c0 000000c0 000000c0 000000c0 000000a0 000000a0 000000a0 000000a0 00000080 00000080 00000080 00000080 00000060 00000060 00000060 00000060 00000040 00000040 00000040 00000040 00000020 00000020 00000020 00000020 00000000 00000000 00000000 00000000 
sm   0 warp 0 0x800000e8 0x26f1b7d7 v 15 11111111111111111111111111111111 00000003 00000002 00000001 00000000 00000003 00000002 00000001 00000000 00000003 00000002 00000001 00000000 00000003 00000002 00000001 00000000 00000003 00000002 00000001 00000000 00000003 00000002 00000001 00000000 00000003 00000002 00000001 00000000 00000003 00000002 00000001 00000000 
sm   0 warp 0 0x800000ec 0x96f137d7 v 15 11111111111111111111111111111111 0000000c 00000008 00000004 00000000 0000000c 00000008 00000004 00000000 0000000c 00000008 00000004 00000000 0000000c 00000008 00000004 00000000 0000000c 00000008 00000004 00000000 0000000c 00000008 00000004 00000000 0000000c 00000008 00000004 00000000 0000000c 00000008 00000004 00000000 
sm   0 warp 0 0x800000f0 0x02c78657 v 12 11111111111111111111111111111111 000000ec 000000e8 000000e4 000000e0 000000cc 000000c8 000000c4 000000c0 000000ac 000000a8 000000a4 000000a0 0000008c 00000088 00000084 00000080 0000006c 00000068 00000064 00000060 0000004c 00000048 00000044 00000040 0000002c 00000028 00000024 00000020 0000000c 00000008 00000004 00000000 
sm   0 warp 0 0x800000f4 0x90002437 x  8  90002000
sm   0 warp 0 0x800000f8 0xc1040413 x  8  90001c10
sm   0 warp 0 0x800000fc 0x02c44657 v 12 11111111111111111111111111111111 90001cfc 90001cf8 90001cf4 90001cf0 90001cdc 90001cd8 90001cd4 90001cd0 90001cbc 90001cb8 90001cb4 90001cb0 90001c9c 90001c98 90001c94 90001c90 90001c7c 90001c78 90001c74 90001c70 90001c5c 90001c58 90001c54 90001c50 90001c3c 90001c38 90001c34 90001c30 90001c1c 90001c18 90001c14 90001c10 
sm   0 warp 0 0x80000100 0x0016607b lsu.w v  1 op 3 mask 11111111111111111111111111111111 00000000 00000000 00000000 00000000 00000000 00000000 00000000 00000000 00000000 00000000 00000000 00000000 00000000 00000000 00000000 00000000 00000000 00000000 00000000 41000000 41800000 00000000 00000000 3f800000 41000000 00000000 40e00000 00000000 00000000 00000000 41300000 00000000 @ 90001cfc 90001cf8 90001cf4 90001cf0 90001cdc 90001cd8 90001cd4 90001cd0 90001cbc 90001cb8 90001cb4 90001cb0 90001c9c 90001c98 90001c94 90001c90 90001c7c 90001c78 90001c74 90001c70 90001c5c 90001c58 90001c54 90001c50 90001c3c 90001c38 90001c34 90001c30 90001c1c 90001c18 90001c14 90001c10
sm   0 warp 0 0x80000104 0x2e1080d7 v  1 11111111111111111111111111111111 00000000 00000000 00000000 00000000 00000000 00000000 00000000 00000000 00000000 00000000 00000000 00000000 00000000 00000000 00000000 00000000 00000000 00000000 00000000 00000000 00000000 00000000 00000000 00000000 00000000 00000000 00000000 00000000 00000000 00000000 00000000 00000000 
[L1C] #    913 SM 0 CACHE 1 ADDR 90001c00
[L1C] #    914 SM 0 CACHE 1 ADDR 90001c80
sm   0 warp 0 0x80000108 0x5208a6d7 v 13 11111111111111111111111111111111 0000001f 0000001e 0000001d 0000001c 0000001b 0000001a 00000019 00000018 00000017 00000016 00000015 00000014 00000013 00000012 00000011 00000010 0000000f 0000000e 0000000d 0000000c 0000000b 0000000a 00000009 00000008 00000007 00000006 00000005 00000004 00000003 00000002 00000001 00000000 
sm   0 warp 0 0x80000100 0x0016607b lsu.w finish
sm   0 warp 0 0x8000010c 0x5208a7d7 v 15 11111111111111111111111111111111 0000001f 0000001e 0000001d 0000001c 0000001b 0000001a 00000019 00000018 00000017 00000016 00000015 00000014 00000013 00000012 00000011 00000010 0000000f 0000000e 0000000d 0000000c 0000000b 0000000a 00000009 00000008 00000007 00000006 00000005 00000004 00000003 00000002 00000001 00000000 
sm   0 warp 0 0x80000110 0xa2d1b6d7 v 13 11111111111111111111111111111111 00000003 00000003 00000003 00000003 00000003 00000003 00000003 00000003 00000002 00000002 00000002 00000002 00000002 00000002 00000002 00000002 00000001 00000001 00000001 00000001 00000001 00000001 00000001 00000001 00000000 00000000 00000000 00000000 00000000 00000000 00000000 00000000 
sm   0 warp 0 0x80000114 0x96d2b6d7 v 13 11111111111111111111111111111111 00000060 00000060 00000060 00000060 00000060 00000060 00000060 00000060 00000040 00000040 00000040 00000040 00000040 00000040 00000040 00000040 00000020 00000020 00000020 00000020 00000020 00000020 00000020 00000020 00000000 00000000 00000000 00000000 00000000 00000000 00000000 00000000 
sm   0 warp 0 0x80000118 0x26f3b7d7 v 15 11111111111111111111111111111111 00000007 00000006 00000005 00000004 00000003 00000002 00000001 00000000 00000007 00000006 00000005 00000004 00000003 00000002 00000001 00000000 00000007 00000006 00000005 00000004 00000003 00000002 00000001 00000000 00000007 00000006 00000005 00000004 00000003 00000002 00000001 00000000 
sm   0 warp 0 0x8000011c 0x96f137d7 v 15 11111111111111111111111111111111 0000001c 00000018 00000014 00000010 0000000c 00000008 00000004 00000000 0000001c 00000018 00000014 00000010 0000000c 00000008 00000004 00000000 0000001c 00000018 00000014 00000010 0000000c 00000008 00000004 00000000 0000001c 00000018 00000014 00000010 0000000c 00000008 00000004 00000000 
sm   0 warp 0 0x80000120 0x02d786d7 v 13 11111111111111111111111111111111 0000007c 00000078 00000074 00000070 0000006c 00000068 00000064 00000060 0000005c 00000058 00000054 00000050 0000004c 00000048 00000044 00000040 0000003c 00000038 00000034 00000030 0000002c 00000028 00000024 00000020 0000001c 00000018 00000014 00000010 0000000c 00000008 00000004 00000000 
sm   0 warp 0 0x80000124 0x900024b7 x  9  90002000
sm   0 warp 0 0x80000128 0xc0048493 x  9  90001c00
sm   0 warp 0 0x8000012c 0x02d4c6d7 v 13 11111111111111111111111111111111 90001c7c 90001c78 90001c74 90001c70 90001c6c 90001c68 90001c64 90001c60 90001c5c 90001c58 90001c54 90001c50 90001c4c 90001c48 90001c44 90001c40 90001c3c 90001c38 90001c34 90001c30 90001c2c 90001c28 90001c24 90001c20 90001c1c 90001c18 90001c14 90001c10 90001c0c 90001c08 90001c04 90001c00 
sm   0 warp 0 0x80000130 0x0006a17b lsu.r v  2 op 3 @ 90001c7c 90001c78 90001c74 90001c70 90001c6c 90001c68 90001c64 90001c60 90001c5c 90001c58 90001c54 90001c50 90001c4c 90001c48 90001c44 90001c40 90001c3c 90001c38 90001c34 90001c30 90001c2c 90001c28 90001c24 90001c20 90001c1c 90001c18 90001c14 90001c10 90001c0c 90001c08 90001c04 90001c00
sm   0 warp 0 0x80000134 0x5208a5d7 v 11 11111111111111111111111111111111 0000001f 0000001e 0000001d 0000001c 0000001b 0000001a 00000019 00000018 00000017 00000016 00000015 00000014 00000013 00000012 00000011 00000010 0000000f 0000000e 0000000d 0000000c 0000000b 0000000a 00000009 00000008 00000007 00000006 00000005 00000004 00000003 00000002 00000001 00000000 
[L1C] #    962 SM 0 CACHE 1 ADDR 90001c00
sm   0 warp 0 0x80000138 0x96b135d7 v 11 11111111111111111111111111111111 0000007c 00000078 00000074 00000070 0000006c 00000068 00000064 00000060 0000005c 00000058 00000054 00000050 0000004c 00000048 00000044 00000040 0000003c 00000038 00000034 00000030 0000002c 00000028 00000024 00000020 0000001c 00000018 00000014 00000010 0000000c 00000008 00000004 00000000 
sm   0 warp 0 0x8000013c 0x90001337 x  6  90001000
sm   0 warp 0 0x80000140 0x10030313 x  6  90001100
sm   0 warp 0 0x80000144 0x02b345d7 v 11 11111111111111111111111111111111 9000117c 90001178 90001174 90001170 9000116c 90001168 90001164 90001160 9000115c 90001158 90001154 90001150 9000114c 90001148 90001144 90001140 9000113c 90001138 90001134 90001130 9000112c 90001128 90001124 90001120 9000111c 90001118 90001114 90001110 9000110c 90001108 90001104 90001100 
sm   0 warp 0 0x80000130 0x0006a17b v  2 11111111111111111111111111111111 00000000 00000000 00000000 41000000 40000000 00000000 00000000 00000000 41800000 00000000 00000000 3f800000 00000000 41800000 00000000 00000000 41000000 00000000 40e00000 00000000 3f800000 41000000 00000000 40e00000 00000000 00000000 41300000 00000000 00000000 00000000 00000000 41300000 
sm   0 warp 0 0x80000148 0x0005a1fb lsu.r v  3 op 3 @ 9000117c 90001178 90001174 90001170 9000116c 90001168 90001164 90001160 9000115c 90001158 90001154 90001150 9000114c 90001148 90001144 90001140 9000113c 90001138 90001134 90001130 9000112c 90001128 90001124 90001120 9000111c 90001118 90001114 90001110 9000110c 90001108 90001104 90001100
[L1C] #    986 SM 0 CACHE 1 ADDR 90001100
sm   0 warp 0 0x80000148 0x0005a1fb v  3 11111111111111111111111111111111 00000000 c0000000 40400000 3f800000 bf800000 c0400000 40000000 00000000 c0400000 40000000 00000000 c0000000 40400000 3f800000 bf800000 c0400000 3f800000 bf800000 c0400000 40000000 00000000 c0000000 40400000 3f800000 c0000000 40400000 3f800000 bf800000 c0400000 40000000 00000000 c0000000 
sm   0 warp 0 0x80000150 0x5208a557 v 10 11111111111111111111111111111111 0000001f 0000001e 0000001d 0000001c 0000001b 0000001a 00000019 00000018 00000017 00000016 00000015 00000014 00000013 00000012 00000011 00000010 0000000f 0000000e 0000000d 0000000c 0000000b 0000000a 00000009 00000008 00000007 00000006 00000005 00000004 00000003 00000002 00000001 00000000 
sm   0 warp 0 0x80000154 0x96a13557 v 10 11111111111111111111111111111111 0000007c 00000078 00000074 00000070 0000006c 00000068 00000064 00000060 0000005c 00000058 00000054 00000050 0000004c 00000048 00000044 00000040 0000003c 00000038 00000034 00000030 0000002c 00000028 00000024 00000020 0000001c 00000018 00000014 00000010 0000000c 00000008 00000004 00000000 
sm   0 warp 0 0x80000158 0x900002b7 x  5  90000000
sm   0 warp 0 0x8000014c 0x0e31408b v  1 11111111111111111111111111111111 00000000 00000000 00000000 00000000 00000000 00000000 00000000 00000000 00000000 00000000 00000000 00000000 00000000 00000000 00000000 00000000 40c00000 c1200000 41800000 c1600000 c23c0000 c2080000 c1600000 bf800000 c0800000 c2080000 c1b00000 c1200000 42040000 c2040000 c1b00000 c1300000 
sm   0 warp 0 0x8000015c 0x20028293 x  5  90000200
[L1C] #   1024 SM 0 CACHE 0 ADDR 80000180
sm   0 warp 0 0x80000160 0x02a2c557 v 10 11111111111111111111111111111111 9000027c 90000278 90000274 90000270 9000026c 90000268 90000264 90000260 9000025c 90000258 90000254 90000250 9000024c 90000248 90000244 90000240 9000023c 90000238 90000234 90000230 9000022c 90000228 90000224 90000220 9000021c 90000218 90000214 90000210 9000020c 90000208 90000204 90000200 
sm   0 warp 0 0x80000164 0x0005227b lsu.r v  4 op 3 @ 9000027c 90000278 90000274 90000270 9000026c 90000268 90000264 90000260 9000025c 90000258 90000254 90000250 9000024c 90000248 90000244 90000240 9000023c 90000238 90000234 90000230 9000022c 90000228 90000224 90000220 9000021c 90000218 90000214 90000210 9000020c 90000208 90000204 90000200
[L1C] #   1038 SM 0 CACHE 1 ADDR 90000200
sm   0 warp 0 0x80000164 0x0005227b v  4 11111111111111111111111111111111 00000000 00000000 00000000 00000000 00000000 00000000 00000000 00000000 00000000 00000000 00000000 00000000 00000000 00000000 00000000 00000000 00000000 bf800000 3f800000 00000000 00000000 bf800000 3f800000 00000000 00000000 bf800000 3f800000 00000000 00000000 bf800000 3f800000 00000000 
sm   0 warp 0 0x8000016c 0x5208a757 v 14 11111111111111111111111111111111 0000001f 0000001e 0000001d 0000001c 0000001b 0000001a 00000019 00000018 00000017 00000016 00000015 00000014 00000013 00000012 00000011 00000010 0000000f 0000000e 0000000d 0000000c 0000000b 0000000a 00000009 00000008 00000007 00000006 00000005 00000004 00000003 00000002 00000001 00000000 
sm   0 warp 0 0x80000168 0x024090d7 v  1 11111111111111111111111111111111 00000000 00000000 00000000 00000000 00000000 00000000 00000000 00000000 00000000 00000000 00000000 00000000 00000000 00000000 00000000 00000000 40c00000 c1300000 41880000 c1600000 c23c0000 c20c0000 c1500000 bf800000 c0800000 c20c0000 c1a80000 c1200000 42040000 c2080000 c1a80000 c1300000 
sm   0 warp 0 0x80000170 0x96e13757 v 14 11111111111111111111111111111111 0000007c 00000078 00000074 00000070 0000006c 00000068 00000064 00000060 0000005c 00000058 00000054 00000050 0000004c 00000048 00000044 00000040 0000003c 00000038 00000034 00000030 0000002c 00000028 00000024 00000020 0000001c 00000018 00000014 00000010 0000000c 00000008 00000004 00000000 
sm   0 warp 0 0x80000174 0x90002137 x  2  90002000
sm   0 warp 0 0x80000178 0x02e14757 v 14 11111111111111111111111111111111 9000207c 90002078 90002074 90002070 9000206c 90002068 90002064 90002060 9000205c 90002058 90002054 90002050 9000204c 90002048 90002044 90002040 9000203c 90002038 90002034 90002030 9000202c 90002028 90002024 90002020 9000201c 90002018 90002014 90002010 9000200c 90002008 90002004 90002000 
sm   0 warp 0 0x8000017c 0x0017607b lsu.w v  1 op 3 mask 11111111111111111111111111111111 00000000 00000000 00000000 00000000 00000000 00000000 00000000 00000000 00000000 00000000 00000000 00000000 00000000 00000000 00000000 00000000 40c00000 c1300000 41880000 c1600000 c23c0000 c20c0000 c1500000 bf800000 c0800000 c20c0000 c1a80000 c1200000 42040000 c2080000 c1a80000 c1300000 @ 9000207c 90002078 90002074 90002070 9000206c 90002068 90002064 90002060 9000205c 90002058 90002054 90002050 9000204c 90002048 90002044 90002040 9000203c 90002038 90002034 90002030 9000202c 90002028 90002024 90002020 9000201c 90002018 90002014 90002010 9000200c 90002008 90002004 90002000
sm   0 warp 0 0x80000180 0x0000400b endprg
[L1C] #   1085 SM 0 CACHE 1 ADDR 90002000
sm   0 warp 0 0x8000017c 0x0017607b lsu.w finish
[L1C] #   1102 SM 0 CACHE 1 ADDR 9d0f7f80
[L1C] #   2133 SM 0 CACHE 1 ADDR 9d0f7f80
