[L1C] #    525 SM 0 CACHE 0 ADDR 80000000
sm   0 warp 0 0x80000000 0x2fce0e57 v 28 11111111111111111111111111111111 00000000 00000000 00000000 00000000 00000000 00000000 00000000 00000000 00000000 00000000 00000000 00000000 00000000 00000000 00000000 00000000 00000000 00000000 00000000 00000000 00000000 00000000 00000000 00000000 00000000 00000000 00000000 00000000 00000000 00000000 00000000 00000000 
sm   0 warp 0 0x80000004 0x2e1080d7 v  1 11111111111111111111111111111111 00000000 00000000 00000000 00000000 00000000 00000000 00000000 00000000 00000000 00000000 00000000 00000000 00000000 00000000 00000000 00000000 00000000 00000000 00000000 00000000 00000000 00000000 00000000 00000000 00000000 00000000 00000000 00000000 00000000 00000000 00000000 00000000 
sm   0 warp 0 0x80000008 0x5208a557 v 10 11111111111111111111111111111111 0000001f 0000001e 0000001d 0000001c 0000001b 0000001a 00000019 00000018 00000017 00000016 00000015 00000014 00000013 00000012 00000011 00000010 0000000f 0000000e 0000000d 0000000c 0000000b 0000000a 00000009 00000008 00000007 00000006 00000005 00000004 00000003 00000002 00000001 00000000 
sm   0 warp 0 0x8000000c 0x96a13557 v 10 11111111111111111111111111111111 0000007c 00000078 00000074 00000070 0000006c 00000068 00000064 00000060 0000005c 00000058 00000054 00000050 0000004c 00000048 00000044 00000040 0000003c 00000038 00000034 00000030 0000002c 00000028 00000024 00000020 0000001c 00000018 00000014 00000010 0000000c 00000008 00000004 00000000 
sm   0 warp 0 0x80000010 0x900002b7 x  5  90000000
sm   0 warp 0 0x80000014 0x02a2c557 v 10 11111111111111111111111111111111 9000007c 90000078 90000074 90000070 9000006c 90000068 90000064 90000060 9000005c 90000058 90000054 90000050 9000004c 90000048 90000044 90000040 9000003c 90000038 90000034 90000030 9000002c 90000028 90000024 90000020 9000001c 90000018 90000014 90000010 9000000c 90000008 90000004 90000000 
sm   0 warp 0 0x80000018 0x0005217b lsu.r v  2 op 3 @ 9000007c 90000078 90000074 90000070 9000006c 90000068 90000064 90000060 9000005c 90000058 90000054 90000050 9000004c 90000048 90000044 90000040 9000003c 90000038 90000034 90000030 9000002c 90000028 90000024 90000020 9000001c 90000018 90000014 90000010 9000000c 90000008 90000004 90000000
sm   0 warp 0 0x8000001c 0x5208a5d7 v 11 11111111111111111111111111111111 0000001f 0000001e 0000001d 0000001c 0000001b 0000001a 00000019 00000018 00000017 00000016 00000015 00000014 00000013 00000012 00000011 00000010 0000000f 0000000e 0000000d 0000000c 0000000b 0000000a 00000009 00000008 00000007 00000006 00000005 00000004 00000003 00000002 00000001 00000000 
[L1C] #    579 SM 0 CACHE 1 ADDR 90000000
sm   0 warp 0 0x80000020 0x96b135d7 v 11 11111111111111111111111111111111 0000007c 00000078 00000074 00000070 0000006c 00000068 00000064 00000060 0000005c 00000058 00000054 00000050 0000004c 00000048 00000044 00000040 0000003c 00000038 00000034 00000030 0000002c 00000028 00000024 00000020 0000001c 00000018 00000014 00000010 0000000c 00000008 00000004 00000000 
sm   0 warp 0 0x80000024 0x90001337 x  6  90001000
sm   0 warp 0 0x80000028 0x02b345d7 v 11 11111111111111111111111111111111 9000107c 90001078 90001074 90001070 9000106c 90001068 90001064 90001060 9000105c 90001058 90001054 90001050 9000104c 90001048 90001044 90001040 9000103c 90001038 90001034 90001030 9000102c 90001028 90001024 90001020 9000101c 90001018 90001014 90001010 9000100c 90001008 90001004 90001000 
sm   0 warp 0 0x8000002c 0x0005a1fb lsu.r v  3 op 3 @ 9000107c 90001078 90001074 90001070 9000106c 90001068 90001064 90001060 9000105c 90001058 90001054 90001050 9000104c 90001048 90001044 90001040 9000103c 90001038 90001034 90001030 9000102c 90001028 90001024 90001020 9000101c 90001018 90001014 90001010 9000100c 90001008 90001004 90001000
sm   0 warp 0 0x80000018 0x0005217b v  2 11111111111111111111111111111111 00000000 c0000000 40400000 3f800000 bf800000 c0400000 40000000 00000000 c0400000 40000000 00000000 c0000000 40400000 3f800000 bf800000 c0400000 3f800000 bf800000 c0400000 40000000 00000000 c0000000 40400000 3f800000 c0000000 40400000 3f800000 bf800000 c0400000 40000000 00000000 c0000000 
[L1C] #    598 SM 0 CACHE 1 ADDR 90001000
sm   0 warp 0 0x8000002c 0x0005a1fb v  3 11111111111111111111111111111111 3f800000 c0000000 00000000 40000000 bf800000 3f800000 c0000000 00000000 bf800000 3f800000 c0000000 00000000 40000000 bf800000 3f800000 c0000000 40000000 bf800000 3f800000 c0000000 00000000 40000000 bf800000 3f800000 00000000 40000000 bf800000 3f800000 c0000000 00000000 40000000 bf800000 
sm   0 warp 0 0x80000034 0x5208a557 v 10 11111111111111111111111111111111 0000001f 0000001e 0000001d 0000001c 0000001b 0000001a 00000019 00000018 00000017 00000016 00000015 00000014 00000013 00000012 00000011 00000010 0000000f 0000000e 0000000d 0000000c 0000000b 0000000a 00000009 00000008 00000007 00000006 00000005 00000004 00000003 00000002 00000001 00000000 
sm   0 warp 0 0x80000038 0x96a13557 v 10 11111111111111111111111111111111 0000007c 00000078 00000074 00000070 0000006c 00000068 00000064 00000060 0000005c 00000058 00000054 00000050 0000004c 00000048 00000044 00000040 0000003c 00000038 00000034 00000030 0000002c 00000028 00000024 00000020 0000001c 00000018 00000014 00000010 0000000c 00000008 00000004 00000000 
sm   0 warp 0 0x8000003c 0x900002b7 x  5  90000000
sm   0 warp 0 0x80000030 0x0e31408b v  1 11111111111111111111111111111111 00000000 00000000 00000000 00000000 00000000 00000000 00000000 00000000 00000000 00000000 00000000 00000000 00000000 00000000 00000000 00000000 00000000 c0a00000 c0a00000 00000000 c1300000 41700000 c0800000 c0400000 bf800000 40e00000 c1200000 41000000 c0a00000 bf800000 c0000000 41400000 
sm   0 warp 0 0x80000040 0x08028293 x  5  90000080
sm   0 warp 0 0x80000044 0x02a2c557 v 10 11111111111111111111111111111111 900000fc 900000f8 900000f4 900000f0 900000ec 900000e8 900000e4 900000e0 900000dc 900000d8 900000d4 900000d0 900000cc 900000c8 900000c4 900000c0 900000bc 900000b8 900000b4 900000b0 900000ac 900000a8 900000a4 900000a0 9000009c 90000098 90000094 90000090 9000008c 90000088 90000084 90000080 
sm   0 warp 0 0x80000048 0x0005217b lsu.r v  2 op 3 @ 900000fc 900000f8 900000f4 900000f0 900000ec 900000e8 900000e4 900000e0 900000dc 900000d8 900000d4 900000d0 900000cc 900000c8 900000c4 900000c0 900000bc 900000b8 900000b4 900000b0 900000ac 900000a8 900000a4 900000a0 9000009c 90000098 90000094 90000090 9000008c 90000088 90000084 90000080
sm   0 warp 0 0x8000004c 0x5208a5d7 v 11 11111111111111111111111111111111 0000001f 0000001e 0000001d 0000001c 0000001b 0000001a 00000019 00000018 00000017 00000016 00000015 00000014 00000013 00000012 00000011 00000010 0000000f 0000000e 0000000d 0000000c 0000000b 0000000a 00000009 00000008 00000007 00000006 00000005 00000004 00000003 00000002 00000001 00000000 
[L1C] #    650 SM 0 CACHE 1 ADDR 90000080
sm   0 warp 0 0x80000050 0x96b135d7 v 11 11111111111111111111111111111111 0000007c 00000078 00000074 00000070 0000006c 00000068 00000064 00000060 0000005c 00000058 00000054 00000050 0000004c 00000048 00000044 00000040 0000003c 00000038 00000034 00000030 0000002c 00000028 00000024 00000020 0000001c 00000018 00000014 00000010 0000000c 00000008 00000004 00000000 
sm   0 warp 0 0x80000054 0x90001337 x  6  90001000
sm   0 warp 0 0x80000058 0x08030313 x  6  90001080
sm   0 warp 0 0x8000005c 0x02b345d7 v 11 11111111111111111111111111111111 900010fc 900010f8 900010f4 900010f0 900010ec 900010e8 900010e4 900010e0 900010dc 900010d8 900010d4 900010d0 900010cc 900010c8 900010c4 900010c0 900010bc 900010b8 900010b4 900010b0 900010ac 900010a8 900010a4 900010a0 9000109c 90001098 90001094 90001090 9000108c 90001088 90001084 90001080 
[L1C] #    665 SM 0 CACHE 0 ADDR 80000080
sm   0 warp 0 0x80000048 0x0005217b v  2 11111111111111111111111111111111 40000000 00000000 c0000000 40400000 3f800000 bf800000 c0400000 40000000 bf800000 c0400000 40000000 00000000 c0000000 40400000 3f800000 bf800000 40400000 3f800000 bf800000 c0400000 40000000 00000000 c0000000 40400000 00000000 c0000000 40400000 3f800000 bf800000 c0400000 40000000 00000000 
sm   0 warp 0 0x80000060 0x0005a1fb lsu.r v  3 op 3 @ 900010fc 900010f8 900010f4 900010f0 900010ec 900010e8 900010e4 900010e0 900010dc 900010d8 900010d4 900010d0 900010cc 900010c8 900010c4 900010c0 900010bc 900010b8 900010b4 900010b0 900010ac 900010a8 900010a4 900010a0 9000109c 90001098 90001094 90001090 9000108c 90001088 90001084 90001080
[L1C] #    674 SM 0 CACHE 1 ADDR 90001080
sm   0 warp 0 0x80000060 0x0005a1fb v  3 11111111111111111111111111111111 00000000 40000000 bf800000 3f800000 c0000000 00000000 40000000 bf800000 c0000000 00000000 40000000 bf800000 3f800000 c0000000 00000000 40000000 3f800000 c0000000 00000000 40000000 bf800000 3f800000 c0000000 00000000 bf800000 3f800000 c0000000 00000000 40000000 bf800000 3f800000 c0000000 
sm   0 warp 0 0x80000068 0x5208a557 v 10 11111111111111111111111111111111 0000001f 0000001e 0000001d 0000001c 0000001b 0000001a 00000019 00000018 00000017 00000016 00000015 00000014 00000013 00000012 00000011 00000010 0000000f 0000000e 0000000d 0000000c 0000000b 0000000a 00000009 00000008 00000007 00000006 00000005 00000004 00000003 00000002 00000001 00000000 
sm   0 warp 0 0x8000006c 0x96a13557 v 10 11111111111111111111111111111111 0000007c 00000078 00000074 00000070 0000006c 00000068 00000064 00000060 0000005c 00000058 00000054 00000050 0000004c 00000048 00000044 00000040 0000003c 00000038 00000034 00000030 0000002c 00000028 00000024 00000020 0000001c 00000018 00000014 00000010 0000000c 00000008 00000004 00000000 
sm   0 warp 0 0x80000070 0x900002b7 x  5  90000000
sm   0 warp 0 0x80000064 0x0e31408b v  1 11111111111111111111111111111111 00000000 00000000 00000000 00000000 00000000 00000000 00000000 00000000 00000000 00000000 00000000 00000000 00000000 00000000 00000000 00000000 c0a00000 c1100000 40e00000 c0000000 c1400000 41300000 40800000 c1500000 c1400000 41200000 c1500000 40800000 c0a00000 41100000 c0000000 40e00000 
sm   0 warp 0 0x80000074 0x10028293 x  5  90000100
sm   0 warp 0 0x80000078 0x02a2c557 v 10 11111111111111111111111111111111 9000017c 90000178 90000174 90000170 9000016c 90000168 90000164 90000160 9000015c 90000158 90000154 90000150 9000014c 90000148 90000144 90000140 9000013c 90000138 90000134 90000130 9000012c 90000128 90000124 90000120 9000011c 90000118 90000114 90000110 9000010c 90000108 90000104 90000100 
sm   0 warp 0 0x8000007c 0x0005227b lsu.r v  4 op 3 @ 9000017c 90000178 90000174 90000170 9000016c 90000168 90000164 90000160 9000015c 90000158 90000154 90000150 9000014c 90000148 90000144 90000140 9000013c 90000138 90000134 90000130 9000012c 90000128 90000124 90000120 9000011c 90000118 90000114 90000110 9000010c 90000108 90000104 90000100
[L1C] #    726 SM 0 CACHE 1 ADDR 90000100
sm   0 warp 0 0x8000007c 0x0005227b v  4 11111111111111111111111111111111 00000000 00000000 00000000 00000000 00000000 00000000 00000000 00000000 00000000 00000000 00000000 00000000 00000000 00000000 00000000 00000000 40000000 3f800000 00000000 bf800000 40000000 3f800000 00000000 bf800000 40000000 3f800000 00000000 bf800000 40000000 3f800000 00000000 bf800000 
sm   0 warp 0 0x80000080 0x024090d7 v  1 11111111111111111111111111111111 00000000 00000000 00000000 00000000 00000000 00000000 00000000 00000000 00000000 00000000 00000000 00000000 00000000 00000000 00000000 00000000 c0400000 c1000000 40e00000 c0400000 c1200000 41400000 40800000 c1600000 c1200000 41300000 c1500000 40400000 c0400000 41200000 c0000000 40c00000 
sm   0 warp 0 0x80000084 0x1bc090d7 v  1 11111111111111111111111111111111 00000000 00000000 00000000 00000000 00000000 00000000 00000000 00000000 00000000 00000000 00000000 00000000 00000000 00000000 00000000 00000000 00000000 00000000 40e00000 00000000 00000000 41400000 40800000 00000000 00000000 41300000 00000000 40400000 00000000 41200000 00000000 40c00000 
sm   0 warp 0 0x80000088 0x5208a657 v 12 11111111111111111111111111111111 0000001f 0000001e 0000001d 0000001c 0000001b 0000001a 00000019 00000018 00000017 00000016 00000015 00000014 00000013 00000012 00000011 00000010 0000000f 0000000e 0000000d 0000000c 0000000b 0000000a 00000009 00000008 00000007 00000006 00000005 00000004 00000003 00000002 00000001 00000000 
sm   0 warp 0 0x8000008c 0x5208a7d7 v 15 11111111111111111111111111111111 0000001f 0000001e 0000001d 0000001c 0000001b 0000001a 00000019 00000018 00000017 00000016 00000015 00000014 00000013 00000012 00000011 00000010 0000000f 0000000e 0000000d 0000000c 0000000b 0000000a 00000009 00000008 00000007 00000006 00000005 00000004 00000003 00000002 00000001 00000000 
sm   0 warp 0 0x80000090 0xa2c13657 v 12 11111111111111111111111111111111 00000007 00000007 00000007 00000007 00000006 00000006 00000006 00000006 00000005 00000005 00000005 00000005 00000004 00000004 00000004 00000004 00000003 00000003 00000003 00000003 00000002 00000002 00000002 00000002 00000001 00000001 00000001 00000001 00000000 00000000 00000000 00000000 
sm   0 warp 0 0x80000094 0x96c33657 v 12 11111111111111111111111111111111 000001c0 000001c0 000001c0 000001c0 00000180 00000180 00000180 00000180 00000140 00000140 00000140 00000140 00000100 00000100 00000100 00000100 000000c0 000000c0 000000c0 000000c0 00000080 00000080 00000080 00000080 00000040 00000040 00000040 00000040 00000000 00000000 00000000 00000000 
sm   0 warp 0 0x80000098 0x26f1b7d7 v 15 11111111111111111111111111111111 00000003 00000002 00000001 00000000 00000003 00000002 00000001 00000000 00000003 00000002 00000001 00000000 00000003 00000002 00000001 00000000 00000003 00000002 00000001 00000000 00000003 00000002 00000001 00000000 00000003 00000002 00000001 00000000 00000003 00000002 00000001 00000000 
sm   0 warp 0 0x8000009c 0x96f137d7 v 15 11111111111111111111111111111111 0000000c 00000008 00000004 00000000 0000000c 00000008 00000004 00000000 0000000c 00000008 00000004 00000000 0000000c 00000008 00000004 00000000 0000000c 00000008 00000004 00000000 0000000c 00000008 00000004 00000000 0000000c 00000008 00000004 00000000 0000000c 00000008 00000004 00000000 
sm   0 warp 0 0x800000a0 0x02c78657 v 12 11111111111111111111111111111111 000001cc 000001c8 000001c4 000001c0 0000018c 00000188 00000184 00000180 0000014c 00000148 00000144 00000140 0000010c 00000108 00000104 00000100 000000cc 000000c8 000000c4 000000c0 0000008c 00000088 00000084 00000080 0000004c 00000048 00000044 00000040 0000000c 00000008 00000004 00000000 
sm   0 warp 0 0x800000a4 0x70000437 x  8  70000000
sm   0 warp 0 0x800000a8 0x02c44657 v 12 11111111111111111111111111111111 700001cc 700001c8 700001c4 700001c0 7000018c 70000188 70000184 70000180 7000014c 70000148 70000144 70000140 7000010c 70000108 70000104 70000100 700000cc 700000c8 700000c4 700000c0 7000008c 70000088 70000084 70000080 7000004c 70000048 70000044 70000040 7000000c 70000008 70000004 70000000 
sm   0 warp 0 0x800000ac 0x0016607b lsu.w v  1 op 3 mask 11111111111111111111111111111111 00000000 00000000 00000000 00000000 00000000 00000000 00000000 00000000 00000000 00000000 00000000 00000000 00000000 00000000 00000000 00000000 00000000 00000000 40e00000 00000000 00000000 41400000 40800000 00000000 00000000 41300000 00000000 40400000 00000000 41200000 00000000 40c00000 @ 700001cc 700001c8 700001c4 700001c0 7000018c 70000188 70000184 70000180 7000014c 70000148 70000144 70000140 7000010c 70000108 70000104 70000100 700000cc 700000c8 700000c4 700000c0 7000008c 70000088 70000084 70000080 7000004c 70000048 70000044 70000040 7000000c 70000008 70000004 70000000
sm   0 warp 0 0x800000b0 0x2e1080d7 v  1 11111111111111111111111111111111 00000000 00000000 00000000 00000000 00000000 00000000 00000000 00000000 00000000 00000000 00000000 00000000 00000000 00000000 00000000 00000000 00000000 00000000 00000000 00000000 00000000 00000000 00000000 00000000 00000000 00000000 00000000 00000000 00000000 00000000 00000000 00000000 
sm   0 warp 0 0x800000b4 0x5208a557 v 10 11111111111111111111111111111111 0000001f 0000001e 0000001d 0000001c 0000001b 0000001a 00000019 00000018 00000017 00000016 00000015 00000014 00000013 00000012 00000011 00000010 0000000f 0000000e 0000000d 0000000c 0000000b 0000000a 00000009 00000008 00000007 00000006 00000005 00000004 00000003 00000002 00000001 00000000 
sm   0 warp 0 0x800000b8 0x96a13557 v 10 11111111111111111111111111111111 0000007c 00000078 00000074 00000070 0000006c 00000068 00000064 00000060 0000005c 00000058 00000054 00000050 0000004c 00000048 00000044 00000040 0000003c 00000038 00000034 00000030 0000002c 00000028 00000024 00000020 0000001c 00000018 00000014 00000010 0000000c 00000008 00000004 00000000 
sm   0 warp 0 0x800000ac 0x0016607b lsu.w finish
sm   0 warp 0 0x800000bc 0x900002b7 x  5  90000000
sm   0 warp 0 0x800000c0 0x18028293 x  5  90000180
sm   0 warp 0 0x800000c4 0x02a2c557 v 10 11111111111111111111111111111111 900001fc 900001f8 900001f4 900001f0 900001ec 900001e8 900001e4 900001e0 900001dc 900001d8 900001d4 900001d0 900001cc 900001c8 900001c4 900001c0 900001bc 900001b8 900001b4 900001b0 900001ac 900001a8 900001a4 900001a0 9000019c 90000198 90000194 90000190 9000018c 90000188 90000184 90000180 
sm   0 warp 0 0x800000c8 0x0005217b lsu.r v  2 op 3 @ 900001fc 900001f8 900001f4 900001f0 900001ec 900001e8 900001e4 900001e0 900001dc 900001d8 900001d4 900001d0 900001cc 900001c8 900001c4 900001c0 900001bc 900001b8 900001b4 900001b0 900001ac 900001a8 900001a4 900001a0 9000019c 90000198 90000194 90000190 9000018c 90000188 90000184 90000180
sm   0 warp 0 0x800000cc 0x5208a5d7 v 11 11111111111111111111111111111111 0000001f 0000001e 0000001d 0000001c 0000001b 0000001a 00000019 00000018 00000017 00000016 00000015 00000014 00000013 00000012 00000011 00000010 0000000f 0000000e 0000000d 0000000c 0000000b 0000000a 00000009 00000008 00000007 00000006 00000005 00000004 00000003 00000002 00000001 00000000 
[L1C] #    829 SM 0 CACHE 1 ADDR 90000180
sm   0 warp 0 0x800000d0 0x96b135d7 v 11 11111111111111111111111111111111 0000007c 00000078 00000074 00000070 0000006c 00000068 00000064 00000060 0000005c 00000058 00000054 00000050 0000004c 00000048 00000044 00000040 0000003c 00000038 00000034 00000030 0000002c 00000028 00000024 00000020 0000001c 00000018 00000014 00000010 0000000c 00000008 00000004 00000000 
sm   0 warp 0 0x800000d4 0x90001337 x  6  90001000
sm   0 warp 0 0x800000d8 0x10030313 x  6  90001100
sm   0 warp 0 0x800000dc 0x02b345d7 v 11 11111111111111111111111111111111 9000117c 90001178 90001174 90001170 9000116c 90001168 90001164 90001160 9000115c 90001158 90001154 90001150 9000114c 90001148 90001144 90001140 9000113c 90001138 90001134 90001130 9000112c 90001128 90001124 90001120 9000111c 90001118 90001114 90001110 9000110c 90001108 90001104 90001100 
[L1C] #    844 SM 0 CACHE 0 ADDR 80000100
sm   0 warp 0 0x800000c8 0x0005217b v  2 11111111111111111111111111111111 00000000 c0000000 40400000 3f800000 bf800000 c0400000 40000000 00000000 c0400000 40000000 00000000 c0000000 40400000 3f800000 bf800000 c0400000 3f800000 bf800000 c0400000 40000000 00000000 c0000000 40400000 3f800000 c0000000 40400000 3f800000 bf800000 c0400000 40000000 00000000 c0000000 
sm   0 warp 0 0x800000e0 0x0005a1fb lsu.r v  3 op 3 @ 9000117c 90001178 90001174 90001170 9000116c 90001168 90001164 90001160 9000115c 90001158 90001154 90001150 9000114c 90001148 90001144 90001140 9000113c 90001138 90001134 90001130 9000112c 90001128 90001124 90001120 9000111c 90001118 90001114 90001110 9000110c 90001108 90001104 90001100
[L1C] #    853 SM 0 CACHE 1 ADDR 90001100
sm   0 warp 0 0x800000e0 0x0005a1fb v  3 11111111111111111111111111111111 bf800000 3f800000 c0000000 00000000 40000000 bf800000 3f800000 c0000000 40000000 bf800000 3f800000 c0000000 00000000 40000000 bf800000 3f800000 00000000 40000000 bf800000 3f800000 c0000000 00000000 40000000 bf800000 c0000000 00000000 40000000 bf800000 3f800000 c0000000 00000000 40000000 
sm   0 warp 0 0x800000e8 0x5208a557 v 10 11111111111111111111111111111111 0000001f 0000001e 0000001d 0000001c 0000001b 0000001a 00000019 00000018 00000017 00000016 00000015 00000014 00000013 00000012 00000011 00000010 0000000f 0000000e 0000000d 0000000c 0000000b 0000000a 00000009 00000008 00000007 00000006 00000005 00000004 00000003 00000002 00000001 00000000 
sm   0 warp 0 0x800000ec 0x96a13557 v 10 11111111111111111111111111111111 0000007c 00000078 00000074 00000070 0000006c 00000068 00000064 00000060 0000005c 00000058 00000054 00000050 0000004c 00000048 00000044 00000040 0000003c 00000038 00000034 00000030 0000002c 00000028 00000024 00000020 0000001c 00000018 00000014 00000010 0000000c 00000008 00000004 00000000 
sm   0 warp 0 0x800000f0 0x900002b7 x  5  90000000
sm   0 warp 0 0x800000e4 0x0e31408b v  1 11111111111111111111111111111111 00000000 00000000 00000000 00000000 00000000 00000000 00000000 00000000 00000000 00000000 00000000 00000000 00000000 00000000 00000000 00000000 c0a00000 c0a00000 00000000 41200000 41700000 c0800000 c0400000 40400000 40e00000 c1200000 41000000 c0800000 bf800000 c0000000 41400000 c0800000 
sm   0 warp 0 0x800000f4 0x20028293 x  5  90000200
sm   0 warp 0 0x800000f8 0x02a2c557 v 10 11111111111111111111111111111111 9000027c 90000278 90000274 90000270 9000026c 90000268 90000264 90000260 9000025c 90000258 90000254 90000250 9000024c 90000248 90000244 90000240 9000023c 90000238 90000234 90000230 9000022c 90000228 90000224 90000220 9000021c 90000218 90000214 90000210 9000020c 90000208 90000204 90000200 
sm   0 warp 0 0x800000fc 0x0005217b lsu.r v  2 op 3 @ 9000027c 90000278 90000274 90000270 9000026c 90000268 90000264 90000260 9000025c 90000258 90000254 90000250 9000024c 90000248 90000244 90000240 9000023c 90000238 90000234 90000230 9000022c 90000228 90000224 90000220 9000021c 90000218 90000214 90000210 9000020c 90000208 90000204 90000200
sm   0 warp 0 0x80000100 0x5208a5d7 v 11 11111111111111111111111111111111 0000001f 0000001e 0000001d 0000001c 0000001b 0000001a 00000019 00000018 00000017 00000016 00000015 00000014 00000013 00000012 00000011 00000010 0000000f 0000000e 0000000d 0000000c 0000000b 0000000a 00000009 00000008 00000007 00000006 00000005 00000004 00000003 00000002 00000001 00000000 
[L1C] #    905 SM 0 CACHE 1 ADDR 90000200
sm   0 warp 0 0x80000104 0x96b135d7 v 11 11111111111111111111111111111111 0000007c 00000078 00000074 00000070 0000006c 00000068 00000064 00000060 0000005c 00000058 00000054 00000050 0000004c 00000048 00000044 00000040 0000003c 00000038 00000034 00000030 0000002c 00000028 00000024 00000020 0000001c 00000018 00000014 00000010 0000000c 00000008 00000004 00000000 
sm   0 warp 0 0x80000108 0x90001337 x  6  90001000
sm   0 warp 0 0x8000010c 0x18030313 x  6  90001180
sm   0 warp 0 0x80000110 0x02b345d7 v 11 11111111111111111111111111111111 900011fc 900011f8 900011f4 900011f0 900011ec 900011e8 900011e4 900011e0 900011dc 900011d8 900011d4 900011d0 900011cc 900011c8 900011c4 900011c0 900011bc 900011b8 900011b4 900011b0 900011ac 900011a8 900011a4 900011a0 9000119c 90001198 90001194 90001190 9000118c 90001188 90001184 90001180 
sm   0 warp 0 0x800000fc 0x0005217b v  2 11111111111111111111111111111111 40000000 00000000 c0000000 40400000 3f800000 bf800000 c0400000 40000000 bf800000 c0400000 40000000 00000000 c0000000 40400000 3f800000 bf800000 40400000 3f800000 bf800000 c0400000 40000000 00000000 c0000000 40400000 00000000 c0000000 40400000 3f800000 bf800000 c0400000 40000000 00000000 
sm   0 warp 0 0x80000114 0x0005a1fb lsu.r v  3 op 3 @ 900011fc 900011f8 900011f4 900011f0 900011ec 900011e8 900011e4 900011e0 900011dc 900011d8 900011d4 900011d0 900011cc 900011c8 900011c4 900011c0 900011bc 900011b8 900011b4 900011b0 900011ac 900011a8 900011a4 900011a0 9000119c 90001198 90001194 90001190 9000118c 90001188 90001184 90001180
[L1C] #    929 SM 0 CACHE 1 ADDR 90001180
sm   0 warp 0 0x80000114 0x0005a1fb v  3 11111111111111111111111111111111 c0000000 00000000 40000000 bf800000 3f800000 c0000000 00000000 40000000 3f800000 c0000000 00000000 40000000 bf800000 3f800000 c0000000 00000000 bf800000 3f800000 c0000000 00000000 40000000 bf800000 3f800000 c0000000 40000000 bf800000 3f800000 c0000000 00000000 40000000 bf800000 3f800000 
sm   0 warp 0 0x8000011c 0x5208a557 v 10 11111111111111111111111111111111 0000001f 0000001e 0000001d 0000001c 0000001b 0000001a 00000019 00000018 00000017 00000016 00000015 00000014 00000013 00000012 00000011 00000010 0000000f 0000000e 0000000d 0000000c 0000000b 0000000a 00000009 00000008 00000007 00000006 00000005 00000004 00000003 00000002 00000001 00000000 
sm   0 warp 0 0x80000120 0x96a13557 v 10 11111111111111111111111111111111 0000007c 00000078 00000074 00000070 0000006c 00000068 00000064 00000060 0000005c 00000058 00000054 00000050 0000004c 00000048 00000044 00000040 0000003c 00000038 00000034 00000030 0000002c 00000028 00000024 00000020 0000001c 00000018 00000014 00000010 0000000c 00000008 00000004 00000000 
sm   0 warp 0 0x80000124 0x900002b7 x  5  90000000
sm   0 warp 0 0x80000118 0x0e31408b v  1 11111111111111111111111111111111 00000000 00000000 00000000 00000000 00000000 00000000 00000000 00000000 00000000 00000000 00000000 00000000 00000000 00000000 00000000 00000000 c1100000 40e00000 c0000000 41100000 41300000 40800000 c1500000 41200000 41200000 c1500000 40800000 41300000 41100000 c0000000 40e00000 c1100000 
sm   0 warp 0 0x80000128 0x28028293 x  5  90000280
sm   0 warp 0 0x8000012c 0x02a2c557 v 10 11111111111111111111111111111111 900002fc 900002f8 900002f4 900002f0 900002ec 900002e8 900002e4 900002e0 900002dc 900002d8 900002d4 900002d0 900002cc 900002c8 900002c4 900002c0 900002bc 900002b8 900002b4 900002b0 900002ac 900002a8 900002a4 900002a0 9000029c 90000298 90000294 90000290 9000028c 90000288 90000284 90000280 
sm   0 warp 0 0x80000130 0x0005227b lsu.r v  4 op 3 @ 900002fc 900002f8 900002f4 900002f0 900002ec 900002e8 900002e4 900002e0 900002dc 900002d8 900002d4 900002d0 900002cc 900002c8 900002c4 900002c0 900002bc 900002b8 900002b4 900002b0 900002ac 900002a8 900002a4 900002a0 9000029c 90000298 90000294 90000290 9000028c 90000288 90000284 90000280
[L1C] #    981 SM 0 CACHE 1 ADDR 90000280
sm   0 warp 0 0x80000130 0x0005227b v  4 11111111111111111111111111111111 00000000 00000000 00000000 00000000 00000000 00000000 00000000 00000000 00000000 00000000 00000000 00000000 00000000 00000000 00000000 00000000 3f800000 00000000 bf800000 c0000000 3f800000 00000000 bf800000 c0000000 3f800000 00000000 bf800000 c0000000 3f800000 00000000 bf800000 c0000000 
sm   0 warp 0 0x80000134 0x024090d7 v  1 11111111111111111111111111111111 00000000 00000000 00000000 00000000 00000000 00000000 00000000 00000000 00000000 00000000 00000000 00000000 00000000 00000000 00000000 00000000 c1000000 40e00000 c0400000 40e00000 41400000 40800000 c1600000 41000000 41300000 c1500000 40400000 41100000 41200000 c0000000 40c00000 c1300000 
sm   0 warp 0 0x80000138 0x1bc090d7 v  1 11111111111111111111111111111111 00000000 00000000 00000000 00000000 00000000 00000000 00000000 00000000 00000000 00000000 00000000 00000000 00000000 00000000 00000000 00000000 00000000 40e00000 00000000 40e00000 41400000 40800000 00000000 41000000 41300000 00000000 40400000 41100000 41200000 00000000 40c00000 00000000 
sm   0 warp 0 0x8000013c 0x5208a657 v 12 11111111111111111111111111111111 0000001f 0000001e 0000001d 0000001c 0000001b 0000001a 00000019 00000018 00000017 00000016 00000015 00000014 00000013 00000012 00000011 00000010 0000000f 0000000e 0000000d 0000000c 0000000b 0000000a 00000009 00000008 00000007 00000006 00000005 00000004 00000003 00000002 00000001 00000000 
sm   0 warp 0 0x80000140 0x5208a7d7 v 15 11111111111111111111111111111111 0000001f 0000001e 0000001d 0000001c 0000001b 0000001a 00000019 00000018 00000017 00000016 00000015 00000014 00000013 00000012 00000011 00000010 0000000f 0000000e 0000000d 0000000c 0000000b 0000000a 00000009 00000008 00000007 00000006 00000005 00000004 00000003 00000002 00000001 00000000 
sm   0 warp 0 0x80000144 0xa2c13657 v 12 11111111111111111111111111111111 00000007 00000007 00000007 00000007 00000006 00000006 00000006 00000006 00000005 00000005 00000005 00000005 00000004 00000004 00000004 00000004 00000003 00000003 00000003 00000003 00000002 00000002 00000002 00000002 00000001 00000001 00000001 00000001 00000000 00000000 00000000 00000000 
sm   0 warp 0 0x80000148 0x96c33657 v 12 11111111111111111111111111111111 000001c0 000001c0 000001c0 000001c0 00000180 00000180 00000180 00000180 00000140 00000140 00000140 00000140 00000100 00000100 00000100 00000100 000000c0 000000c0 000000c0 000000c0 00000080 00000080 00000080 00000080 00000040 00000040 00000040 00000040 00000000 00000000 00000000 00000000 
sm   0 warp 0 0x8000014c 0x26f1b7d7 v 15 11111111111111111111111111111111 00000003 00000002 00000001 00000000 00000003 00000002 00000001 00000000 00000003 00000002 00000001 00000000 00000003 00000002 00000001 00000000 00000003 00000002 00000001 00000000 00000003 00000002 00000001 00000000 00000003 00000002 00000001 00000000 00000003 00000002 00000001 00000000 
sm   0 warp 0 0x80000150 0x96f137d7 v 15 11111111111111111111111111111111 0000000c 00000008 00000004 00000000 0000000c 00000008 00000004 00000000 0000000c 00000008 00000004 00000000 0000000c 00000008 00000004 00000000 0000000c 00000008 00000004 00000000 0000000c 00000008 00000004 00000000 0000000c 00000008 00000004 00000000 0000000c 00000008 00000004 00000000 
sm   0 warp 0 0x80000154 0x02c78657 v 12 11111111111111111111111111111111 000001cc 000001c8 000001c4 000001c0 0000018c 00000188 00000184 00000180 0000014c 00000148 00000144 00000140 0000010c 00000108 00000104 00000100 000000cc 000000c8 000000c4 000000c0 0000008c 00000088 00000084 00000080 0000004c 00000048 00000044 00000040 0000000c 00000008 00000004 00000000 
sm   0 warp 0 0x80000158 0x70000437 x  8  70000000
sm   0 warp 0 0x8000015c 0x01040413 x  8  70000010
[L1C] #   1046 SM 0 CACHE 0 ADDR 80000180
sm   0 warp 0 0x80000160 0x02c44657 v 12 11111111111111111111111111111111 700001dc 700001d8 700001d4 700001d0 7000019c 70000198 70000194 70000190 7000015c 70000158 70000154 70000150 7000011c 70000118 70000114 70000110 700000dc 700000d8 700000d4 700000d0 7000009c 70000098 70000094 70000090 7000005c 70000058 70000054 70000050 7000001c 70000018 70000014 70000010 
sm   0 warp 0 0x80000164 0x0016607b lsu.w v  1 op 3 mask 11111111111111111111111111111111 00000000 00000000 00000000 00000000 00000000 00000000 00000000 00000000 00000000 00000000 00000000 00000000 00000000 00000000 00000000 00000000 00000000 40e00000 00000000 40e00000 41400000 40800000 00000000 41000000 41300000 00000000 40400000 41100000 41200000 00000000 40c00000 00000000 @ 700001dc 700001d8 700001d4 700001d0 7000019c 70000198 70000194 70000190 7000015c 70000158 70000154 70000150 7000011c 70000118 70000114 70000110 700000dc 700000d8 700000d4 700000d0 7000009c 70000098 70000094 70000090 7000005c 70000058 70000054 70000050 7000001c 70000018 70000014 70000010
sm   0 warp 0 0x80000168 0x2e1080d7 v  1 11111111111111111111111111111111 00000000 00000000 00000000 00000000 00000000 00000000 00000000 00000000 00000000 00000000 00000000 00000000 00000000 00000000 00000000 00000000 00000000 00000000 00000000 00000000 00000000 00000000 00000000 00000000 00000000 00000000 00000000 00000000 00000000 00000000 00000000 00000000 
sm   0 warp 0 0x8000016c 0x5208a557 v 10 11111111111111111111111111111111 0000001f 0000001e 0000001d 0000001c 0000001b 0000001a 00000019 00000018 00000017 00000016 00000015 00000014 00000013 00000012 00000011 00000010 0000000f 0000000e 0000000d 0000000c 0000000b 0000000a 00000009 00000008 00000007 00000006 00000005 00000004 00000003 00000002 00000001 00000000 
sm   0 warp 0 0x80000170 0x96a13557 v 10 11111111111111111111111111111111 0000007c 00000078 00000074 00000070 0000006c 00000068 00000064 00000060 0000005c 00000058 00000054 00000050 0000004c 00000048 00000044 00000040 0000003c 00000038 00000034 00000030 0000002c 00000028 00000024 00000020 0000001c 00000018 00000014 00000010 0000000c 00000008 00000004 00000000 
sm   0 warp 0 0x80000164 0x0016607b lsu.w finish
sm   0 warp 0 0x80000174 0x900002b7 x  5  90000000
sm   0 warp 0 0x80000178 0x30028293 x  5  90000300
sm   0 warp 0 0x8000017c 0x02a2c557 v 10 11111111111111111111111111111111 9000037c 90000378 90000374 90000370 9000036c 90000368 90000364 90000360 9000035c 90000358 90000354 90000350 9000034c 90000348 90000344 90000340 9000033c 90000338 90000334 90000330 9000032c 90000328 90000324 90000320 9000031c 90000318 90000314 90000310 9000030c 90000308 90000304 90000300 
sm   0 warp 0 0x80000180 0x0005217b lsu.r v  2 op 3 @ 9000037c 90000378 90000374 90000370 9000036c 90000368 90000364 90000360 9000035c 90000358 90000354 90000350 9000034c 90000348 90000344 90000340 9000033c 90000338 90000334 90000330 9000032c 90000328 90000324 90000320 9000031c 90000318 90000314 90000310 9000030c 90000308 90000304 90000300
sm   0 warp 0 0x80000184 0x5208a5d7 v 11 11111111111111111111111111111111 0000001f 0000001e 0000001d 0000001c 0000001b 0000001a 00000019 00000018 00000017 00000016 00000015 00000014 00000013 00000012 00000011 00000010 0000000f 0000000e 0000000d 0000000c 0000000b 0000000a 00000009 00000008 00000007 00000006 00000005 00000004 00000003 00000002 00000001 00000000 
[L1C] #   1089 SM 0 CACHE 1 ADDR 90000300
sm   0 warp 0 0x80000188 0x96b135d7 v 11 11111111111111111111111111111111 0000007c 00000078 00000074 00000070 0000006c 00000068 00000064 00000060 0000005c 00000058 00000054 00000050 0000004c 00000048 00000044 00000040 0000003c 00000038 00000034 00000030 0000002c 00000028 00000024 00000020 0000001c 00000018 00000014 00000010 0000000c 00000008 00000004 00000000 
sm   0 warp 0 0x8000018c 0x90001337 x  6  90001000
sm   0 warp 0 0x80000190 0x20030313 x  6  90001200
sm   0 warp 0 0x80000194 0x02b345d7 v 11 11111111111111111111111111111111 9000127c 90001278 90001274 90001270 9000126c 90001268 90001264 90001260 9000125c 90001258 90001254 90001250 9000124c 90001248 90001244 90001240 9000123c 90001238 90001234 90001230 9000122c 90001228 90001224 90001220 9000121c 90001218 90001214 90001210 9000120c 90001208 90001204 90001200 
sm   0 warp 0 0x80000180 0x0005217b v  2 11111111111111111111111111111111 00000000 c0000000 40400000 3f800000 bf800000 c0400000 40000000 00000000 c0400000 40000000 00000000 c0000000 40400000 3f800000 bf800000 c0400000 3f800000 bf800000 c0400000 40000000 00000000 c0000000 40400000 3f800000 c0000000 40400000 3f800000 bf800000 c0400000 40000000 00000000 c0000000 
sm   0 warp 0 0x80000198 0x0005a1fb lsu.r v  3 op 3 @ 9000127c 90001278 90001274 90001270 9000126c 90001268 90001264 90001260 9000125c 90001258 90001254 90001250 9000124c 90001248 90001244 90001240 9000123c 90001238 90001234 90001230 9000122c 90001228 90001224 90001220 9000121c 90001218 90001214 90001210 9000120c 90001208 90001204 90001200
[L1C] #   1113 SM 0 CACHE 1 ADDR 90001200
sm   0 warp 0 0x80000198 0x0005a1fb v  3 11111111111111111111111111111111 40000000 bf800000 3f800000 c0000000 00000000 40000000 bf800000 3f800000 00000000 40000000 bf800000 3f800000 c0000000 00000000 40000000 bf800000 c0000000 00000000 40000000 bf800000 3f800000 c0000000 00000000 40000000 3f800000 c0000000 00000000 40000000 bf800000 3f800000 c0000000 00000000 
sm   0 warp 0 0x800001a0 0x5208a557 v 10 11111111111111111111111111111111 0000001f 0000001e 0000001d 0000001c 0000001b 0000001a 00000019 00000018 00000017 00000016 00000015 00000014 00000013 00000012 00000011 00000010 0000000f 0000000e 0000000d 0000000c 0000000b 0000000a 00000009 00000008 00000007 00000006 00000005 00000004 00000003 00000002 00000001 00000000 
sm   0 warp 0 0x800001a4 0x96a13557 v 10 11111111111111111111111111111111 0000007c 00000078 00000074 00000070 0000006c 00000068 00000064 00000060 0000005c 00000058 00000054 00000050 0000004c 00000048 00000044 00000040 0000003c 00000038 00000034 00000030 0000002c 00000028 00000024 00000020 0000001c 00000018 00000014 00000010 0000000c 00000008 00000004 00000000 
sm   0 warp 0 0x800001a8 0x900002b7 x  5  90000000
sm   0 warp 0 0x8000019c 0x0e31408b v  1 11111111111111111111111111111111 00000000 00000000 00000000 00000000 00000000 00000000 00000000 00000000 00000000 00000000 00000000 00000000 00000000 00000000 00000000 00000000 c0a00000 00000000 41200000 00000000 c0800000 c0400000 40400000 c1300000 c1200000 41000000 c0800000 bf800000 c0000000 41400000 c0800000 c0a00000 
sm   0 warp 0 0x800001ac 0x38028293 x  5  90000380
sm   0 warp 0 0x800001b0 0x02a2c557 v 10 11111111111111111111111111111111 900003fc 900003f8 900003f4 900003f0 900003ec 900003e8 900003e4 900003e0 900003dc 900003d8 900003d4 900003d0 900003cc 900003c8 900003c4 900003c0 900003bc 900003b8 900003b4 900003b0 900003ac 900003a8 900003a4 900003a0 9000039c 90000398 90000394 90000390 9000038c 90000388 90000384 90000380 
sm   0 warp 0 0x800001b4 0x0005217b lsu.r v  2 op 3 @ 900003fc 900003f8 900003f4 900003f0 900003ec 900003e8 900003e4 900003e0 900003dc 900003d8 900003d4 900003d0 900003cc 900003c8 900003c4 900003c0 900003bc 900003b8 900003b4 900003b0 900003ac 900003a8 900003a4 900003a0 9000039c 90000398 90000394 90000390 9000038c 90000388 90000384 90000380
sm   0 warp 0 0x800001b8 0x5208a5d7 v 11 11111111111111111111111111111111 0000001f 0000001e 0000001d 0000001c 0000001b 0000001a 00000019 00000018 00000017 00000016 00000015 00000014 00000013 00000012 00000011 00000010 0000000f 0000000e 0000000d 0000000c 0000000b 0000000a 00000009 00000008 00000007 00000006 00000005 00000004 00000003 00000002 00000001 00000000 
[L1C] #   1165 SM 0 CACHE 1 ADDR 90000380
sm   0 warp 0 0x800001bc 0x96b135d7 v 11 11111111111111111111111111111111 0000007c 00000078 00000074 00000070 0000006c 00000068 00000064 00000060 0000005c 00000058 00000054 00000050 0000004c 00000048 00000044 00000040 0000003c 00000038 00000034 00000030 0000002c 00000028 00000024 00000020 0000001c 00000018 00000014 00000010 0000000c 00000008 00000004 00000000 
sm   0 warp 0 0x800001c0 0x90001337 x  6  90001000
sm   0 warp 0 0x800001c4 0x28030313 x  6  90001280
sm   0 warp 0 0x800001c8 0x02b345d7 v 11 11111111111111111111111111111111 900012fc 900012f8 900012f4 900012f0 900012ec 900012e8 900012e4 900012e0 900012dc 900012d8 900012d4 900012d0 900012cc 900012c8 900012c4 900012c0 900012bc 900012b8 900012b4 900012b0 900012ac 900012a8 900012a4 900012a0 9000129c 90001298 90001294 90001290 9000128c 90001288 90001284 90001280 
sm   0 warp 0 0x800001b4 0x0005217b v  2 11111111111111111111111111111111 40000000 00000000 c0000000 40400000 3f800000 bf800000 c0400000 40000000 bf800000 c0400000 40000000 00000000 c0000000 40400000 3f800000 bf800000 40400000 3f800000 bf800000 c0400000 40000000 00000000 c0000000 40400000 00000000 c0000000 40400000 3f800000 bf800000 c0400000 40000000 00000000 
sm   0 warp 0 0x800001cc 0x0005a1fb lsu.r v  3 op 3 @ 900012fc 900012f8 900012f4 900012f0 900012ec 900012e8 900012e4 900012e0 900012dc 900012d8 900012d4 900012d0 900012cc 900012c8 900012c4 900012c0 900012bc 900012b8 900012b4 900012b0 900012ac 900012a8 900012a4 900012a0 9000129c 90001298 90001294 90001290 9000128c 90001288 90001284 90001280
[L1C] #   1189 SM 0 CACHE 1 ADDR 90001280
sm   0 warp 0 0x800001cc 0x0005a1fb v  3 11111111111111111111111111111111 3f800000 c0000000 00000000 40000000 bf800000 3f800000 c0000000 00000000 bf800000 3f800000 c0000000 00000000 40000000 bf800000 3f800000 c0000000 40000000 bf800000 3f800000 c0000000 00000000 40000000 bf800000 3f800000 00000000 40000000 bf800000 3f800000 c0000000 00000000 40000000 bf800000 
sm   0 warp 0 0x800001d4 0x5208a557 v 10 11111111111111111111111111111111 0000001f 0000001e 0000001d 0000001c 0000001b 0000001a 00000019 00000018 00000017 00000016 00000015 00000014 00000013 00000012 00000011 00000010 0000000f 0000000e 0000000d 0000000c 0000000b 0000000a 00000009 00000008 00000007 00000006 00000005 00000004 00000003 00000002 00000001 00000000 
sm   0 warp 0 0x800001d8 0x96a13557 v 10 11111111111111111111111111111111 0000007c 00000078 00000074 00000070 0000006c 00000068 00000064 00000060 0000005c 00000058 00000054 00000050 0000004c 00000048 00000044 00000040 0000003c 00000038 00000034 00000030 0000002c 00000028 00000024 00000020 0000001c 00000018 00000014 00000010 0000000c 00000008 00000004 00000000 
sm   0 warp 0 0x800001dc 0x900002b7 x  5  90000000
sm   0 warp 0 0x800001d0 0x0e31408b v  1 11111111111111111111111111111111 00000000 00000000 00000000 00000000 00000000 00000000 00000000 00000000 00000000 00000000 00000000 00000000 00000000 00000000 00000000 00000000 40e00000 c0000000 41100000 c0a00000 40800000 c1500000 41200000 c1400000 c1500000 40800000 41300000 c1400000 c0000000 40e00000 c1100000 c0a00000 
[L1C] #   1224 SM 0 CACHE 0 ADDR 80000200
sm   0 warp 0 0x800001e0 0x40028293 x  5  90000400
sm   0 warp 0 0x800001e4 0x02a2c557 v 10 11111111111111111111111111111111 9000047c 90000478 90000474 90000470 9000046c 90000468 90000464 90000460 9000045c 90000458 90000454 90000450 9000044c 90000448 90000444 90000440 9000043c 90000438 90000434 90000430 9000042c 90000428 90000424 90000420 9000041c 90000418 90000414 90000410 9000040c 90000408 90000404 90000400 
sm   0 warp 0 0x800001e8 0x0005227b lsu.r v  4 op 3 @ 9000047c 90000478 90000474 90000470 9000046c 90000468 90000464 90000460 9000045c 90000458 90000454 90000450 9000044c 90000448 90000444 90000440 9000043c 90000438 90000434 90000430 9000042c 90000428 90000424 90000420 9000041c 90000418 90000414 90000410 9000040c 90000408 90000404 90000400
[L1C] #   1241 SM 0 CACHE 1 ADDR 90000400
sm   0 warp 0 0x800001e8 0x0005227b v  4 11111111111111111111111111111111 00000000 00000000 00000000 00000000 00000000 00000000 00000000 00000000 00000000 00000000 00000000 00000000 00000000 00000000 00000000 00000000 00000000 bf800000 c0000000 40000000 00000000 bf800000 c0000000 40000000 00000000 bf800000 c0000000 40000000 00000000 bf800000 c0000000 40000000 
sm   0 warp 0 0x800001ec 0x024090d7 v  1 11111111111111111111111111111111 00000000 00000000 00000000 00000000 00000000 00000000 00000000 00000000 00000000 00000000 00000000 00000000 00000000 00000000 00000000 00000000 40e00000 c0400000 40e00000 c0400000 40800000 c1600000 41000000 c1200000 c1500000 40400000 41100000 c1200000 c0000000 40c00000 c1300000 c0400000 
sm   0 warp 0 0x800001f0 0x1bc090d7 v  1 11111111111111111111111111111111 00000000 00000000 00000000 00000000 00000000 00000000 00000000 00000000 00000000 00000000 00000000 00000000 00000000 00000000 00000000 00000000 40e00000 00000000 40e00000 00000000 40800000 00000000 41000000 00000000 00000000 40400000 41100000 00000000 00000000 40c00000 00000000 00000000 
sm   0 warp 0 0x800001f4 0x5208a657 v 12 11111111111111111111111111111111 0000001f 0000001e 0000001d 0000001c 0000001b 0000001a 00000019 00000018 00000017 00000016 00000015 00000014 00000013 00000012 00000011 00000010 0000000f 0000000e 0000000d 0000000c 0000000b 0000000a 00000009 00000008 00000007 00000006 00000005 00000004 00000003 00000002 00000001 00000000 
sm   0 warp 0 0x800001f8 0x5208a7d7 v 15 11111111111111111111111111111111 0000001f 0000001e 0000001d 0000001c 0000001b 0000001a 00000019 00000018 00000017 00000016 00000015 00000014 00000013 00000012 00000011 00000010 0000000f 0000000e 0000000d 0000000c 0000000b 0000000a 00000009 00000008 00000007 00000006 00000005 00000004 00000003 00000002 00000001 00000000 
sm   0 warp 0 0x800001fc 0xa2c13657 v 12 11111111111111111111111111111111 00000007 00000007 00000007 00000007 00000006 00000006 00000006 00000006 00000005 00000005 00000005 00000005 00000004 00000004 00000004 00000004 00000003 00000003 00000003 00000003 00000002 00000002 00000002 00000002 00000001 00000001 00000001 00000001 00000000 00000000 00000000 00000000 
sm   0 warp 0 0x80000200 0x96c33657 v 12 11111111111111111111111111111111 000001c0 000001c0 000001c0 000001c0 00000180 00000180 00000180 00000180 00000140 00000140 00000140 00000140 00000100 00000100 00000100 00000100 000000c0 000000c0 000000c0 000000c0 00000080 00000080 00000080 00000080 00000040 00000040 00000040 00000040 00000000 00000000 00000000 00000000 
sm   0 warp 0 0x80000204 0x26f1b7d7 v 15 11111111111111111111111111111111 00000003 00000002 00000001 00000000 00000003 00000002 00000001 00000000 00000003 00000002 00000001 00000000 00000003 00000002 00000001 00000000 00000003 00000002 00000001 00000000 00000003 00000002 00000001 00000000 00000003 00000002 00000001 00000000 00000003 00000002 00000001 00000000 
sm   0 warp 0 0x80000208 0x96f137d7 v 15 11111111111111111111111111111111 0000000c 00000008 00000004 00000000 0000000c 00000008 00000004 00000000 0000000c 00000008 00000004 00000000 0000000c 00000008 00000004 00000000 0000000c 00000008 00000004 00000000 0000000c 00000008 00000004 00000000 0000000c 00000008 00000004 00000000 0000000c 00000008 00000004 00000000 
sm   0 warp 0 0x8000020c 0x02c78657 v 12 11111111111111111111111111111111 000001cc 000001c8 000001c4 000001c0 0000018c 00000188 00000184 00000180 0000014c 00000148 00000144 00000140 0000010c 00000108 00000104 00000100 000000cc 000000c8 000000c4 000000c0 0000008c 00000088 00000084 00000080 0000004c 00000048 00000044 00000040 0000000c 00000008 00000004 00000000 
sm   0 warp 0 0x80000210 0x70000437 x  8  70000000
sm   0 warp 0 0x80000214 0x02040413 x  8  70000020
sm   0 warp 0 0x80000218 0x02c44657 v 12 11111111111111111111111111111111 700001ec 700001e8 700001e4 700001e0 700001ac 700001a8 700001a4 700001a0 7000016c 70000168 70000164 70000160 7000012c 70000128 70000124 70000120 700000ec 700000e8 700000e4 700000e0 700000ac 700000a8 700000a4 700000a0 7000006c 70000068 70000064 70000060 7000002c 70000028 70000024 70000020 
sm   0 warp 0 0x8000021c 0x0016607b lsu.w v  1 op 3 mask 11111111111111111111111111111111 00000000 00000000 00000000 00000000 00000000 00000000 00000000 00000000 00000000 00000000 00000000 00000000 00000000 00000000 00000000 00000000 40e00000 00000000 40e00000 00000000 40800000 00000000 41000000 00000000 00000000 40400000 41100000 00000000 00000000 40c00000 00000000 00000000 @ 700001ec 700001e8 700001e4 700001e0 700001ac 700001a8 700001a4 700001a0 7000016c 70000168 70000164 70000160 7000012c 70000128 70000124 70000120 700000ec 700000e8 700000e4 700000e0 700000ac 700000a8 700000a4 700000a0 7000006c 70000068 70000064 70000060 7000002c 70000028 70000024 70000020
sm   0 warp 0 0x80000220 0x2e1080d7 v  1 11111111111111111111111111111111 00000000 00000000 00000000 00000000 00000000 00000000 00000000 00000000 00000000 00000000 00000000 00000000 00000000 00000000 00000000 00000000 00000000 00000000 00000000 00000000 00000000 00000000 00000000 00000000 00000000 00000000 00000000 00000000 00000000 00000000 00000000 00000000 
sm   0 warp 0 0x80000224 0x5208a557 v 10 11111111111111111111111111111111 0000001f 0000001e 0000001d 0000001c 0000001b 0000001a 00000019 00000018 00000017 00000016 00000015 00000014 00000013 00000012 00000011 00000010 0000000f 0000000e 0000000d 0000000c 0000000b 0000000a 00000009 00000008 00000007 00000006 00000005 00000004 00000003 00000002 00000001 00000000 
sm   0 warp 0 0x80000228 0x96a13557 v 10 11111111111111111111111111111111 0000007c 00000078 00000074 00000070 0000006c 00000068 00000064 00000060 0000005c 00000058 00000054 00000050 0000004c 00000048 00000044 00000040 0000003c 00000038 00000034 00000030 0000002c 00000028 00000024 00000020 0000001c 00000018 00000014 00000010 0000000c 00000008 00000004 00000000 
sm   0 warp 0 0x8000021c 0x0016607b lsu.w finish
sm   0 warp 0 0x8000022c 0x900002b7 x  5  90000000
sm   0 warp 0 0x80000230 0x48028293 x  5  90000480
sm   0 warp 0 0x80000234 0x02a2c557 v 10 11111111111111111111111111111111 900004fc 900004f8 900004f4 900004f0 900004ec 900004e8 900004e4 900004e0 900004dc 900004d8 900004d4 900004d0 900004cc 900004c8 900004c4 900004c0 900004bc 900004b8 900004b4 900004b0 900004ac 900004a8 900004a4 900004a0 9000049c 90000498 90000494 90000490 9000048c 90000488 90000484 90000480 
sm   0 warp 0 0x80000238 0x0005217b lsu.r v  2 op 3 @ 900004fc 900004f8 900004f4 900004f0 900004ec 900004e8 900004e4 900004e0 900004dc 900004d8 900004d4 900004d0 900004cc 900004c8 900004c4 900004c0 900004bc 900004b8 900004b4 900004b0 900004ac 900004a8 900004a4 900004a0 9000049c 90000498 90000494 90000490 9000048c 90000488 90000484 90000480
sm   0 warp 0 0x8000023c 0x5208a5d7 v 11 11111111111111111111111111111111 0000001f 0000001e 0000001d 0000001c 0000001b 0000001a 00000019 00000018 00000017 00000016 00000015 00000014 00000013 00000012 00000011 00000010 0000000f 0000000e 0000000d 0000000c 0000000b 0000000a 00000009 00000008 00000007 00000006 00000005 00000004 00000003 00000002 00000001 00000000 
[L1C] #   1349 SM 0 CACHE 1 ADDR 90000480
sm   0 warp 0 0x80000240 0x96b135d7 v 11 11111111111111111111111111111111 0000007c 00000078 00000074 00000070 0000006c 00000068 00000064 00000060 0000005c 00000058 00000054 00000050 0000004c 00000048 00000044 00000040 0000003c 00000038 00000034 00000030 0000002c 00000028 00000024 00000020 0000001c 00000018 00000014 00000010 0000000c 00000008 00000004 00000000 
sm   0 warp 0 0x80000244 0x90001337 x  6  90001000
sm   0 warp 0 0x80000248 0x30030313 x  6  90001300
sm   0 warp 0 0x8000024c 0x02b345d7 v 11 11111111111111111111111111111111 9000137c 90001378 90001374 90001370 9000136c 90001368 90001364 90001360 9000135c 90001358 90001354 90001350 9000134c 90001348 90001344 90001340 9000133c 90001338 90001334 90001330 9000132c 90001328 90001324 90001320 9000131c 90001318 90001314 90001310 9000130c 90001308 90001304 90001300 
sm   0 warp 0 0x80000238 0x0005217b v  2 11111111111111111111111111111111 00000000 c0000000 40400000 3f800000 bf800000 c0400000 40000000 00000000 c0400000 40000000 00000000 c0000000 40400000 3f800000 bf800000 c0400000 3f800000 bf800000 c0400000 40000000 00000000 c0000000 40400000 3f800000 c0000000 40400000 3f800000 bf800000 c0400000 40000000 00000000 c0000000 
sm   0 warp 0 0x80000250 0x0005a1fb lsu.r v  3 op 3 @ 9000137c 90001378 90001374 90001370 9000136c 90001368 90001364 90001360 9000135c 90001358 90001354 90001350 9000134c 90001348 90001344 90001340 9000133c 90001338 90001334 90001330 9000132c 90001328 90001324 90001320 9000131c 90001318 90001314 90001310 9000130c 90001308 90001304 90001300
[L1C] #   1373 SM 0 CACHE 1 ADDR 90001300
sm   0 warp 0 0x80000250 0x0005a1fb v  3 11111111111111111111111111111111 00000000 40000000 bf800000 3f800000 c0000000 00000000 40000000 bf800000 c0000000 00000000 40000000 bf800000 3f800000 c0000000 00000000 40000000 3f800000 c0000000 00000000 40000000 bf800000 3f800000 c0000000 00000000 bf800000 3f800000 c0000000 00000000 40000000 bf800000 3f800000 c0000000 
sm   0 warp 0 0x80000258 0x5208a557 v 10 11111111111111111111111111111111 0000001f 0000001e 0000001d 0000001c 0000001b 0000001a 00000019 00000018 00000017 00000016 00000015 00000014 00000013 00000012 00000011 00000010 0000000f 0000000e 0000000d 0000000c 0000000b 0000000a 00000009 00000008 00000007 00000006 00000005 00000004 00000003 00000002 00000001 00000000 
sm   0 warp 0 0x8000025c 0x96a13557 v 10 11111111111111111111111111111111 0000007c 00000078 00000074 00000070 0000006c 00000068 00000064 00000060 0000005c 00000058 00000054 00000050 0000004c 00000048 00000044 00000040 0000003c 00000038 00000034 00000030 0000002c 00000028 00000024 00000020 0000001c 00000018 00000014 00000010 0000000c 00000008 00000004 00000000 
sm   0 warp 0 0x80000260 0x900002b7 x  5  90000000
[L1C] #   1404 SM 0 CACHE 0 ADDR 80000280
sm   0 warp 0 0x80000254 0x0e31408b v  1 11111111111111111111111111111111 00000000 00000000 00000000 00000000 00000000 00000000 00000000 00000000 00000000 00000000 00000000 00000000 00000000 00000000 00000000 00000000 00000000 41200000 00000000 c0a00000 c0400000 40400000 c1300000 41700000 41000000 c0800000 bf800000 40e00000 41400000 c0800000 c0a00000 bf800000 
sm   0 warp 0 0x80000264 0x50028293 x  5  90000500
sm   0 warp 0 0x80000268 0x02a2c557 v 10 11111111111111111111111111111111 9000057c 90000578 90000574 90000570 9000056c 90000568 90000564 90000560 9000055c 90000558 90000554 90000550 9000054c 90000548 90000544 90000540 9000053c 90000538 90000534 90000530 9000052c 90000528 90000524 90000520 9000051c 90000518 90000514 90000510 9000050c 90000508 90000504 90000500 
sm   0 warp 0 0x8000026c 0x0005217b lsu.r v  2 op 3 @ 9000057c 90000578 90000574 90000570 9000056c 90000568 90000564 90000560 9000055c 90000558 90000554 90000550 9000054c 90000548 90000544 90000540 9000053c 90000538 90000534 90000530 9000052c 90000528 90000524 90000520 9000051c 90000518 90000514 90000510 9000050c 90000508 90000504 90000500
sm   0 warp 0 0x80000270 0x5208a5d7 v 11 11111111111111111111111111111111 0000001f 0000001e 0000001d 0000001c 0000001b 0000001a 00000019 00000018 00000017 00000016 00000015 00000014 00000013 00000012 00000011 00000010 0000000f 0000000e 0000000d 0000000c 0000000b 0000000a 00000009 00000008 00000007 00000006 00000005 00000004 00000003 00000002 00000001 00000000 
[L1C] #   1425 SM 0 CACHE 1 ADDR 90000500
sm   0 warp 0 0x80000274 0x96b135d7 v 11 11111111111111111111111111111111 0000007c 00000078 00000074 00000070 0000006c 00000068 00000064 00000060 0000005c 00000058 00000054 00000050 0000004c 00000048 00000044 00000040 0000003c 00000038 00000034 00000030 0000002c 00000028 00000024 00000020 0000001c 00000018 00000014 00000010 0000000c 00000008 00000004 00000000 
sm   0 warp 0 0x80000278 0x90001337 x  6  90001000
sm   0 warp 0 0x8000027c 0x38030313 x  6  90001380
sm   0 warp 0 0x80000280 0x02b345d7 v 11 11111111111111111111111111111111 900013fc 900013f8 900013f4 900013f0 900013ec 900013e8 900013e4 900013e0 900013dc 900013d8 900013d4 900013d0 900013cc 900013c8 900013c4 900013c0 900013bc 900013b8 900013b4 900013b0 900013ac 900013a8 900013a4 900013a0 9000139c 90001398 90001394 90001390 9000138c 90001388 90001384 90001380 
sm   0 warp 0 0x8000026c 0x0005217b v  2 11111111111111111111111111111111 40000000 00000000 c0000000 40400000 3f800000 bf800000 c0400000 40000000 bf800000 c0400000 40000000 00000000 c0000000 40400000 3f800000 bf800000 40400000 3f800000 bf800000 c0400000 40000000 00000000 c0000000 40400000 00000000 c0000000 40400000 3f800000 bf800000 c0400000 40000000 00000000 
sm   0 warp 0 0x80000284 0x0005a1fb lsu.r v  3 op 3 @ 900013fc 900013f8 900013f4 900013f0 900013ec 900013e8 900013e4 900013e0 900013dc 900013d8 900013d4 900013d0 900013cc 900013c8 900013c4 900013c0 900013bc 900013b8 900013b4 900013b0 900013ac 900013a8 900013a4 900013a0 9000139c 90001398 90001394 90001390 9000138c 90001388 90001384 90001380
[L1C] #   1449 SM 0 CACHE 1 ADDR 90001380
sm   0 warp 0 0x80000284 0x0005a1fb v  3 11111111111111111111111111111111 bf800000 3f800000 c0000000 00000000 40000000 bf800000 3f800000 c0000000 40000000 bf800000 3f800000 c0000000 00000000 40000000 bf800000 3f800000 00000000 40000000 bf800000 3f800000 c0000000 00000000 40000000 bf800000 c0000000 00000000 40000000 bf800000 3f800000 c0000000 00000000 40000000 
sm   0 warp 0 0x8000028c 0x5208a557 v 10 11111111111111111111111111111111 0000001f 0000001e 0000001d 0000001c 0000001b 0000001a 00000019 00000018 00000017 00000016 00000015 00000014 00000013 00000012 00000011 00000010 0000000f 0000000e 0000000d 0000000c 0000000b 0000000a 00000009 00000008 00000007 00000006 00000005 00000004 00000003 00000002 00000001 00000000 
sm   0 warp 0 0x80000290 0x96a13557 v 10 11111111111111111111111111111111 0000007c 00000078 00000074 00000070 0000006c 00000068 00000064 00000060 0000005c 00000058 00000054 00000050 0000004c 00000048 00000044 00000040 0000003c 00000038 00000034 00000030 0000002c 00000028 00000024 00000020 0000001c 00000018 00000014 00000010 0000000c 00000008 00000004 00000000 
sm   0 warp 0 0x80000294 0x900002b7 x  5  90000000
sm   0 warp 0 0x80000288 0x0e31408b v  1 11111111111111111111111111111111 00000000 00000000 00000000 00000000 00000000 00000000 00000000 00000000 00000000 00000000 00000000 00000000 00000000 00000000 00000000 00000000 c0000000 41100000 c0a00000 c1100000 c1500000 41200000 c1400000 41300000 40800000 41300000 c1400000 41200000 40e00000 c1100000 c0a00000 41100000 
sm   0 warp 0 0x80000298 0x58028293 x  5  90000580
sm   0 warp 0 0x8000029c 0x02a2c557 v 10 11111111111111111111111111111111 900005fc 900005f8 900005f4 900005f0 900005ec 900005e8 900005e4 900005e0 900005dc 900005d8 900005d4 900005d0 900005cc 900005c8 900005c4 900005c0 900005bc 900005b8 900005b4 900005b0 900005ac 900005a8 900005a4 900005a0 9000059c 90000598 90000594 90000590 9000058c 90000588 90000584 90000580 
sm   0 warp 0 0x800002a0 0x0005227b lsu.r v  4 op 3 @ 900005fc 900005f8 900005f4 900005f0 900005ec 900005e8 900005e4 900005e0 900005dc 900005d8 900005d4 900005d0 900005cc 900005c8 900005c4 900005c0 900005bc 900005b8 900005b4 900005b0 900005ac 900005a8 900005a4 900005a0 9000059c 90000598 90000594 90000590 9000058c 90000588 90000584 90000580
[L1C] #   1501 SM 0 CACHE 1 ADDR 90000580
sm   0 warp 0 0x800002a0 0x0005227b v  4 11111111111111111111111111111111 00000000 00000000 00000000 00000000 00000000 00000000 00000000 00000000 00000000 00000000 00000000 00000000 00000000 00000000 00000000 00000000 bf800000 c0000000 40000000 3f800000 bf800000 c0000000 40000000 3f800000 bf800000 c0000000 40000000 3f800000 bf800000 c0000000 40000000 3f800000 
sm   0 warp 0 0x800002a4 0x024090d7 v  1 11111111111111111111111111111111 00000000 00000000 00000000 00000000 00000000 00000000 00000000 00000000 00000000 00000000 00000000 00000000 00000000 00000000 00000000 00000000 c0400000 40e00000 c0400000 c1000000 c1600000 41000000 c1200000 41400000 40400000 41100000 c1200000 41300000 40c00000 c1300000 c0400000 41200000 
sm   0 warp 0 0x800002a8 0x1bc090d7 v  1 11111111111111111111111111111111 00000000 00000000 00000000 00000000 00000000 00000000 00000000 00000000 00000000 00000000 00000000 00000000 00000000 00000000 00000000 00000000 00000000 40e00000 00000000 00000000 00000000 41000000 00000000 41400000 40400000 41100000 00000000 41300000 40c00000 00000000 00000000 41200000 
sm   0 warp 0 0x800002ac 0x5208a657 v 12 11111111111111111111111111111111 0000001f 0000001e 0000001d 0000001c 0000001b 0000001a 00000019 00000018 00000017 00000016 00000015 00000014 00000013 00000012 00000011 00000010 0000000f 0000000e 0000000d 0000000c 0000000b 0000000a 00000009 00000008 00000007 00000006 00000005 00000004 00000003 00000002 00000001 00000000 
sm   0 warp 0 0x800002b0 0x5208a7d7 v 15 11111111111111111111111111111111 0000001f 0000001e 0000001d 0000001c 0000001b 0000001a 00000019 00000018 00000017 00000016 00000015 00000014 00000013 00000012 00000011 00000010 0000000f 0000000e 0000000d 0000000c 0000000b 0000000a 00000009 00000008 00000007 00000006 00000005 00000004 00000003 00000002 00000001 00000000 
sm   0 warp 0 0x800002b4 0xa2c13657 v 12 11111111111111111111111111111111 00000007 00000007 00000007 00000007 00000006 00000006 00000006 00000006 00000005 00000005 00000005 00000005 00000004 00000004 00000004 00000004 00000003 00000003 00000003 00000003 00000002 00000002 00000002 00000002 00000001 00000001 00000001 00000001 00000000 00000000 00000000 00000000 
sm   0 warp 0 0x800002b8 0x96c33657 v 12 11111111111111111111111111111111 000001c0 000001c0 000001c0 000001c0 00000180 00000180 00000180 00000180 00000140 00000140 00000140 00000140 00000100 00000100 00000100 00000100 000000c0 000000c0 000000c0 000000c0 00000080 00000080 00000080 00000080 00000040 00000040 00000040 00000040 00000000 00000000 00000000 00000000 
sm   0 warp 0 0x800002bc 0x26f1b7d7 v 15 11111111111111111111111111111111 00000003 00000002 00000001 00000000 00000003 00000002 00000001 00000000 00000003 00000002 00000001 00000000 00000003 00000002 00000001 00000000 00000003 00000002 00000001 00000000 00000003 00000002 00000001 00000000 00000003 00000002 00000001 00000000 00000003 00000002 00000001 00000000 
sm   0 warp 0 0x800002c0 0x96f137d7 v 15 11111111111111111111111111111111 0000000c 00000008 00000004 00000000 0000000c 00000008 00000004 00000000 0000000c 00000008 00000004 00000000 0000000c 00000008 00000004 00000000 0000000c 00000008 00000004 00000000 0000000c 00000008 00000004 00000000 0000000c 00000008 00000004 00000000 0000000c 00000008 00000004 00000000 
sm   0 warp 0 0x800002c4 0x02c78657 v 12 11111111111111111111111111111111 000001cc 000001c8 000001c4 000001c0 0000018c 00000188 00000184 00000180 0000014c 00000148 00000144 00000140 0000010c 00000108 00000104 00000100 000000cc 000000c8 000000c4 000000c0 0000008c 00000088 00000084 00000080 0000004c 00000048 00000044 00000040 0000000c 00000008 00000004 00000000 
sm   0 warp 0 0x800002c8 0x70000437 x  8  70000000
sm   0 warp 0 0x800002cc 0x03040413 x  8  70000030
sm   0 warp 0 0x800002d0 0x02c44657 v 12 11111111111111111111111111111111 700001fc 700001f8 700001f4 700001f0 700001bc 700001b8 700001b4 700001b0 7000017c 70000178 70000174 70000170 7000013c 70000138 70000134 70000130 700000fc 700000f8 700000f4 700000f0 700000bc 700000b8 700000b4 700000b0 7000007c 70000078 70000074 70000070 7000003c 70000038 70000034 70000030 
sm   0 warp 0 0x800002d4 0x0016607b lsu.w v  1 op 3 mask 11111111111111111111111111111111 00000000 00000000 00000000 00000000 00000000 00000000 00000000 00000000 00000000 00000000 00000000 00000000 00000000 00000000 00000000 00000000 00000000 40e00000 00000000 00000000 00000000 41000000 00000000 41400000 40400000 41100000 00000000 41300000 40c00000 00000000 00000000 41200000 @ 700001fc 700001f8 700001f4 700001f0 700001bc 700001b8 700001b4 700001b0 7000017c 70000178 70000174 70000170 7000013c 70000138 70000134 70000130 700000fc 700000f8 700000f4 700000f0 700000bc 700000b8 700000b4 700000b0 7000007c 70000078 70000074 70000070 7000003c 70000038 70000034 70000030
sm   0 warp 0 0x800002d8 0x2e1080d7 v  1 11111111111111111111111111111111 00000000 00000000 00000000 00000000 00000000 00000000 00000000 00000000 00000000 00000000 00000000 00000000 00000000 00000000 00000000 00000000 00000000 00000000 00000000 00000000 00000000 00000000 00000000 00000000 00000000 00000000 00000000 00000000 00000000 00000000 00000000 00000000 
sm   0 warp 0 0x800002dc 0x5208a6d7 v 13 11111111111111111111111111111111 0000001f 0000001e 0000001d 0000001c 0000001b 0000001a 00000019 00000018 00000017 00000016 00000015 00000014 00000013 00000012 00000011 00000010 0000000f 0000000e 0000000d 0000000c 0000000b 0000000a 00000009 00000008 00000007 00000006 00000005 00000004 00000003 00000002 00000001 00000000 
sm   0 warp 0 0x800002e0 0x5208a7d7 v 15 11111111111111111111111111111111 0000001f 0000001e 0000001d 0000001c 0000001b 0000001a 00000019 00000018 00000017 00000016 00000015 00000014 00000013 00000012 00000011 00000010 0000000f 0000000e 0000000d 0000000c 0000000b 0000000a 00000009 00000008 00000007 00000006 00000005 00000004 00000003 00000002 00000001 00000000 
[L1C] #   1585 SM 0 CACHE 0 ADDR 80000300
sm   0 warp 0 0x800002d4 0x0016607b lsu.w finish
sm   0 warp 0 0x800002e4 0xa2d1b6d7 v 13 11111111111111111111111111111111 00000003 00000003 00000003 00000003 00000003 00000003 00000003 00000003 00000002 00000002 00000002 00000002 00000002 00000002 00000002 00000002 00000001 00000001 00000001 00000001 00000001 00000001 00000001 00000001 00000000 00000000 00000000 00000000 00000000 00000000 00000000 00000000 
sm   0 warp 0 0x800002e8 0x96d336d7 v 13 11111111111111111111111111111111 000000c0 000000c0 000000c0 000000c0 000000c0 000000c0 000000c0 000000c0 00000080 00000080 00000080 00000080 00000080 00000080 00000080 00000080 00000040 00000040 00000040 00000040 00000040 00000040 00000040 00000040 00000000 00000000 00000000 00000000 00000000 00000000 00000000 00000000 
sm   0 warp 0 0x800002ec 0x26f3b7d7 v 15 11111111111111111111111111111111 00000007 00000006 00000005 00000004 00000003 00000002 00000001 00000000 00000007 00000006 00000005 00000004 00000003 00000002 00000001 00000000 00000007 00000006 00000005 00000004 00000003 00000002 00000001 00000000 00000007 00000006 00000005 00000004 00000003 00000002 00000001 00000000 
sm   0 warp 0 0x800002f0 0x96f137d7 v 15 11111111111111111111111111111111 0000001c 00000018 00000014 00000010 0000000c 00000008 00000004 00000000 0000001c 00000018 00000014 00000010 0000000c 00000008 00000004 00000000 0000001c 00000018 00000014 00000010 0000000c 00000008 00000004 00000000 0000001c 00000018 00000014 00000010 0000000c 00000008 00000004 00000000 
sm   0 warp 0 0x800002f4 0x02d786d7 v 13 11111111111111111111111111111111 000000dc 000000d8 000000d4 000000d0 000000cc 000000c8 000000c4 000000c0 0000009c 00000098 00000094 00000090 0000008c 00000088 00000084 00000080 0000005c 00000058 00000054 00000050 0000004c 00000048 00000044 00000040 0000001c 00000018 00000014 00000010 0000000c 00000008 00000004 00000000 
sm   0 warp 0 0x800002f8 0x700004b7 x  9  70000000
sm   0 warp 0 0x800002fc 0x02d4c6d7 v 13 11111111111111111111111111111111 700000dc 700000d8 700000d4 700000d0 700000cc 700000c8 700000c4 700000c0 7000009c 70000098 70000094 70000090 7000008c 70000088 70000084 70000080 7000005c 70000058 70000054 70000050 7000004c 70000048 70000044 70000040 7000001c 70000018 70000014 70000010 7000000c 70000008 70000004 70000000 
sm   0 warp 0 0x80000300 0x0006a17b lsu.r v  2 op 3 @ 700000dc 700000d8 700000d4 700000d0 700000cc 700000c8 700000c4 700000c0 7000009c 70000098 70000094 70000090 7000008c 70000088 70000084 70000080 7000005c 70000058 70000054 70000050 7000004c 70000048 70000044 70000040 7000001c 70000018 70000014 70000010 7000000c 70000008 70000004 70000000
sm   0 warp 0 0x80000304 0x5208a5d7 v 11 11111111111111111111111111111111 0000001f 0000001e 0000001d 0000001c 0000001b 0000001a 00000019 00000018 00000017 00000016 00000015 00000014 00000013 00000012 00000011 00000010 0000000f 0000000e 0000000d 0000000c 0000000b 0000000a 00000009 00000008 00000007 00000006 00000005 00000004 00000003 00000002 00000001 00000000 
sm   0 warp 0 0x80000308 0x96b135d7 v 11 11111111111111111111111111111111 0000007c 00000078 00000074 00000070 0000006c 00000068 00000064 00000060 0000005c 00000058 00000054 00000050 0000004c 00000048 00000044 00000040 0000003c 00000038 00000034 00000030 0000002c 00000028 00000024 00000020 0000001c 00000018 00000014 00000010 0000000c 00000008 00000004 00000000 
sm   0 warp 0 0x8000030c 0x90001337 x  6  90001000
sm   0 warp 0 0x80000300 0x0006a17b v  2 11111111111111111111111111111111 00000000 40e00000 00000000 40e00000 00000000 00000000 40e00000 00000000 41400000 40800000 00000000 41000000 00000000 41400000 40800000 00000000 41300000 00000000 40400000 41100000 00000000 41300000 00000000 40400000 41200000 00000000 40c00000 00000000 00000000 41200000 00000000 40c00000 
sm   0 warp 0 0x80000310 0x40030313 x  6  90001400
sm   0 warp 0 0x80000314 0x02b345d7 v 11 11111111111111111111111111111111 9000147c 90001478 90001474 90001470 9000146c 90001468 90001464 90001460 9000145c 90001458 90001454 90001450 9000144c 90001448 90001444 90001440 9000143c 90001438 90001434 90001430 9000142c 90001428 90001424 90001420 9000141c 90001418 90001414 90001410 9000140c 90001408 90001404 90001400 
sm   0 warp 0 0x80000318 0x0005a1fb lsu.r v  3 op 3 @ 9000147c 90001478 90001474 90001470 9000146c 90001468 90001464 90001460 9000145c 90001458 90001454 90001450 9000144c 90001448 90001444 90001440 9000143c 90001438 90001434 90001430 9000142c 90001428 90001424 90001420 9000141c 90001418 90001414 90001410 9000140c 90001408 90001404 90001400
[L1C] #   1648 SM 0 CACHE 1 ADDR 90001400
sm   0 warp 0 0x80000318 0x0005a1fb v  3 11111111111111111111111111111111 00000000 c0000000 40400000 3f800000 bf800000 c0400000 40000000 00000000 c0400000 40000000 00000000 c0000000 40400000 3f800000 bf800000 c0400000 3f800000 bf800000 c0400000 40000000 00000000 c0000000 40400000 3f800000 c0000000 40400000 3f800000 bf800000 c0400000 40000000 00000000 c0000000 
sm   0 warp 0 0x80000320 0x5208a6d7 v 13 11111111111111111111111111111111 0000001f 0000001e 0000001d 0000001c 0000001b 0000001a 00000019 00000018 00000017 00000016 00000015 00000014 00000013 00000012 00000011 00000010 0000000f 0000000e 0000000d 0000000c 0000000b 0000000a 00000009 00000008 00000007 00000006 00000005 00000004 00000003 00000002 00000001 00000000 
sm   0 warp 0 0x80000324 0x5208a7d7 v 15 11111111111111111111111111111111 0000001f 0000001e 0000001d 0000001c 0000001b 0000001a 00000019 00000018 00000017 00000016 00000015 00000014 00000013 00000012 00000011 00000010 0000000f 0000000e 0000000d 0000000c 0000000b 0000000a 00000009 00000008 00000007 00000006 00000005 00000004 00000003 00000002 00000001 00000000 
sm   0 warp 0 0x80000328 0xa2d1b6d7 v 13 11111111111111111111111111111111 00000003 00000003 00000003 00000003 00000003 00000003 00000003 00000003 00000002 00000002 00000002 00000002 00000002 00000002 00000002 00000002 00000001 00000001 00000001 00000001 00000001 00000001 00000001 00000001 00000000 00000000 00000000 00000000 00000000 00000000 00000000 00000000 
sm   0 warp 0 0x8000031c 0x0e31408b v  1 11111111111111111111111111111111 00000000 00000000 00000000 00000000 00000000 00000000 00000000 00000000 00000000 00000000 00000000 00000000 00000000 00000000 00000000 00000000 40e00000 c0e00000 41e00000 41600000 c1e00000 c2100000 41400000 40800000 c1700000 c2440000 3f800000 c1400000 c1400000 c2180000 c1b00000 c0c00000 
sm   0 warp 0 0x8000032c 0x96d336d7 v 13 11111111111111111111111111111111 000000c0 000000c0 000000c0 000000c0 000000c0 000000c0 000000c0 000000c0 00000080 00000080 00000080 00000080 00000080 00000080 00000080 00000080 00000040 00000040 00000040 00000040 00000040 00000040 00000040 00000040 00000000 00000000 00000000 00000000 00000000 00000000 00000000 00000000 
sm   0 warp 0 0x80000330 0x26f3b7d7 v 15 11111111111111111111111111111111 00000007 00000006 00000005 00000004 00000003 00000002 00000001 00000000 00000007 00000006 00000005 00000004 00000003 00000002 00000001 00000000 00000007 00000006 00000005 00000004 00000003 00000002 00000001 00000000 00000007 00000006 00000005 00000004 00000003 00000002 00000001 00000000 
sm   0 warp 0 0x80000334 0x96f137d7 v 15 11111111111111111111111111111111 0000001c 00000018 00000014 00000010 0000000c 00000008 00000004 00000000 0000001c 00000018 00000014 00000010 0000000c 00000008 00000004 00000000 0000001c 00000018 00000014 00000010 0000000c 00000008 00000004 00000000 0000001c 00000018 00000014 00000010 0000000c 00000008 00000004 00000000 
sm   0 warp 0 0x80000338 0x02d786d7 v 13 11111111111111111111111111111111 000000dc 000000d8 000000d4 000000d0 000000cc 000000c8 000000c4 000000c0 0000009c 00000098 00000094 00000090 0000008c 00000088 00000084 00000080 0000005c 00000058 00000054 00000050 0000004c 00000048 00000044 00000040 0000001c 00000018 00000014 00000010 0000000c 00000008 00000004 00000000 
sm   0 warp 0 0x8000033c 0x700004b7 x  9  70000000
sm   0 warp 0 0x80000340 0x02048493 x  9  70000020
sm   0 warp 0 0x80000344 0x02d4c6d7 v 13 11111111111111111111111111111111 700000fc 700000f8 700000f4 700000f0 700000ec 700000e8 700000e4 700000e0 700000bc 700000b8 700000b4 700000b0 700000ac 700000a8 700000a4 700000a0 7000007c 70000078 70000074 70000070 7000006c 70000068 70000064 70000060 7000003c 70000038 70000034 70000030 7000002c 70000028 70000024 70000020 
sm   0 warp 0 0x80000348 0x0006a17b lsu.r v  2 op 3 @ 700000fc 700000f8 700000f4 700000f0 700000ec 700000e8 700000e4 700000e0 700000bc 700000b8 700000b4 700000b0 700000ac 700000a8 700000a4 700000a0 7000007c 70000078 70000074 70000070 7000006c 70000068 70000064 70000060 7000003c 70000038 70000034 70000030 7000002c 70000028 70000024 70000020
sm   0 warp 0 0x8000034c 0x5208a5d7 v 11 11111111111111111111111111111111 0000001f 0000001e 0000001d 0000001c 0000001b 0000001a 00000019 00000018 00000017 00000016 00000015 00000014 00000013 00000012 00000011 00000010 0000000f 0000000e 0000000d 0000000c 0000000b 0000000a 00000009 00000008 00000007 00000006 00000005 00000004 00000003 00000002 00000001 00000000 
sm   0 warp 0 0x80000350 0x96b135d7 v 11 11111111111111111111111111111111 0000007c 00000078 00000074 00000070 0000006c 00000068 00000064 00000060 0000005c 00000058 00000054 00000050 0000004c 00000048 00000044 00000040 0000003c 00000038 00000034 00000030 0000002c 00000028 00000024 00000020 0000001c 00000018 00000014 00000010 0000000c 00000008 00000004 00000000 
sm   0 warp 0 0x80000354 0x90001337 x  6  90001000
sm   0 warp 0 0x80000348 0x0006a17b v  2 11111111111111111111111111111111 00000000 40e00000 00000000 00000000 40e00000 00000000 40e00000 00000000 00000000 41000000 00000000 41400000 40800000 00000000 41000000 00000000 40400000 41100000 00000000 41300000 00000000 40400000 41100000 00000000 40c00000 00000000 00000000 41200000 00000000 40c00000 00000000 00000000 
sm   0 warp 0 0x80000358 0x48030313 x  6  90001480
sm   0 warp 0 0x8000035c 0x02b345d7 v 11 11111111111111111111111111111111 900014fc 900014f8 900014f4 900014f0 900014ec 900014e8 900014e4 900014e0 900014dc 900014d8 900014d4 900014d0 900014cc 900014c8 900014c4 900014c0 900014bc 900014b8 900014b4 900014b0 900014ac 900014a8 900014a4 900014a0 9000149c 90001498 90001494 90001490 9000148c 90001488 90001484 90001480 
[L1C] #   1735 SM 0 CACHE 0 ADDR 80000380
sm   0 warp 0 0x80000360 0x0005a1fb lsu.r v  3 op 3 @ 900014fc 900014f8 900014f4 900014f0 900014ec 900014e8 900014e4 900014e0 900014dc 900014d8 900014d4 900014d0 900014cc 900014c8 900014c4 900014c0 900014bc 900014b8 900014b4 900014b0 900014ac 900014a8 900014a4 900014a0 9000149c 90001498 90001494 90001490 9000148c 90001488 90001484 90001480
[L1C] #   1744 SM 0 CACHE 1 ADDR 90001480
sm   0 warp 0 0x80000360 0x0005a1fb v  3 11111111111111111111111111111111 40000000 00000000 c0000000 40400000 3f800000 bf800000 c0400000 40000000 bf800000 c0400000 40000000 00000000 c0000000 40400000 3f800000 bf800000 40400000 3f800000 bf800000 c0400000 40000000 00000000 c0000000 40400000 00000000 c0000000 40400000 3f800000 bf800000 c0400000 40000000 00000000 
sm   0 warp 0 0x80000368 0x5208a557 v 10 11111111111111111111111111111111 0000001f 0000001e 0000001d 0000001c 0000001b 0000001a 00000019 00000018 00000017 00000016 00000015 00000014 00000013 00000012 00000011 00000010 0000000f 0000000e 0000000d 0000000c 0000000b 0000000a 00000009 00000008 00000007 00000006 00000005 00000004 00000003 00000002 00000001 00000000 
sm   0 warp 0 0x8000036c 0x96a13557 v 10 11111111111111111111111111111111 0000007c 00000078 00000074 00000070 0000006c 00000068 00000064 00000060 0000005c 00000058 00000054 00000050 0000004c 00000048 00000044 00000040 0000003c 00000038 00000034 00000030 0000002c 00000028 00000024 00000020 0000001c 00000018 00000014 00000010 0000000c 00000008 00000004 00000000 
sm   0 warp 0 0x80000370 0x900002b7 x  5  90000000
sm   0 warp 0 0x80000364 0x0e31408b v  1 11111111111111111111111111111111 00000000 00000000 00000000 00000000 00000000 00000000 00000000 00000000 00000000 00000000 00000000 00000000 00000000 00000000 00000000 00000000 c0e00000 c20c0000 420c0000 40e00000 c1400000 c2700000 c1c00000 41400000 c0c00000 c2740000 c2000000 c1200000 41c00000 c1d00000 c2080000 c1600000 
sm   0 warp 0 0x80000374 0x60028293 x  5  90000600
sm   0 warp 0 0x80000378 0x02a2c557 v 10 11111111111111111111111111111111 9000067c 90000678 90000674 90000670 9000066c 90000668 90000664 90000660 9000065c 90000658 90000654 90000650 9000064c 90000648 90000644 90000640 9000063c 90000638 90000634 90000630 9000062c 90000628 90000624 90000620 9000061c 90000618 90000614 90000610 9000060c 90000608 90000604 90000600 
sm   0 warp 0 0x8000037c 0x0005227b lsu.r v  4 op 3 @ 9000067c 90000678 90000674 90000670 9000066c 90000668 90000664 90000660 9000065c 90000658 90000654 90000650 9000064c 90000648 90000644 90000640 9000063c 90000638 90000634 90000630 9000062c 90000628 90000624 90000620 9000061c 90000618 90000614 90000610 9000060c 90000608 90000604 90000600
[L1C] #   1796 SM 0 CACHE 1 ADDR 90000600
sm   0 warp 0 0x8000037c 0x0005227b v  4 11111111111111111111111111111111 00000000 00000000 00000000 00000000 00000000 00000000 00000000 00000000 00000000 00000000 00000000 00000000 00000000 00000000 00000000 00000000 00000000 bf800000 3f800000 00000000 00000000 bf800000 3f800000 00000000 00000000 bf800000 3f800000 00000000 00000000 bf800000 3f800000 00000000 
sm   0 warp 0 0x80000384 0x5208a557 v 10 11111111111111111111111111111111 0000001f 0000001e 0000001d 0000001c 0000001b 0000001a 00000019 00000018 00000017 00000016 00000015 00000014 00000013 00000012 00000011 00000010 0000000f 0000000e 0000000d 0000000c 0000000b 0000000a 00000009 00000008 00000007 00000006 00000005 00000004 00000003 00000002 00000001 00000000 
sm   0 warp 0 0x80000380 0x024090d7 v  1 11111111111111111111111111111111 00000000 00000000 00000000 00000000 00000000 00000000 00000000 00000000 00000000 00000000 00000000 00000000 00000000 00000000 00000000 00000000 c0e00000 c2100000 42100000 40e00000 c1400000 c2740000 c1b80000 41400000 c0c00000 c2780000 c1f80000 c1200000 41c00000 c1d80000 c2040000 c1600000 
sm   0 warp 0 0x80000388 0x96a13557 v 10 11111111111111111111111111111111 0000007c 00000078 00000074 00000070 0000006c 00000068 00000064 00000060 0000005c 00000058 00000054 00000050 0000004c 00000048 00000044 00000040 0000003c 00000038 00000034 00000030 0000002c 00000028 00000024 00000020 0000001c 00000018 00000014 00000010 0000000c 00000008 00000004 00000000 
sm   0 warp 0 0x8000038c 0x900002b7 x  5  90000000
sm   0 warp 0 0x80000390 0x68028293 x  5  90000680
sm   0 warp 0 0x80000394 0x02a2c557 v 10 11111111111111111111111111111111 900006fc 900006f8 900006f4 900006f0 900006ec 900006e8 900006e4 900006e0 900006dc 900006d8 900006d4 900006d0 900006cc 900006c8 900006c4 900006c0 900006bc 900006b8 900006b4 900006b0 900006ac 900006a8 900006a4 900006a0 9000069c 90000698 90000694 90000690 9000068c 90000688 90000684 90000680 
sm   0 warp 0 0x80000398 0x0005237b lsu.r v  6 op 3 @ 900006fc 900006f8 900006f4 900006f0 900006ec 900006e8 900006e4 900006e0 900006dc 900006d8 900006d4 900006d0 900006cc 900006c8 900006c4 900006c0 900006bc 900006b8 900006b4 900006b0 900006ac 900006a8 900006a4 900006a0 9000069c 90000698 90000694 90000690 9000068c 90000688 90000684 90000680
[L1C] #   1848 SM 0 CACHE 1 ADDR 90000680
sm   0 warp 0 0x80000398 0x0005237b v  6 11111111111111111111111111111111 00000000 00000000 00000000 00000000 00000000 00000000 00000000 00000000 00000000 00000000 00000000 00000000 00000000 00000000 00000000 00000000 c0000000 40000000 3f800000 00000000 3f800000 00000000 bf800000 c0000000 bf800000 c0000000 40000000 3f800000 40000000 3f800000 00000000 bf800000 
sm   0 warp 0 0x800003a0 0x5208a757 v 14 11111111111111111111111111111111 0000001f 0000001e 0000001d 0000001c 0000001b 0000001a 00000019 00000018 00000017 00000016 00000015 00000014 00000013 00000012 00000011 00000010 0000000f 0000000e 0000000d 0000000c 0000000b 0000000a 00000009 00000008 00000007 00000006 00000005 00000004 00000003 00000002 00000001 00000000 
sm   0 warp 0 0x8000039c 0x026090d7 v  1 11111111111111111111111111111111 00000000 00000000 00000000 00000000 00000000 00000000 00000000 00000000 00000000 00000000 00000000 00000000 00000000 00000000 00000000 00000000 c1100000 c2080000 42140000 40e00000 c1300000 c2740000 c1c00000 41200000 c0e00000 c2800000 c1e80000 c1100000 41d00000 c1d00000 c2040000 c1700000 
sm   0 warp 0 0x800003a4 0x96e13757 v 14 11111111111111111111111111111111 0000007c 00000078 00000074 00000070 0000006c 00000068 00000064 00000060 0000005c 00000058 00000054 00000050 0000004c 00000048 00000044 00000040 0000003c 00000038 00000034 00000030 0000002c 00000028 00000024 00000020 0000001c 00000018 00000014 00000010 0000000c 00000008 00000004 00000000 
sm   0 warp 0 0x800003a8 0x90002137 x  2  90002000
sm   0 warp 0 0x800003ac 0x02e14757 v 14 11111111111111111111111111111111 9000207c 90002078 90002074 90002070 9000206c 90002068 90002064 90002060 9000205c 90002058 90002054 90002050 9000204c 90002048 90002044 90002040 9000203c 90002038 90002034 90002030 9000202c 90002028 90002024 90002020 9000201c 90002018 90002014 90002010 9000200c 90002008 90002004 90002000 
sm   0 warp 0 0x800003b4 0x0000400b endprg
sm   0 warp 0 0x800003b0 0x0017607b lsu.w v  1 op 3 mask 11111111111111111111111111111111 00000000 00000000 00000000 00000000 00000000 00000000 00000000 00000000 00000000 00000000 00000000 00000000 00000000 00000000 00000000 00000000 c1100000 c2080000 42140000 40e00000 c1300000 c2740000 c1c00000 41200000 c0e00000 c2800000 c1e80000 c1100000 41d00000 c1d00000 c2040000 c1700000 @ 9000207c 90002078 90002074 90002070 9000206c 90002068 90002064 90002060 9000205c 90002058 90002054 90002050 9000204c 90002048 90002044 90002040 9000203c 90002038 90002034 90002030 9000202c 90002028 90002024 90002020 9000201c 90002018 90002014 90002010 9000200c 90002008 90002004 90002000
[L1C] #   1895 SM 0 CACHE 1 ADDR 90002000
sm   0 warp 0 0x800003b0 0x0017607b lsu.w finish
[L1C] #   1912 SM 0 CACHE 1 ADDR 9d0f7f80
[L1C] #   2943 SM 0 CACHE 1 ADDR 9d0f7f80
