[RTL     info]@0 SNAPSHOT created, pid=315160
[RTL    trace]@20 Hardware reset ok
[2026-10-06 20:49:53.639] [trace] kernel0 »ô§¬é_ data loaded from file
[RTL    trace]@30 kernel 0 layernorm-d64-s2-c0 activate
[RTL    debug]@5125 block0  dispatched to GPU (kernel0  layernorm-d64-s2-c0 block0 )
[RTL    debug]@10000 
[RTL    debug]@20000 
[RTL    debug]@20775 block0  finished (kernel0  layernorm-d64-s2-c0 block0 )
[RTL     info]@20775 kernel0  layernorm-d64-s2-c0 finished
[RTL    debug]@30000 
[RTL    debug]@40000 
[RTL    debug]@50000 
[RTL    debug]@60000 
[RTL    debug]@70000 
dump-mem: mem[0x90002000 +: 4] = 0x3D63F950
dump-mem: mem[0x90002004 +: 4] = 0x3F7810E2
dump-mem: mem[0x90002008 +: 4] = 0xBEC216CF
dump-mem: mem[0x9000200C +: 4] = 0x3F512398
dump-mem: mem[0x90002010 +: 4] = 0xBF8FA420
dump-mem: mem[0x90002014 +: 4] = 0x3EF12066
dump-mem: mem[0x90002018 +: 4] = 0x3FB47AD4
dump-mem: mem[0x9000201C +: 4] = 0xBEB324F5
dump-mem: mem[0x90002020 +: 4] = 0x3F5F30AC
dump-mem: mem[0x90002024 +: 4] = 0xBF855382
dump-mem: mem[0x90002028 +: 4] = 0x3EE5C1A3
dump-mem: mem[0x9000202C +: 4] = 0x3FB4ED36
dump-mem: mem[0x90002030 +: 4] = 0x3DEF3394
dump-mem: mem[0x90002034 +: 4] = 0x3FAE9EE1
dump-mem: mem[0x90002038 +: 4] = 0xBF7605C6
dump-mem: mem[0x9000203C +: 4] = 0x3EDA62DF
dump-mem: mem[0x90002040 +: 4] = 0x3FB55F99
dump-mem: mem[0x90002044 +: 4] = 0x3E157D7E
dump-mem: mem[0x90002048 +: 4] = 0x3FB5A56B
dump-mem: mem[0x9000204C +: 4] = 0xBEE2C914
dump-mem: mem[0x90002050 +: 4] = 0x3F57820E
dump-mem: mem[0x90002054 +: 4] = 0xBF438D28
dump-mem: mem[0x90002058 +: 4] = 0x3E336133
dump-mem: mem[0x9000205C +: 4] = 0x3FBCABF5
dump-mem: mem[0x90002060 +: 4] = 0xBEB9869C
dump-mem: mem[0x90002064 +: 4] = 0x3F51D2AC
dump-mem: mem[0x90002068 +: 4] = 0xBEA550C5
dump-mem: mem[0x9000206C +: 4] = 0x3F24513A
dump-mem: mem[0x90002070 +: 4] = 0x3FC3B280
dump-mem: mem[0x90002074 +: 4] = 0xBE904424
dump-mem: mem[0x90002078 +: 4] = 0x3F4C234A
dump-mem: mem[0x9000207C +: 4] = 0xBEA38738
dump-mem: mem[0x90002080 +: 4] = 0x3F2BCA27
dump-mem: mem[0x90002084 +: 4] = 0x40015C85
dump-mem: mem[0x90002088 +: 4] = 0x3E71FCA8
dump-mem: mem[0x9000208C +: 4] = 0x3F4673E8
dump-mem: mem[0x90002090 +: 4] = 0xBEA1BDAC
dump-mem: mem[0x90002094 +: 4] = 0x3F334314
dump-mem: mem[0x90002098 +: 4] = 0xBF7B5F38
dump-mem: mem[0x9000209C +: 4] = 0x3EA240CC
dump-mem: mem[0x900020A0 +: 4] = 0x3F986243
dump-mem: mem[0x900020A4 +: 4] = 0x3E0017BD
dump-mem: mem[0x900020A8 +: 4] = 0x3F3ABC01
dump-mem: mem[0x900020AC +: 4] = 0xBF6D5224
dump-mem: mem[0x900020B0 +: 4] = 0x3ECB8345
dump-mem: mem[0x900020B4 +: 4] = 0x3F958A92
dump-mem: mem[0x900020B8 +: 4] = 0x3E03AAD3
dump-mem: mem[0x900020BC +: 4] = 0x3F991A78
dump-mem: mem[0x900020C0 +: 4] = 0xBEDE8A1A
dump-mem: mem[0x900020C4 +: 4] = 0x3EF4C5BE
dump-mem: mem[0x900020C8 +: 4] = 0x3F92B2E1
dump-mem: mem[0x900020CC +: 4] = 0x3E073DE9
dump-mem: mem[0x900020D0 +: 4] = 0x3F9CD6EE
dump-mem: mem[0x900020D4 +: 4] = 0xBEC26FF2
dump-mem: mem[0x900020D8 +: 4] = 0x3F7F041B
dump-mem: mem[0x900020DC +: 4] = 0xBE3E9080
dump-mem: mem[0x900020E0 +: 4] = 0x3E0AD100
dump-mem: mem[0x900020E4 +: 4] = 0x3FA09364
dump-mem: mem[0x900020E8 +: 4] = 0xBEA655C8
dump-mem: mem[0x900020EC +: 4] = 0x3F89D2AC
dump-mem: mem[0x900020F0 +: 4] = 0xBE554E08
dump-mem: mem[0x900020F4 +: 4] = 0x3F139906
dump-mem: mem[0x900020F8 +: 4] = 0x3FDC4FDB
dump-mem: mem[0x900020FC +: 4] = 0xBE8A3BA0
[RTL     info]@70775 Simulation finished in 70775 unit time
- S i m u l a t i o n   R e p o r t: Verilator 5.049 devel
- Verilator: end at 71ns; walltime 23.108 s; speed 3.063 ns/s
- Verilator: cpu 92.157 s on 4 threads; allocated 583 MB
[RTL    debug]@70775 All snapshot process are cleared, OK
