[L1C] #     65 SM 0 CACHE 0 ADDR 80000000
sm   0 warp 0 0x80000000 0x900002b7 x  5  90000000
sm   0 warp 0 0x80000004 0x0002a083 lsu.r x   1 op 0 @ 90000000+00000000
[L1C] #    260 SM 0 CACHE 1 ADDR 90000000
sm   0 warp 0 0x80000004 0x0002a083 x  1  00000000
sm   0 warp 0 0x80000008 0x0002a083 lsu.r x   1 op 0 @ 90000000+00000000
sm   0 warp 0 0x80000008 0x0002a083 x  1  00000000
sm   0 warp 0 0x8000000c 0x0002a083 lsu.r x   1 op 0 @ 90000000+00000000
sm   0 warp 0 0x8000000c 0x0002a083 x  1  00000000
sm   0 warp 0 0x80000010 0x0002a083 lsu.r x   1 op 0 @ 90000000+00000000
sm   0 warp 0 0x80000010 0x0002a083 x  1  00000000
sm   0 warp 0 0x80000014 0x0002a083 lsu.r x   1 op 0 @ 90000000+00000000
sm   0 warp 0 0x80000014 0x0002a083 x  1  00000000
sm   0 warp 0 0x80000018 0x0002a083 lsu.r x   1 op 0 @ 90000000+00000000
sm   0 warp 0 0x80000018 0x0002a083 x  1  00000000
sm   0 warp 0 0x8000001c 0x0002a083 lsu.r x   1 op 0 @ 90000000+00000000
sm   0 warp 0 0x8000001c 0x0002a083 x  1  00000000
sm   0 warp 0 0x80000020 0x0002a083 lsu.r x   1 op 0 @ 90000000+00000000
sm   0 warp 0 0x80000020 0x0002a083 x  1  00000000
sm   0 warp 0 0x80000024 0x0002a083 lsu.r x   1 op 0 @ 90000000+00000000
sm   0 warp 0 0x80000024 0x0002a083 x  1  00000000
sm   0 warp 0 0x80000028 0x0002a083 lsu.r x   1 op 0 @ 90000000+00000000
sm   0 warp 0 0x80000028 0x0002a083 x  1  00000000
sm   0 warp 0 0x8000002c 0x0002a083 lsu.r x   1 op 0 @ 90000000+00000000
sm   0 warp 0 0x8000002c 0x0002a083 x  1  00000000
sm   0 warp 0 0x80000030 0x0002a083 lsu.r x   1 op 0 @ 90000000+00000000
sm   0 warp 0 0x80000030 0x0002a083 x  1  00000000
sm   0 warp 0 0x80000034 0x0002a083 lsu.r x   1 op 0 @ 90000000+00000000
sm   0 warp 0 0x80000034 0x0002a083 x  1  00000000
sm   0 warp 0 0x80000038 0x0002a083 lsu.r x   1 op 0 @ 90000000+00000000
sm   0 warp 0 0x80000038 0x0002a083 x  1  00000000
sm   0 warp 0 0x8000003c 0x0002a083 lsu.r x   1 op 0 @ 90000000+00000000
sm   0 warp 0 0x8000003c 0x0002a083 x  1  00000000
sm   0 warp 0 0x80000040 0x0002a083 lsu.r x   1 op 0 @ 90000000+00000000
sm   0 warp 0 0x80000040 0x0002a083 x  1  00000000
sm   0 warp 0 0x80000044 0x0002a083 lsu.r x   1 op 0 @ 90000000+00000000
sm   0 warp 0 0x80000044 0x0002a083 x  1  00000000
sm   0 warp 0 0x80000048 0x0002a083 lsu.r x   1 op 0 @ 90000000+00000000
sm   0 warp 0 0x80000048 0x0002a083 x  1  00000000
sm   0 warp 0 0x8000004c 0x0002a083 lsu.r x   1 op 0 @ 90000000+00000000
sm   0 warp 0 0x8000004c 0x0002a083 x  1  00000000
sm   0 warp 0 0x80000050 0x0002a083 lsu.r x   1 op 0 @ 90000000+00000000
sm   0 warp 0 0x80000050 0x0002a083 x  1  00000000
sm   0 warp 0 0x80000054 0x0002a083 lsu.r x   1 op 0 @ 90000000+00000000
sm   0 warp 0 0x80000054 0x0002a083 x  1  00000000
sm   0 warp 0 0x80000058 0x0002a083 lsu.r x   1 op 0 @ 90000000+00000000
sm   0 warp 0 0x80000058 0x0002a083 x  1  00000000
sm   0 warp 0 0x8000005c 0x0002a083 lsu.r x   1 op 0 @ 90000000+00000000
[L1C] #    515 SM 0 CACHE 0 ADDR 80000080
sm   0 warp 0 0x8000005c 0x0002a083 x  1  00000000
sm   0 warp 0 0x80000060 0x0002a083 lsu.r x   1 op 0 @ 90000000+00000000
sm   0 warp 0 0x80000060 0x0002a083 x  1  00000000
sm   0 warp 0 0x80000064 0x0002a083 lsu.r x   1 op 0 @ 90000000+00000000
sm   0 warp 0 0x80000064 0x0002a083 x  1  00000000
sm   0 warp 0 0x80000068 0x0002a083 lsu.r x   1 op 0 @ 90000000+00000000
sm   0 warp 0 0x80000068 0x0002a083 x  1  00000000
sm   0 warp 0 0x8000006c 0x0002a083 lsu.r x   1 op 0 @ 90000000+00000000
sm   0 warp 0 0x8000006c 0x0002a083 x  1  00000000
sm   0 warp 0 0x80000070 0x0002a083 lsu.r x   1 op 0 @ 90000000+00000000
sm   0 warp 0 0x80000070 0x0002a083 x  1  00000000
sm   0 warp 0 0x80000074 0x0002a083 lsu.r x   1 op 0 @ 90000000+00000000
sm   0 warp 0 0x80000074 0x0002a083 x  1  00000000
sm   0 warp 0 0x80000078 0x0002a083 lsu.r x   1 op 0 @ 90000000+00000000
sm   0 warp 0 0x80000078 0x0002a083 x  1  00000000
sm   0 warp 0 0x8000007c 0x0002a083 lsu.r x   1 op 0 @ 90000000+00000000
sm   0 warp 0 0x8000007c 0x0002a083 x  1  00000000
sm   0 warp 0 0x80000080 0x0002a083 lsu.r x   1 op 0 @ 90000000+00000000
sm   0 warp 0 0x80000080 0x0002a083 x  1  00000000
sm   0 warp 0 0x80000084 0x0002a083 lsu.r x   1 op 0 @ 90000000+00000000
sm   0 warp 0 0x80000084 0x0002a083 x  1  00000000
sm   0 warp 0 0x80000088 0x0002a083 lsu.r x   1 op 0 @ 90000000+00000000
sm   0 warp 0 0x80000088 0x0002a083 x  1  00000000
sm   0 warp 0 0x8000008c 0x0002a083 lsu.r x   1 op 0 @ 90000000+00000000
sm   0 warp 0 0x8000008c 0x0002a083 x  1  00000000
sm   0 warp 0 0x80000090 0x0002a083 lsu.r x   1 op 0 @ 90000000+00000000
sm   0 warp 0 0x80000090 0x0002a083 x  1  00000000
sm   0 warp 0 0x80000094 0x0002a083 lsu.r x   1 op 0 @ 90000000+00000000
sm   0 warp 0 0x80000094 0x0002a083 x  1  00000000
sm   0 warp 0 0x80000098 0x0002a083 lsu.r x   1 op 0 @ 90000000+00000000
sm   0 warp 0 0x80000098 0x0002a083 x  1  00000000
sm   0 warp 0 0x8000009c 0x0002a083 lsu.r x   1 op 0 @ 90000000+00000000
sm   0 warp 0 0x8000009c 0x0002a083 x  1  00000000
sm   0 warp 0 0x800000a0 0x0002a083 lsu.r x   1 op 0 @ 90000000+00000000
sm   0 warp 0 0x800000a0 0x0002a083 x  1  00000000
sm   0 warp 0 0x800000a4 0x0002a083 lsu.r x   1 op 0 @ 90000000+00000000
sm   0 warp 0 0x800000a4 0x0002a083 x  1  00000000
sm   0 warp 0 0x800000a8 0x0002a083 lsu.r x   1 op 0 @ 90000000+00000000
sm   0 warp 0 0x800000a8 0x0002a083 x  1  00000000
sm   0 warp 0 0x800000ac 0x0002a083 lsu.r x   1 op 0 @ 90000000+00000000
sm   0 warp 0 0x800000ac 0x0002a083 x  1  00000000
sm   0 warp 0 0x800000b0 0x0002a083 lsu.r x   1 op 0 @ 90000000+00000000
sm   0 warp 0 0x800000b0 0x0002a083 x  1  00000000
sm   0 warp 0 0x800000b4 0x0002a083 lsu.r x   1 op 0 @ 90000000+00000000
sm   0 warp 0 0x800000b4 0x0002a083 x  1  00000000
sm   0 warp 0 0x800000b8 0x0002a083 lsu.r x   1 op 0 @ 90000000+00000000
sm   0 warp 0 0x800000b8 0x0002a083 x  1  00000000
sm   0 warp 0 0x800000bc 0x0002a083 lsu.r x   1 op 0 @ 90000000+00000000
sm   0 warp 0 0x800000bc 0x0002a083 x  1  00000000
sm   0 warp 0 0x800000c0 0x0002a083 lsu.r x   1 op 0 @ 90000000+00000000
sm   0 warp 0 0x800000c0 0x0002a083 x  1  00000000
sm   0 warp 0 0x800000c4 0x0002a083 lsu.r x   1 op 0 @ 90000000+00000000
sm   0 warp 0 0x800000c4 0x0002a083 x  1  00000000
sm   0 warp 0 0x800000c8 0x0002a083 lsu.r x   1 op 0 @ 90000000+00000000
sm   0 warp 0 0x800000c8 0x0002a083 x  1  00000000
sm   0 warp 0 0x800000cc 0x0002a083 lsu.r x   1 op 0 @ 90000000+00000000
sm   0 warp 0 0x800000cc 0x0002a083 x  1  00000000
sm   0 warp 0 0x800000d0 0x0002a083 lsu.r x   1 op 0 @ 90000000+00000000
sm   0 warp 0 0x800000d0 0x0002a083 x  1  00000000
sm   0 warp 0 0x800000d4 0x0002a083 lsu.r x   1 op 0 @ 90000000+00000000
sm   0 warp 0 0x800000d4 0x0002a083 x  1  00000000
sm   0 warp 0 0x800000d8 0x0002a083 lsu.r x   1 op 0 @ 90000000+00000000
sm   0 warp 0 0x800000d8 0x0002a083 x  1  00000000
sm   0 warp 0 0x800000dc 0x0002a083 lsu.r x   1 op 0 @ 90000000+00000000
[L1C] #    867 SM 0 CACHE 0 ADDR 80000100
sm   0 warp 0 0x800000dc 0x0002a083 x  1  00000000
sm   0 warp 0 0x800000e0 0x0002a083 lsu.r x   1 op 0 @ 90000000+00000000
sm   0 warp 0 0x800000e0 0x0002a083 x  1  00000000
sm   0 warp 0 0x800000e4 0x0002a083 lsu.r x   1 op 0 @ 90000000+00000000
sm   0 warp 0 0x800000e4 0x0002a083 x  1  00000000
sm   0 warp 0 0x800000e8 0x0002a083 lsu.r x   1 op 0 @ 90000000+00000000
sm   0 warp 0 0x800000e8 0x0002a083 x  1  00000000
sm   0 warp 0 0x800000ec 0x0002a083 lsu.r x   1 op 0 @ 90000000+00000000
sm   0 warp 0 0x800000ec 0x0002a083 x  1  00000000
sm   0 warp 0 0x800000f0 0x0002a083 lsu.r x   1 op 0 @ 90000000+00000000
sm   0 warp 0 0x800000f0 0x0002a083 x  1  00000000
sm   0 warp 0 0x800000f4 0x0002a083 lsu.r x   1 op 0 @ 90000000+00000000
sm   0 warp 0 0x800000f4 0x0002a083 x  1  00000000
sm   0 warp 0 0x800000f8 0x0002a083 lsu.r x   1 op 0 @ 90000000+00000000
sm   0 warp 0 0x800000f8 0x0002a083 x  1  00000000
sm   0 warp 0 0x800000fc 0x0002a083 lsu.r x   1 op 0 @ 90000000+00000000
sm   0 warp 0 0x800000fc 0x0002a083 x  1  00000000
sm   0 warp 0 0x80000100 0x0002a083 lsu.r x   1 op 0 @ 90000000+00000000
sm   0 warp 0 0x80000104 0x90002137 x  2  90002000
sm   0 warp 0 0x80000100 0x0002a083 x  1  00000000
sm   0 warp 0 0x80000108 0x00112023 lsu.w x   1 op 0 00000000 @ 90002000+00000000
sm   0 warp 0 0x8000010c 0x0000400b endprg
[L1C] #    981 SM 0 CACHE 1 ADDR 90002000
sm   0 warp 0 0x80000108 0x00112023 lsu.w finish
[L1C] #    998 SM 0 CACHE 1 ADDR 9d0f7f80
[L1C] #   2029 SM 0 CACHE 1 ADDR 9d0f7f80
