[L1C] #    525 SM 0 CACHE 0 ADDR 80000000
sm   0 warp 0 0x80000000 0x000002b7 x  5  00000000
sm   0 warp 0 0x80000004 0x5e02cfd7 v 31 11111111111111111111111111111111 00000000 00000000 00000000 00000000 00000000 00000000 00000000 00000000 00000000 00000000 00000000 00000000 00000000 00000000 00000000 00000000 00000000 00000000 00000000 00000000 00000000 00000000 00000000 00000000 00000000 00000000 00000000 00000000 00000000 00000000 00000000 00000000 
sm   0 warp 0 0x80000008 0x3d0002b7 x  5  3d000000
sm   0 warp 0 0x8000000c 0x5e02c857 v 16 11111111111111111111111111111111 3d000000 3d000000 3d000000 3d000000 3d000000 3d000000 3d000000 3d000000 3d000000 3d000000 3d000000 3d000000 3d000000 3d000000 3d000000 3d000000 3d000000 3d000000 3d000000 3d000000 3d000000 3d000000 3d000000 3d000000 3d000000 3d000000 3d000000 3d000000 3d000000 3d000000 3d000000 3d000000 
sm   0 warp 0 0x80000010 0x3727c2b7 x  5  3727c000
sm   0 warp 0 0x80000014 0x5ac28293 x  5  3727c5ac
sm   0 warp 0 0x80000018 0x5e02c8d7 v 17 11111111111111111111111111111111 3727c5ac 3727c5ac 3727c5ac 3727c5ac 3727c5ac 3727c5ac 3727c5ac 3727c5ac 3727c5ac 3727c5ac 3727c5ac 3727c5ac 3727c5ac 3727c5ac 3727c5ac 3727c5ac 3727c5ac 3727c5ac 3727c5ac 3727c5ac 3727c5ac 3727c5ac 3727c5ac 3727c5ac 3727c5ac 3727c5ac 3727c5ac 3727c5ac 3727c5ac 3727c5ac 3727c5ac 3727c5ac 
sm   0 warp 0 0x8000001c 0x3f0002b7 x  5  3f000000
sm   0 warp 0 0x80000020 0x5e02c957 v 18 11111111111111111111111111111111 3f000000 3f000000 3f000000 3f000000 3f000000 3f000000 3f000000 3f000000 3f000000 3f000000 3f000000 3f000000 3f000000 3f000000 3f000000 3f000000 3f000000 3f000000 3f000000 3f000000 3f000000 3f000000 3f000000 3f000000 3f000000 3f000000 3f000000 3f000000 3f000000 3f000000 3f000000 3f000000 
sm   0 warp 0 0x80000024 0x3fc002b7 x  5  3fc00000
sm   0 warp 0 0x80000028 0x5e02c9d7 v 19 11111111111111111111111111111111 3fc00000 3fc00000 3fc00000 3fc00000 3fc00000 3fc00000 3fc00000 3fc00000 3fc00000 3fc00000 3fc00000 3fc00000 3fc00000 3fc00000 3fc00000 3fc00000 3fc00000 3fc00000 3fc00000 3fc00000 3fc00000 3fc00000 3fc00000 3fc00000 3fc00000 3fc00000 3fc00000 3fc00000 3fc00000 3fc00000 3fc00000 3fc00000 
sm   0 warp 0 0x8000002c 0x5f3762b7 x  5  5f376000
sm   0 warp 0 0x80000030 0x9df28293 x  5  5f3759df
sm   0 warp 0 0x80000034 0x5e02ca57 v 20 11111111111111111111111111111111 5f3759df 5f3759df 5f3759df 5f3759df 5f3759df 5f3759df 5f3759df 5f3759df 5f3759df 5f3759df 5f3759df 5f3759df 5f3759df 5f3759df 5f3759df 5f3759df 5f3759df 5f3759df 5f3759df 5f3759df 5f3759df 5f3759df 5f3759df 5f3759df 5f3759df 5f3759df 5f3759df 5f3759df 5f3759df 5f3759df 5f3759df 5f3759df 
sm   0 warp 0 0x80000038 0x2bff80d7 v  1 11111111111111111111111111111111 00000000 00000000 00000000 00000000 00000000 00000000 00000000 00000000 00000000 00000000 00000000 00000000 00000000 00000000 00000000 00000000 00000000 00000000 00000000 00000000 00000000 00000000 00000000 00000000 00000000 00000000 00000000 00000000 00000000 00000000 00000000 00000000 
sm   0 warp 0 0x8000003c 0x2bff8157 v  2 11111111111111111111111111111111 00000000 00000000 00000000 00000000 00000000 00000000 00000000 00000000 00000000 00000000 00000000 00000000 00000000 00000000 00000000 00000000 00000000 00000000 00000000 00000000 00000000 00000000 00000000 00000000 00000000 00000000 00000000 00000000 00000000 00000000 00000000 00000000 
sm   0 warp 0 0x80000040 0x90000337 x  6  90000000
sm   0 warp 0 0x80000044 0x5208a557 v 10 11111111111111111111111111111111 0000001f 0000001e 0000001d 0000001c 0000001b 0000001a 00000019 00000018 00000017 00000016 00000015 00000014 00000013 00000012 00000011 00000010 0000000f 0000000e 0000000d 0000000c 0000000b 0000000a 00000009 00000008 00000007 00000006 00000005 00000004 00000003 00000002 00000001 00000000 
sm   0 warp 0 0x80000048 0x96a13557 v 10 11111111111111111111111111111111 0000007c 00000078 00000074 00000070 0000006c 00000068 00000064 00000060 0000005c 00000058 00000054 00000050 0000004c 00000048 00000044 00000040 0000003c 00000038 00000034 00000030 0000002c 00000028 00000024 00000020 0000001c 00000018 00000014 00000010 0000000c 00000008 00000004 00000000 
sm   0 warp 0 0x8000004c 0x02a34557 v 10 11111111111111111111111111111111 9000007c 90000078 90000074 90000070 9000006c 90000068 90000064 90000060 9000005c 90000058 90000054 90000050 9000004c 90000048 90000044 90000040 9000003c 90000038 90000034 90000030 9000002c 90000028 90000024 90000020 9000001c 90000018 90000014 90000010 9000000c 90000008 90000004 90000000 
sm   0 warp 0 0x80000050 0x000521fb lsu.r v  3 op 3 @ 9000007c 90000078 90000074 90000070 9000006c 90000068 90000064 90000060 9000005c 90000058 90000054 90000050 9000004c 90000048 90000044 90000040 9000003c 90000038 90000034 90000030 9000002c 90000028 90000024 90000020 9000001c 90000018 90000014 90000010 9000000c 90000008 90000004 90000000
[L1C] #    631 SM 0 CACHE 1 ADDR 90000000
sm   0 warp 0 0x80000050 0x000521fb v  3 11111111111111111111111111111111 40000000 3e800000 bfc00000 3f800000 bf400000 3fe00000 00000000 bfe00000 3f400000 bf800000 3fc00000 be800000 c0000000 3f000000 bfa00000 3fa00000 bf000000 40000000 3e800000 bfc00000 3f800000 bf400000 3fe00000 00000000 bfe00000 3f400000 bf800000 3fc00000 be800000 c0000000 3f000000 bfa00000 
sm   0 warp 0 0x80000054 0x023090d7 v  1 11111111111111111111111111111111 40000000 3e800000 bfc00000 3f800000 bf400000 3fe00000 00000000 bfe00000 3f400000 bf800000 3fc00000 be800000 c0000000 3f000000 bfa00000 3fa00000 bf000000 40000000 3e800000 bfc00000 3f800000 bf400000 3fe00000 00000000 bfe00000 3f400000 bf800000 3fc00000 be800000 c0000000 3f000000 bfa00000 
sm   0 warp 0 0x8000005c 0x70000337 x  6  70000000
sm   0 warp 0 0x80000060 0x5208a557 v 10 11111111111111111111111111111111 0000001f 0000001e 0000001d 0000001c 0000001b 0000001a 00000019 00000018 00000017 00000016 00000015 00000014 00000013 00000012 00000011 00000010 0000000f 0000000e 0000000d 0000000c 0000000b 0000000a 00000009 00000008 00000007 00000006 00000005 00000004 00000003 00000002 00000001 00000000 
sm   0 warp 0 0x80000058 0xb2319157 v  2 11111111111111111111111111111111 40800000 3d800000 40100000 3f800000 3f100000 40440000 00000000 40440000 3f100000 3f800000 40100000 3d800000 40800000 3e800000 3fc80000 3fc80000 3e800000 40800000 3d800000 40100000 3f800000 3f100000 40440000 00000000 40440000 3f100000 3f800000 40100000 3d800000 40800000 3e800000 3fc80000 
[L1C] #    664 SM 0 CACHE 0 ADDR 80000080
sm   0 warp 0 0x80000064 0x96a13557 v 10 11111111111111111111111111111111 0000007c 00000078 00000074 00000070 0000006c 00000068 00000064 00000060 0000005c 00000058 00000054 00000050 0000004c 00000048 00000044 00000040 0000003c 00000038 00000034 00000030 0000002c 00000028 00000024 00000020 0000001c 00000018 00000014 00000010 0000000c 00000008 00000004 00000000 
sm   0 warp 0 0x80000068 0x02a34557 v 10 11111111111111111111111111111111 7000007c 70000078 70000074 70000070 7000006c 70000068 70000064 70000060 7000005c 70000058 70000054 70000050 7000004c 70000048 70000044 70000040 7000003c 70000038 70000034 70000030 7000002c 70000028 70000024 70000020 7000001c 70000018 70000014 70000010 7000000c 70000008 70000004 70000000 
sm   0 warp 0 0x8000006c 0x0015607b lsu.w v  1 op 3 mask 11111111111111111111111111111111 40000000 3e800000 bfc00000 3f800000 bf400000 3fe00000 00000000 bfe00000 3f400000 bf800000 3fc00000 be800000 c0000000 3f000000 bfa00000 3fa00000 bf000000 40000000 3e800000 bfc00000 3f800000 bf400000 3fe00000 00000000 bfe00000 3f400000 bf800000 3fc00000 be800000 c0000000 3f000000 bfa00000 @ 7000007c 70000078 70000074 70000070 7000006c 70000068 70000064 70000060 7000005c 70000058 70000054 70000050 7000004c 70000048 70000044 70000040 7000003c 70000038 70000034 70000030 7000002c 70000028 70000024 70000020 7000001c 70000018 70000014 70000010 7000000c 70000008 70000004 70000000
sm   0 warp 0 0x80000070 0x70000337 x  6  70000000
sm   0 warp 0 0x80000074 0x5208a557 v 10 11111111111111111111111111111111 0000001f 0000001e 0000001d 0000001c 0000001b 0000001a 00000019 00000018 00000017 00000016 00000015 00000014 00000013 00000012 00000011 00000010 0000000f 0000000e 0000000d 0000000c 0000000b 0000000a 00000009 00000008 00000007 00000006 00000005 00000004 00000003 00000002 00000001 00000000 
sm   0 warp 0 0x8000006c 0x0015607b lsu.w finish
sm   0 warp 0 0x80000078 0x02a83557 v 10 11111111111111111111111111111111 0000000f 0000000e 0000000d 0000000c 0000000b 0000000a 00000009 00000008 00000007 00000006 00000005 00000004 00000003 00000002 00000001 00000000 ffffffff fffffffe fffffffd fffffffc fffffffb fffffffa fffffff9 fffffff8 fffffff7 fffffff6 fffffff5 fffffff4 fffffff3 fffffff2 fffffff1 fffffff0 
sm   0 warp 0 0x8000007c 0x26afb557 v 10 11111111111111111111111111111111 0000000f 0000000e 0000000d 0000000c 0000000b 0000000a 00000009 00000008 00000007 00000006 00000005 00000004 00000003 00000002 00000001 00000000 ffffffff fffffffe fffffffd fffffffc fffffffb fffffffa fffffff9 fffffff8 fffffff7 fffffff6 fffffff5 fffffff4 fffffff3 fffffff2 fffffff1 fffffff0 
sm   0 warp 0 0x80000080 0x96a13557 v 10 11111111111111111111111111111111 0000003c 00000038 00000034 00000030 0000002c 00000028 00000024 00000020 0000001c 00000018 00000014 00000010 0000000c 00000008 00000004 00000000 fffffffc fffffff8 fffffff4 fffffff0 ffffffec ffffffe8 ffffffe4 ffffffe0 ffffffdc ffffffd8 ffffffd4 ffffffd0 ffffffcc ffffffc8 ffffffc4 ffffffc0 
sm   0 warp 0 0x80000084 0x02a34557 v 10 11111111111111111111111111111111 7000003c 70000038 70000034 70000030 7000002c 70000028 70000024 70000020 7000001c 70000018 70000014 70000010 7000000c 70000008 70000004 70000000 6ffffffc 6ffffff8 6ffffff4 6ffffff0 6fffffec 6fffffe8 6fffffe4 6fffffe0 6fffffdc 6fffffd8 6fffffd4 6fffffd0 6fffffcc 6fffffc8 6fffffc4 6fffffc0 
sm   0 warp 0 0x80000088 0x0005227b lsu.r v  4 op 3 @ 7000003c 70000038 70000034 70000030 7000002c 70000028 70000024 70000020 7000001c 70000018 70000014 70000010 7000000c 70000008 70000004 70000000 6ffffffc 6ffffff8 6ffffff4 6ffffff0 6fffffec 6fffffe8 6fffffe4 6fffffe0 6fffffdc 6fffffd8 6fffffd4 6fffffd0 6fffffcc 6fffffc8 6fffffc4 6fffffc0
[L1C] #    712 SM 0 CACHE 1 ADDR 6fffff80
[L1C] #    713 SM 0 CACHE 1 ADDR 70000000
sm   0 warp 0 0x80000088 0x0005227b v  4 11111111111111111111111111111111 00000000 00000000 00000000 00000000 00000000 00000000 00000000 00000000 00000000 00000000 00000000 00000000 00000000 00000000 00000000 00000000 00000000 00000000 00000000 00000000 00000000 00000000 00000000 00000000 00000000 00000000 00000000 00000000 00000000 00000000 00000000 00000000 
sm   0 warp 0 0x80000090 0x70000337 x  6  70000000
sm   0 warp 0 0x8000008c 0x024090d7 v  1 11111111111111111111111111111111 40000000 3e800000 bfc00000 3f800000 bf400000 3fe00000 00000000 bfe00000 3f400000 bf800000 3fc00000 be800000 c0000000 3f000000 bfa00000 3fa00000 bf000000 40000000 3e800000 bfc00000 3f800000 bf400000 3fe00000 00000000 bfe00000 3f400000 bf800000 3fc00000 be800000 c0000000 3f000000 bfa00000 
sm   0 warp 0 0x80000094 0x5208a557 v 10 11111111111111111111111111111111 0000001f 0000001e 0000001d 0000001c 0000001b 0000001a 00000019 00000018 00000017 00000016 00000015 00000014 00000013 00000012 00000011 00000010 0000000f 0000000e 0000000d 0000000c 0000000b 0000000a 00000009 00000008 00000007 00000006 00000005 00000004 00000003 00000002 00000001 00000000 
sm   0 warp 0 0x80000098 0x96a13557 v 10 11111111111111111111111111111111 0000007c 00000078 00000074 00000070 0000006c 00000068 00000064 00000060 0000005c 00000058 00000054 00000050 0000004c 00000048 00000044 00000040 0000003c 00000038 00000034 00000030 0000002c 00000028 00000024 00000020 0000001c 00000018 00000014 00000010 0000000c 00000008 00000004 00000000 
sm   0 warp 0 0x8000009c 0x02a34557 v 10 11111111111111111111111111111111 7000007c 70000078 70000074 70000070 7000006c 70000068 70000064 70000060 7000005c 70000058 70000054 70000050 7000004c 70000048 70000044 70000040 7000003c 70000038 70000034 70000030 7000002c 70000028 70000024 70000020 7000001c 70000018 70000014 70000010 7000000c 70000008 70000004 70000000 
sm   0 warp 0 0x800000a0 0x0015607b lsu.w v  1 op 3 mask 11111111111111111111111111111111 40000000 3e800000 bfc00000 3f800000 bf400000 3fe00000 00000000 bfe00000 3f400000 bf800000 3fc00000 be800000 c0000000 3f000000 bfa00000 3fa00000 bf000000 40000000 3e800000 bfc00000 3f800000 bf400000 3fe00000 00000000 bfe00000 3f400000 bf800000 3fc00000 be800000 c0000000 3f000000 bfa00000 @ 7000007c 70000078 70000074 70000070 7000006c 70000068 70000064 70000060 7000005c 70000058 70000054 70000050 7000004c 70000048 70000044 70000040 7000003c 70000038 70000034 70000030 7000002c 70000028 70000024 70000020 7000001c 70000018 70000014 70000010 7000000c 70000008 70000004 70000000
sm   0 warp 0 0x800000a4 0x70000337 x  6  70000000
sm   0 warp 0 0x800000a8 0x5208a557 v 10 11111111111111111111111111111111 0000001f 0000001e 0000001d 0000001c 0000001b 0000001a 00000019 00000018 00000017 00000016 00000015 00000014 00000013 00000012 00000011 00000010 0000000f 0000000e 0000000d 0000000c 0000000b 0000000a 00000009 00000008 00000007 00000006 00000005 00000004 00000003 00000002 00000001 00000000 
sm   0 warp 0 0x800000a0 0x0015607b lsu.w finish
sm   0 warp 0 0x800000ac 0x02a43557 v 10 11111111111111111111111111111111 00000027 00000026 00000025 00000024 00000023 00000022 00000021 00000020 0000001f 0000001e 0000001d 0000001c 0000001b 0000001a 00000019 00000018 00000017 00000016 00000015 00000014 00000013 00000012 00000011 00000010 0000000f 0000000e 0000000d 0000000c 0000000b 0000000a 00000009 00000008 
sm   0 warp 0 0x800000b0 0x26afb557 v 10 11111111111111111111111111111111 00000027 00000026 00000025 00000024 00000023 00000022 00000021 00000020 0000001f 0000001e 0000001d 0000001c 0000001b 0000001a 00000019 00000018 00000017 00000016 00000015 00000014 00000013 00000012 00000011 00000010 0000000f 0000000e 0000000d 0000000c 0000000b 0000000a 00000009 00000008 
sm   0 warp 0 0x800000b4 0x96a13557 v 10 11111111111111111111111111111111 0000009c 00000098 00000094 00000090 0000008c 00000088 00000084 00000080 0000007c 00000078 00000074 00000070 0000006c 00000068 00000064 00000060 0000005c 00000058 00000054 00000050 0000004c 00000048 00000044 00000040 0000003c 00000038 00000034 00000030 0000002c 00000028 00000024 00000020 
sm   0 warp 0 0x800000b8 0x02a34557 v 10 11111111111111111111111111111111 7000009c 70000098 70000094 70000090 7000008c 70000088 70000084 70000080 7000007c 70000078 70000074 70000070 7000006c 70000068 70000064 70000060 7000005c 70000058 70000054 70000050 7000004c 70000048 70000044 70000040 7000003c 70000038 70000034 70000030 7000002c 70000028 70000024 70000020 
sm   0 warp 0 0x800000bc 0x0005227b lsu.r v  4 op 3 @ 7000009c 70000098 70000094 70000090 7000008c 70000088 70000084 70000080 7000007c 70000078 70000074 70000070 7000006c 70000068 70000064 70000060 7000005c 70000058 70000054 70000050 7000004c 70000048 70000044 70000040 7000003c 70000038 70000034 70000030 7000002c 70000028 70000024 70000020
sm   0 warp 0 0x800000bc 0x0005227b v  4 11111111111111111111111111111111 edab41ec c1ce2dfd 7ba9126f 220ac775 7a1dfa7c c21770e6 73332c99 76d637ef 40000000 3e800000 bfc00000 3f800000 bf400000 3fe00000 00000000 bfe00000 3f400000 bf800000 3fc00000 be800000 c0000000 3f000000 bfa00000 3fa00000 bf000000 40000000 3e800000 bfc00000 3f800000 bf400000 3fe00000 00000000 
sm   0 warp 0 0x800000c4 0x70000337 x  6  70000000
sm   0 warp 0 0x800000c0 0x024090d7 v  1 11111111111111111111111111111111 edab41ec c1cc2dfd 7ba9126f 3f800000 7a1dfa7c c21070e6 73332c99 76d637ef 40300000 bf400000 00000000 3f400000 c0300000 40100000 bfa00000 bf000000 3e800000 3f800000 3fe00000 bfe00000 bf800000 be800000 3f000000 3fa00000 c0100000 40300000 bf400000 00000000 3f400000 c0300000 40100000 bfa00000 
sm   0 warp 0 0x800000c8 0x5208a557 v 10 11111111111111111111111111111111 0000001f 0000001e 0000001d 0000001c 0000001b 0000001a 00000019 00000018 00000017 00000016 00000015 00000014 00000013 00000012 00000011 00000010 0000000f 0000000e 0000000d 0000000c 0000000b 0000000a 00000009 00000008 00000007 00000006 00000005 00000004 00000003 00000002 00000001 00000000 
sm   0 warp 0 0x800000cc 0x96a13557 v 10 11111111111111111111111111111111 0000007c 00000078 00000074 00000070 0000006c 00000068 00000064 00000060 0000005c 00000058 00000054 00000050 0000004c 00000048 00000044 00000040 0000003c 00000038 00000034 00000030 0000002c 00000028 00000024 00000020 0000001c 00000018 00000014 00000010 0000000c 00000008 00000004 00000000 
sm   0 warp 0 0x800000d0 0x02a34557 v 10 11111111111111111111111111111111 7000007c 70000078 70000074 70000070 7000006c 70000068 70000064 70000060 7000005c 70000058 70000054 70000050 7000004c 70000048 70000044 70000040 7000003c 70000038 70000034 70000030 7000002c 70000028 70000024 70000020 7000001c 70000018 70000014 70000010 7000000c 70000008 70000004 70000000 
sm   0 warp 0 0x800000d4 0x0015607b lsu.w v  1 op 3 mask 11111111111111111111111111111111 edab41ec c1cc2dfd 7ba9126f 3f800000 7a1dfa7c c21070e6 73332c99 76d637ef 40300000 bf400000 00000000 3f400000 c0300000 40100000 bfa00000 bf000000 3e800000 3f800000 3fe00000 bfe00000 bf800000 be800000 3f000000 3fa00000 c0100000 40300000 bf400000 00000000 3f400000 c0300000 40100000 bfa00000 @ 7000007c 70000078 70000074 70000070 7000006c 70000068 70000064 70000060 7000005c 70000058 70000054 70000050 7000004c 70000048 70000044 70000040 7000003c 70000038 70000034 70000030 7000002c 70000028 70000024 70000020 7000001c 70000018 70000014 70000010 7000000c 70000008 70000004 70000000
sm   0 warp 0 0x800000d8 0x70000337 x  6  70000000
sm   0 warp 0 0x800000dc 0x5208a557 v 10 11111111111111111111111111111111 0000001f 0000001e 0000001d 0000001c 0000001b 0000001a 00000019 00000018 00000017 00000016 00000015 00000014 00000013 00000012 00000011 00000010 0000000f 0000000e 0000000d 0000000c 0000000b 0000000a 00000009 00000008 00000007 00000006 00000005 00000004 00000003 00000002 00000001 00000000 
sm   0 warp 0 0x800000d4 0x0015607b lsu.w finish
[L1C] #    822 SM 0 CACHE 0 ADDR 80000100
sm   0 warp 0 0x800000e0 0x02a23557 v 10 11111111111111111111111111111111 00000023 00000022 00000021 00000020 0000001f 0000001e 0000001d 0000001c 0000001b 0000001a 00000019 00000018 00000017 00000016 00000015 00000014 00000013 00000012 00000011 00000010 0000000f 0000000e 0000000d 0000000c 0000000b 0000000a 00000009 00000008 00000007 00000006 00000005 00000004 
sm   0 warp 0 0x800000e4 0x26afb557 v 10 11111111111111111111111111111111 00000023 00000022 00000021 00000020 0000001f 0000001e 0000001d 0000001c 0000001b 0000001a 00000019 00000018 00000017 00000016 00000015 00000014 00000013 00000012 00000011 00000010 0000000f 0000000e 0000000d 0000000c 0000000b 0000000a 00000009 00000008 00000007 00000006 00000005 00000004 
sm   0 warp 0 0x800000e8 0x96a13557 v 10 11111111111111111111111111111111 0000008c 00000088 00000084 00000080 0000007c 00000078 00000074 00000070 0000006c 00000068 00000064 00000060 0000005c 00000058 00000054 00000050 0000004c 00000048 00000044 00000040 0000003c 00000038 00000034 00000030 0000002c 00000028 00000024 00000020 0000001c 00000018 00000014 00000010 
sm   0 warp 0 0x800000ec 0x02a34557 v 10 11111111111111111111111111111111 7000008c 70000088 70000084 70000080 7000007c 70000078 70000074 70000070 7000006c 70000068 70000064 70000060 7000005c 70000058 70000054 70000050 7000004c 70000048 70000044 70000040 7000003c 70000038 70000034 70000030 7000002c 70000028 70000024 70000020 7000001c 70000018 70000014 70000010 
sm   0 warp 0 0x800000f0 0x0005227b lsu.r v  4 op 3 @ 7000008c 70000088 70000084 70000080 7000007c 70000078 70000074 70000070 7000006c 70000068 70000064 70000060 7000005c 70000058 70000054 70000050 7000004c 70000048 70000044 70000040 7000003c 70000038 70000034 70000030 7000002c 70000028 70000024 70000020 7000001c 70000018 70000014 70000010
sm   0 warp 0 0x800000f0 0x0005227b v  4 11111111111111111111111111111111 7a1dfa7c c21770e6 73332c99 76d637ef edab41ec c1cc2dfd 7ba9126f 3f800000 7a1dfa7c c21070e6 73332c99 76d637ef 40300000 bf400000 00000000 3f400000 c0300000 40100000 bfa00000 bf000000 3e800000 3f800000 3fe00000 bfe00000 bf800000 be800000 3f000000 3fa00000 c0100000 40300000 bf400000 00000000 
sm   0 warp 0 0x800000f8 0x70000337 x  6  70000000
sm   0 warp 0 0x800000f4 0x024090d7 v  1 11111111111111111111111111111111 7a1dfa7c c27d87e4 7ba912c9 76d637ef 7a1dfa7c c27687e4 7ba912c9 76d637ef 7a1dfa7c c21370e6 73332c99 76d637ef 00000000 3fc00000 bfa00000 3e800000 c0200000 40500000 3f000000 c0100000 bf400000 3f400000 40100000 bf000000 c0500000 40200000 be800000 3fa00000 bfc00000 00000000 3fc00000 bfa00000 
sm   0 warp 0 0x800000fc 0x5208a557 v 10 11111111111111111111111111111111 0000001f 0000001e 0000001d 0000001c 0000001b 0000001a 00000019 00000018 00000017 00000016 00000015 00000014 00000013 00000012 00000011 00000010 0000000f 0000000e 0000000d 0000000c 0000000b 0000000a 00000009 00000008 00000007 00000006 00000005 00000004 00000003 00000002 00000001 00000000 
sm   0 warp 0 0x80000100 0x96a13557 v 10 11111111111111111111111111111111 0000007c 00000078 00000074 00000070 0000006c 00000068 00000064 00000060 0000005c 00000058 00000054 00000050 0000004c 00000048 00000044 00000040 0000003c 00000038 00000034 00000030 0000002c 00000028 00000024 00000020 0000001c 00000018 00000014 00000010 0000000c 00000008 00000004 00000000 
sm   0 warp 0 0x80000104 0x02a34557 v 10 11111111111111111111111111111111 7000007c 70000078 70000074 70000070 7000006c 70000068 70000064 70000060 7000005c 70000058 70000054 70000050 7000004c 70000048 70000044 70000040 7000003c 70000038 70000034 70000030 7000002c 70000028 70000024 70000020 7000001c 70000018 70000014 70000010 7000000c 70000008 70000004 70000000 
sm   0 warp 0 0x80000108 0x0015607b lsu.w v  1 op 3 mask 11111111111111111111111111111111 7a1dfa7c c27d87e4 7ba912c9 76d637ef 7a1dfa7c c27687e4 7ba912c9 76d637ef 7a1dfa7c c21370e6 73332c99 76d637ef 00000000 3fc00000 bfa00000 3e800000 c0200000 40500000 3f000000 c0100000 bf400000 3f400000 40100000 bf000000 c0500000 40200000 be800000 3fa00000 bfc00000 00000000 3fc00000 bfa00000 @ 7000007c 70000078 70000074 70000070 7000006c 70000068 70000064 70000060 7000005c 70000058 70000054 70000050 7000004c 70000048 70000044 70000040 7000003c 70000038 70000034 70000030 7000002c 70000028 70000024 70000020 7000001c 70000018 70000014 70000010 7000000c 70000008 70000004 70000000
sm   0 warp 0 0x8000010c 0x70000337 x  6  70000000
sm   0 warp 0 0x80000110 0x5208a557 v 10 11111111111111111111111111111111 0000001f 0000001e 0000001d 0000001c 0000001b 0000001a 00000019 00000018 00000017 00000016 00000015 00000014 00000013 00000012 00000011 00000010 0000000f 0000000e 0000000d 0000000c 0000000b 0000000a 00000009 00000008 00000007 00000006 00000005 00000004 00000003 00000002 00000001 00000000 
sm   0 warp 0 0x80000108 0x0015607b lsu.w finish
sm   0 warp 0 0x80000114 0x02a13557 v 10 11111111111111111111111111111111 00000021 00000020 0000001f 0000001e 0000001d 0000001c 0000001b 0000001a 00000019 00000018 00000017 00000016 00000015 00000014 00000013 00000012 00000011 00000010 0000000f 0000000e 0000000d 0000000c 0000000b 0000000a 00000009 00000008 00000007 00000006 00000005 00000004 00000003 00000002 
sm   0 warp 0 0x80000118 0x26afb557 v 10 11111111111111111111111111111111 00000021 00000020 0000001f 0000001e 0000001d 0000001c 0000001b 0000001a 00000019 00000018 00000017 00000016 00000015 00000014 00000013 00000012 00000011 00000010 0000000f 0000000e 0000000d 0000000c 0000000b 0000000a 00000009 00000008 00000007 00000006 00000005 00000004 00000003 00000002 
sm   0 warp 0 0x8000011c 0x96a13557 v 10 11111111111111111111111111111111 00000084 00000080 0000007c 00000078 00000074 00000070 0000006c 00000068 00000064 00000060 0000005c 00000058 00000054 00000050 0000004c 00000048 00000044 00000040 0000003c 00000038 00000034 00000030 0000002c 00000028 00000024 00000020 0000001c 00000018 00000014 00000010 0000000c 00000008 
sm   0 warp 0 0x80000120 0x02a34557 v 10 11111111111111111111111111111111 70000084 70000080 7000007c 70000078 70000074 70000070 7000006c 70000068 70000064 70000060 7000005c 70000058 70000054 70000050 7000004c 70000048 70000044 70000040 7000003c 70000038 70000034 70000030 7000002c 70000028 70000024 70000020 7000001c 70000018 70000014 70000010 7000000c 70000008 
sm   0 warp 0 0x80000124 0x0005227b lsu.r v  4 op 3 @ 70000084 70000080 7000007c 70000078 70000074 70000070 7000006c 70000068 70000064 70000060 7000005c 70000058 70000054 70000050 7000004c 70000048 70000044 70000040 7000003c 70000038 70000034 70000030 7000002c 70000028 70000024 70000020 7000001c 70000018 70000014 70000010 7000000c 70000008
sm   0 warp 0 0x80000124 0x0005227b v  4 11111111111111111111111111111111 73332c99 76d637ef 7a1dfa7c c27d87e4 7ba912c9 76d637ef 7a1dfa7c c27687e4 7ba912c9 76d637ef 7a1dfa7c c21370e6 73332c99 76d637ef 00000000 3fc00000 bfa00000 3e800000 c0200000 40500000 3f000000 c0100000 bf400000 3f400000 40100000 bf000000 c0500000 40200000 be800000 3fa00000 bfc00000 00000000 
sm   0 warp 0 0x8000012c 0x70000337 x  6  70000000
sm   0 warp 0 0x80000128 0x024090d7 v  1 11111111111111111111111111111111 7a1dfd49 76d637ef 7bbcd218 76d637ef 7bbcd218 76d637ef 7bbcd218 76d637ef 7bbcd218 76d637ef 7a1dfd49 76d637ef 73332c99 76d637ef bfa00000 3fe00000 c0700000 40600000 c0000000 3f800000 be800000 bfc00000 3fc00000 3e800000 bf800000 40000000 c0600000 40700000 bfe00000 3fa00000 00000000 bfa00000 
sm   0 warp 0 0x80000130 0x5208a557 v 10 11111111111111111111111111111111 0000001f 0000001e 0000001d 0000001c 0000001b 0000001a 00000019 00000018 00000017 00000016 00000015 00000014 00000013 00000012 00000011 00000010 0000000f 0000000e 0000000d 0000000c 0000000b 0000000a 00000009 00000008 00000007 00000006 00000005 00000004 00000003 00000002 00000001 00000000 
sm   0 warp 0 0x80000134 0x96a13557 v 10 11111111111111111111111111111111 0000007c 00000078 00000074 00000070 0000006c 00000068 00000064 00000060 0000005c 00000058 00000054 00000050 0000004c 00000048 00000044 00000040 0000003c 00000038 00000034 00000030 0000002c 00000028 00000024 00000020 0000001c 00000018 00000014 00000010 0000000c 00000008 00000004 00000000 
sm   0 warp 0 0x80000138 0x02a34557 v 10 11111111111111111111111111111111 7000007c 70000078 70000074 70000070 7000006c 70000068 70000064 70000060 7000005c 70000058 70000054 70000050 7000004c 70000048 70000044 70000040 7000003c 70000038 70000034 70000030 7000002c 70000028 70000024 70000020 7000001c 70000018 70000014 70000010 7000000c 70000008 70000004 70000000 
sm   0 warp 0 0x8000013c 0x0015607b lsu.w v  1 op 3 mask 11111111111111111111111111111111 7a1dfd49 76d637ef 7bbcd218 76d637ef 7bbcd218 76d637ef 7bbcd218 76d637ef 7bbcd218 76d637ef 7a1dfd49 76d637ef 73332c99 76d637ef bfa00000 3fe00000 c0700000 40600000 c0000000 3f800000 be800000 bfc00000 3fc00000 3e800000 bf800000 40000000 c0600000 40700000 bfe00000 3fa00000 00000000 bfa00000 @ 7000007c 70000078 70000074 70000070 7000006c 70000068 70000064 70000060 7000005c 70000058 70000054 70000050 7000004c 70000048 70000044 70000040 7000003c 70000038 70000034 70000030 7000002c 70000028 70000024 70000020 7000001c 70000018 70000014 70000010 7000000c 70000008 70000004 70000000
sm   0 warp 0 0x80000140 0x70000337 x  6  70000000
sm   0 warp 0 0x80000144 0x5208a557 v 10 11111111111111111111111111111111 0000001f 0000001e 0000001d 0000001c 0000001b 0000001a 00000019 00000018 00000017 00000016 00000015 00000014 00000013 00000012 00000011 00000010 0000000f 0000000e 0000000d 0000000c 0000000b 0000000a 00000009 00000008 00000007 00000006 00000005 00000004 00000003 00000002 00000001 00000000 
sm   0 warp 0 0x8000013c 0x0015607b lsu.w finish
sm   0 warp 0 0x80000148 0x02a0b557 v 10 11111111111111111111111111111111 00000020 0000001f 0000001e 0000001d 0000001c 0000001b 0000001a 00000019 00000018 00000017 00000016 00000015 00000014 00000013 00000012 00000011 00000010 0000000f 0000000e 0000000d 0000000c 0000000b 0000000a 00000009 00000008 00000007 00000006 00000005 00000004 00000003 00000002 00000001 
sm   0 warp 0 0x8000014c 0x26afb557 v 10 11111111111111111111111111111111 00000020 0000001f 0000001e 0000001d 0000001c 0000001b 0000001a 00000019 00000018 00000017 00000016 00000015 00000014 00000013 00000012 00000011 00000010 0000000f 0000000e 0000000d 0000000c 0000000b 0000000a 00000009 00000008 00000007 00000006 00000005 00000004 00000003 00000002 00000001 
sm   0 warp 0 0x80000150 0x96a13557 v 10 11111111111111111111111111111111 00000080 0000007c 00000078 00000074 00000070 0000006c 00000068 00000064 00000060 0000005c 00000058 00000054 00000050 0000004c 00000048 00000044 00000040 0000003c 00000038 00000034 00000030 0000002c 00000028 00000024 00000020 0000001c 00000018 00000014 00000010 0000000c 00000008 00000004 
sm   0 warp 0 0x80000154 0x02a34557 v 10 11111111111111111111111111111111 70000080 7000007c 70000078 70000074 70000070 7000006c 70000068 70000064 70000060 7000005c 70000058 70000054 70000050 7000004c 70000048 70000044 70000040 7000003c 70000038 70000034 70000030 7000002c 70000028 70000024 70000020 7000001c 70000018 70000014 70000010 7000000c 70000008 70000004 
sm   0 warp 0 0x80000158 0x0005227b lsu.r v  4 op 3 @ 70000080 7000007c 70000078 70000074 70000070 7000006c 70000068 70000064 70000060 7000005c 70000058 70000054 70000050 7000004c 70000048 70000044 70000040 7000003c 70000038 70000034 70000030 7000002c 70000028 70000024 70000020 7000001c 70000018 70000014 70000010 7000000c 70000008 70000004
sm   0 warp 0 0x80000158 0x0005227b v  4 11111111111111111111111111111111 76d637ef 7a1dfd49 76d637ef 7bbcd218 76d637ef 7bbcd218 76d637ef 7bbcd218 76d637ef 7bbcd218 76d637ef 7a1dfd49 76d637ef 73332c99 76d637ef bfa00000 3fe00000 c0700000 40600000 c0000000 3f800000 be800000 bfc00000 3fc00000 3e800000 bf800000 40000000 c0600000 40700000 bfe00000 3fa00000 00000000 
[L1C] #    977 SM 0 CACHE 0 ADDR 80000180
sm   0 warp 0 0x80000160 0x70000337 x  6  70000000
sm   0 warp 0 0x8000015c 0x024090d7 v  1 11111111111111111111111111111111 7a1fa9b9 7a1fa9b9 7bbd07a6 7bbd07a6 7bbd07a6 7bbd07a6 7bbd07a6 7bbd07a6 7bbd07a6 7bbd07a6 7a1fa9b9 7a1fa9b9 76d79e48 76d79e48 76d637ef 3f000000 c0000000 be800000 3fc00000 bf800000 3f400000 bfe00000 00000000 3fe00000 bf400000 3f800000 bfc00000 3e800000 40000000 bf000000 3fa00000 bfa00000 
sm   0 warp 0 0x80000164 0x5208a557 v 10 11111111111111111111111111111111 0000001f 0000001e 0000001d 0000001c 0000001b 0000001a 00000019 00000018 00000017 00000016 00000015 00000014 00000013 00000012 00000011 00000010 0000000f 0000000e 0000000d 0000000c 0000000b 0000000a 00000009 00000008 00000007 00000006 00000005 00000004 00000003 00000002 00000001 00000000 
sm   0 warp 0 0x80000168 0x96a13557 v 10 11111111111111111111111111111111 0000007c 00000078 00000074 00000070 0000006c 00000068 00000064 00000060 0000005c 00000058 00000054 00000050 0000004c 00000048 00000044 00000040 0000003c 00000038 00000034 00000030 0000002c 00000028 00000024 00000020 0000001c 00000018 00000014 00000010 0000000c 00000008 00000004 00000000 
sm   0 warp 0 0x8000016c 0x02a34557 v 10 11111111111111111111111111111111 7000007c 70000078 70000074 70000070 7000006c 70000068 70000064 70000060 7000005c 70000058 70000054 70000050 7000004c 70000048 70000044 70000040 7000003c 70000038 70000034 70000030 7000002c 70000028 70000024 70000020 7000001c 70000018 70000014 70000010 7000000c 70000008 70000004 70000000 
sm   0 warp 0 0x80000170 0x0015607b lsu.w v  1 op 3 mask 11111111111111111111111111111111 7a1fa9b9 7a1fa9b9 7bbd07a6 7bbd07a6 7bbd07a6 7bbd07a6 7bbd07a6 7bbd07a6 7bbd07a6 7bbd07a6 7a1fa9b9 7a1fa9b9 76d79e48 76d79e48 76d637ef 3f000000 c0000000 be800000 3fc00000 bf800000 3f400000 bfe00000 00000000 3fe00000 bf400000 3f800000 bfc00000 3e800000 40000000 bf000000 3fa00000 bfa00000 @ 7000007c 70000078 70000074 70000070 7000006c 70000068 70000064 70000060 7000005c 70000058 70000054 70000050 7000004c 70000048 70000044 70000040 7000003c 70000038 70000034 70000030 7000002c 70000028 70000024 70000020 7000001c 70000018 70000014 70000010 7000000c 70000008 70000004 70000000
sm   0 warp 0 0x80000174 0x70000337 x  6  70000000
sm   0 warp 0 0x80000170 0x0015607b lsu.w finish
sm   0 warp 0 0x80000178 0x10030313 x  6  70000100
sm   0 warp 0 0x8000017c 0x5208a557 v 10 11111111111111111111111111111111 0000001f 0000001e 0000001d 0000001c 0000001b 0000001a 00000019 00000018 00000017 00000016 00000015 00000014 00000013 00000012 00000011 00000010 0000000f 0000000e 0000000d 0000000c 0000000b 0000000a 00000009 00000008 00000007 00000006 00000005 00000004 00000003 00000002 00000001 00000000 
sm   0 warp 0 0x80000180 0x96a13557 v 10 11111111111111111111111111111111 0000007c 00000078 00000074 00000070 0000006c 00000068 00000064 00000060 0000005c 00000058 00000054 00000050 0000004c 00000048 00000044 00000040 0000003c 00000038 00000034 00000030 0000002c 00000028 00000024 00000020 0000001c 00000018 00000014 00000010 0000000c 00000008 00000004 00000000 
sm   0 warp 0 0x80000184 0x02a34557 v 10 11111111111111111111111111111111 7000017c 70000178 70000174 70000170 7000016c 70000168 70000164 70000160 7000015c 70000158 70000154 70000150 7000014c 70000148 70000144 70000140 7000013c 70000138 70000134 70000130 7000012c 70000128 70000124 70000120 7000011c 70000118 70000114 70000110 7000010c 70000108 70000104 70000100 
sm   0 warp 0 0x80000188 0x0025607b lsu.w v  2 op 3 mask 11111111111111111111111111111111 40800000 3d800000 40100000 3f800000 3f100000 40440000 00000000 40440000 3f100000 3f800000 40100000 3d800000 40800000 3e800000 3fc80000 3fc80000 3e800000 40800000 3d800000 40100000 3f800000 3f100000 40440000 00000000 40440000 3f100000 3f800000 40100000 3d800000 40800000 3e800000 3fc80000 @ 7000017c 70000178 70000174 70000170 7000016c 70000168 70000164 70000160 7000015c 70000158 70000154 70000150 7000014c 70000148 70000144 70000140 7000013c 70000138 70000134 70000130 7000012c 70000128 70000124 70000120 7000011c 70000118 70000114 70000110 7000010c 70000108 70000104 70000100
sm   0 warp 0 0x8000018c 0x70000337 x  6  70000000
sm   0 warp 0 0x80000188 0x0025607b lsu.w finish
sm   0 warp 0 0x80000190 0x10030313 x  6  70000100
sm   0 warp 0 0x80000194 0x5208a557 v 10 11111111111111111111111111111111 0000001f 0000001e 0000001d 0000001c 0000001b 0000001a 00000019 00000018 00000017 00000016 00000015 00000014 00000013 00000012 00000011 00000010 0000000f 0000000e 0000000d 0000000c 0000000b 0000000a 00000009 00000008 00000007 00000006 00000005 00000004 00000003 00000002 00000001 00000000 
sm   0 warp 0 0x80000198 0x02a83557 v 10 11111111111111111111111111111111 0000000f 0000000e 0000000d 0000000c 0000000b 0000000a 00000009 00000008 00000007 00000006 00000005 00000004 00000003 00000002 00000001 00000000 ffffffff fffffffe fffffffd fffffffc fffffffb fffffffa fffffff9 fffffff8 fffffff7 fffffff6 fffffff5 fffffff4 fffffff3 fffffff2 fffffff1 fffffff0 
sm   0 warp 0 0x8000019c 0x26afb557 v 10 11111111111111111111111111111111 0000000f 0000000e 0000000d 0000000c 0000000b 0000000a 00000009 00000008 00000007 00000006 00000005 00000004 00000003 00000002 00000001 00000000 ffffffff fffffffe fffffffd fffffffc fffffffb fffffffa fffffff9 fffffff8 fffffff7 fffffff6 fffffff5 fffffff4 fffffff3 fffffff2 fffffff1 fffffff0 
sm   0 warp 0 0x800001a0 0x96a13557 v 10 11111111111111111111111111111111 0000003c 00000038 00000034 00000030 0000002c 00000028 00000024 00000020 0000001c 00000018 00000014 00000010 0000000c 00000008 00000004 00000000 fffffffc fffffff8 fffffff4 fffffff0 ffffffec ffffffe8 ffffffe4 ffffffe0 ffffffdc ffffffd8 ffffffd4 ffffffd0 ffffffcc ffffffc8 ffffffc4 ffffffc0 
sm   0 warp 0 0x800001a4 0x02a34557 v 10 11111111111111111111111111111111 7000013c 70000138 70000134 70000130 7000012c 70000128 70000124 70000120 7000011c 70000118 70000114 70000110 7000010c 70000108 70000104 70000100 700000fc 700000f8 700000f4 700000f0 700000ec 700000e8 700000e4 700000e0 700000dc 700000d8 700000d4 700000d0 700000cc 700000c8 700000c4 700000c0 
sm   0 warp 0 0x800001a8 0x0005227b lsu.r v  4 op 3 @ 7000013c 70000138 70000134 70000130 7000012c 70000128 70000124 70000120 7000011c 70000118 70000114 70000110 7000010c 70000108 70000104 70000100 700000fc 700000f8 700000f4 700000f0 700000ec 700000e8 700000e4 700000e0 700000dc 700000d8 700000d4 700000d0 700000cc 700000c8 700000c4 700000c0
sm   0 warp 0 0x800001a8 0x0005227b v  4 11111111111111111111111111111111 3e800000 40800000 3d800000 40100000 3f800000 3f100000 40440000 00000000 40440000 3f100000 3f800000 40100000 3d800000 40800000 3e800000 3fc80000 2426e27e 3762e3b7 9ea53c6b 4c43c1a3 85d5356f 0c1c0c4d cc062113 d57508a7 3383b10c 4640c17a 228754fd c329cc8a f1112748 e86b071f 731c3705 12a0bb10 
sm   0 warp 0 0x800001b0 0x70000337 x  6  70000000
sm   0 warp 0 0x800001ac 0x02411157 v  2 11111111111111111111111111111111 40880000 40820000 40140000 40500000 3fc80000 40680000 40440000 40440000 40680000 3fc80000 40500000 40140000 40820000 40880000 3fe80000 40480000 3e800000 4080001c 3d800000 4c43c1a4 3f800000 3f100000 cc062112 d57508a7 40440000 4640c3ba 3f800000 c3278c8a f1112748 e86b071f 731c3705 3fc80000 
sm   0 warp 0 0x800001b4 0x10030313 x  6  70000100
sm   0 warp 0 0x800001b8 0x5208a557 v 10 11111111111111111111111111111111 0000001f 0000001e 0000001d 0000001c 0000001b 0000001a 00000019 00000018 00000017 00000016 00000015 00000014 00000013 00000012 00000011 00000010 0000000f 0000000e 0000000d 0000000c 0000000b 0000000a 00000009 00000008 00000007 00000006 00000005 00000004 00000003 00000002 00000001 00000000 
sm   0 warp 0 0x800001bc 0x96a13557 v 10 11111111111111111111111111111111 0000007c 00000078 00000074 00000070 0000006c 00000068 00000064 00000060 0000005c 00000058 00000054 00000050 0000004c 00000048 00000044 00000040 0000003c 00000038 00000034 00000030 0000002c 00000028 00000024 00000020 0000001c 00000018 00000014 00000010 0000000c 00000008 00000004 00000000 
sm   0 warp 0 0x800001c0 0x02a34557 v 10 11111111111111111111111111111111 7000017c 70000178 70000174 70000170 7000016c 70000168 70000164 70000160 7000015c 70000158 70000154 70000150 7000014c 70000148 70000144 70000140 7000013c 70000138 70000134 70000130 7000012c 70000128 70000124 70000120 7000011c 70000118 70000114 70000110 7000010c 70000108 70000104 70000100 
sm   0 warp 0 0x800001c4 0x0025607b lsu.w v  2 op 3 mask 11111111111111111111111111111111 40880000 40820000 40140000 40500000 3fc80000 40680000 40440000 40440000 40680000 3fc80000 40500000 40140000 40820000 40880000 3fe80000 40480000 3e800000 4080001c 3d800000 4c43c1a4 3f800000 3f100000 cc062112 d57508a7 40440000 4640c3ba 3f800000 c3278c8a f1112748 e86b071f 731c3705 3fc80000 @ 7000017c 70000178 70000174 70000170 7000016c 70000168 70000164 70000160 7000015c 70000158 70000154 70000150 7000014c 70000148 70000144 70000140 7000013c 70000138 70000134 70000130 7000012c 70000128 70000124 70000120 7000011c 70000118 70000114 70000110 7000010c 70000108 70000104 70000100
sm   0 warp 0 0x800001c8 0x70000337 x  6  70000000
sm   0 warp 0 0x800001c4 0x0025607b lsu.w finish
sm   0 warp 0 0x800001cc 0x10030313 x  6  70000100
sm   0 warp 0 0x800001d0 0x5208a557 v 10 11111111111111111111111111111111 0000001f 0000001e 0000001d 0000001c 0000001b 0000001a 00000019 00000018 00000017 00000016 00000015 00000014 00000013 00000012 00000011 00000010 0000000f 0000000e 0000000d 0000000c 0000000b 0000000a 00000009 00000008 00000007 00000006 00000005 00000004 00000003 00000002 00000001 00000000 
sm   0 warp 0 0x800001d4 0x02a43557 v 10 11111111111111111111111111111111 00000027 00000026 00000025 00000024 00000023 00000022 00000021 00000020 0000001f 0000001e 0000001d 0000001c 0000001b 0000001a 00000019 00000018 00000017 00000016 00000015 00000014 00000013 00000012 00000011 00000010 0000000f 0000000e 0000000d 0000000c 0000000b 0000000a 00000009 00000008 
sm   0 warp 0 0x800001d8 0x26afb557 v 10 11111111111111111111111111111111 00000027 00000026 00000025 00000024 00000023 00000022 00000021 00000020 0000001f 0000001e 0000001d 0000001c 0000001b 0000001a 00000019 00000018 00000017 00000016 00000015 00000014 00000013 00000012 00000011 00000010 0000000f 0000000e 0000000d 0000000c 0000000b 0000000a 00000009 00000008 
sm   0 warp 0 0x800001dc 0x96a13557 v 10 11111111111111111111111111111111 0000009c 00000098 00000094 00000090 0000008c 00000088 00000084 00000080 0000007c 00000078 00000074 00000070 0000006c 00000068 00000064 00000060 0000005c 00000058 00000054 00000050 0000004c 00000048 00000044 00000040 0000003c 00000038 00000034 00000030 0000002c 00000028 00000024 00000020 
[L1C] #   1116 SM 0 CACHE 0 ADDR 80000200
sm   0 warp 0 0x800001e0 0x02a34557 v 10 11111111111111111111111111111111 7000019c 70000198 70000194 70000190 7000018c 70000188 70000184 70000180 7000017c 70000178 70000174 70000170 7000016c 70000168 70000164 70000160 7000015c 70000158 70000154 70000150 7000014c 70000148 70000144 70000140 7000013c 70000138 70000134 70000130 7000012c 70000128 70000124 70000120 
sm   0 warp 0 0x800001e4 0x0005227b lsu.r v  4 op 3 @ 7000019c 70000198 70000194 70000190 7000018c 70000188 70000184 70000180 7000017c 70000178 70000174 70000170 7000016c 70000168 70000164 70000160 7000015c 70000158 70000154 70000150 7000014c 70000148 70000144 70000140 7000013c 70000138 70000134 70000130 7000012c 70000128 70000124 70000120
sm   0 warp 0 0x800001e4 0x0005227b v  4 11111111111111111111111111111111 4f446d1e 603d4fe3 b4419800 436511ca e16956b3 99392628 795c986d 1536aad9 40880000 40820000 40140000 40500000 3fc80000 40680000 40440000 40440000 40680000 3fc80000 40500000 40140000 40820000 40880000 3fe80000 40480000 3e800000 4080001c 3d800000 4c43c1a4 3f800000 3f100000 cc062112 d57508a7 
sm   0 warp 0 0x800001ec 0x70000337 x  6  70000000
sm   0 warp 0 0x800001e8 0x02411157 v  2 11111111111111111111111111111111 4f446d1e 603d4fe3 4013ffff 436851ca e16956b3 40680000 795c986d 40440000 40fc0000 40b40000 40b20000 40b20000 40b40000 40fc0000 409c0000 40c60000 40780000 40b2001c 40540000 4c43c1a5 40a20000 409a0000 cc062112 d57508a7 40540000 4640d3ba 3f880000 4c43c17a f1112748 e86b071f 731c3705 d57508a7 
sm   0 warp 0 0x800001f0 0x10030313 x  6  70000100
sm   0 warp 0 0x800001f4 0x5208a557 v 10 11111111111111111111111111111111 0000001f 0000001e 0000001d 0000001c 0000001b 0000001a 00000019 00000018 00000017 00000016 00000015 00000014 00000013 00000012 00000011 00000010 0000000f 0000000e 0000000d 0000000c 0000000b 0000000a 00000009 00000008 00000007 00000006 00000005 00000004 00000003 00000002 00000001 00000000 
sm   0 warp 0 0x800001f8 0x96a13557 v 10 11111111111111111111111111111111 0000007c 00000078 00000074 00000070 0000006c 00000068 00000064 00000060 0000005c 00000058 00000054 00000050 0000004c 00000048 00000044 00000040 0000003c 00000038 00000034 00000030 0000002c 00000028 00000024 00000020 0000001c 00000018 00000014 00000010 0000000c 00000008 00000004 00000000 
sm   0 warp 0 0x800001fc 0x02a34557 v 10 11111111111111111111111111111111 7000017c 70000178 70000174 70000170 7000016c 70000168 70000164 70000160 7000015c 70000158 70000154 70000150 7000014c 70000148 70000144 70000140 7000013c 70000138 70000134 70000130 7000012c 70000128 70000124 70000120 7000011c 70000118 70000114 70000110 7000010c 70000108 70000104 70000100 
sm   0 warp 0 0x80000200 0x0025607b lsu.w v  2 op 3 mask 11111111111111111111111111111111 4f446d1e 603d4fe3 4013ffff 436851ca e16956b3 40680000 795c986d 40440000 40fc0000 40b40000 40b20000 40b20000 40b40000 40fc0000 409c0000 40c60000 40780000 40b2001c 40540000 4c43c1a5 40a20000 409a0000 cc062112 d57508a7 40540000 4640d3ba 3f880000 4c43c17a f1112748 e86b071f 731c3705 d57508a7 @ 7000017c 70000178 70000174 70000170 7000016c 70000168 70000164 70000160 7000015c 70000158 70000154 70000150 7000014c 70000148 70000144 70000140 7000013c 70000138 70000134 70000130 7000012c 70000128 70000124 70000120 7000011c 70000118 70000114 70000110 7000010c 70000108 70000104 70000100
sm   0 warp 0 0x80000204 0x70000337 x  6  70000000
sm   0 warp 0 0x80000200 0x0025607b lsu.w finish
sm   0 warp 0 0x80000208 0x10030313 x  6  70000100
sm   0 warp 0 0x8000020c 0x5208a557 v 10 11111111111111111111111111111111 0000001f 0000001e 0000001d 0000001c 0000001b 0000001a 00000019 00000018 00000017 00000016 00000015 00000014 00000013 00000012 00000011 00000010 0000000f 0000000e 0000000d 0000000c 0000000b 0000000a 00000009 00000008 00000007 00000006 00000005 00000004 00000003 00000002 00000001 00000000 
sm   0 warp 0 0x80000210 0x02a23557 v 10 11111111111111111111111111111111 00000023 00000022 00000021 00000020 0000001f 0000001e 0000001d 0000001c 0000001b 0000001a 00000019 00000018 00000017 00000016 00000015 00000014 00000013 00000012 00000011 00000010 0000000f 0000000e 0000000d 0000000c 0000000b 0000000a 00000009 00000008 00000007 00000006 00000005 00000004 
sm   0 warp 0 0x80000214 0x26afb557 v 10 11111111111111111111111111111111 00000023 00000022 00000021 00000020 0000001f 0000001e 0000001d 0000001c 0000001b 0000001a 00000019 00000018 00000017 00000016 00000015 00000014 00000013 00000012 00000011 00000010 0000000f 0000000e 0000000d 0000000c 0000000b 0000000a 00000009 00000008 00000007 00000006 00000005 00000004 
sm   0 warp 0 0x80000218 0x96a13557 v 10 11111111111111111111111111111111 0000008c 00000088 00000084 00000080 0000007c 00000078 00000074 00000070 0000006c 00000068 00000064 00000060 0000005c 00000058 00000054 00000050 0000004c 00000048 00000044 00000040 0000003c 00000038 00000034 00000030 0000002c 00000028 00000024 00000020 0000001c 00000018 00000014 00000010 
sm   0 warp 0 0x8000021c 0x02a34557 v 10 11111111111111111111111111111111 7000018c 70000188 70000184 70000180 7000017c 70000178 70000174 70000170 7000016c 70000168 70000164 70000160 7000015c 70000158 70000154 70000150 7000014c 70000148 70000144 70000140 7000013c 70000138 70000134 70000130 7000012c 70000128 70000124 70000120 7000011c 70000118 70000114 70000110 
sm   0 warp 0 0x80000220 0x0005227b lsu.r v  4 op 3 @ 7000018c 70000188 70000184 70000180 7000017c 70000178 70000174 70000170 7000016c 70000168 70000164 70000160 7000015c 70000158 70000154 70000150 7000014c 70000148 70000144 70000140 7000013c 70000138 70000134 70000130 7000012c 70000128 70000124 70000120 7000011c 70000118 70000114 70000110
sm   0 warp 0 0x80000220 0x0005227b v  4 11111111111111111111111111111111 e16956b3 99392628 795c986d 1536aad9 4f446d1e 603d4fe3 4013ffff 436851ca e16956b3 40680000 795c986d 40440000 40fc0000 40b40000 40b20000 40b20000 40b40000 40fc0000 409c0000 40c60000 40780000 40b2001c 40540000 4c43c1a5 40a20000 409a0000 cc062112 d57508a7 40540000 4640d3ba 3f880000 4c43c17a 
sm   0 warp 0 0x80000228 0x70000337 x  6  70000000
sm   0 warp 0 0x80000224 0x02411157 v  2 11111111111111111111111111111111 e16956b3 603d4fe3 795c986d 436851ca e16956b3 603d4fe3 795c986d 436b61ca e16956b3 41140000 795c986d 410a0000 41580000 41580000 41270000 413c0000 41180000 4157000e 41030000 4c43c1a7 410f0000 4126000e cc062111 d5750876 41060000 4640e6fa cc062112 d5750876 f1112748 e86b071f 731c3705 d5750876 
sm   0 warp 0 0x8000022c 0x10030313 x  6  70000100
sm   0 warp 0 0x80000230 0x5208a557 v 10 11111111111111111111111111111111 0000001f 0000001e 0000001d 0000001c 0000001b 0000001a 00000019 00000018 00000017 00000016 00000015 00000014 00000013 00000012 00000011 00000010 0000000f 0000000e 0000000d 0000000c 0000000b 0000000a 00000009 00000008 00000007 00000006 00000005 00000004 00000003 00000002 00000001 00000000 
sm   0 warp 0 0x80000234 0x96a13557 v 10 11111111111111111111111111111111 0000007c 00000078 00000074 00000070 0000006c 00000068 00000064 00000060 0000005c 00000058 00000054 00000050 0000004c 00000048 00000044 00000040 0000003c 00000038 00000034 00000030 0000002c 00000028 00000024 00000020 0000001c 00000018 00000014 00000010 0000000c 00000008 00000004 00000000 
sm   0 warp 0 0x80000238 0x02a34557 v 10 11111111111111111111111111111111 7000017c 70000178 70000174 70000170 7000016c 70000168 70000164 70000160 7000015c 70000158 70000154 70000150 7000014c 70000148 70000144 70000140 7000013c 70000138 70000134 70000130 7000012c 70000128 70000124 70000120 7000011c 70000118 70000114 70000110 7000010c 70000108 70000104 70000100 
sm   0 warp 0 0x8000023c 0x0025607b lsu.w v  2 op 3 mask 11111111111111111111111111111111 e16956b3 603d4fe3 795c986d 436851ca e16956b3 603d4fe3 795c986d 436b61ca e16956b3 41140000 795c986d 410a0000 41580000 41580000 41270000 413c0000 41180000 4157000e 41030000 4c43c1a7 410f0000 4126000e cc062111 d5750876 41060000 4640e6fa cc062112 d5750876 f1112748 e86b071f 731c3705 d5750876 @ 7000017c 70000178 70000174 70000170 7000016c 70000168 70000164 70000160 7000015c 70000158 70000154 70000150 7000014c 70000148 70000144 70000140 7000013c 70000138 70000134 70000130 7000012c 70000128 70000124 70000120 7000011c 70000118 70000114 70000110 7000010c 70000108 70000104 70000100
sm   0 warp 0 0x80000240 0x70000337 x  6  70000000
sm   0 warp 0 0x8000023c 0x0025607b lsu.w finish
sm   0 warp 0 0x80000244 0x10030313 x  6  70000100
sm   0 warp 0 0x80000248 0x5208a557 v 10 11111111111111111111111111111111 0000001f 0000001e 0000001d 0000001c 0000001b 0000001a 00000019 00000018 00000017 00000016 00000015 00000014 00000013 00000012 00000011 00000010 0000000f 0000000e 0000000d 0000000c 0000000b 0000000a 00000009 00000008 00000007 00000006 00000005 00000004 00000003 00000002 00000001 00000000 
sm   0 warp 0 0x8000024c 0x02a13557 v 10 11111111111111111111111111111111 00000021 00000020 0000001f 0000001e 0000001d 0000001c 0000001b 0000001a 00000019 00000018 00000017 00000016 00000015 00000014 00000013 00000012 00000011 00000010 0000000f 0000000e 0000000d 0000000c 0000000b 0000000a 00000009 00000008 00000007 00000006 00000005 00000004 00000003 00000002 
sm   0 warp 0 0x80000250 0x26afb557 v 10 11111111111111111111111111111111 00000021 00000020 0000001f 0000001e 0000001d 0000001c 0000001b 0000001a 00000019 00000018 00000017 00000016 00000015 00000014 00000013 00000012 00000011 00000010 0000000f 0000000e 0000000d 0000000c 0000000b 0000000a 00000009 00000008 00000007 00000006 00000005 00000004 00000003 00000002 
sm   0 warp 0 0x80000254 0x96a13557 v 10 11111111111111111111111111111111 00000084 00000080 0000007c 00000078 00000074 00000070 0000006c 00000068 00000064 00000060 0000005c 00000058 00000054 00000050 0000004c 00000048 00000044 00000040 0000003c 00000038 00000034 00000030 0000002c 00000028 00000024 00000020 0000001c 00000018 00000014 00000010 0000000c 00000008 
sm   0 warp 0 0x80000258 0x02a34557 v 10 11111111111111111111111111111111 70000184 70000180 7000017c 70000178 70000174 70000170 7000016c 70000168 70000164 70000160 7000015c 70000158 70000154 70000150 7000014c 70000148 70000144 70000140 7000013c 70000138 70000134 70000130 7000012c 70000128 70000124 70000120 7000011c 70000118 70000114 70000110 7000010c 70000108 
sm   0 warp 0 0x8000025c 0x0005227b lsu.r v  4 op 3 @ 70000184 70000180 7000017c 70000178 70000174 70000170 7000016c 70000168 70000164 70000160 7000015c 70000158 70000154 70000150 7000014c 70000148 70000144 70000140 7000013c 70000138 70000134 70000130 7000012c 70000128 70000124 70000120 7000011c 70000118 70000114 70000110 7000010c 70000108
[L1C] #   1268 SM 0 CACHE 0 ADDR 80000280
sm   0 warp 0 0x8000025c 0x0005227b v  4 11111111111111111111111111111111 795c986d 1536aad9 e16956b3 603d4fe3 795c986d 436851ca e16956b3 603d4fe3 795c986d 436b61ca e16956b3 41140000 795c986d 410a0000 41580000 41580000 41270000 413c0000 41180000 4157000e 41030000 4c43c1a7 410f0000 4126000e cc062111 d5750876 41060000 4640e6fa cc062112 d5750876 f1112748 e86b071f 
sm   0 warp 0 0x80000264 0x70000337 x  6  70000000
sm   0 warp 0 0x80000260 0x02411157 v  2 11111111111111111111111111111111 795c986d 603d4fe3 795c986d 603d4fe3 795c986d 603d4fe3 795c986d 603d4fe3 795c986d 4374a1ca 795c986d 418f0000 795c986d 41b10000 41bf8000 41ca0000 419f8000 41c98007 418d8000 4c43c1aa 41890000 4c43c1aa cc06210f d5750876 cc06210f d5750876 cc062110 d5750876 f1112748 e86b071f 73132490 e86b071f 
[L1C] #   1284 SM 0 CACHE 0 ADDR 80000280
sm   0 warp 0 0x80000268 0x10030313 x  6  70000100
sm   0 warp 0 0x8000026c 0x5208a557 v 10 11111111111111111111111111111111 0000001f 0000001e 0000001d 0000001c 0000001b 0000001a 00000019 00000018 00000017 00000016 00000015 00000014 00000013 00000012 00000011 00000010 0000000f 0000000e 0000000d 0000000c 0000000b 0000000a 00000009 00000008 00000007 00000006 00000005 00000004 00000003 00000002 00000001 00000000 
[L1C] #   1291 SM 0 CACHE 0 ADDR 80000280
sm   0 warp 0 0x80000270 0x96a13557 v 10 11111111111111111111111111111111 0000007c 00000078 00000074 00000070 0000006c 00000068 00000064 00000060 0000005c 00000058 00000054 00000050 0000004c 00000048 00000044 00000040 0000003c 00000038 00000034 00000030 0000002c 00000028 00000024 00000020 0000001c 00000018 00000014 00000010 0000000c 00000008 00000004 00000000 
sm   0 warp 0 0x80000274 0x02a34557 v 10 11111111111111111111111111111111 7000017c 70000178 70000174 70000170 7000016c 70000168 70000164 70000160 7000015c 70000158 70000154 70000150 7000014c 70000148 70000144 70000140 7000013c 70000138 70000134 70000130 7000012c 70000128 70000124 70000120 7000011c 70000118 70000114 70000110 7000010c 70000108 70000104 70000100 
[L1C] #   1298 SM 0 CACHE 0 ADDR 80000280
sm   0 warp 0 0x80000278 0x0025607b lsu.w v  2 op 3 mask 11111111111111111111111111111111 795c986d 603d4fe3 795c986d 603d4fe3 795c986d 603d4fe3 795c986d 603d4fe3 795c986d 4374a1ca 795c986d 418f0000 795c986d 41b10000 41bf8000 41ca0000 419f8000 41c98007 418d8000 4c43c1aa 41890000 4c43c1aa cc06210f d5750876 cc06210f d5750876 cc062110 d5750876 f1112748 e86b071f 73132490 e86b071f @ 7000017c 70000178 70000174 70000170 7000016c 70000168 70000164 70000160 7000015c 70000158 70000154 70000150 7000014c 70000148 70000144 70000140 7000013c 70000138 70000134 70000130 7000012c 70000128 70000124 70000120 7000011c 70000118 70000114 70000110 7000010c 70000108 70000104 70000100
sm   0 warp 0 0x8000027c 0x70000337 x  6  70000000
sm   0 warp 0 0x80000278 0x0025607b lsu.w finish
sm   0 warp 0 0x80000280 0x10030313 x  6  70000100
sm   0 warp 0 0x80000284 0x5208a557 v 10 11111111111111111111111111111111 0000001f 0000001e 0000001d 0000001c 0000001b 0000001a 00000019 00000018 00000017 00000016 00000015 00000014 00000013 00000012 00000011 00000010 0000000f 0000000e 0000000d 0000000c 0000000b 0000000a 00000009 00000008 00000007 00000006 00000005 00000004 00000003 00000002 00000001 00000000 
sm   0 warp 0 0x80000288 0x02a0b557 v 10 11111111111111111111111111111111 00000020 0000001f 0000001e 0000001d 0000001c 0000001b 0000001a 00000019 00000018 00000017 00000016 00000015 00000014 00000013 00000012 00000011 00000010 0000000f 0000000e 0000000d 0000000c 0000000b 0000000a 00000009 00000008 00000007 00000006 00000005 00000004 00000003 00000002 00000001 
sm   0 warp 0 0x8000028c 0x26afb557 v 10 11111111111111111111111111111111 00000020 0000001f 0000001e 0000001d 0000001c 0000001b 0000001a 00000019 00000018 00000017 00000016 00000015 00000014 00000013 00000012 00000011 00000010 0000000f 0000000e 0000000d 0000000c 0000000b 0000000a 00000009 00000008 00000007 00000006 00000005 00000004 00000003 00000002 00000001 
sm   0 warp 0 0x80000290 0x96a13557 v 10 11111111111111111111111111111111 00000080 0000007c 00000078 00000074 00000070 0000006c 00000068 00000064 00000060 0000005c 00000058 00000054 00000050 0000004c 00000048 00000044 00000040 0000003c 00000038 00000034 00000030 0000002c 00000028 00000024 00000020 0000001c 00000018 00000014 00000010 0000000c 00000008 00000004 
sm   0 warp 0 0x80000294 0x02a34557 v 10 11111111111111111111111111111111 70000180 7000017c 70000178 70000174 70000170 7000016c 70000168 70000164 70000160 7000015c 70000158 70000154 70000150 7000014c 70000148 70000144 70000140 7000013c 70000138 70000134 70000130 7000012c 70000128 70000124 70000120 7000011c 70000118 70000114 70000110 7000010c 70000108 70000104 
sm   0 warp 0 0x80000298 0x0005227b lsu.r v  4 op 3 @ 70000180 7000017c 70000178 70000174 70000170 7000016c 70000168 70000164 70000160 7000015c 70000158 70000154 70000150 7000014c 70000148 70000144 70000140 7000013c 70000138 70000134 70000130 7000012c 70000128 70000124 70000120 7000011c 70000118 70000114 70000110 7000010c 70000108 70000104
sm   0 warp 0 0x80000298 0x0005227b v  4 11111111111111111111111111111111 1536aad9 795c986d 603d4fe3 795c986d 603d4fe3 795c986d 603d4fe3 795c986d 603d4fe3 795c986d 4374a1ca 795c986d 418f0000 795c986d 41b10000 41bf8000 41ca0000 419f8000 41c98007 418d8000 4c43c1aa 41890000 4c43c1aa cc06210f d5750876 cc06210f d5750876 cc062110 d5750876 f1112748 e86b071f 73132490 
sm   0 warp 0 0x800002a0 0x70000337 x  6  70000000
sm   0 warp 0 0x8000029c 0x02411157 v  2 11111111111111111111111111111111 795c986d 795c986d 795c986d 795c986d 795c986d 795c986d 795c986d 795c986d 795c986d 795c986d 795c986d 795c986d 795c986d 795c986d 42384000 4244c000 4234c000 42348004 422b8004 4c43c1ae 4c43c1ae 4c43c1ae 4b76826c d5750898 d5750898 d5750898 d5750898 d5750898 f1112748 f1112783 7313248c 7313248c 
sm   0 warp 0 0x800002a4 0x10030313 x  6  70000100
sm   0 warp 0 0x800002a8 0x5208a557 v 10 11111111111111111111111111111111 0000001f 0000001e 0000001d 0000001c 0000001b 0000001a 00000019 00000018 00000017 00000016 00000015 00000014 00000013 00000012 00000011 00000010 0000000f 0000000e 0000000d 0000000c 0000000b 0000000a 00000009 00000008 00000007 00000006 00000005 00000004 00000003 00000002 00000001 00000000 
sm   0 warp 0 0x800002ac 0x96a13557 v 10 11111111111111111111111111111111 0000007c 00000078 00000074 00000070 0000006c 00000068 00000064 00000060 0000005c 00000058 00000054 00000050 0000004c 00000048 00000044 00000040 0000003c 00000038 00000034 00000030 0000002c 00000028 00000024 00000020 0000001c 00000018 00000014 00000010 0000000c 00000008 00000004 00000000 
sm   0 warp 0 0x800002b0 0x02a34557 v 10 11111111111111111111111111111111 7000017c 70000178 70000174 70000170 7000016c 70000168 70000164 70000160 7000015c 70000158 70000154 70000150 7000014c 70000148 70000144 70000140 7000013c 70000138 70000134 70000130 7000012c 70000128 70000124 70000120 7000011c 70000118 70000114 70000110 7000010c 70000108 70000104 70000100 
sm   0 warp 0 0x800002b4 0x0025607b lsu.w v  2 op 3 mask 11111111111111111111111111111111 795c986d 795c986d 795c986d 795c986d 795c986d 795c986d 795c986d 795c986d 795c986d 795c986d 795c986d 795c986d 795c986d 795c986d 42384000 4244c000 4234c000 42348004 422b8004 4c43c1ae 4c43c1ae 4c43c1ae 4b76826c d5750898 d5750898 d5750898 d5750898 d5750898 f1112748 f1112783 7313248c 7313248c @ 7000017c 70000178 70000174 70000170 7000016c 70000168 70000164 70000160 7000015c 70000158 70000154 70000150 7000014c 70000148 70000144 70000140 7000013c 70000138 70000134 70000130 7000012c 70000128 70000124 70000120 7000011c 70000118 70000114 70000110 7000010c 70000108 70000104 70000100
sm   0 warp 0 0x800002b8 0x2a108f57 v 30 11111111111111111111111111111111 7a1fa9b9 7a1fa9b9 7bbd07a6 7bbd07a6 7bbd07a6 7bbd07a6 7bbd07a6 7bbd07a6 7bbd07a6 7bbd07a6 7a1fa9b9 7a1fa9b9 76d79e48 76d79e48 76d637ef 3f000000 c0000000 be800000 3fc00000 bf800000 3f400000 bfe00000 00000000 3fe00000 bf400000 3f800000 bfc00000 3e800000 40000000 bf000000 3fa00000 bfa00000 
sm   0 warp 0 0x800002b4 0x0025607b lsu.w finish
sm   0 warp 0 0x800002bc 0x2bff80d7 v  1 11111111111111111111111111111111 00000000 00000000 00000000 00000000 00000000 00000000 00000000 00000000 00000000 00000000 00000000 00000000 00000000 00000000 00000000 00000000 00000000 00000000 00000000 00000000 00000000 00000000 00000000 00000000 00000000 00000000 00000000 00000000 00000000 00000000 00000000 00000000 
sm   0 warp 0 0x800002c0 0xb30f10d7 v  1 11111111111111111111111111111111 779fa9b9 779fa9b9 793d07a6 793d07a6 793d07a6 793d07a6 793d07a6 793d07a6 793d07a6 793d07a6 779fa9b9 779fa9b9 74579e48 74579e48 745637ef 3c800000 bd800000 bc000000 3d400000 bd000000 3cc00000 bd600000 00000000 3d600000 bcc00000 3d000000 bd400000 3c000000 3d800000 bc800000 3d200000 bd200000 
sm   0 warp 0 0x800002c4 0x2a210f57 v 30 11111111111111111111111111111111 795c986d 795c986d 795c986d 795c986d 795c986d 795c986d 795c986d 795c986d 795c986d 795c986d 795c986d 795c986d 795c986d 795c986d 42384000 4244c000 4234c000 42348004 422b8004 4c43c1ae 4c43c1ae 4c43c1ae 4b76826c d5750898 d5750898 d5750898 d5750898 d5750898 f1112748 f1112783 7313248c 7313248c 
sm   0 warp 0 0x800002c8 0x2bff8157 v  2 11111111111111111111111111111111 00000000 00000000 00000000 00000000 00000000 00000000 00000000 00000000 00000000 00000000 00000000 00000000 00000000 00000000 00000000 00000000 00000000 00000000 00000000 00000000 00000000 00000000 00000000 00000000 00000000 00000000 00000000 00000000 00000000 00000000 00000000 00000000 
sm   0 warp 0 0x800002cc 0xb30f1157 v  2 11111111111111111111111111111111 76dc986d 76dc986d 76dc986d 76dc986d 76dc986d 76dc986d 76dc986d 76dc986d 76dc986d 76dc986d 76dc986d 76dc986d 76dc986d 76dc986d 3fb84000 3fc4c000 3fb4c000 3fb48004 3fab8004 49c3c1ae 49c3c1ae 49c3c1ae 48f6826c d2f50898 d2f50898 d2f50898 d2f50898 d2f50898 ee912748 ee912783 7093248c 7093248c 
sm   0 warp 0 0x800002d0 0xbe109157 v  2 11111111111111111111111111111111 7f800000 7f800000 7f800000 7f800000 7f800000 7f800000 7f800000 7f800000 7f800000 7f800000 7f800000 7f800000 7f800000 7f800000 7f800000 3fc4b800 3fb44000 3fb47e04 3fab3804 49c3c1ae 49c3c1ae 49c3c1ae 48f6826c d2f50898 d2f50898 d2f50898 d2f50898 d2f50898 ee912748 ee912783 7093248c 7093248c 
sm   0 warp 0 0x800002d4 0x03111157 v  2 11111111111111111111111111111111 7f800000 7f800000 7f800000 7f800000 7f800000 7f800000 7f800000 7f800000 7f800000 7f800000 7f800000 7f800000 7f800000 7f800000 7f800000 3fc4b854 3fb44054 3fb47e58 3fab3858 49c3c1ae 49c3c1ae 49c3c1ae 48f6826c d2f50898 d2f50898 d2f50898 d2f50898 d2f50898 ee912748 ee912783 7093248c 7093248c 
sm   0 warp 0 0x800002d8 0x2a2102d7 v  5 11111111111111111111111111111111 7f800000 7f800000 7f800000 7f800000 7f800000 7f800000 7f800000 7f800000 7f800000 7f800000 7f800000 7f800000 7f800000 7f800000 7f800000 3fc4b854 3fb44054 3fb47e58 3fab3858 49c3c1ae 49c3c1ae 49c3c1ae 48f6826c d2f50898 d2f50898 d2f50898 d2f50898 d2f50898 ee912748 ee912783 7093248c 7093248c 
sm   0 warp 0 0x800002dc 0xa250b2d7 v  5 11111111111111111111111111111111 3fc00000 3fc00000 3fc00000 3fc00000 3fc00000 3fc00000 3fc00000 3fc00000 3fc00000 3fc00000 3fc00000 3fc00000 3fc00000 3fc00000 3fc00000 1fe25c2a 1fda202a 1fda3f2c 1fd59c2c 24e1e0d7 24e1e0d7 24e1e0d7 247b4136 697a844c 697a844c 697a844c 697a844c 697a844c 774893a4 774893c1 38499246 38499246 
[L1C] #   1439 SM 0 CACHE 0 ADDR 80000300
sm   0 warp 0 0x800002e0 0x0a5a02d7 v  5 11111111111111111111111111111111 e088a621 e088a621 e088a621 e088a621 e088a621 e088a621 e088a621 e088a621 e088a621 e088a621 e088a621 e088a621 e088a621 e088a621 e088a621 c0ab024b c0a2c64b c0a2e54d c09e424d c5aa86f8 c5aa86f8 c5aa86f8 c543e757 0a432a6d 0a432a6d 0a432a6d 0a432a6d 0a432a6d 181139c5 181139e2 d9123867 d9123867 
sm   0 warp 0 0x800002e4 0x2bff8457 v  8 11111111111111111111111111111111 00000000 00000000 00000000 00000000 00000000 00000000 00000000 00000000 00000000 00000000 00000000 00000000 00000000 00000000 00000000 00000000 00000000 00000000 00000000 00000000 00000000 00000000 00000000 00000000 00000000 00000000 00000000 00000000 00000000 00000000 00000000 00000000 
sm   0 warp 0 0x800002e8 0xb3211457 v  8 11111111111111111111111111111111 7f800000 7f800000 7f800000 7f800000 7f800000 7f800000 7f800000 7f800000 7f800000 7f800000 7f800000 7f800000 7f800000 7f800000 7f800000 3f44b854 3f344054 3f347e58 3f2b3858 4943c1ae 4943c1ae 4943c1ae 4876826c d2750898 d2750898 d2750898 d2750898 d2750898 ee112748 ee112783 7013248c 7013248c 
sm   0 warp 0 0x800002ec 0x2bff8357 v  6 11111111111111111111111111111111 00000000 00000000 00000000 00000000 00000000 00000000 00000000 00000000 00000000 00000000 00000000 00000000 00000000 00000000 00000000 00000000 00000000 00000000 00000000 00000000 00000000 00000000 00000000 00000000 00000000 00000000 00000000 00000000 00000000 00000000 00000000 00000000 
sm   0 warp 0 0x800002f0 0xb2529357 v  6 11111111111111111111111111111111 7f800000 7f800000 7f800000 7f800000 7f800000 7f800000 7f800000 7f800000 7f800000 7f800000 7f800000 7f800000 7f800000 7f800000 7f800000 41e47820 41ceff21 41cf4e06 41c3abd0 4be32f11 4be32f11 4be32f11 4b15ea40 00000000 00000000 00000000 00000000 00000000 00000000 00000000 72a708c4 72a708c4 
sm   0 warp 0 0x800002f4 0x2b3983d7 v  7 11111111111111111111111111111111 3fc00000 3fc00000 3fc00000 3fc00000 3fc00000 3fc00000 3fc00000 3fc00000 3fc00000 3fc00000 3fc00000 3fc00000 3fc00000 3fc00000 3fc00000 3fc00000 3fc00000 3fc00000 3fc00000 3fc00000 3fc00000 3fc00000 3fc00000 3fc00000 3fc00000 3fc00000 3fc00000 3fc00000 3fc00000 3fc00000 3fc00000 3fc00000 
sm   0 warp 0 0x800002f8 0xbe6413d7 v  7 11111111111111111111111111111111 7f800000 7f800000 7f800000 7f800000 7f800000 7f800000 7f800000 7f800000 7f800000 7f800000 7f800000 7f800000 7f800000 7f800000 7f800000 c1a3907a c185bf67 c186292c c16dbdaa d5adb8bb d5adb8bb d5adb8bb d4105b7a 3fc00000 3fc00000 3fc00000 3fc00000 3fc00000 3fc00000 3fc00000 7f800000 7f800000 
sm   0 warp 0 0x800002fc 0x2a528f57 v 30 11111111111111111111111111111111 e088a621 e088a621 e088a621 e088a621 e088a621 e088a621 e088a621 e088a621 e088a621 e088a621 e088a621 e088a621 e088a621 e088a621 e088a621 c0ab024b c0a2c64b c0a2e54d c09e424d c5aa86f8 c5aa86f8 c5aa86f8 c543e757 0a432a6d 0a432a6d 0a432a6d 0a432a6d 0a432a6d 181139c5 181139e2 d9123867 d9123867 
sm   0 warp 0 0x80000300 0x2bff82d7 v  5 11111111111111111111111111111111 00000000 00000000 00000000 00000000 00000000 00000000 00000000 00000000 00000000 00000000 00000000 00000000 00000000 00000000 00000000 00000000 00000000 00000000 00000000 00000000 00000000 00000000 00000000 00000000 00000000 00000000 00000000 00000000 00000000 00000000 00000000 00000000 
sm   0 warp 0 0x80000304 0xb27f12d7 v  5 11111111111111111111111111111111 7f800000 7f800000 7f800000 7f800000 7f800000 7f800000 7f800000 7f800000 7f800000 7f800000 7f800000 7f800000 7f800000 7f800000 7f800000 42da85f1 42aa1571 42aabc72 4292f8a1 5be77086 5be77086 5be77086 59dcf043 0a925fd2 0a925fd2 0a925fd2 0a925fd2 0a925fd2 1859d6a8 1859d6d3 7f800000 7f800000 
sm   0 warp 0 0x80000308 0x2bff8357 v  6 11111111111111111111111111111111 00000000 00000000 00000000 00000000 00000000 00000000 00000000 00000000 00000000 00000000 00000000 00000000 00000000 00000000 00000000 00000000 00000000 00000000 00000000 00000000 00000000 00000000 00000000 00000000 00000000 00000000 00000000 00000000 00000000 00000000 00000000 00000000 
sm   0 warp 0 0x8000030c 0xb2529357 v  6 11111111111111111111111111111111 7f800000 7f800000 7f800000 7f800000 7f800000 7f800000 7f800000 7f800000 7f800000 7f800000 7f800000 7f800000 7f800000 7f800000 7f800000 463a8865 45e200f8 45e3bda4 45a8c112 78513c43 78513c43 78513c43 743eadd5 00000000 00000000 00000000 00000000 00000000 00000000 00000000 7f800000 7f800000 
sm   0 warp 0 0x80000310 0x2b3983d7 v  7 11111111111111111111111111111111 3fc00000 3fc00000 3fc00000 3fc00000 3fc00000 3fc00000 3fc00000 3fc00000 3fc00000 3fc00000 3fc00000 3fc00000 3fc00000 3fc00000 3fc00000 3fc00000 3fc00000 3fc00000 3fc00000 3fc00000 3fc00000 3fc00000 3fc00000 3fc00000 3fc00000 3fc00000 3fc00000 3fc00000 3fc00000 3fc00000 3fc00000 3fc00000 
sm   0 warp 0 0x80000314 0xbe6413d7 v  7 11111111111111111111111111111111 7f800000 7f800000 7f800000 7f800000 7f800000 7f800000 7f800000 7f800000 7f800000 7f800000 7f800000 7f800000 7f800000 7f800000 7f800000 c60f50bd c59f1579 c5a085bd c561a437 7f800000 7f800000 7f800000 fd379c2f 3fc00000 3fc00000 3fc00000 3fc00000 3fc00000 3fc00000 3fc00000 7f800000 7f800000 
sm   0 warp 0 0x80000318 0x2a528f57 v 30 11111111111111111111111111111111 7f800000 7f800000 7f800000 7f800000 7f800000 7f800000 7f800000 7f800000 7f800000 7f800000 7f800000 7f800000 7f800000 7f800000 7f800000 42da85f1 42aa1571 42aabc72 4292f8a1 5be77086 5be77086 5be77086 59dcf043 0a925fd2 0a925fd2 0a925fd2 0a925fd2 0a925fd2 1859d6a8 1859d6d3 7f800000 7f800000 
sm   0 warp 0 0x8000031c 0x2bff82d7 v  5 11111111111111111111111111111111 00000000 00000000 00000000 00000000 00000000 00000000 00000000 00000000 00000000 00000000 00000000 00000000 00000000 00000000 00000000 00000000 00000000 00000000 00000000 00000000 00000000 00000000 00000000 00000000 00000000 00000000 00000000 00000000 00000000 00000000 00000000 00000000 
sm   0 warp 0 0x80000320 0xb27f12d7 v  5 11111111111111111111111111111111 7f800000 7f800000 7f800000 7f800000 7f800000 7f800000 7f800000 7f800000 7f800000 7f800000 7f800000 7f800000 7f800000 7f800000 7f800000 c974ab7a c8d3632b c8d61df2 c8818acc 7f800000 7f800000 7f800000 7f800000 0adb8fbb 0adb8fbb 0adb8fbb 0adb8fbb 0adb8fbb 18a360fe 18a3611e 7f800000 7f800000 
sm   0 warp 0 0x80000324 0x2bff8357 v  6 11111111111111111111111111111111 00000000 00000000 00000000 00000000 00000000 00000000 00000000 00000000 00000000 00000000 00000000 00000000 00000000 00000000 00000000 00000000 00000000 00000000 00000000 00000000 00000000 00000000 00000000 00000000 00000000 00000000 00000000 00000000 00000000 00000000 00000000 00000000 
sm   0 warp 0 0x80000328 0xb2529357 v  6 11111111111111111111111111111111 7f800000 7f800000 7f800000 7f800000 7f800000 7f800000 7f800000 7f800000 7f800000 7f800000 7f800000 7f800000 7f800000 7f800000 7f800000 5369d753 522e8c9f 52331614 51831a5a 7f800000 7f800000 7f800000 7f800000 00000000 00000000 00000000 00000000 00000000 00000000 00000000 7f800000 7f800000 
sm   0 warp 0 0x8000032c 0x2b3983d7 v  7 11111111111111111111111111111111 3fc00000 3fc00000 3fc00000 3fc00000 3fc00000 3fc00000 3fc00000 3fc00000 3fc00000 3fc00000 3fc00000 3fc00000 3fc00000 3fc00000 3fc00000 3fc00000 3fc00000 3fc00000 3fc00000 3fc00000 3fc00000 3fc00000 3fc00000 3fc00000 3fc00000 3fc00000 3fc00000 3fc00000 3fc00000 3fc00000 3fc00000 3fc00000 
sm   0 warp 0 0x80000330 0xbe6413d7 v  7 11111111111111111111111111111111 7f800000 7f800000 7f800000 7f800000 7f800000 7f800000 7f800000 7f800000 7f800000 7f800000 7f800000 7f800000 7f800000 7f800000 7f800000 d333b13b d1f5cd78 d1fc87d1 d12f5eea 7f800000 7f800000 7f800000 7f800000 3fc00000 3fc00000 3fc00000 3fc00000 3fc00000 3fc00000 3fc00000 7f800000 7f800000 
sm   0 warp 0 0x80000334 0x2a528f57 v 30 11111111111111111111111111111111 7f800000 7f800000 7f800000 7f800000 7f800000 7f800000 7f800000 7f800000 7f800000 7f800000 7f800000 7f800000 7f800000 7f800000 7f800000 c974ab7a c8d3632b c8d61df2 c8818acc 7f800000 7f800000 7f800000 7f800000 0adb8fbb 0adb8fbb 0adb8fbb 0adb8fbb 0adb8fbb 18a360fe 18a3611e 7f800000 7f800000 
sm   0 warp 0 0x80000338 0x2bff82d7 v  5 11111111111111111111111111111111 00000000 00000000 00000000 00000000 00000000 00000000 00000000 00000000 00000000 00000000 00000000 00000000 00000000 00000000 00000000 00000000 00000000 00000000 00000000 00000000 00000000 00000000 00000000 00000000 00000000 00000000 00000000 00000000 00000000 00000000 00000000 00000000 
sm   0 warp 0 0x8000033c 0xb27f12d7 v  5 11111111111111111111111111111111 7f800000 7f800000 7f800000 7f800000 7f800000 7f800000 7f800000 7f800000 7f800000 7f800000 7f800000 7f800000 7f800000 7f800000 7f800000 5d2bbd49 5b4af792 5b533713 5a317bd2 7f800000 7f800000 7f800000 7f800000 0b24abcc 0b24abcc 0b24abcc 0b24abcc 0b24abcc 18f5117d 18f511ad 7f800000 7f800000 
sm   0 warp 0 0x80000340 0x2bff8357 v  6 11111111111111111111111111111111 00000000 00000000 00000000 00000000 00000000 00000000 00000000 00000000 00000000 00000000 00000000 00000000 00000000 00000000 00000000 00000000 00000000 00000000 00000000 00000000 00000000 00000000 00000000 00000000 00000000 00000000 00000000 00000000 00000000 00000000 00000000 00000000 
sm   0 warp 0 0x80000344 0xb2529357 v  6 11111111111111111111111111111111 7f800000 7f800000 7f800000 7f800000 7f800000 7f800000 7f800000 7f800000 7f800000 7f800000 7f800000 7f800000 7f800000 7f800000 7f800000 7ae66cd7 7720eba2 772e43d5 74f618e9 7f800000 7f800000 7f800000 7f800000 00000000 00000000 00000000 00000000 00000000 00000000 00000000 7f800000 7f800000 
sm   0 warp 0 0x80000348 0x2b3983d7 v  7 11111111111111111111111111111111 3fc00000 3fc00000 3fc00000 3fc00000 3fc00000 3fc00000 3fc00000 3fc00000 3fc00000 3fc00000 3fc00000 3fc00000 3fc00000 3fc00000 3fc00000 3fc00000 3fc00000 3fc00000 3fc00000 3fc00000 3fc00000 3fc00000 3fc00000 3fc00000 3fc00000 3fc00000 3fc00000 3fc00000 3fc00000 3fc00000 3fc00000 3fc00000 
sm   0 warp 0 0x8000034c 0xbe6413d7 v  7 11111111111111111111111111111111 7f800000 7f800000 7f800000 7f800000 7f800000 7f800000 7f800000 7f800000 7f800000 7f800000 7f800000 7f800000 7f800000 7f800000 7f800000 fab1113e f6e29c3b f6f5bb66 f4a498ce 7f800000 7f800000 7f800000 7f800000 3fc00000 3fc00000 3fc00000 3fc00000 3fc00000 3fc00000 3fc00000 7f800000 7f800000 
sm   0 warp 0 0x80000350 0x2a528f57 v 30 11111111111111111111111111111111 7f800000 7f800000 7f800000 7f800000 7f800000 7f800000 7f800000 7f800000 7f800000 7f800000 7f800000 7f800000 7f800000 7f800000 7f800000 5d2bbd49 5b4af792 5b533713 5a317bd2 7f800000 7f800000 7f800000 7f800000 0b24abcc 0b24abcc 0b24abcc 0b24abcc 0b24abcc 18f5117d 18f511ad 7f800000 7f800000 
sm   0 warp 0 0x80000354 0x2bff82d7 v  5 11111111111111111111111111111111 00000000 00000000 00000000 00000000 00000000 00000000 00000000 00000000 00000000 00000000 00000000 00000000 00000000 00000000 00000000 00000000 00000000 00000000 00000000 00000000 00000000 00000000 00000000 00000000 00000000 00000000 00000000 00000000 00000000 00000000 00000000 00000000 
sm   0 warp 0 0x8000035c 0x90000337 x  6  90000000
sm   0 warp 0 0x80000360 0x5208a557 v 10 11111111111111111111111111111111 0000001f 0000001e 0000001d 0000001c 0000001b 0000001a 00000019 00000018 00000017 00000016 00000015 00000014 00000013 00000012 00000011 00000010 0000000f 0000000e 0000000d 0000000c 0000000b 0000000a 00000009 00000008 00000007 00000006 00000005 00000004 00000003 00000002 00000001 00000000 
sm   0 warp 0 0x80000358 0xb27f12d7 v  5 11111111111111111111111111111111 7f800000 7f800000 7f800000 7f800000 7f800000 7f800000 7f800000 7f800000 7f800000 7f800000 7f800000 7f800000 7f800000 7f800000 7f800000 7f800000 7f800000 7f800000 7f800000 7f800000 7f800000 7f800000 7f800000 0b7701b2 0b7701b2 0b7701b2 0b7701b2 0b7701b2 1937cd1e 1937cd42 7f800000 7f800000 
[L1C] #   1603 SM 0 CACHE 0 ADDR 80000380
sm   0 warp 0 0x80000364 0x96a13557 v 10 11111111111111111111111111111111 0000007c 00000078 00000074 00000070 0000006c 00000068 00000064 00000060 0000005c 00000058 00000054 00000050 0000004c 00000048 00000044 00000040 0000003c 00000038 00000034 00000030 0000002c 00000028 00000024 00000020 0000001c 00000018 00000014 00000010 0000000c 00000008 00000004 00000000 
sm   0 warp 0 0x80000368 0x02a34557 v 10 11111111111111111111111111111111 9000007c 90000078 90000074 90000070 9000006c 90000068 90000064 90000060 9000005c 90000058 90000054 90000050 9000004c 90000048 90000044 90000040 9000003c 90000038 90000034 90000030 9000002c 90000028 90000024 90000020 9000001c 90000018 90000014 90000010 9000000c 90000008 90000004 90000000 
sm   0 warp 0 0x8000036c 0x000521fb lsu.r v  3 op 3 @ 9000007c 90000078 90000074 90000070 9000006c 90000068 90000064 90000060 9000005c 90000058 90000054 90000050 9000004c 90000048 90000044 90000040 9000003c 90000038 90000034 90000030 9000002c 90000028 90000024 90000020 9000001c 90000018 90000014 90000010 9000000c 90000008 90000004 90000000
sm   0 warp 0 0x8000036c 0x000521fb v  3 11111111111111111111111111111111 40000000 3e800000 bfc00000 3f800000 bf400000 3fe00000 00000000 bfe00000 3f400000 bf800000 3fc00000 be800000 c0000000 3f000000 bfa00000 3fa00000 bf000000 40000000 3e800000 bfc00000 3f800000 bf400000 3fe00000 00000000 bfe00000 3f400000 bf800000 3fc00000 be800000 c0000000 3f000000 bfa00000 
sm   0 warp 0 0x80000370 0x0a1191d7 v  3 11111111111111111111111111111111 779fa9b9 779fa9b9 793d07a6 793d07a6 793d07a6 793d07a6 793d07a6 793d07a6 793d07a6 793d07a6 779fa9b9 779fa9b9 74579e48 74579e48 745637ef bf9e0000 3ee00000 c0008000 be500000 3fbc0000 bf7a0000 3f320000 bfe00000 3d600000 3fdd0000 bf380000 3f740000 bfbf0000 3ea00000 3ffe0000 beec0000 3f9b0000 
sm   0 warp 0 0x80000374 0x2a318f57 v 30 11111111111111111111111111111111 779fa9b9 779fa9b9 793d07a6 793d07a6 793d07a6 793d07a6 793d07a6 793d07a6 793d07a6 793d07a6 779fa9b9 779fa9b9 74579e48 74579e48 745637ef bf9e0000 3ee00000 c0008000 be500000 3fbc0000 bf7a0000 3f320000 bfe00000 3d600000 3fdd0000 bf380000 3f740000 bfbf0000 3ea00000 3ffe0000 beec0000 3f9b0000 
sm   0 warp 0 0x80000378 0x2bff81d7 v  3 11111111111111111111111111111111 00000000 00000000 00000000 00000000 00000000 00000000 00000000 00000000 00000000 00000000 00000000 00000000 00000000 00000000 00000000 00000000 00000000 00000000 00000000 00000000 00000000 00000000 00000000 00000000 00000000 00000000 00000000 00000000 00000000 00000000 00000000 00000000 
sm   0 warp 0 0x80000380 0x90001337 x  6  90001000
sm   0 warp 0 0x80000384 0x5208a557 v 10 11111111111111111111111111111111 0000001f 0000001e 0000001d 0000001c 0000001b 0000001a 00000019 00000018 00000017 00000016 00000015 00000014 00000013 00000012 00000011 00000010 0000000f 0000000e 0000000d 0000000c 0000000b 0000000a 00000009 00000008 00000007 00000006 00000005 00000004 00000003 00000002 00000001 00000000 
sm   0 warp 0 0x8000037c 0xb25f11d7 v  3 11111111111111111111111111111111 7f800000 7f800000 7f800000 7f800000 7f800000 7f800000 7f800000 7f800000 7f800000 7f800000 7f800000 7f800000 7f800000 7f800000 7f800000 7fc00000 7f800000 7f800000 7f800000 7fc00000 7f800000 7f800000 7fc00000 0958217c 0bd53c77 8b318938 0b6b6d9e 8bb84a44 1865c066 19b65da7 7f800000 7fc00000 
sm   0 warp 0 0x80000388 0x96a13557 v 10 11111111111111111111111111111111 0000007c 00000078 00000074 00000070 0000006c 00000068 00000064 00000060 0000005c 00000058 00000054 00000050 0000004c 00000048 00000044 00000040 0000003c 00000038 00000034 00000030 0000002c 00000028 00000024 00000020 0000001c 00000018 00000014 00000010 0000000c 00000008 00000004 00000000 
sm   0 warp 0 0x8000038c 0x02a34557 v 10 11111111111111111111111111111111 9000107c 90001078 90001074 90001070 9000106c 90001068 90001064 90001060 9000105c 90001058 90001054 90001050 9000104c 90001048 90001044 90001040 9000103c 90001038 90001034 90001030 9000102c 90001028 90001024 90001020 9000101c 90001018 90001014 90001010 9000100c 90001008 90001004 90001000 
sm   0 warp 0 0x80000390 0x0005237b lsu.r v  6 op 3 @ 9000107c 90001078 90001074 90001070 9000106c 90001068 90001064 90001060 9000105c 90001058 90001054 90001050 9000104c 90001048 90001044 90001040 9000103c 90001038 90001034 90001030 9000102c 90001028 90001024 90001020 9000101c 90001018 90001014 90001010 9000100c 90001008 90001004 90001000
sm   0 warp 0 0x80000394 0x90001337 x  6  90001000
[L1C] #   1670 SM 0 CACHE 1 ADDR 90001000
sm   0 warp 0 0x80000398 0x08030313 x  6  90001080
sm   0 warp 0 0x8000039c 0x5208a557 v 10 11111111111111111111111111111111 0000001f 0000001e 0000001d 0000001c 0000001b 0000001a 00000019 00000018 00000017 00000016 00000015 00000014 00000013 00000012 00000011 00000010 0000000f 0000000e 0000000d 0000000c 0000000b 0000000a 00000009 00000008 00000007 00000006 00000005 00000004 00000003 00000002 00000001 00000000 
sm   0 warp 0 0x800003a0 0x96a13557 v 10 11111111111111111111111111111111 0000007c 00000078 00000074 00000070 0000006c 00000068 00000064 00000060 0000005c 00000058 00000054 00000050 0000004c 00000048 00000044 00000040 0000003c 00000038 00000034 00000030 0000002c 00000028 00000024 00000020 0000001c 00000018 00000014 00000010 0000000c 00000008 00000004 00000000 
sm   0 warp 0 0x800003a4 0x02a34557 v 10 11111111111111111111111111111111 900010fc 900010f8 900010f4 900010f0 900010ec 900010e8 900010e4 900010e0 900010dc 900010d8 900010d4 900010d0 900010cc 900010c8 900010c4 900010c0 900010bc 900010b8 900010b4 900010b0 900010ac 900010a8 900010a4 900010a0 9000109c 90001098 90001094 90001090 9000108c 90001088 90001084 90001080 
sm   0 warp 0 0x80000390 0x0005237b v  6 11111111111111111111111111111111 3f200000 3f000000 3f800000 3f600000 3f400000 3f200000 3f000000 3f800000 3f600000 3f400000 3f200000 3f000000 3f800000 3f600000 3f400000 3f200000 3f000000 3f800000 3f600000 3f400000 3f200000 3f000000 3f800000 3f600000 3f400000 3f200000 3f000000 3f800000 3f600000 3f400000 3f200000 3f000000 
sm   0 warp 0 0x800003a8 0x000523fb lsu.r v  7 op 3 @ 900010fc 900010f8 900010f4 900010f0 900010ec 900010e8 900010e4 900010e0 900010dc 900010d8 900010d4 900010d0 900010cc 900010c8 900010c4 900010c0 900010bc 900010b8 900010b4 900010b0 900010ac 900010a8 900010a4 900010a0 9000109c 90001098 90001094 90001090 9000108c 90001088 90001084 90001080
sm   0 warp 0 0x800003ac 0x2a318f57 v 30 11111111111111111111111111111111 7f800000 7f800000 7f800000 7f800000 7f800000 7f800000 7f800000 7f800000 7f800000 7f800000 7f800000 7f800000 7f800000 7f800000 7f800000 7fc00000 7f800000 7f800000 7f800000 7fc00000 7f800000 7f800000 7fc00000 0958217c 0bd53c77 8b318938 0b6b6d9e 8bb84a44 1865c066 19b65da7 7f800000 7fc00000 
[L1C] #   1694 SM 0 CACHE 1 ADDR 90001080
sm   0 warp 0 0x800003a8 0x000523fb v  7 11111111111111111111111111111111 3ee00000 3ec00000 3ea00000 3e800000 3f200000 3f100000 3f000000 3ee00000 3ec00000 3ea00000 3e800000 3f200000 3f100000 3f000000 3ee00000 3ec00000 3ea00000 3e800000 3f200000 3f100000 3f000000 3ee00000 3ec00000 3ea00000 3e800000 3f200000 3f100000 3f000000 3ee00000 3ec00000 3ea00000 3e800000 
sm   0 warp 0 0x800003b0 0x2a7381d7 v  3 11111111111111111111111111111111 3ee00000 3ec00000 3ea00000 3e800000 3f200000 3f100000 3f000000 3ee00000 3ec00000 3ea00000 3e800000 3f200000 3f100000 3f000000 3ee00000 3ec00000 3ea00000 3e800000 3f200000 3f100000 3f000000 3ee00000 3ec00000 3ea00000 3e800000 3f200000 3f100000 3f000000 3ee00000 3ec00000 3ea00000 3e800000 
sm   0 warp 0 0x800003b8 0x90002337 x  6  90002000
sm   0 warp 0 0x800003bc 0x5208a557 v 10 11111111111111111111111111111111 0000001f 0000001e 0000001d 0000001c 0000001b 0000001a 00000019 00000018 00000017 00000016 00000015 00000014 00000013 00000012 00000011 00000010 0000000f 0000000e 0000000d 0000000c 0000000b 0000000a 00000009 00000008 00000007 00000006 00000005 00000004 00000003 00000002 00000001 00000000 
sm   0 warp 0 0x800003b4 0xb26f11d7 v  3 11111111111111111111111111111111 7f800000 7f800000 7f800000 7f800000 7f800000 7f800000 7f800000 7f800000 7f800000 7f800000 7f800000 7f800000 7f800000 7f800000 7f800000 7fc00000 7f800000 7f800000 7f800000 7fc00000 7f800000 7f800000 7fc00000 3ea00000 3e800000 3f200000 3f100000 3f000000 3ee00000 3ec00000 7f800000 7fc00000 
sm   0 warp 0 0x800003c0 0x96a13557 v 10 11111111111111111111111111111111 0000007c 00000078 00000074 00000070 0000006c 00000068 00000064 00000060 0000005c 00000058 00000054 00000050 0000004c 00000048 00000044 00000040 0000003c 00000038 00000034 00000030 0000002c 00000028 00000024 00000020 0000001c 00000018 00000014 00000010 0000000c 00000008 00000004 00000000 
sm   0 warp 0 0x800003c4 0x02a34557 v 10 11111111111111111111111111111111 9000207c 90002078 90002074 90002070 9000206c 90002068 90002064 90002060 9000205c 90002058 90002054 90002050 9000204c 90002048 90002044 90002040 9000203c 90002038 90002034 90002030 9000202c 90002028 90002024 90002020 9000201c 90002018 90002014 90002010 9000200c 90002008 90002004 90002000 
sm   0 warp 0 0x800003c8 0x0035607b lsu.w v  3 op 3 mask 11111111111111111111111111111111 7f800000 7f800000 7f800000 7f800000 7f800000 7f800000 7f800000 7f800000 7f800000 7f800000 7f800000 7f800000 7f800000 7f800000 7f800000 7fc00000 7f800000 7f800000 7f800000 7fc00000 7f800000 7f800000 7fc00000 3ea00000 3e800000 3f200000 3f100000 3f000000 3ee00000 3ec00000 7f800000 7fc00000 @ 9000207c 90002078 90002074 90002070 9000206c 90002068 90002064 90002060 9000205c 90002058 90002054 90002050 9000204c 90002048 90002044 90002040 9000203c 90002038 90002034 90002030 9000202c 90002028 90002024 90002020 9000201c 90002018 90002014 90002010 9000200c 90002008 90002004 90002000
sm   0 warp 0 0x800003cc 0x0000400b endprg
[L1C] #   1748 SM 0 CACHE 1 ADDR 90002000
sm   0 warp 0 0x800003c8 0x0035607b lsu.w finish
[L1C] #   1765 SM 0 CACHE 1 ADDR 6fffff80
[L1C] #   2796 SM 0 CACHE 1 ADDR 6fffff80
