[L1C] #     65 SM 0 CACHE 0 ADDR 80000000
sm   0 warp 0 0x80000000 0x2e1080d7 v  1 11111111111111111111111111111111 00000000 00000000 00000000 00000000 00000000 00000000 00000000 00000000 00000000 00000000 00000000 00000000 00000000 00000000 00000000 00000000 00000000 00000000 00000000 00000000 00000000 00000000 00000000 00000000 00000000 00000000 00000000 00000000 00000000 00000000 00000000 00000000 
sm   0 warp 0 0x80000004 0x900002b7 x  5  90000000
sm   0 warp 0 0x80000008 0x08000313 x  6  00000080
sm   0 warp 0 0x8000000c 0x5208a557 v 10 11111111111111111111111111111111 0000001f 0000001e 0000001d 0000001c 0000001b 0000001a 00000019 00000018 00000017 00000016 00000015 00000014 00000013 00000012 00000011 00000010 0000000f 0000000e 0000000d 0000000c 0000000b 0000000a 00000009 00000008 00000007 00000006 00000005 00000004 00000003 00000002 00000001 00000000 
sm   0 warp 0 0x80000010 0x96a13557 v 10 11111111111111111111111111111111 0000007c 00000078 00000074 00000070 0000006c 00000068 00000064 00000060 0000005c 00000058 00000054 00000050 0000004c 00000048 00000044 00000040 0000003c 00000038 00000034 00000030 0000002c 00000028 00000024 00000020 0000001c 00000018 00000014 00000010 0000000c 00000008 00000004 00000000 
sm   0 warp 0 0x80000014 0x02a2c557 v 10 11111111111111111111111111111111 9000007c 90000078 90000074 90000070 9000006c 90000068 90000064 90000060 9000005c 90000058 90000054 90000050 9000004c 90000048 90000044 90000040 9000003c 90000038 90000034 90000030 9000002c 90000028 90000024 90000020 9000001c 90000018 90000014 90000010 9000000c 90000008 90000004 90000000 
sm   0 warp 0 0x80000018 0x000520fb lsu.r v  1 op 3 @ 9000007c 90000078 90000074 90000070 9000006c 90000068 90000064 90000060 9000005c 90000058 90000054 90000050 9000004c 90000048 90000044 90000040 9000003c 90000038 90000034 90000030 9000002c 90000028 90000024 90000020 9000001c 90000018 90000014 90000010 9000000c 90000008 90000004 90000000
sm   0 warp 0 0x8000001c 0x02a34557 v 10 11111111111111111111111111111111 900000fc 900000f8 900000f4 900000f0 900000ec 900000e8 900000e4 900000e0 900000dc 900000d8 900000d4 900000d0 900000cc 900000c8 900000c4 900000c0 900000bc 900000b8 900000b4 900000b0 900000ac 900000a8 900000a4 900000a0 9000009c 90000098 90000094 90000090 9000008c 90000088 90000084 90000080 
[L1C] #    260 SM 0 CACHE 1 ADDR 90000000
sm   0 warp 0 0x80000018 0x000520fb v  1 11111111111111111111111111111111 41f80000 41f00000 41e80000 41e00000 41d80000 41d00000 41c80000 41c00000 41b80000 41b00000 41a80000 41a00000 41980000 41900000 41880000 41800000 41700000 41600000 41500000 41400000 41300000 41200000 41100000 41000000 40e00000 40c00000 40a00000 40800000 40400000 40000000 3f800000 00000000 
sm   0 warp 0 0x80000020 0x000520fb lsu.r v  1 op 3 @ 900000fc 900000f8 900000f4 900000f0 900000ec 900000e8 900000e4 900000e0 900000dc 900000d8 900000d4 900000d0 900000cc 900000c8 900000c4 900000c0 900000bc 900000b8 900000b4 900000b0 900000ac 900000a8 900000a4 900000a0 9000009c 90000098 90000094 90000090 9000008c 90000088 90000084 90000080
sm   0 warp 0 0x80000024 0x02a34557 v 10 11111111111111111111111111111111 9000017c 90000178 90000174 90000170 9000016c 90000168 90000164 90000160 9000015c 90000158 90000154 90000150 9000014c 90000148 90000144 90000140 9000013c 90000138 90000134 90000130 9000012c 90000128 90000124 90000120 9000011c 90000118 90000114 90000110 9000010c 90000108 90000104 90000100 
[L1C] #    288 SM 0 CACHE 1 ADDR 90000080
sm   0 warp 0 0x80000020 0x000520fb v  1 11111111111111111111111111111111 427c0000 42780000 42740000 42700000 426c0000 42680000 42640000 42600000 425c0000 42580000 42540000 42500000 424c0000 42480000 42440000 42400000 423c0000 42380000 42340000 42300000 422c0000 42280000 42240000 42200000 421c0000 42180000 42140000 42100000 420c0000 42080000 42040000 42000000 
sm   0 warp 0 0x80000028 0x000520fb lsu.r v  1 op 3 @ 9000017c 90000178 90000174 90000170 9000016c 90000168 90000164 90000160 9000015c 90000158 90000154 90000150 9000014c 90000148 90000144 90000140 9000013c 90000138 90000134 90000130 9000012c 90000128 90000124 90000120 9000011c 90000118 90000114 90000110 9000010c 90000108 90000104 90000100
sm   0 warp 0 0x8000002c 0x02a34557 v 10 11111111111111111111111111111111 900001fc 900001f8 900001f4 900001f0 900001ec 900001e8 900001e4 900001e0 900001dc 900001d8 900001d4 900001d0 900001cc 900001c8 900001c4 900001c0 900001bc 900001b8 900001b4 900001b0 900001ac 900001a8 900001a4 900001a0 9000019c 90000198 90000194 90000190 9000018c 90000188 90000184 90000180 
[L1C] #    316 SM 0 CACHE 1 ADDR 90000100
sm   0 warp 0 0x80000028 0x000520fb v  1 11111111111111111111111111111111 42be0000 42bc0000 42ba0000 42b80000 42b60000 42b40000 42b20000 42b00000 42ae0000 42ac0000 42aa0000 42a80000 42a60000 42a40000 42a20000 42a00000 429e0000 429c0000 429a0000 42980000 42960000 42940000 42920000 42900000 428e0000 428c0000 428a0000 42880000 42860000 42840000 42820000 42800000 
sm   0 warp 0 0x80000030 0x000520fb lsu.r v  1 op 3 @ 900001fc 900001f8 900001f4 900001f0 900001ec 900001e8 900001e4 900001e0 900001dc 900001d8 900001d4 900001d0 900001cc 900001c8 900001c4 900001c0 900001bc 900001b8 900001b4 900001b0 900001ac 900001a8 900001a4 900001a0 9000019c 90000198 90000194 90000190 9000018c 90000188 90000184 90000180
sm   0 warp 0 0x80000034 0x02a34557 v 10 11111111111111111111111111111111 9000027c 90000278 90000274 90000270 9000026c 90000268 90000264 90000260 9000025c 90000258 90000254 90000250 9000024c 90000248 90000244 90000240 9000023c 90000238 90000234 90000230 9000022c 90000228 90000224 90000220 9000021c 90000218 90000214 90000210 9000020c 90000208 90000204 90000200 
[L1C] #    344 SM 0 CACHE 1 ADDR 90000180
sm   0 warp 0 0x80000030 0x000520fb v  1 11111111111111111111111111111111 42fe0000 42fc0000 42fa0000 42f80000 42f60000 42f40000 42f20000 42f00000 42ee0000 42ec0000 42ea0000 42e80000 42e60000 42e40000 42e20000 42e00000 42de0000 42dc0000 42da0000 42d80000 42d60000 42d40000 42d20000 42d00000 42ce0000 42cc0000 42ca0000 42c80000 42c60000 42c40000 42c20000 42c00000 
sm   0 warp 0 0x80000038 0x000520fb lsu.r v  1 op 3 @ 9000027c 90000278 90000274 90000270 9000026c 90000268 90000264 90000260 9000025c 90000258 90000254 90000250 9000024c 90000248 90000244 90000240 9000023c 90000238 90000234 90000230 9000022c 90000228 90000224 90000220 9000021c 90000218 90000214 90000210 9000020c 90000208 90000204 90000200
sm   0 warp 0 0x8000003c 0x02a34557 v 10 11111111111111111111111111111111 900002fc 900002f8 900002f4 900002f0 900002ec 900002e8 900002e4 900002e0 900002dc 900002d8 900002d4 900002d0 900002cc 900002c8 900002c4 900002c0 900002bc 900002b8 900002b4 900002b0 900002ac 900002a8 900002a4 900002a0 9000029c 90000298 90000294 90000290 9000028c 90000288 90000284 90000280 
[L1C] #    372 SM 0 CACHE 1 ADDR 90000200
sm   0 warp 0 0x80000038 0x000520fb v  1 11111111111111111111111111111111 431f0000 431e0000 431d0000 431c0000 431b0000 431a0000 43190000 43180000 43170000 43160000 43150000 43140000 43130000 43120000 43110000 43100000 430f0000 430e0000 430d0000 430c0000 430b0000 430a0000 43090000 43080000 43070000 43060000 43050000 43040000 43030000 43020000 43010000 43000000 
sm   0 warp 0 0x80000040 0x000520fb lsu.r v  1 op 3 @ 900002fc 900002f8 900002f4 900002f0 900002ec 900002e8 900002e4 900002e0 900002dc 900002d8 900002d4 900002d0 900002cc 900002c8 900002c4 900002c0 900002bc 900002b8 900002b4 900002b0 900002ac 900002a8 900002a4 900002a0 9000029c 90000298 90000294 90000290 9000028c 90000288 90000284 90000280
sm   0 warp 0 0x80000044 0x02a34557 v 10 11111111111111111111111111111111 9000037c 90000378 90000374 90000370 9000036c 90000368 90000364 90000360 9000035c 90000358 90000354 90000350 9000034c 90000348 90000344 90000340 9000033c 90000338 90000334 90000330 9000032c 90000328 90000324 90000320 9000031c 90000318 90000314 90000310 9000030c 90000308 90000304 90000300 
[L1C] #    400 SM 0 CACHE 1 ADDR 90000280
sm   0 warp 0 0x80000040 0x000520fb v  1 11111111111111111111111111111111 433f0000 433e0000 433d0000 433c0000 433b0000 433a0000 43390000 43380000 43370000 43360000 43350000 43340000 43330000 43320000 43310000 43300000 432f0000 432e0000 432d0000 432c0000 432b0000 432a0000 43290000 43280000 43270000 43260000 43250000 43240000 43230000 43220000 43210000 43200000 
sm   0 warp 0 0x80000048 0x000520fb lsu.r v  1 op 3 @ 9000037c 90000378 90000374 90000370 9000036c 90000368 90000364 90000360 9000035c 90000358 90000354 90000350 9000034c 90000348 90000344 90000340 9000033c 90000338 90000334 90000330 9000032c 90000328 90000324 90000320 9000031c 90000318 90000314 90000310 9000030c 90000308 90000304 90000300
sm   0 warp 0 0x8000004c 0x02a34557 v 10 11111111111111111111111111111111 900003fc 900003f8 900003f4 900003f0 900003ec 900003e8 900003e4 900003e0 900003dc 900003d8 900003d4 900003d0 900003cc 900003c8 900003c4 900003c0 900003bc 900003b8 900003b4 900003b0 900003ac 900003a8 900003a4 900003a0 9000039c 90000398 90000394 90000390 9000038c 90000388 90000384 90000380 
[L1C] #    428 SM 0 CACHE 1 ADDR 90000300
sm   0 warp 0 0x80000048 0x000520fb v  1 11111111111111111111111111111111 435f0000 435e0000 435d0000 435c0000 435b0000 435a0000 43590000 43580000 43570000 43560000 43550000 43540000 43530000 43520000 43510000 43500000 434f0000 434e0000 434d0000 434c0000 434b0000 434a0000 43490000 43480000 43470000 43460000 43450000 43440000 43430000 43420000 43410000 43400000 
sm   0 warp 0 0x80000050 0x000520fb lsu.r v  1 op 3 @ 900003fc 900003f8 900003f4 900003f0 900003ec 900003e8 900003e4 900003e0 900003dc 900003d8 900003d4 900003d0 900003cc 900003c8 900003c4 900003c0 900003bc 900003b8 900003b4 900003b0 900003ac 900003a8 900003a4 900003a0 9000039c 90000398 90000394 90000390 9000038c 90000388 90000384 90000380
sm   0 warp 0 0x80000054 0x02a34557 v 10 11111111111111111111111111111111 9000047c 90000478 90000474 90000470 9000046c 90000468 90000464 90000460 9000045c 90000458 90000454 90000450 9000044c 90000448 90000444 90000440 9000043c 90000438 90000434 90000430 9000042c 90000428 90000424 90000420 9000041c 90000418 90000414 90000410 9000040c 90000408 90000404 90000400 
[L1C] #    456 SM 0 CACHE 1 ADDR 90000380
sm   0 warp 0 0x80000050 0x000520fb v  1 11111111111111111111111111111111 437f0000 437e0000 437d0000 437c0000 437b0000 437a0000 43790000 43780000 43770000 43760000 43750000 43740000 43730000 43720000 43710000 43700000 436f0000 436e0000 436d0000 436c0000 436b0000 436a0000 43690000 43680000 43670000 43660000 43650000 43640000 43630000 43620000 43610000 43600000 
sm   0 warp 0 0x80000058 0x000520fb lsu.r v  1 op 3 @ 9000047c 90000478 90000474 90000470 9000046c 90000468 90000464 90000460 9000045c 90000458 90000454 90000450 9000044c 90000448 90000444 90000440 9000043c 90000438 90000434 90000430 9000042c 90000428 90000424 90000420 9000041c 90000418 90000414 90000410 9000040c 90000408 90000404 90000400
sm   0 warp 0 0x8000005c 0x02a34557 v 10 11111111111111111111111111111111 900004fc 900004f8 900004f4 900004f0 900004ec 900004e8 900004e4 900004e0 900004dc 900004d8 900004d4 900004d0 900004cc 900004c8 900004c4 900004c0 900004bc 900004b8 900004b4 900004b0 900004ac 900004a8 900004a4 900004a0 9000049c 90000498 90000494 90000490 9000048c 90000488 90000484 90000480 
[L1C] #    484 SM 0 CACHE 0 ADDR 80000080
[L1C] #    485 SM 0 CACHE 1 ADDR 90000400
sm   0 warp 0 0x80000058 0x000520fb v  1 11111111111111111111111111111111 438f8000 438f0000 438e8000 438e0000 438d8000 438d0000 438c8000 438c0000 438b8000 438b0000 438a8000 438a0000 43898000 43890000 43888000 43880000 43878000 43870000 43868000 43860000 43858000 43850000 43848000 43840000 43838000 43830000 43828000 43820000 43818000 43810000 43808000 43800000 
sm   0 warp 0 0x80000060 0x000520fb lsu.r v  1 op 3 @ 900004fc 900004f8 900004f4 900004f0 900004ec 900004e8 900004e4 900004e0 900004dc 900004d8 900004d4 900004d0 900004cc 900004c8 900004c4 900004c0 900004bc 900004b8 900004b4 900004b0 900004ac 900004a8 900004a4 900004a0 9000049c 90000498 90000494 90000490 9000048c 90000488 90000484 90000480
sm   0 warp 0 0x80000064 0x02a34557 v 10 11111111111111111111111111111111 9000057c 90000578 90000574 90000570 9000056c 90000568 90000564 90000560 9000055c 90000558 90000554 90000550 9000054c 90000548 90000544 90000540 9000053c 90000538 90000534 90000530 9000052c 90000528 90000524 90000520 9000051c 90000518 90000514 90000510 9000050c 90000508 90000504 90000500 
[L1C] #    514 SM 0 CACHE 1 ADDR 90000480
sm   0 warp 0 0x80000060 0x000520fb v  1 11111111111111111111111111111111 439f8000 439f0000 439e8000 439e0000 439d8000 439d0000 439c8000 439c0000 439b8000 439b0000 439a8000 439a0000 43998000 43990000 43988000 43980000 43978000 43970000 43968000 43960000 43958000 43950000 43948000 43940000 43938000 43930000 43928000 43920000 43918000 43910000 43908000 43900000 
sm   0 warp 0 0x80000068 0x000520fb lsu.r v  1 op 3 @ 9000057c 90000578 90000574 90000570 9000056c 90000568 90000564 90000560 9000055c 90000558 90000554 90000550 9000054c 90000548 90000544 90000540 9000053c 90000538 90000534 90000530 9000052c 90000528 90000524 90000520 9000051c 90000518 90000514 90000510 9000050c 90000508 90000504 90000500
sm   0 warp 0 0x8000006c 0x02a34557 v 10 11111111111111111111111111111111 900005fc 900005f8 900005f4 900005f0 900005ec 900005e8 900005e4 900005e0 900005dc 900005d8 900005d4 900005d0 900005cc 900005c8 900005c4 900005c0 900005bc 900005b8 900005b4 900005b0 900005ac 900005a8 900005a4 900005a0 9000059c 90000598 90000594 90000590 9000058c 90000588 90000584 90000580 
[L1C] #    542 SM 0 CACHE 1 ADDR 90000500
sm   0 warp 0 0x80000068 0x000520fb v  1 11111111111111111111111111111111 43af8000 43af0000 43ae8000 43ae0000 43ad8000 43ad0000 43ac8000 43ac0000 43ab8000 43ab0000 43aa8000 43aa0000 43a98000 43a90000 43a88000 43a80000 43a78000 43a70000 43a68000 43a60000 43a58000 43a50000 43a48000 43a40000 43a38000 43a30000 43a28000 43a20000 43a18000 43a10000 43a08000 43a00000 
sm   0 warp 0 0x80000070 0x000520fb lsu.r v  1 op 3 @ 900005fc 900005f8 900005f4 900005f0 900005ec 900005e8 900005e4 900005e0 900005dc 900005d8 900005d4 900005d0 900005cc 900005c8 900005c4 900005c0 900005bc 900005b8 900005b4 900005b0 900005ac 900005a8 900005a4 900005a0 9000059c 90000598 90000594 90000590 9000058c 90000588 90000584 90000580
sm   0 warp 0 0x80000074 0x02a34557 v 10 11111111111111111111111111111111 9000067c 90000678 90000674 90000670 9000066c 90000668 90000664 90000660 9000065c 90000658 90000654 90000650 9000064c 90000648 90000644 90000640 9000063c 90000638 90000634 90000630 9000062c 90000628 90000624 90000620 9000061c 90000618 90000614 90000610 9000060c 90000608 90000604 90000600 
[L1C] #    570 SM 0 CACHE 1 ADDR 90000580
sm   0 warp 0 0x80000070 0x000520fb v  1 11111111111111111111111111111111 43bf8000 43bf0000 43be8000 43be0000 43bd8000 43bd0000 43bc8000 43bc0000 43bb8000 43bb0000 43ba8000 43ba0000 43b98000 43b90000 43b88000 43b80000 43b78000 43b70000 43b68000 43b60000 43b58000 43b50000 43b48000 43b40000 43b38000 43b30000 43b28000 43b20000 43b18000 43b10000 43b08000 43b00000 
sm   0 warp 0 0x80000078 0x000520fb lsu.r v  1 op 3 @ 9000067c 90000678 90000674 90000670 9000066c 90000668 90000664 90000660 9000065c 90000658 90000654 90000650 9000064c 90000648 90000644 90000640 9000063c 90000638 90000634 90000630 9000062c 90000628 90000624 90000620 9000061c 90000618 90000614 90000610 9000060c 90000608 90000604 90000600
sm   0 warp 0 0x8000007c 0x02a34557 v 10 11111111111111111111111111111111 900006fc 900006f8 900006f4 900006f0 900006ec 900006e8 900006e4 900006e0 900006dc 900006d8 900006d4 900006d0 900006cc 900006c8 900006c4 900006c0 900006bc 900006b8 900006b4 900006b0 900006ac 900006a8 900006a4 900006a0 9000069c 90000698 90000694 90000690 9000068c 90000688 90000684 90000680 
[L1C] #    598 SM 0 CACHE 1 ADDR 90000600
sm   0 warp 0 0x80000078 0x000520fb v  1 11111111111111111111111111111111 43cf8000 43cf0000 43ce8000 43ce0000 43cd8000 43cd0000 43cc8000 43cc0000 43cb8000 43cb0000 43ca8000 43ca0000 43c98000 43c90000 43c88000 43c80000 43c78000 43c70000 43c68000 43c60000 43c58000 43c50000 43c48000 43c40000 43c38000 43c30000 43c28000 43c20000 43c18000 43c10000 43c08000 43c00000 
sm   0 warp 0 0x80000080 0x000520fb lsu.r v  1 op 3 @ 900006fc 900006f8 900006f4 900006f0 900006ec 900006e8 900006e4 900006e0 900006dc 900006d8 900006d4 900006d0 900006cc 900006c8 900006c4 900006c0 900006bc 900006b8 900006b4 900006b0 900006ac 900006a8 900006a4 900006a0 9000069c 90000698 90000694 90000690 9000068c 90000688 90000684 90000680
sm   0 warp 0 0x80000084 0x02a34557 v 10 11111111111111111111111111111111 9000077c 90000778 90000774 90000770 9000076c 90000768 90000764 90000760 9000075c 90000758 90000754 90000750 9000074c 90000748 90000744 90000740 9000073c 90000738 90000734 90000730 9000072c 90000728 90000724 90000720 9000071c 90000718 90000714 90000710 9000070c 90000708 90000704 90000700 
[L1C] #    626 SM 0 CACHE 1 ADDR 90000680
sm   0 warp 0 0x80000080 0x000520fb v  1 11111111111111111111111111111111 43df8000 43df0000 43de8000 43de0000 43dd8000 43dd0000 43dc8000 43dc0000 43db8000 43db0000 43da8000 43da0000 43d98000 43d90000 43d88000 43d80000 43d78000 43d70000 43d68000 43d60000 43d58000 43d50000 43d48000 43d40000 43d38000 43d30000 43d28000 43d20000 43d18000 43d10000 43d08000 43d00000 
sm   0 warp 0 0x80000088 0x000520fb lsu.r v  1 op 3 @ 9000077c 90000778 90000774 90000770 9000076c 90000768 90000764 90000760 9000075c 90000758 90000754 90000750 9000074c 90000748 90000744 90000740 9000073c 90000738 90000734 90000730 9000072c 90000728 90000724 90000720 9000071c 90000718 90000714 90000710 9000070c 90000708 90000704 90000700
sm   0 warp 0 0x8000008c 0x02a34557 v 10 11111111111111111111111111111111 900007fc 900007f8 900007f4 900007f0 900007ec 900007e8 900007e4 900007e0 900007dc 900007d8 900007d4 900007d0 900007cc 900007c8 900007c4 900007c0 900007bc 900007b8 900007b4 900007b0 900007ac 900007a8 900007a4 900007a0 9000079c 90000798 90000794 90000790 9000078c 90000788 90000784 90000780 
[L1C] #    654 SM 0 CACHE 1 ADDR 90000700
sm   0 warp 0 0x80000088 0x000520fb v  1 11111111111111111111111111111111 43ef8000 43ef0000 43ee8000 43ee0000 43ed8000 43ed0000 43ec8000 43ec0000 43eb8000 43eb0000 43ea8000 43ea0000 43e98000 43e90000 43e88000 43e80000 43e78000 43e70000 43e68000 43e60000 43e58000 43e50000 43e48000 43e40000 43e38000 43e30000 43e28000 43e20000 43e18000 43e10000 43e08000 43e00000 
sm   0 warp 0 0x80000090 0x000520fb lsu.r v  1 op 3 @ 900007fc 900007f8 900007f4 900007f0 900007ec 900007e8 900007e4 900007e0 900007dc 900007d8 900007d4 900007d0 900007cc 900007c8 900007c4 900007c0 900007bc 900007b8 900007b4 900007b0 900007ac 900007a8 900007a4 900007a0 9000079c 90000798 90000794 90000790 9000078c 90000788 90000784 90000780
sm   0 warp 0 0x80000094 0x02a34557 v 10 11111111111111111111111111111111 9000087c 90000878 90000874 90000870 9000086c 90000868 90000864 90000860 9000085c 90000858 90000854 90000850 9000084c 90000848 90000844 90000840 9000083c 90000838 90000834 90000830 9000082c 90000828 90000824 90000820 9000081c 90000818 90000814 90000810 9000080c 90000808 90000804 90000800 
[L1C] #    682 SM 0 CACHE 1 ADDR 90000780
sm   0 warp 0 0x80000098 0x90002137 x  2  90002000
sm   0 warp 0 0x8000009c 0x5208a557 v 10 11111111111111111111111111111111 0000001f 0000001e 0000001d 0000001c 0000001b 0000001a 00000019 00000018 00000017 00000016 00000015 00000014 00000013 00000012 00000011 00000010 0000000f 0000000e 0000000d 0000000c 0000000b 0000000a 00000009 00000008 00000007 00000006 00000005 00000004 00000003 00000002 00000001 00000000 
sm   0 warp 0 0x800000a0 0x96a13557 v 10 11111111111111111111111111111111 0000007c 00000078 00000074 00000070 0000006c 00000068 00000064 00000060 0000005c 00000058 00000054 00000050 0000004c 00000048 00000044 00000040 0000003c 00000038 00000034 00000030 0000002c 00000028 00000024 00000020 0000001c 00000018 00000014 00000010 0000000c 00000008 00000004 00000000 
sm   0 warp 0 0x800000a4 0x02a14557 v 10 11111111111111111111111111111111 9000207c 90002078 90002074 90002070 9000206c 90002068 90002064 90002060 9000205c 90002058 90002054 90002050 9000204c 90002048 90002044 90002040 9000203c 90002038 90002034 90002030 9000202c 90002028 90002024 90002020 9000201c 90002018 90002014 90002010 9000200c 90002008 90002004 90002000 
sm   0 warp 0 0x80000090 0x000520fb v  1 11111111111111111111111111111111 43ff8000 43ff0000 43fe8000 43fe0000 43fd8000 43fd0000 43fc8000 43fc0000 43fb8000 43fb0000 43fa8000 43fa0000 43f98000 43f90000 43f88000 43f80000 43f78000 43f70000 43f68000 43f60000 43f58000 43f50000 43f48000 43f40000 43f38000 43f30000 43f28000 43f20000 43f18000 43f10000 43f08000 43f00000 
sm   0 warp 0 0x800000a8 0x0015607b lsu.w v  1 op 3 mask 11111111111111111111111111111111 43ff8000 43ff0000 43fe8000 43fe0000 43fd8000 43fd0000 43fc8000 43fc0000 43fb8000 43fb0000 43fa8000 43fa0000 43f98000 43f90000 43f88000 43f80000 43f78000 43f70000 43f68000 43f60000 43f58000 43f50000 43f48000 43f40000 43f38000 43f30000 43f28000 43f20000 43f18000 43f10000 43f08000 43f00000 @ 9000207c 90002078 90002074 90002070 9000206c 90002068 90002064 90002060 9000205c 90002058 90002054 90002050 9000204c 90002048 90002044 90002040 9000203c 90002038 90002034 90002030 9000202c 90002028 90002024 90002020 9000201c 90002018 90002014 90002010 9000200c 90002008 90002004 90002000
sm   0 warp 0 0x800000ac 0x0000400b endprg
[L1C] #    710 SM 0 CACHE 1 ADDR 90002000
sm   0 warp 0 0x800000a8 0x0015607b lsu.w finish
[L1C] #    727 SM 0 CACHE 1 ADDR 9d0f7f80
[L1C] #   1758 SM 0 CACHE 1 ADDR 9d0f7f80
