[RTL     info]@0 SNAPSHOT created, pid=3356506
[RTL    trace]@20 Hardware reset ok
[2026-10-06 08:56:01.025] [trace] kernel0 vector_div-192 data loaded from file
[RTL    trace]@30 kernel 0 vector_div-192 activate
[RTL    debug]@185 block0  dispatched to GPU (kernel0  vector_div-192 block0 )
[RTL    debug]@10000 
[RTL    debug]@20000 
[RTL    debug]@30000 
[RTL    debug]@40000 
[RTL    debug]@50000 
[RTL    debug]@50995 block0  finished (kernel0  vector_div-192 block0 )
[RTL     info]@50995 kernel0  vector_div-192 finished
[RTL    debug]@60000 
[RTL    debug]@70000 
[RTL    debug]@80000 
[RTL    debug]@90000 
[RTL    debug]@100000 
dump-mem: mem[0x90002000 +: 4] = 0x00000001
dump-mem: mem[0x90002004 +: 4] = 0x00000001
dump-mem: mem[0x90002008 +: 4] = 0x00000001
dump-mem: mem[0x9000200C +: 4] = 0x00000001
dump-mem: mem[0x90002010 +: 4] = 0x00000001
dump-mem: mem[0x90002014 +: 4] = 0x00000001
dump-mem: mem[0x90002018 +: 4] = 0x00000001
dump-mem: mem[0x9000201C +: 4] = 0x00000001
dump-mem: mem[0x90002020 +: 4] = 0x00000001
dump-mem: mem[0x90002024 +: 4] = 0x00000001
dump-mem: mem[0x90002028 +: 4] = 0x00000001
dump-mem: mem[0x9000202C +: 4] = 0x00000001
dump-mem: mem[0x90002030 +: 4] = 0x00000001
dump-mem: mem[0x90002034 +: 4] = 0x00000001
dump-mem: mem[0x90002038 +: 4] = 0x00000001
dump-mem: mem[0x9000203C +: 4] = 0x00000001
dump-mem: mem[0x90002040 +: 4] = 0x00000001
dump-mem: mem[0x90002044 +: 4] = 0x00000001
dump-mem: mem[0x90002048 +: 4] = 0x00000001
dump-mem: mem[0x9000204C +: 4] = 0x00000001
dump-mem: mem[0x90002050 +: 4] = 0x00000001
dump-mem: mem[0x90002054 +: 4] = 0x00000001
dump-mem: mem[0x90002058 +: 4] = 0x00000001
dump-mem: mem[0x9000205C +: 4] = 0x00000001
dump-mem: mem[0x90002060 +: 4] = 0x00000001
dump-mem: mem[0x90002064 +: 4] = 0x00000001
dump-mem: mem[0x90002068 +: 4] = 0x00000001
dump-mem: mem[0x9000206C +: 4] = 0x00000001
dump-mem: mem[0x90002070 +: 4] = 0x00000001
dump-mem: mem[0x90002074 +: 4] = 0x00000001
dump-mem: mem[0x90002078 +: 4] = 0x00000001
dump-mem: mem[0x9000207C +: 4] = 0x00000001
[RTL     info]@100995 Simulation finished in 100995 unit time
- S i m u l a t i o n   R e p o r t: Verilator 5.049 devel
- Verilator: end at 101ns; walltime 33.739 s; speed 2.993 ns/s
- Verilator: cpu 134.709 s on 4 threads; allocated 583 MB
[RTL    debug]@100995 All snapshot process are cleared, OK
