[RTL     info]@0 SNAPSHOT created, pid=3688427
[RTL    trace]@20 Hardware reset ok
[2026-10-06 12:24:04.141] [trace] kernel0 b\5¦|Z data loaded from file
[RTL    trace]@30 kernel 0 resident-16-rf1-lds1 activate
[RTL    debug]@5125 block0  dispatched to GPU (kernel0  resident-16-rf1-lds1 block0 )
[RTL    debug]@8935 block0  finished (kernel0  resident-16-rf1-lds1 block0 )
[RTL     info]@8935 kernel0  resident-16-rf1-lds1 finished
[RTL    debug]@10000 
[RTL    debug]@20000 
[RTL    debug]@30000 
[RTL    debug]@40000 
[RTL    debug]@50000 
dump-mem: mem[0x90002000 +: 4] = 0x42400000
dump-mem: mem[0x90002004 +: 4] = 0xC3000000
dump-mem: mem[0x90002008 +: 4] = 0x41800000
dump-mem: mem[0x9000200C +: 4] = 0xC2A00000
dump-mem: mem[0x90002010 +: 4] = 0x41800000
dump-mem: mem[0x90002014 +: 4] = 0x41800000
dump-mem: mem[0x90002018 +: 4] = 0xC3100000
dump-mem: mem[0x9000201C +: 4] = 0x43800000
dump-mem: mem[0x90002020 +: 4] = 0xC3000000
dump-mem: mem[0x90002024 +: 4] = 0x42400000
dump-mem: mem[0x90002028 +: 4] = 0x43100000
dump-mem: mem[0x9000202C +: 4] = 0xC2A00000
dump-mem: mem[0x90002030 +: 4] = 0x43900000
dump-mem: mem[0x90002034 +: 4] = 0xC3100000
dump-mem: mem[0x90002038 +: 4] = 0xC1800000
dump-mem: mem[0x9000203C +: 4] = 0x42000000
dump-mem: mem[0x90002040 +: 4] = 0x00000000
dump-mem: mem[0x90002044 +: 4] = 0x00000000
dump-mem: mem[0x90002048 +: 4] = 0x00000000
dump-mem: mem[0x9000204C +: 4] = 0x00000000
dump-mem: mem[0x90002050 +: 4] = 0x00000000
dump-mem: mem[0x90002054 +: 4] = 0x00000000
dump-mem: mem[0x90002058 +: 4] = 0x00000000
dump-mem: mem[0x9000205C +: 4] = 0x00000000
dump-mem: mem[0x90002060 +: 4] = 0x00000000
dump-mem: mem[0x90002064 +: 4] = 0x00000000
dump-mem: mem[0x90002068 +: 4] = 0x00000000
dump-mem: mem[0x9000206C +: 4] = 0x00000000
dump-mem: mem[0x90002070 +: 4] = 0x00000000
dump-mem: mem[0x90002074 +: 4] = 0x00000000
dump-mem: mem[0x90002078 +: 4] = 0x00000000
dump-mem: mem[0x9000207C +: 4] = 0x00000000
[RTL     info]@58935 Simulation finished in 58935 unit time
- S i m u l a t i o n   R e p o r t: Verilator 5.049 devel
- Verilator: end at 59ns; walltime 17.825 s; speed 3.306 ns/s
- Verilator: cpu 71.056 s on 4 threads; allocated 585 MB
[RTL    debug]@58935 All snapshot process are cleared, OK
