[RTL     info]@0 SNAPSHOT created, pid=3361700
[RTL    trace]@20 Hardware reset ok
[RTL    trace]@30 kernel 0 vecadd-wg8 activate
[RTL    debug]@185 block0  dispatched to GPU (kernel0  vecadd-wg8 block0 )
[RTL    debug]@195 block1  dispatched to GPU (kernel0  vecadd-wg8 block1 )
[RTL    debug]@205 block2  dispatched to GPU (kernel0  vecadd-wg8 block2 )
[RTL    debug]@215 block3  dispatched to GPU (kernel0  vecadd-wg8 block3 )
[RTL    debug]@225 block4  dispatched to GPU (kernel0  vecadd-wg8 block4 )
[RTL    debug]@235 block5  dispatched to GPU (kernel0  vecadd-wg8 block5 )
[RTL    debug]@245 block6  dispatched to GPU (kernel0  vecadd-wg8 block6 )
[RTL    debug]@255 block7  dispatched to GPU (kernel0  vecadd-wg8 block7 )
[RTL    error]@3360 PMEM page at 0x80003000 not allocated, read as all zero
[RTL    debug]@10000 
[RTL    debug]@12205 block0  finished (kernel0  vecadd-wg8 block0 )
[RTL    debug]@12225 block1  finished (kernel0  vecadd-wg8 block1 )
[RTL    debug]@20000 
[RTL    debug]@30000 
[RTL    debug]@40000 
[RTL    debug]@50000 
[RTL    debug]@60000 
[RTL    debug]@70000 
[RTL    debug]@80000 
[RTL    debug]@90000 
[RTL    debug]@91145 block5  finished (kernel0  vecadd-wg8 block5 )
[RTL    debug]@92465 block6  finished (kernel0  vecadd-wg8 block6 )
[RTL    debug]@100000 
[RTL    debug]@110000 
[RTL    debug]@120000 
[RTL    debug]@130000 
[RTL    debug]@140000 
[RTL    debug]@150000 
[RTL    debug]@160000 
[RTL    debug]@170000 
[RTL    debug]@175425 block3  finished (kernel0  vecadd-wg8 block3 )
[RTL    debug]@177415 block2  finished (kernel0  vecadd-wg8 block2 )
[RTL    debug]@180000 
[RTL    debug]@190000 
[RTL    debug]@200000 
[RTL    debug]@210000 
[RTL    debug]@220000 
[RTL    debug]@230000 
[RTL    debug]@240000 
[RTL    debug]@250000 
[RTL    debug]@260000 
[RTL    debug]@261465 block4  finished (kernel0  vecadd-wg8 block4 )
[RTL    debug]@261965 block7  finished (kernel0  vecadd-wg8 block7 )
[RTL     info]@261965 kernel0  vecadd-wg8 finished
[RTL    debug]@270000 
[RTL    debug]@280000 
[RTL    debug]@290000 
[RTL    debug]@300000 
[RTL    debug]@310000 
[RTL     info]@311965 Simulation finished in 311965 unit time
[RTL    debug]@311965 All snapshot process are cleared, OK
