
Warning: (W569) sc_module(const char*), sc_module(const std::string&) have been deprecated, use sc_module(const sc_module_name&): RamulatorWrapper
In file: ${REMOTE_FLOW_ROOT}/deps/systemc/src/sysc/kernel/sc_module.cpp:248
Create new vmem for kernel vector_div-16, ptroot=0x1000 [trace main.cpp:83]
Start loading data for kernel vector_div-16, ptroot=0x1000 [trace main.cpp:188]
kernel 0 vector_div-16 initialized, size={1,1,1} @0ns,0 [info context_model.cpp:23]

Warning: (W509) module construction not properly completed: did you forget to add a sc_module_name parameter to your module constructor?: module 'RamulatorWrapper'
In file: ${REMOTE_FLOW_ROOT}/deps/systemc/src/sysc/kernel/sc_module.cpp:409
SM 1 warp 1 receive kernel 0 vector_div-16 block 0 warp 0 @15ns,1 [trace BASE.cpp:244]
SM 1 warp 1 0x80000000           VXOR_VV_0x2e1080d7 mask=FFFFFFFF WB v[001]={00000000 00000000 00000000 00000000 00000000 00000000 00000000 00000000 00000000 00000000 00000000 00000000 00000000 00000000 00000000 00000000 00000000 00000000 00000000 00000000 00000000 00000000 00000000 00000000 00000000 00000000 00000000 00000000 00000000 00000000 00000000 00000000}; s1=1 s2=1 s3=1 @125ns,1 [trace regfile.cpp:109]
SM 1 warp 1 0x80000004              ADDI_0x00100293 WB x[005]=0x00000001 @145ns,1 [trace regfile.cpp:87]
SM 1 warp 1 0x80000008           VADD_VX_0x0212c0d7 mask=FFFFFFFF WB v[001]={00000001 00000001 00000001 00000001 00000001 00000001 00000001 00000001 00000001 00000001 00000001 00000001 00000001 00000001 00000001 00000001 00000001 00000001 00000001 00000001 00000001 00000001 00000001 00000001 00000001 00000001 00000001 00000001 00000001 00000001 00000001 00000001}; s1=5 s2=1 s3=1 @235ns,1 [trace regfile.cpp:109]
SM 1 warp 1 0x8000000c           VDIV_VX_0x8612e0d7 mask=FFFFFFFF WB v[001]={00000001 00000001 00000001 00000001 00000001 00000001 00000001 00000001 00000001 00000001 00000001 00000001 00000001 00000001 00000001 00000001 00000001 00000001 00000001 00000001 00000001 00000001 00000001 00000001 00000001 00000001 00000001 00000001 00000001 00000001 00000001 00000001}; s1=5 s2=1 s3=1 @325ns,1 [trace regfile.cpp:109]
SM 1 warp 1 0x80000010           VDIV_VX_0x8612e0d7 mask=FFFFFFFF WB v[001]={00000001 00000001 00000001 00000001 00000001 00000001 00000001 00000001 00000001 00000001 00000001 00000001 00000001 00000001 00000001 00000001 00000001 00000001 00000001 00000001 00000001 00000001 00000001 00000001 00000001 00000001 00000001 00000001 00000001 00000001 00000001 00000001}; s1=5 s2=1 s3=1 @415ns,1 [trace regfile.cpp:109]
SM 1 warp 1 0x80000014           VDIV_VX_0x8612e0d7 mask=FFFFFFFF WB v[001]={00000001 00000001 00000001 00000001 00000001 00000001 00000001 00000001 00000001 00000001 00000001 00000001 00000001 00000001 00000001 00000001 00000001 00000001 00000001 00000001 00000001 00000001 00000001 00000001 00000001 00000001 00000001 00000001 00000001 00000001 00000001 00000001}; s1=5 s2=1 s3=1 @505ns,1 [trace regfile.cpp:109]
SM 1 warp 1 0x80000018           VDIV_VX_0x8612e0d7 mask=FFFFFFFF WB v[001]={00000001 00000001 00000001 00000001 00000001 00000001 00000001 00000001 00000001 00000001 00000001 00000001 00000001 00000001 00000001 00000001 00000001 00000001 00000001 00000001 00000001 00000001 00000001 00000001 00000001 00000001 00000001 00000001 00000001 00000001 00000001 00000001}; s1=5 s2=1 s3=1 @595ns,1 [trace regfile.cpp:109]
SM 1 warp 1 0x8000001c           VDIV_VX_0x8612e0d7 mask=FFFFFFFF WB v[001]={00000001 00000001 00000001 00000001 00000001 00000001 00000001 00000001 00000001 00000001 00000001 00000001 00000001 00000001 00000001 00000001 00000001 00000001 00000001 00000001 00000001 00000001 00000001 00000001 00000001 00000001 00000001 00000001 00000001 00000001 00000001 00000001}; s1=5 s2=1 s3=1 @685ns,1 [trace regfile.cpp:109]
SM 1 warp 1 0x80000020           VDIV_VX_0x8612e0d7 mask=FFFFFFFF WB v[001]={00000001 00000001 00000001 00000001 00000001 00000001 00000001 00000001 00000001 00000001 00000001 00000001 00000001 00000001 00000001 00000001 00000001 00000001 00000001 00000001 00000001 00000001 00000001 00000001 00000001 00000001 00000001 00000001 00000001 00000001 00000001 00000001}; s1=5 s2=1 s3=1 @775ns,1 [trace regfile.cpp:109]
SM 1 warp 1 0x80000024           VDIV_VX_0x8612e0d7 mask=FFFFFFFF WB v[001]={00000001 00000001 00000001 00000001 00000001 00000001 00000001 00000001 00000001 00000001 00000001 00000001 00000001 00000001 00000001 00000001 00000001 00000001 00000001 00000001 00000001 00000001 00000001 00000001 00000001 00000001 00000001 00000001 00000001 00000001 00000001 00000001}; s1=5 s2=1 s3=1 @865ns,1 [trace regfile.cpp:109]
SM 1 warp 1 0x80000028           VDIV_VX_0x8612e0d7 mask=FFFFFFFF WB v[001]={00000001 00000001 00000001 00000001 00000001 00000001 00000001 00000001 00000001 00000001 00000001 00000001 00000001 00000001 00000001 00000001 00000001 00000001 00000001 00000001 00000001 00000001 00000001 00000001 00000001 00000001 00000001 00000001 00000001 00000001 00000001 00000001}; s1=5 s2=1 s3=1 @955ns,1 [trace regfile.cpp:109]
SM 1 warp 1 0x8000002c           VDIV_VX_0x8612e0d7 mask=FFFFFFFF WB v[001]={00000001 00000001 00000001 00000001 00000001 00000001 00000001 00000001 00000001 00000001 00000001 00000001 00000001 00000001 00000001 00000001 00000001 00000001 00000001 00000001 00000001 00000001 00000001 00000001 00000001 00000001 00000001 00000001 00000001 00000001 00000001 00000001}; s1=5 s2=1 s3=1 @1045ns,1 [trace regfile.cpp:109]
SM 1 warp 1 0x80000030           VDIV_VX_0x8612e0d7 mask=FFFFFFFF WB v[001]={00000001 00000001 00000001 00000001 00000001 00000001 00000001 00000001 00000001 00000001 00000001 00000001 00000001 00000001 00000001 00000001 00000001 00000001 00000001 00000001 00000001 00000001 00000001 00000001 00000001 00000001 00000001 00000001 00000001 00000001 00000001 00000001}; s1=5 s2=1 s3=1 @1135ns,1 [trace regfile.cpp:109]
SM 1 warp 1 0x80000034           VDIV_VX_0x8612e0d7 mask=FFFFFFFF WB v[001]={00000001 00000001 00000001 00000001 00000001 00000001 00000001 00000001 00000001 00000001 00000001 00000001 00000001 00000001 00000001 00000001 00000001 00000001 00000001 00000001 00000001 00000001 00000001 00000001 00000001 00000001 00000001 00000001 00000001 00000001 00000001 00000001}; s1=5 s2=1 s3=1 @1225ns,1 [trace regfile.cpp:109]
SM 1 warp 1 0x80000038           VDIV_VX_0x8612e0d7 mask=FFFFFFFF WB v[001]={00000001 00000001 00000001 00000001 00000001 00000001 00000001 00000001 00000001 00000001 00000001 00000001 00000001 00000001 00000001 00000001 00000001 00000001 00000001 00000001 00000001 00000001 00000001 00000001 00000001 00000001 00000001 00000001 00000001 00000001 00000001 00000001}; s1=5 s2=1 s3=1 @1315ns,1 [trace regfile.cpp:109]
SM 1 warp 1 0x8000003c           VDIV_VX_0x8612e0d7 mask=FFFFFFFF WB v[001]={00000001 00000001 00000001 00000001 00000001 00000001 00000001 00000001 00000001 00000001 00000001 00000001 00000001 00000001 00000001 00000001 00000001 00000001 00000001 00000001 00000001 00000001 00000001 00000001 00000001 00000001 00000001 00000001 00000001 00000001 00000001 00000001}; s1=5 s2=1 s3=1 @1405ns,1 [trace regfile.cpp:109]
SM 1 warp 1 0x80000040           VDIV_VX_0x8612e0d7 mask=FFFFFFFF WB v[001]={00000001 00000001 00000001 00000001 00000001 00000001 00000001 00000001 00000001 00000001 00000001 00000001 00000001 00000001 00000001 00000001 00000001 00000001 00000001 00000001 00000001 00000001 00000001 00000001 00000001 00000001 00000001 00000001 00000001 00000001 00000001 00000001}; s1=5 s2=1 s3=1 @1495ns,1 [trace regfile.cpp:109]
SM 1 warp 1 0x80000044           VDIV_VX_0x8612e0d7 mask=FFFFFFFF WB v[001]={00000001 00000001 00000001 00000001 00000001 00000001 00000001 00000001 00000001 00000001 00000001 00000001 00000001 00000001 00000001 00000001 00000001 00000001 00000001 00000001 00000001 00000001 00000001 00000001 00000001 00000001 00000001 00000001 00000001 00000001 00000001 00000001}; s1=5 s2=1 s3=1 @1585ns,1 [trace regfile.cpp:109]
SM 1 warp 1 0x8000004c               LUI_0x90002137 WB x[002]=0x90002000 @1675ns,1 [trace regfile.cpp:87]
SM 1 warp 1 0x80000048           VDIV_VX_0x8612e0d7 mask=FFFFFFFF WB v[001]={00000001 00000001 00000001 00000001 00000001 00000001 00000001 00000001 00000001 00000001 00000001 00000001 00000001 00000001 00000001 00000001 00000001 00000001 00000001 00000001 00000001 00000001 00000001 00000001 00000001 00000001 00000001 00000001 00000001 00000001 00000001 00000001}; s1=5 s2=1 s3=1 @1685ns,1 [trace regfile.cpp:109]
SM 1 warp 1 0x80000050             VID_V_0x5208a557 mask=FFFFFFFF WB v[010]={00000000 00000001 00000002 00000003 00000004 00000005 00000006 00000007 00000008 00000009 0000000a 0000000b 0000000c 0000000d 0000000e 0000000f 00000010 00000011 00000012 00000013 00000014 00000015 00000016 00000017 00000018 00000019 0000001a 0000001b 0000001c 0000001d 0000001e 0000001f}; s1=17 s2=0 s3=10 @1715ns,1 [trace regfile.cpp:109]
SM 1 warp 1 0x80000054           VSLL_VI_0x96a13557 mask=FFFFFFFF WB v[010]={00000000 00000004 00000008 0000000c 00000010 00000014 00000018 0000001c 00000020 00000024 00000028 0000002c 00000030 00000034 00000038 0000003c 00000040 00000044 00000048 0000004c 00000050 00000054 00000058 0000005c 00000060 00000064 00000068 0000006c 00000070 00000074 00000078 0000007c}; s1=2 s2=10 s3=10 @1795ns,1 [trace regfile.cpp:109]
SM 1 warp 1 0x80000058           VADD_VX_0x02a14557 mask=FFFFFFFF WB v[010]={90002000 90002004 90002008 9000200c 90002010 90002014 90002018 9000201c 90002020 90002024 90002028 9000202c 90002030 90002034 90002038 9000203c 90002040 90002044 90002048 9000204c 90002050 90002054 90002058 9000205c 90002060 90002064 90002068 9000206c 90002070 90002074 90002078 9000207c}; s1=2 s2=10 s3=10 @1885ns,1 [trace regfile.cpp:109]
SM 1 warp 1 0x8000005c           VSW12_V_0x0015607b mask=FFFFFFFF ADDR 90002000 90002004 90002008 9000200c 90002010 90002014 90002018 9000201c 90002020 90002024 90002028 9000202c 90002030 90002034 90002038 9000203c 90002040 90002044 90002048 9000204c 90002050 90002054 90002058 9000205c 90002060 90002064 90002068 9000206c 90002070 90002074 90002078 9000207c, DATA 1 1 1 1 1 1 1 1 1 1 1 1 1 1 1 1 1 1 1 1 1 1 1 1 1 1 1 1 1 1 1 1 @1925ns,1 [trace exec_lsu.cpp:183]
SM 1 warp 1 0x80000060            ENDPRG_0x0000400b endprg @1945ns,1 [trace warp_scheduler.cpp:50]
kernel 0 vector_div-16 block 0 finished @1955ns,1 [debug CTA_Scheduler.cpp:179]
kernel 0 vector_div-16 finished @1955ns,1 [info context_model.cpp:32]
TEST_OUTPUT 0 1
TEST_OUTPUT 1 1
TEST_OUTPUT 2 1
TEST_OUTPUT 3 1
TEST_OUTPUT 4 1
TEST_OUTPUT 5 1
TEST_OUTPUT 6 1
TEST_OUTPUT 7 1
TEST_OUTPUT 8 1
TEST_OUTPUT 9 1
TEST_OUTPUT 10 1
TEST_OUTPUT 11 1
TEST_OUTPUT 12 1
TEST_OUTPUT 13 1
TEST_OUTPUT 14 1
TEST_OUTPUT 15 1
TEST_OUTPUT 16 1
TEST_OUTPUT 17 1
TEST_OUTPUT 18 1
TEST_OUTPUT 19 1
TEST_OUTPUT 20 1
TEST_OUTPUT 21 1
TEST_OUTPUT 22 1
TEST_OUTPUT 23 1
TEST_OUTPUT 24 1
TEST_OUTPUT 25 1
TEST_OUTPUT 26 1
TEST_OUTPUT 27 1
TEST_OUTPUT 28 1
TEST_OUTPUT 29 1
TEST_OUTPUT 30 1
TEST_OUTPUT 31 1
TEST_KERNEL_FINISH_NS 1955
Simulation finished at time 1960
