[RTL     info]@0 SNAPSHOT created, pid=648670
[RTL    trace]@20 Hardware reset ok
[2026-10-06 23:45:42.506] [trace] kernel0 gemm-layernorm data loaded from file
[RTL    trace]@30 kernel 0 gemm-layernorm activate
[RTL    debug]@5125 block0  dispatched to GPU (kernel0  gemm-layernorm block0 )
[RTL    debug]@10000 
[RTL    debug]@20000 
[RTL    debug]@24515 block0  finished (kernel0  gemm-layernorm block0 )
[RTL     info]@24515 kernel0  gemm-layernorm finished
[RTL    debug]@30000 
[RTL    debug]@40000 
[RTL    debug]@50000 
[RTL    debug]@60000 
[RTL    debug]@70000 
dump-mem: mem[0x90002000 +: 4] = 0x3EFB0228
dump-mem: mem[0x90002004 +: 4] = 0xBF1A2CF0
dump-mem: mem[0x90002008 +: 4] = 0x3EF0C77A
dump-mem: mem[0x9000200C +: 4] = 0xBEC22872
dump-mem: mem[0x90002010 +: 4] = 0x3F2084FC
dump-mem: mem[0x90002014 +: 4] = 0x3F20427E
dump-mem: mem[0x90002018 +: 4] = 0xBECCE81A
dump-mem: mem[0x9000201C +: 4] = 0x401558F6
dump-mem: mem[0x90002020 +: 4] = 0xBF77D882
dump-mem: mem[0x90002024 +: 4] = 0x3F5B0228
dump-mem: mem[0x90002028 +: 4] = 0x3F9A9E6C
dump-mem: mem[0x9000202C +: 4] = 0xBDAABCB2
dump-mem: mem[0x90002030 +: 4] = 0x403A506E
dump-mem: mem[0x90002034 +: 4] = 0xBF4F6F46
dump-mem: mem[0x90002038 +: 4] = 0x3CC0F9F0
dump-mem: mem[0x9000203C +: 4] = 0x3EEDC392
dump-mem: mem[0x90002040 +: 4] = 0x3EB017FF
dump-mem: mem[0x90002044 +: 4] = 0x3ECCE999
dump-mem: mem[0x90002048 +: 4] = 0x3EE9BB32
dump-mem: mem[0x9000204C +: 4] = 0x3F034666
dump-mem: mem[0x90002050 +: 4] = 0x3F19A333
dump-mem: mem[0x90002054 +: 4] = 0x3E602FFE
dump-mem: mem[0x90002058 +: 4] = 0x3E8CE999
dump-mem: mem[0x9000205C +: 4] = 0x3EA9BB32
dump-mem: mem[0x90002060 +: 4] = 0x3EC68CCC
dump-mem: mem[0x90002064 +: 4] = 0x3EF34666
dump-mem: mem[0x90002068 +: 4] = 0x3F080C00
dump-mem: mem[0x9000206C +: 4] = 0x3F1674CC
dump-mem: mem[0x90002070 +: 4] = 0x3E537664
dump-mem: mem[0x90002074 +: 4] = 0x3E868CCC
dump-mem: mem[0x90002078 +: 4] = 0x3EB34666
dump-mem: mem[0x9000207C +: 4] = 0x3ED017FF
[RTL     info]@74515 Simulation finished in 74515 unit time
- S i m u l a t i o n   R e p o r t: Verilator 5.049 devel
- Verilator: end at 75ns; walltime 24.474 s; speed 3.045 ns/s
- Verilator: cpu 97.629 s on 4 threads; allocated 583 MB
[RTL    debug]@74515 All snapshot process are cleared, OK
