[L1C] #     65 SM 0 CACHE 0 ADDR 80000000
sm   0 warp 0 0x80000000 0x00004197 x  3  80004000
sm   0 warp 1 0x80000000 0x00004197 x  3  80004000
sm   0 warp 0 0x80000004 0x80818193 x  3  80003808
sm   0 warp 0 0x80000008 0x02000e93 x 29  00000020
sm   0 warp 1 0x80000004 0x80818193 x  3  80003808
sm   0 warp 2 0x80000000 0x00004197 x  3  80004000
sm   0 warp 0 0x8000000c 0x0d0efed7 x 29  00000020
sm   0 warp 1 0x80000008 0x02000e93 x 29  00000020
sm   0 warp 2 0x80000004 0x80818193 x  3  80003808
sm   0 warp 3 0x80000000 0x00004197 x  3  80004000
sm   0 warp 0 0x80000010 0x00002eb7 x 29  00002000
sm   0 warp 1 0x8000000c 0x0d0efed7 x 29  00000020
sm   0 warp 2 0x80000008 0x02000e93 x 29  00000020
sm   0 warp 3 0x80000004 0x80818193 x  3  80003808
sm   0 warp 0 0x80000014 0x300eaef3 x 29  00001800
sm   0 warp 1 0x80000010 0x00002eb7 x 29  00002000
sm   0 warp 2 0x8000000c 0x0d0efed7 x 29  00000020
sm   0 warp 0 0x80000018 0x00000e93 x 29  00000000
sm   0 warp 2 0x80000010 0x00002eb7 x 29  00002000
sm   0 warp 1 0x80000014 0x300eaef3 x 29  00001800
sm   0 warp 0 0x8000001c 0x80502373 x  6  00000000
sm   0 warp 2 0x80000014 0x300eaef3 x 29  00001800
sm   0 warp 1 0x80000018 0x00000e93 x 29  00000000
sm   0 warp 0 0x80000020 0x806023f3 x  7  70000000
sm   0 warp 1 0x8000001c 0x80502373 x  6  00000001
sm   0 warp 2 0x80000018 0x00000e93 x 29  00000000
sm   0 warp 0 0x80000024 0x40000e13 x 28  00000400
sm   0 warp 1 0x80000020 0x806023f3 x  7  70000000
sm   0 warp 2 0x8000001c 0x80502373 x  6  00000002
sm   0 warp 3 0x80000008 0x02000e93 x 29  00000020
sm   0 warp 1 0x80000024 0x40000e13 x 28  00000400
sm   0 warp 2 0x80000020 0x806023f3 x  7  70000000
sm   0 warp 0 0x80000028 0x03c30333 x  6  00000000
sm   0 warp 3 0x8000000c 0x0d0efed7 x 29  00000020
sm   0 warp 2 0x80000024 0x40000e13 x 28  00000400
sm   0 warp 0 0x8000002c 0x00730133 x  2  70000000
sm   0 warp 3 0x80000010 0x00002eb7 x 29  00002000
sm   0 warp 1 0x80000028 0x03c30333 x  6  00000400
sm   0 warp 0 0x80000030 0x00000213 x  4  00000000
sm   0 warp 2 0x80000028 0x03c30333 x  6  00000800
sm   0 warp 3 0x80000014 0x300eaef3 x 29  00001800
sm   0 warp 1 0x8000002c 0x00730133 x  2  70000400
sm   0 warp 0 0x80000034 0x80102f73 x 30  00000004
sm   0 warp 2 0x8000002c 0x00730133 x  2  70000800
sm   0 warp 3 0x80000018 0x00000e93 x 29  00000000
sm   0 warp 0 0x80000038 0x40000e13 x 28  00000400
sm   0 warp 1 0x80000030 0x00000213 x  4  00000000
sm   0 warp 2 0x80000030 0x00000213 x  4  00000000
sm   0 warp 3 0x8000001c 0x80502373 x  6  00000003
sm   0 warp 1 0x80000034 0x80102f73 x 30  00000004
sm   0 warp 2 0x80000034 0x80102f73 x 30  00000004
sm   0 warp 3 0x80000020 0x806023f3 x  7  70000000
sm   0 warp 0 0x8000003c 0x03cf0f33 x 30  00001000
sm   0 warp 1 0x80000038 0x40000e13 x 28  00000400
sm   0 warp 2 0x80000038 0x40000e13 x 28  00000400
sm   0 warp 3 0x80000024 0x40000e13 x 28  00000400
sm   0 warp 0 0x80000040 0x01e38433 x  8  70001000
sm   0 warp 0 0x80000044 0x00003517 x 10  80003044
sm   0 warp 1 0x8000003c 0x03cf0f33 x 30  00001000
sm   0 warp 2 0x8000003c 0x03cf0f33 x 30  00001000
sm   0 warp 3 0x80000028 0x03c30333 x  6  00000c00
sm   0 warp 0 0x80000048 0xfc450513 x 10  80003008
sm   0 warp 1 0x80000040 0x01e38433 x  8  70001000
sm   0 warp 2 0x80000040 0x01e38433 x  8  70001000
sm   0 warp 3 0x8000002c 0x00730133 x  2  70000c00
sm   0 warp 0 0x8000004c 0x00003617 x 12  8000304c
sm   0 warp 1 0x80000044 0x00003517 x 10  80003044
sm   0 warp 2 0x80000044 0x00003517 x 10  80003044
sm   0 warp 3 0x80000030 0x00000213 x  4  00000000
sm   0 warp 0 0x80000050 0xfbc60613 x 12  80003008
sm   0 warp 1 0x80000048 0xfc450513 x 10  80003008
sm   0 warp 2 0x80000048 0xfc450513 x 10  80003008
sm   0 warp 3 0x80000034 0x80102f73 x 30  00000004
sm   0 warp 1 0x8000004c 0x00003617 x 12  8000304c
sm   0 warp 2 0x8000004c 0x00003617 x 12  8000304c
sm   0 warp 0 0x80000054 0x00c50863 Jump? 1  80000064
sm   0 warp 3 0x80000038 0x40000e13 x 28  00000400
sm   0 warp 1 0x80000050 0xfbc60613 x 12  80003008
sm   0 warp 2 0x80000050 0xfbc60613 x 12  80003008
[L1C] #    195 SM 0 CACHE 0 ADDR 80000080
sm   0 warp 1 0x80000054 0x00c50863 Jump? 1  80000064
sm   0 warp 2 0x80000054 0x00c50863 Jump? 1  80000064
sm   0 warp 3 0x8000003c 0x03cf0f33 x 30  00001000
sm   0 warp 0 0x80000064 0x803022f3 x  5  90404000
sm   0 warp 3 0x80000040 0x01e38433 x  8  70001000
sm   0 warp 0 0x80000068 0x0002a303 lsu.r x   6 op 0 @ 90404000+00000000
sm   0 warp 3 0x80000044 0x00003517 x 10  80003044
sm   0 warp 1 0x80000064 0x803022f3 x  5  90404000
sm   0 warp 2 0x80000064 0x803022f3 x  5  90404000
sm   0 warp 3 0x80000048 0xfc450513 x 10  80003008
sm   0 warp 3 0x8000004c 0x00003617 x 12  8000304c
sm   0 warp 3 0x80000050 0xfbc60613 x 12  80003008
sm   0 warp 3 0x80000054 0x00c50863 Jump? 1  80000064
sm   0 warp 3 0x80000064 0x803022f3 x  5  90404000
sm   0 warp 0 0x8000006c 0x0042a503 lsu.r x  10 op 0 @ 90404000+00000004
[L1C] #    260 SM 0 CACHE 1 ADDR 90404000
sm   0 warp 0 0x80000070 0x0302a383 lsu.r x   7 op 0 @ 90404000+00000030
sm   0 warp 0 0x80000068 0x0002a303 x  6  800000b8
sm   0 warp 2 0x80000068 0x0002a303 lsu.r x   6 op 0 @ 90404000+00000000
sm   0 warp 0 0x8000006c 0x0042a503 x 10  90003000
sm   0 warp 3 0x80000068 0x0002a303 lsu.r x   6 op 0 @ 90404000+00000000
sm   0 warp 0 0x80000070 0x0302a383 x  7  00000000
sm   0 warp 1 0x80000068 0x0002a303 lsu.r x   6 op 0 @ 90404000+00000000
sm   0 warp 0 0x80000078 0x00003e97 x 29  80003078
sm   0 warp 2 0x80000068 0x0002a303 x  6  800000b8
sm   0 warp 3 0x80000068 0x0002a303 x  6  800000b8
sm   0 warp 0 0x8000007c 0xf88e8e93 x 29  80003000
sm   0 warp 0 0x80000074 0x0342ae03 lsu.r x  28 op 0 @ 90404000+00000034
sm   0 warp 0 0x80000080 0x00003f17 x 30  80003080
sm   0 warp 2 0x8000006c 0x0042a503 lsu.r x  10 op 0 @ 90404000+00000004
sm   0 warp 1 0x80000068 0x0002a303 x  6  800000b8
sm   0 warp 3 0x8000006c 0x0042a503 lsu.r x  10 op 0 @ 90404000+00000004
sm   0 warp 0 0x80000084 0xf84f0f13 x 30  80003004
sm   0 warp 0 0x80000074 0x0342ae03 x 28  00000000
sm   0 warp 2 0x8000006c 0x0042a503 x 10  90003000
sm   0 warp 1 0x8000006c 0x0042a503 lsu.r x  10 op 0 @ 90404000+00000004
sm   0 warp 3 0x8000006c 0x0042a503 x 10  90003000
sm   0 warp 2 0x80000070 0x0302a383 lsu.r x   7 op 0 @ 90404000+00000030
sm   0 warp 1 0x8000006c 0x0042a503 x 10  90003000
sm   0 warp 3 0x80000070 0x0302a383 lsu.r x   7 op 0 @ 90404000+00000030
sm   0 warp 2 0x80000070 0x0302a383 x  7  00000000
sm   0 warp 0 0x80000088 0x007ea023 lsu.w x   7 op 0 00000000 @ 80003000+00000000
sm   0 warp 3 0x80000070 0x0302a383 x  7  00000000
sm   0 warp 1 0x80000070 0x0302a383 lsu.r x   7 op 0 @ 90404000+00000030
[L1C] #    322 SM 0 CACHE 1 ADDR 80003000
sm   0 warp 2 0x80000078 0x00003e97 x 29  80003078
sm   0 warp 0 0x80000088 0x007ea023 lsu.w finish
sm   0 warp 2 0x80000074 0x0342ae03 lsu.r x  28 op 0 @ 90404000+00000034
sm   0 warp 3 0x80000078 0x00003e97 x 29  80003078
sm   0 warp 2 0x8000007c 0xf88e8e93 x 29  80003000
sm   0 warp 3 0x80000074 0x0342ae03 lsu.r x  28 op 0 @ 90404000+00000034
sm   0 warp 2 0x80000080 0x00003f17 x 30  80003080
sm   0 warp 0 0x80000090 0x00000f97 x 31  80000090
sm   0 warp 3 0x8000007c 0xf88e8e93 x 29  80003000
sm   0 warp 0 0x8000008c 0x01cf2023 lsu.w x  28 op 0 00000000 @ 80003004+00000000
sm   0 warp 1 0x80000078 0x00003e97 x 29  80003078
sm   0 warp 3 0x80000080 0x00003f17 x 30  80003080
sm   0 warp 2 0x80000084 0xf84f0f13 x 30  80003004
sm   0 warp 1 0x80000074 0x0342ae03 lsu.r x  28 op 0 @ 90404000+00000034
[L1C] #    337 SM 0 CACHE 1 ADDR 80003000
sm   0 warp 0 0x80000094 0x018f8f93 x 31  800000a8
sm   0 warp 1 0x8000007c 0xf88e8e93 x 29  80003000
sm   0 warp 3 0x80000084 0xf84f0f13 x 30  80003004
sm   0 warp 1 0x80000080 0x00003f17 x 30  80003080
sm   0 warp 2 0x80000088 0x007ea023 lsu.w x   7 op 0 00000000 @ 80003000+00000000
sm   0 warp 0 0x80000098 0x305f9073 x  0  00000000
sm   0 warp 1 0x80000070 0x0302a383 x  7  00000000
sm   0 warp 2 0x80000074 0x0342ae03 x 28  00000000
sm   0 warp 3 0x80000074 0x0342ae03 x 28  00000000
sm   0 warp 0 0x8000009c 0x000300e7 x  1  800000a0
sm   0 warp 0 0x8000008c 0x01cf2023 lsu.w finish
sm   0 warp 1 0x80000084 0xf84f0f13 x 30  80003004
sm   0 warp 0 0x8000009c 0x000300e7 Jump? 1  800000b8
sm   0 warp 3 0x80000088 0x007ea023 lsu.w x   7 op 0 00000000 @ 80003000+00000000
sm   0 warp 1 0x80000074 0x0342ae03 x 28  00000000
sm   0 warp 2 0x80000090 0x00000f97 x 31  80000090
sm   0 warp 2 0x8000008c 0x01cf2023 lsu.w x  28 op 0 00000000 @ 80003004+00000000
[L1C] #    353 SM 0 CACHE 1 ADDR 80003000
sm   0 warp 3 0x80000090 0x00000f97 x 31  80000090
sm   0 warp 2 0x80000088 0x007ea023 lsu.w finish
sm   0 warp 3 0x8000008c 0x01cf2023 lsu.w x  28 op 0 00000000 @ 80003004+00000000
sm   0 warp 2 0x80000094 0x018f8f93 x 31  800000a8
sm   0 warp 0 0x800000b8 0x01010113 x  2  70000010
sm   0 warp 3 0x80000094 0x018f8f93 x 31  800000a8
sm   0 warp 1 0x80000088 0x007ea023 lsu.w x   7 op 0 00000000 @ 80003000+00000000
sm   0 warp 1 0x80000090 0x00000f97 x 31  80000090
sm   0 warp 2 0x80000098 0x305f9073 x  0  00000000
sm   0 warp 1 0x8000008c 0x01cf2023 lsu.w x  28 op 0 00000000 @ 80003004+00000000
sm   0 warp 3 0x80000098 0x305f9073 x  0  00000000
sm   0 warp 0 0x800000bc 0xfe112823 lsu.w x   1 op 3 800000a0 @ 70000010+fffffff0
sm   0 warp 1 0x80000094 0x018f8f93 x 31  800000a8
sm   0 warp 2 0x8000009c 0x000300e7 x  1  800000a0
sm   0 warp 2 0x8000009c 0x000300e7 Jump? 1  800000b8
sm   0 warp 3 0x8000009c 0x000300e7 Jump? 1  800000b8
sm   0 warp 3 0x8000009c 0x000300e7 x  1  800000a0
sm   0 warp 0 0x800000c0 0x00852283 lsu.r x   5 op 0 @ 90003000+00000008
[L1C] #    369 SM 0 CACHE 1 ADDR 80003000
sm   0 warp 3 0x80000088 0x007ea023 lsu.w finish
sm   0 warp 1 0x80000098 0x305f9073 x  0  00000000
sm   0 warp 0 0x800000bc 0xfe112823 lsu.w finish
sm   0 warp 1 0x8000009c 0x000300e7 x  1  800000a0
sm   0 warp 2 0x800000b8 0x01010113 x  2  70000810
sm   0 warp 1 0x8000009c 0x000300e7 Jump? 1  800000b8
sm   0 warp 2 0x800000bc 0xfe112823 lsu.w x   1 op 3 800000a0 @ 70000810+fffffff0
sm   0 warp 3 0x800000b8 0x01010113 x  2  70000c10
sm   0 warp 1 0x800000b8 0x01010113 x  2  70000410
[L1C] #    385 SM 0 CACHE 1 ADDR 80003000
sm   0 warp 2 0x8000008c 0x01cf2023 lsu.w finish
sm   0 warp 2 0x800000c0 0x00852283 lsu.r x   5 op 0 @ 90003000+00000008
sm   0 warp 2 0x800000bc 0xfe112823 lsu.w finish
sm   0 warp 3 0x800000bc 0xfe112823 lsu.w x   1 op 3 800000a0 @ 70000c10+fffffff0
sm   0 warp 1 0x800000bc 0xfe112823 lsu.w x   1 op 3 800000a0 @ 70000410+fffffff0
sm   0 warp 3 0x800000bc 0xfe112823 lsu.w finish
sm   0 warp 3 0x800000c0 0x00852283 lsu.r x   5 op 0 @ 90003000+00000008
sm   0 warp 1 0x800000bc 0xfe112823 lsu.w finish
[L1C] #    401 SM 0 CACHE 1 ADDR 80003000
sm   0 warp 3 0x8000008c 0x01cf2023 lsu.w finish
[L1C] #    417 SM 0 CACHE 1 ADDR 80003000
sm   0 warp 1 0x80000088 0x007ea023 lsu.w finish
[L1C] #    433 SM 0 CACHE 1 ADDR 80003000
sm   0 warp 1 0x8000008c 0x01cf2023 lsu.w finish
[L1C] #    449 SM 0 CACHE 1 ADDR 90003000
sm   0 warp 0 0x800000c0 0x00852283 x  5  90002000
sm   0 warp 1 0x800000c0 0x00852283 lsu.r x   5 op 0 @ 90003000+00000008
sm   0 warp 2 0x800000c0 0x00852283 x  5  90002000
sm   0 warp 0 0x800000c4 0xfe512e23 lsu.w x   5 op 3 90002000 @ 70000010+fffffffc
sm   0 warp 3 0x800000c0 0x00852283 x  5  90002000
sm   0 warp 2 0x800000c4 0xfe512e23 lsu.w x   5 op 3 90002000 @ 70000810+fffffffc
sm   0 warp 1 0x800000c0 0x00852283 x  5  90002000
sm   0 warp 0 0x800000c8 0x00452283 lsu.r x   5 op 0 @ 90003000+00000004
sm   0 warp 0 0x800000c4 0xfe512e23 lsu.w finish
sm   0 warp 2 0x800000c8 0x00452283 lsu.r x   5 op 0 @ 90003000+00000004
sm   0 warp 0 0x800000c8 0x00452283 x  5  90001000
sm   0 warp 3 0x800000c4 0xfe512e23 lsu.w x   5 op 3 90002000 @ 70000c10+fffffffc
sm   0 warp 2 0x800000c8 0x00452283 x  5  90001000
sm   0 warp 1 0x800000c4 0xfe512e23 lsu.w x   5 op 3 90002000 @ 70000410+fffffffc
sm   0 warp 2 0x800000c4 0xfe512e23 lsu.w finish
sm   0 warp 3 0x800000c8 0x00452283 lsu.r x   5 op 0 @ 90003000+00000004
sm   0 warp 3 0x800000c4 0xfe512e23 lsu.w finish
sm   0 warp 1 0x800000c8 0x00452283 lsu.r x   5 op 0 @ 90003000+00000004
sm   0 warp 3 0x800000c8 0x00452283 x  5  90001000
sm   0 warp 0 0x800000cc 0xfe512c23 lsu.w x   5 op 3 90001000 @ 70000010+fffffff8
sm   0 warp 1 0x800000c8 0x00452283 x  5  90001000
sm   0 warp 2 0x800000cc 0xfe512c23 lsu.w x   5 op 3 90001000 @ 70000810+fffffff8
sm   0 warp 1 0x800000c4 0xfe512e23 lsu.w finish
sm   0 warp 0 0x800000d0 0x00052283 lsu.r x   5 op 0 @ 90003000+00000000
sm   0 warp 0 0x800000cc 0xfe512c23 lsu.w finish
sm   0 warp 2 0x800000d0 0x00052283 lsu.r x   5 op 0 @ 90003000+00000000
sm   0 warp 0 0x800000d0 0x00052283 x  5  90000000
sm   0 warp 3 0x800000cc 0xfe512c23 lsu.w x   5 op 3 90001000 @ 70000c10+fffffff8
sm   0 warp 2 0x800000d0 0x00052283 x  5  90000000
sm   0 warp 1 0x800000cc 0xfe512c23 lsu.w x   5 op 3 90001000 @ 70000410+fffffff8
sm   0 warp 2 0x800000cc 0xfe512c23 lsu.w finish
sm   0 warp 3 0x800000d0 0x00052283 lsu.r x   5 op 0 @ 90003000+00000000
sm   0 warp 3 0x800000cc 0xfe512c23 lsu.w finish
sm   0 warp 1 0x800000d0 0x00052283 lsu.r x   5 op 0 @ 90003000+00000000
sm   0 warp 3 0x800000d0 0x00052283 x  5  90000000
sm   0 warp 0 0x800000d4 0xfe512a23 lsu.w x   5 op 3 90000000 @ 70000010+fffffff4
sm   0 warp 0 0x800000d8 0x5e004057 v  0 11111111111111111111111111111111 00000000 00000000 00000000 00000000 00000000 00000000 00000000 00000000 00000000 00000000 00000000 00000000 00000000 00000000 00000000 00000000 00000000 00000000 00000000 00000000 00000000 00000000 00000000 00000000 00000000 00000000 00000000 00000000 00000000 00000000 00000000 00000000 
sm   0 warp 0 0x800000dc 0x03c000ef Jump? 1  80000118
sm   0 warp 0 0x800000dc 0x03c000ef x  1  800000e0
sm   0 warp 2 0x800000d4 0xfe512a23 lsu.w x   5 op 3 90000000 @ 70000810+fffffff4
sm   0 warp 2 0x800000d8 0x5e004057 v  0 11111111111111111111111111111111 00000000 00000000 00000000 00000000 00000000 00000000 00000000 00000000 00000000 00000000 00000000 00000000 00000000 00000000 00000000 00000000 00000000 00000000 00000000 00000000 00000000 00000000 00000000 00000000 00000000 00000000 00000000 00000000 00000000 00000000 00000000 00000000 
sm   0 warp 2 0x800000dc 0x03c000ef x  1  800000e0
sm   0 warp 1 0x800000cc 0xfe512c23 lsu.w finish
[L1C] #    542 SM 0 CACHE 0 ADDR 80000100
sm   0 warp 1 0x800000d0 0x00052283 x  5  90000000
sm   0 warp 2 0x800000dc 0x03c000ef Jump? 1  80000118
sm   0 warp 3 0x800000d4 0xfe512a23 lsu.w x   5 op 3 90000000 @ 70000c10+fffffff4
sm   0 warp 3 0x800000d8 0x5e004057 v  0 11111111111111111111111111111111 00000000 00000000 00000000 00000000 00000000 00000000 00000000 00000000 00000000 00000000 00000000 00000000 00000000 00000000 00000000 00000000 00000000 00000000 00000000 00000000 00000000 00000000 00000000 00000000 00000000 00000000 00000000 00000000 00000000 00000000 00000000 00000000 
sm   0 warp 3 0x800000dc 0x03c000ef Jump? 1  80000118
sm   0 warp 3 0x800000dc 0x03c000ef x  1  800000e0
sm   0 warp 0 0x800000d4 0xfe512a23 lsu.w finish
sm   0 warp 1 0x800000d4 0xfe512a23 lsu.w x   5 op 3 90000000 @ 70000410+fffffff4
sm   0 warp 2 0x800000d4 0xfe512a23 lsu.w finish
sm   0 warp 1 0x800000d8 0x5e004057 v  0 11111111111111111111111111111111 00000000 00000000 00000000 00000000 00000000 00000000 00000000 00000000 00000000 00000000 00000000 00000000 00000000 00000000 00000000 00000000 00000000 00000000 00000000 00000000 00000000 00000000 00000000 00000000 00000000 00000000 00000000 00000000 00000000 00000000 00000000 00000000 
sm   0 warp 1 0x800000dc 0x03c000ef x  1  800000e0
sm   0 warp 3 0x800000d4 0xfe512a23 lsu.w finish
sm   0 warp 1 0x800000dc 0x03c000ef Jump? 1  80000118
sm   0 warp 1 0x800000d4 0xfe512a23 lsu.w finish
sm   0 warp 0 0x80000118 0x00410113 x  2  70000014
sm   0 warp 1 0x80000118 0x00410113 x  2  70000414
sm   0 warp 0 0x8000011c 0xfe112e23 lsu.w x   1 op 3 800000e0 @ 70000014+fffffffc
sm   0 warp 0 0x80000120 0x00200293 x  5  00000002
sm   0 warp 0 0x8000011c 0xfe112e23 lsu.w finish
sm   0 warp 2 0x80000118 0x00410113 x  2  70000814
sm   0 warp 1 0x8000011c 0xfe112e23 lsu.w x   1 op 3 800000e0 @ 70000414+fffffffc
sm   0 warp 1 0x80000120 0x00200293 x  5  00000002
sm   0 warp 0 0x80000124 0x5e02c0d7 v  1 11111111111111111111111111111111 00000002 00000002 00000002 00000002 00000002 00000002 00000002 00000002 00000002 00000002 00000002 00000002 00000002 00000002 00000002 00000002 00000002 00000002 00000002 00000002 00000002 00000002 00000002 00000002 00000002 00000002 00000002 00000002 00000002 00000002 00000002 00000002 
sm   0 warp 0 0x80000128 0x00000317 x  6  80000128
sm   0 warp 1 0x8000011c 0xfe112e23 lsu.w finish
sm   0 warp 1 0x80000124 0x5e02c0d7 v  1 11111111111111111111111111111111 00000002 00000002 00000002 00000002 00000002 00000002 00000002 00000002 00000002 00000002 00000002 00000002 00000002 00000002 00000002 00000002 00000002 00000002 00000002 00000002 00000002 00000002 00000002 00000002 00000002 00000002 00000002 00000002 00000002 00000002 00000002 00000002 
sm   0 warp 2 0x8000011c 0xfe112e23 lsu.w x   1 op 3 800000e0 @ 70000814+fffffffc
sm   0 warp 2 0x80000120 0x00200293 x  5  00000002
sm   0 warp 1 0x80000128 0x00000317 x  6  80000128
sm   0 warp 3 0x80000118 0x00410113 x  2  70000c14
sm 0 warp 0 0x8000012c 0x04c3305b  setrpc 0x80000174 
sm   0 warp 0 0x8000012c 0x04c3305b x  0  80000174
sm   0 warp 2 0x8000011c 0xfe112e23 lsu.w finish
sm   0 warp 2 0x80000124 0x5e02c0d7 v  1 11111111111111111111111111111111 00000002 00000002 00000002 00000002 00000002 00000002 00000002 00000002 00000002 00000002 00000002 00000002 00000002 00000002 00000002 00000002 00000002 00000002 00000002 00000002 00000002 00000002 00000002 00000002 00000002 00000002 00000002 00000002 00000002 00000002 00000002 00000002 
sm 0 warp 1 0x8000012c 0x04c3305b  setrpc 0x80000174 
sm   0 warp 1 0x8000012c 0x04c3305b x  0  80000174
sm   0 warp 2 0x80000128 0x00000317 x  6  80000128
sm   0 warp 0 0x80000130 0x0200885b vbranch     current mask and npc:   11111111111111111111111111111111 0x80000134, take_if=1, if_mask = 11111111111111111111111111111111
sm   0 warp 3 0x8000011c 0xfe112e23 lsu.w x   1 op 3 800000e0 @ 70000c14+fffffffc
sm   0 warp 1 0x80000130 0x0200885b vbranch     current mask and npc:   11111111111111111111111111111111 0x80000134, take_if=1, if_mask = 11111111111111111111111111111111
sm   0 warp 3 0x80000120 0x00200293 x  5  00000002
sm 0 warp 2 0x8000012c 0x04c3305b  setrpc 0x80000174 
sm   0 warp 2 0x8000012c 0x04c3305b x  0  80000174
sm   0 warp 0 0x80000134 0x00100293 x  5  00000001
sm   0 warp 3 0x8000011c 0xfe112e23 lsu.w finish
sm   0 warp 1 0x80000134 0x00100293 x  5  00000001
sm   0 warp 2 0x80000130 0x0200885b vbranch     current mask and npc:   11111111111111111111111111111111 0x80000134, take_if=1, if_mask = 11111111111111111111111111111111
sm   0 warp 3 0x80000124 0x5e02c0d7 v  1 11111111111111111111111111111111 00000002 00000002 00000002 00000002 00000002 00000002 00000002 00000002 00000002 00000002 00000002 00000002 00000002 00000002 00000002 00000002 00000002 00000002 00000002 00000002 00000002 00000002 00000002 00000002 00000002 00000002 00000002 00000002 00000002 00000002 00000002 00000002 
sm   0 warp 0 0x80000138 0x5e02c0d7 v  1 11111111111111111111111111111111 00000001 00000001 00000001 00000001 00000001 00000001 00000001 00000001 00000001 00000001 00000001 00000001 00000001 00000001 00000001 00000001 00000001 00000001 00000001 00000001 00000001 00000001 00000001 00000001 00000001 00000001 00000001 00000001 00000001 00000001 00000001 00000001 
sm   0 warp 3 0x80000128 0x00000317 x  6  80000128
sm   0 warp 1 0x80000138 0x5e02c0d7 v  1 11111111111111111111111111111111 00000001 00000001 00000001 00000001 00000001 00000001 00000001 00000001 00000001 00000001 00000001 00000001 00000001 00000001 00000001 00000001 00000001 00000001 00000001 00000001 00000001 00000001 00000001 00000001 00000001 00000001 00000001 00000001 00000001 00000001 00000001 00000001 
sm   0 warp 0 0x8000013c 0x00000317 x  6  8000013c
sm   0 warp 1 0x8000013c 0x00000317 x  6  8000013c
sm   0 warp 2 0x80000134 0x00100293 x  5  00000001
sm 0 warp 3 0x8000012c 0x04c3305b  setrpc 0x80000174 
sm   0 warp 3 0x8000012c 0x04c3305b x  0  80000174
sm 0 warp 0 0x80000140 0x0383305b  setrpc 0x80000174 
sm   0 warp 0 0x80000140 0x0383305b x  0  80000174
sm 0 warp 1 0x80000140 0x0383305b  setrpc 0x80000174 
sm   0 warp 1 0x80000140 0x0383305b x  0  80000174
sm   0 warp 2 0x80000138 0x5e02c0d7 v  1 11111111111111111111111111111111 00000001 00000001 00000001 00000001 00000001 00000001 00000001 00000001 00000001 00000001 00000001 00000001 00000001 00000001 00000001 00000001 00000001 00000001 00000001 00000001 00000001 00000001 00000001 00000001 00000001 00000001 00000001 00000001 00000001 00000001 00000001 00000001 
sm   0 warp 3 0x80000130 0x0200885b vbranch     current mask and npc:   11111111111111111111111111111111 0x80000134, take_if=1, if_mask = 11111111111111111111111111111111
sm   0 warp 2 0x8000013c 0x00000317 x  6  8000013c
sm   0 warp 0 0x80000144 0x0200825b vbranch     current mask and npc:   11111111111111111111111111111111 0x80000148, take_if=1, if_mask = 11111111111111111111111111111111
sm   0 warp 1 0x80000144 0x0200825b vbranch     current mask and npc:   11111111111111111111111111111111 0x80000148, take_if=1, if_mask = 11111111111111111111111111111111
sm   0 warp 3 0x80000134 0x00100293 x  5  00000001
sm 0 warp 2 0x80000140 0x0383305b  setrpc 0x80000174 
sm   0 warp 2 0x80000140 0x0383305b x  0  80000174
sm   0 warp 0 0x80000148 0x5e0040d7 v  1 11111111111111111111111111111111 00000000 00000000 00000000 00000000 00000000 00000000 00000000 00000000 00000000 00000000 00000000 00000000 00000000 00000000 00000000 00000000 00000000 00000000 00000000 00000000 00000000 00000000 00000000 00000000 00000000 00000000 00000000 00000000 00000000 00000000 00000000 00000000 
sm   0 warp 0 0x8000014c 0x00000317 x  6  8000014c
sm   0 warp 1 0x80000148 0x5e0040d7 v  1 11111111111111111111111111111111 00000000 00000000 00000000 00000000 00000000 00000000 00000000 00000000 00000000 00000000 00000000 00000000 00000000 00000000 00000000 00000000 00000000 00000000 00000000 00000000 00000000 00000000 00000000 00000000 00000000 00000000 00000000 00000000 00000000 00000000 00000000 00000000 
sm   0 warp 2 0x80000144 0x0200825b vbranch     current mask and npc:   11111111111111111111111111111111 0x80000148, take_if=1, if_mask = 11111111111111111111111111111111
sm   0 warp 1 0x8000014c 0x00000317 x  6  8000014c
sm   0 warp 3 0x80000138 0x5e02c0d7 v  1 11111111111111111111111111111111 00000001 00000001 00000001 00000001 00000001 00000001 00000001 00000001 00000001 00000001 00000001 00000001 00000001 00000001 00000001 00000001 00000001 00000001 00000001 00000001 00000001 00000001 00000001 00000001 00000001 00000001 00000001 00000001 00000001 00000001 00000001 00000001 
sm   0 warp 3 0x8000013c 0x00000317 x  6  8000013c
sm 0 warp 0 0x80000150 0x0283305b  setrpc 0x80000174 
sm   0 warp 0 0x80000150 0x0283305b x  0  80000174
sm   0 warp 2 0x80000148 0x5e0040d7 v  1 11111111111111111111111111111111 00000000 00000000 00000000 00000000 00000000 00000000 00000000 00000000 00000000 00000000 00000000 00000000 00000000 00000000 00000000 00000000 00000000 00000000 00000000 00000000 00000000 00000000 00000000 00000000 00000000 00000000 00000000 00000000 00000000 00000000 00000000 00000000 
sm 0 warp 1 0x80000150 0x0283305b  setrpc 0x80000174 
sm   0 warp 1 0x80000150 0x0283305b x  0  80000174
sm   0 warp 2 0x8000014c 0x00000317 x  6  8000014c
sm 0 warp 3 0x80000140 0x0383305b  setrpc 0x80000174 
sm   0 warp 3 0x80000140 0x0383305b x  0  80000174
sm   0 warp 0 0x80000154 0x00009e5b vbranch     current mask and npc:   11111111111111111111111111111111 0x80000158, take_if=1, if_mask = 11111111111111111111111111111111
sm   0 warp 1 0x80000154 0x00009e5b vbranch     current mask and npc:   11111111111111111111111111111111 0x80000158, take_if=1, if_mask = 11111111111111111111111111111111
sm   0 warp 0 0x80000158 0x1a0000ef x  1  8000015c
sm 0 warp 2 0x80000150 0x0283305b  setrpc 0x80000174 
sm   0 warp 0 0x80000158 0x1a0000ef Jump? 1  800002f8
sm   0 warp 2 0x80000150 0x0283305b x  0  80000174
sm   0 warp 3 0x80000144 0x0200825b vbranch     current mask and npc:   11111111111111111111111111111111 0x80000148, take_if=1, if_mask = 11111111111111111111111111111111
sm   0 warp 1 0x80000158 0x1a0000ef x  1  8000015c
sm   0 warp 1 0x80000158 0x1a0000ef Jump? 1  800002f8
[L1C] #    642 SM 0 CACHE 0 ADDR 80000280
sm   0 warp 2 0x80000154 0x00009e5b vbranch     current mask and npc:   11111111111111111111111111111111 0x80000158, take_if=1, if_mask = 11111111111111111111111111111111
[L1C] #    643 SM 0 CACHE 0 ADDR 80000300
sm   0 warp 3 0x80000148 0x5e0040d7 v  1 11111111111111111111111111111111 00000000 00000000 00000000 00000000 00000000 00000000 00000000 00000000 00000000 00000000 00000000 00000000 00000000 00000000 00000000 00000000 00000000 00000000 00000000 00000000 00000000 00000000 00000000 00000000 00000000 00000000 00000000 00000000 00000000 00000000 00000000 00000000 
sm   0 warp 2 0x80000158 0x1a0000ef Jump? 1  800002f8
sm   0 warp 2 0x80000158 0x1a0000ef x  1  8000015c
sm   0 warp 3 0x8000014c 0x00000317 x  6  8000014c
sm   0 warp 0 0x800002f8 0x00410113 x  2  70000018
sm   0 warp 0 0x800002fc 0xfe112e23 lsu.w x   1 op 3 8000015c @ 70000018+fffffffc
sm   0 warp 0 0x80000300 0xf1dff0ef Jump? 1  8000021c
sm   0 warp 0 0x80000300 0xf1dff0ef x  1  80000304
sm   0 warp 1 0x800002f8 0x00410113 x  2  70000418
[L1C] #    676 SM 0 CACHE 0 ADDR 80000200
sm   0 warp 0 0x800002fc 0xfe112e23 lsu.w finish
sm   0 warp 1 0x800002fc 0xfe112e23 lsu.w x   1 op 3 8000015c @ 70000418+fffffffc
sm   0 warp 1 0x80000300 0xf1dff0ef Jump? 1  8000021c
sm   0 warp 1 0x80000300 0xf1dff0ef x  1  80000304
sm   0 warp 1 0x800002fc 0xfe112e23 lsu.w finish
sm   0 warp 0 0x8000021c 0x00410113 x  2  7000001c
sm   0 warp 1 0x8000021c 0x00410113 x  2  7000041c
sm   0 warp 0 0x80000220 0xfe112e23 lsu.w x   1 op 3 80000304 @ 7000001c+fffffffc
sm   0 warp 0 0x80000224 0x80302573 x 10  90404000
sm   0 warp 0 0x80000220 0xfe112e23 lsu.w finish
sm   0 warp 2 0x800002f8 0x00410113 x  2  70000818
sm   0 warp 1 0x80000220 0xfe112e23 lsu.w x   1 op 3 80000304 @ 7000041c+fffffffc
sm   0 warp 1 0x80000224 0x80302573 x 10  90404000
sm   0 warp 0 0x80000228 0x00852283 lsu.r x   5 op 0 @ 90404000+00000008
sm   0 warp 0 0x8000022c 0x80002373 x  6  00000000
sm   0 warp 1 0x80000220 0xfe112e23 lsu.w finish
sm   0 warp 2 0x80000300 0xf1dff0ef x  1  80000304
sm   0 warp 2 0x80000300 0xf1dff0ef Jump? 1  8000021c
sm   0 warp 2 0x800002fc 0xfe112e23 lsu.w x   1 op 3 8000015c @ 70000818+fffffffc
sm   0 warp 0 0x80000230 0x5208a157 v  2 11111111111111111111111111111111 0000001f 0000001e 0000001d 0000001c 0000001b 0000001a 00000019 00000018 00000017 00000016 00000015 00000014 00000013 00000012 00000011 00000010 0000000f 0000000e 0000000d 0000000c 0000000b 0000000a 00000009 00000008 00000007 00000006 00000005 00000004 00000003 00000002 00000001 00000000 
sm   0 warp 0 0x80000228 0x00852283 x  5  00000001
sm   0 warp 1 0x8000022c 0x80002373 x  6  00000020
sm   0 warp 1 0x80000228 0x00852283 lsu.r x   5 op 0 @ 90404000+00000008
sm   0 warp 1 0x80000230 0x5208a157 v  2 11111111111111111111111111111111 0000001f 0000001e 0000001d 0000001c 0000001b 0000001a 00000019 00000018 00000017 00000016 00000015 00000014 00000013 00000012 00000011 00000010 0000000f 0000000e 0000000d 0000000c 0000000b 0000000a 00000009 00000008 00000007 00000006 00000005 00000004 00000003 00000002 00000001 00000000 
sm   0 warp 2 0x800002fc 0xfe112e23 lsu.w finish
sm   0 warp 0 0x80000234 0x02234057 v  0 11111111111111111111111111111111 0000001f 0000001e 0000001d 0000001c 0000001b 0000001a 00000019 00000018 00000017 00000016 00000015 00000014 00000013 00000012 00000011 00000010 0000000f 0000000e 0000000d 0000000c 0000000b 0000000a 00000009 00000008 00000007 00000006 00000005 00000004 00000003 00000002 00000001 00000000 
sm   0 warp 2 0x8000021c 0x00410113 x  2  7000081c
sm   0 warp 1 0x80000228 0x00852283 x  5  00000001
sm   0 warp 0 0x80000238 0x01852e03 lsu.r x  28 op 0 @ 90404000+00000018
sm   0 warp 1 0x80000234 0x02234057 v  0 11111111111111111111111111111111 0000003f 0000003e 0000003d 0000003c 0000003b 0000003a 00000039 00000038 00000037 00000036 00000035 00000034 00000033 00000032 00000031 00000030 0000002f 0000002e 0000002d 0000002c 0000002b 0000002a 00000029 00000028 00000027 00000026 00000025 00000024 00000023 00000022 00000021 00000020 
sm   0 warp 2 0x80000220 0xfe112e23 lsu.w x   1 op 3 80000304 @ 7000081c+fffffffc
sm   0 warp 0 0x80000238 0x01852e03 x 28  00000020
sm   0 warp 2 0x80000224 0x80302573 x 10  90404000
sm   0 warp 1 0x80000238 0x01852e03 lsu.r x  28 op 0 @ 90404000+00000018
sm 0 warp 3 0x80000150 0x0283305b  setrpc 0x80000174 
sm   0 warp 3 0x80000150 0x0283305b x  0  80000174
sm   0 warp 2 0x80000220 0xfe112e23 lsu.w finish
sm   0 warp 1 0x80000238 0x01852e03 x 28  00000020
sm   0 warp 3 0x80000154 0x00009e5b vbranch     current mask and npc:   11111111111111111111111111111111 0x80000158, take_if=1, if_mask = 11111111111111111111111111111111
sm   0 warp 2 0x80000228 0x00852283 lsu.r x   5 op 0 @ 90404000+00000008
sm   0 warp 3 0x80000158 0x1a0000ef x  1  8000015c
sm   0 warp 3 0x80000158 0x1a0000ef Jump? 1  800002f8
sm   0 warp 2 0x8000022c 0x80002373 x  6  00000040
sm   0 warp 0 0x80000240 0xffc12083 lsu.r x   1 op 3 @ 7000001c+fffffffc
sm   0 warp 0 0x80000244 0xffc10113 x  2  70000018
sm   0 warp 2 0x80000228 0x00852283 x  5  00000001
sm   0 warp 0 0x80000240 0xffc12083 x  1  80000304
sm   0 warp 0 0x8000023c 0x8a0e6057 v  0 11111111111111111111111111111111 0000001f 0000001e 0000001d 0000001c 0000001b 0000001a 00000019 00000018 00000017 00000016 00000015 00000014 00000013 00000012 00000011 00000010 0000000f 0000000e 0000000d 0000000c 0000000b 0000000a 00000009 00000008 00000007 00000006 00000005 00000004 00000003 00000002 00000001 00000000 
sm   0 warp 2 0x80000230 0x5208a157 v  2 11111111111111111111111111111111 0000001f 0000001e 0000001d 0000001c 0000001b 0000001a 00000019 00000018 00000017 00000016 00000015 00000014 00000013 00000012 00000011 00000010 0000000f 0000000e 0000000d 0000000c 0000000b 0000000a 00000009 00000008 00000007 00000006 00000005 00000004 00000003 00000002 00000001 00000000 
sm   0 warp 3 0x800002f8 0x00410113 x  2  70000c18
sm   0 warp 0 0x80000248 0x00008067 x  0  8000024c
sm   0 warp 0 0x80000248 0x00008067 Jump? 1  80000304
sm   0 warp 1 0x80000240 0xffc12083 lsu.r x   1 op 3 @ 7000041c+fffffffc
sm   0 warp 2 0x80000234 0x02234057 v  0 11111111111111111111111111111111 0000005f 0000005e 0000005d 0000005c 0000005b 0000005a 00000059 00000058 00000057 00000056 00000055 00000054 00000053 00000052 00000051 00000050 0000004f 0000004e 0000004d 0000004c 0000004b 0000004a 00000049 00000048 00000047 00000046 00000045 00000044 00000043 00000042 00000041 00000040 
sm   0 warp 1 0x80000244 0xffc10113 x  2  70000418
sm   0 warp 3 0x800002fc 0xfe112e23 lsu.w x   1 op 3 8000015c @ 70000c18+fffffffc
sm   0 warp 3 0x80000300 0xf1dff0ef Jump? 1  8000021c
sm   0 warp 3 0x80000300 0xf1dff0ef x  1  80000304
sm   0 warp 1 0x80000240 0xffc12083 x  1  80000304
sm   0 warp 0 0x80000304 0x80302573 x 10  90404000
sm   0 warp 2 0x80000238 0x01852e03 lsu.r x  28 op 0 @ 90404000+00000018
sm   0 warp 3 0x800002fc 0xfe112e23 lsu.w finish
sm   0 warp 1 0x80000248 0x00008067 Jump? 1  80000304
sm   0 warp 1 0x80000248 0x00008067 x  0  8000024c
sm   0 warp 0 0x80000308 0x80802373 x  6  00000000
sm   0 warp 2 0x80000238 0x01852e03 x 28  00000020
sm   0 warp 1 0x8000023c 0x8a0e6057 v  0 11111111111111111111111111111111 0000001f 0000001e 0000001d 0000001c 0000001b 0000001a 00000019 00000018 00000017 00000016 00000015 00000014 00000013 00000012 00000011 00000010 0000000f 0000000e 0000000d 0000000c 0000000b 0000000a 00000009 00000008 00000007 00000006 00000005 00000004 00000003 00000002 00000001 00000000 
sm   0 warp 3 0x8000021c 0x00410113 x  2  70000c1c
sm   0 warp 0 0x8000030c 0x01852e03 lsu.r x  28 op 0 @ 90404000+00000018
sm   0 warp 1 0x80000304 0x80302573 x 10  90404000
sm   0 warp 0 0x80000310 0x02452e83 lsu.r x  29 op 0 @ 90404000+00000024
sm   0 warp 0 0x8000030c 0x01852e03 x 28  00000020
sm   0 warp 2 0x80000240 0xffc12083 lsu.r x   1 op 3 @ 7000081c+fffffffc
sm   0 warp 2 0x80000244 0xffc10113 x  2  70000818
sm   0 warp 1 0x80000308 0x80802373 x  6  00000000
sm   0 warp 0 0x80000310 0x02452e83 x 29  00000000
sm   0 warp 3 0x80000224 0x80302573 x 10  90404000
sm   0 warp 0 0x80000314 0x03c30fb3 x 31  00000000
sm   0 warp 3 0x80000220 0xfe112e23 lsu.w x   1 op 3 80000304 @ 70000c1c+fffffffc
sm   0 warp 2 0x80000240 0xffc12083 x  1  80000304
sm   0 warp 1 0x8000030c 0x01852e03 lsu.r x  28 op 0 @ 90404000+00000018
sm   0 warp 0 0x80000318 0x01df8fb3 x 31  00000000
sm   0 warp 3 0x80000220 0xfe112e23 lsu.w finish
sm   0 warp 2 0x80000248 0x00008067 Jump? 1  80000304
sm   0 warp 2 0x80000248 0x00008067 x  0  8000024c
sm   0 warp 3 0x8000022c 0x80002373 x  6  00000060
sm   0 warp 3 0x80000228 0x00852283 lsu.r x   5 op 0 @ 90404000+00000008
sm   0 warp 1 0x8000030c 0x01852e03 x 28  00000020
sm   0 warp 0 0x8000031c 0x020fc057 v  0 11111111111111111111111111111111 0000001f 0000001e 0000001d 0000001c 0000001b 0000001a 00000019 00000018 00000017 00000016 00000015 00000014 00000013 00000012 00000011 00000010 0000000f 0000000e 0000000d 0000000c 0000000b 0000000a 00000009 00000008 00000007 00000006 00000005 00000004 00000003 00000002 00000001 00000000 
sm   0 warp 3 0x80000230 0x5208a157 v  2 11111111111111111111111111111111 0000001f 0000001e 0000001d 0000001c 0000001b 0000001a 00000019 00000018 00000017 00000016 00000015 00000014 00000013 00000012 00000011 00000010 0000000f 0000000e 0000000d 0000000c 0000000b 0000000a 00000009 00000008 00000007 00000006 00000005 00000004 00000003 00000002 00000001 00000000 
sm   0 warp 1 0x80000310 0x02452e83 lsu.r x  29 op 0 @ 90404000+00000024
sm   0 warp 2 0x8000023c 0x8a0e6057 v  0 11111111111111111111111111111111 0000001f 0000001e 0000001d 0000001c 0000001b 0000001a 00000019 00000018 00000017 00000016 00000015 00000014 00000013 00000012 00000011 00000010 0000000f 0000000e 0000000d 0000000c 0000000b 0000000a 00000009 00000008 00000007 00000006 00000005 00000004 00000003 00000002 00000001 00000000 
sm   0 warp 3 0x80000228 0x00852283 x  5  00000001
sm   0 warp 0 0x80000320 0xffc12083 lsu.r x   1 op 3 @ 70000018+fffffffc
sm   0 warp 3 0x80000234 0x02234057 v  0 11111111111111111111111111111111 0000007f 0000007e 0000007d 0000007c 0000007b 0000007a 00000079 00000078 00000077 00000076 00000075 00000074 00000073 00000072 00000071 00000070 0000006f 0000006e 0000006d 0000006c 0000006b 0000006a 00000069 00000068 00000067 00000066 00000065 00000064 00000063 00000062 00000061 00000060 
sm   0 warp 1 0x80000314 0x03c30fb3 x 31  00000000
sm   0 warp 0 0x80000324 0xffc10113 x  2  70000014
sm   0 warp 2 0x80000304 0x80302573 x 10  90404000
sm   0 warp 1 0x80000310 0x02452e83 x 29  00000000
sm   0 warp 3 0x80000238 0x01852e03 lsu.r x  28 op 0 @ 90404000+00000018
sm   0 warp 2 0x80000308 0x80802373 x  6  00000000
sm   0 warp 0 0x80000320 0xffc12083 x  1  8000015c
sm   0 warp 1 0x80000318 0x01df8fb3 x 31  00000000
sm   0 warp 3 0x80000238 0x01852e03 x 28  00000020
sm   0 warp 0 0x80000328 0x00008067 x  0  8000032c
sm   0 warp 0 0x80000328 0x00008067 Jump? 1  8000015c
sm   0 warp 2 0x8000030c 0x01852e03 lsu.r x  28 op 0 @ 90404000+00000018
sm   0 warp 1 0x8000031c 0x020fc057 v  0 11111111111111111111111111111111 0000001f 0000001e 0000001d 0000001c 0000001b 0000001a 00000019 00000018 00000017 00000016 00000015 00000014 00000013 00000012 00000011 00000010 0000000f 0000000e 0000000d 0000000c 0000000b 0000000a 00000009 00000008 00000007 00000006 00000005 00000004 00000003 00000002 00000001 00000000 
sm   0 warp 2 0x80000310 0x02452e83 lsu.r x  29 op 0 @ 90404000+00000024
sm   0 warp 2 0x8000030c 0x01852e03 x 28  00000020
sm   0 warp 1 0x80000320 0xffc12083 lsu.r x   1 op 3 @ 70000418+fffffffc
sm   0 warp 0 0x8000015c 0x0180006f Jump? 1  80000174
sm   0 warp 0 0x8000015c 0x0180006f x  0  80000160
sm   0 warp 1 0x80000324 0xffc10113 x  2  70000414
sm   0 warp 3 0x80000240 0xffc12083 lsu.r x   1 op 3 @ 70000c1c+fffffffc
sm   0 warp 3 0x80000244 0xffc10113 x  2  70000c18
sm   0 warp 2 0x80000314 0x03c30fb3 x 31  00000000
sm   0 warp 1 0x80000320 0xffc12083 x  1  8000015c
sm   0 warp 2 0x80000310 0x02452e83 x 29  00000000
[L1C] #    833 SM 0 CACHE 0 ADDR 80000180
sm   0 warp 0 0x80000174 0x0000205b Jump? 0  00000000
sm   0 warp 0 0x80000174 0x0000205b join    mask and npc:    00001011000111111100110000000010 0xcb1bb819 pop stack ? 0
sm   0 warp 3 0x80000240 0xffc12083 x  1  80000304
sm   0 warp 1 0x80000328 0x00008067 x  0  8000032c
sm   0 warp 1 0x80000328 0x00008067 Jump? 1  8000015c
sm   0 warp 2 0x80000318 0x01df8fb3 x 31  00000000
sm   0 warp 0 0x80000178 0xffc12083 lsu.r x   1 op 3 @ 70000014+fffffffc
sm   0 warp 3 0x80000248 0x00008067 x  0  8000024c
sm   0 warp 0 0x8000017c 0xffc10113 x  2  70000010
sm   0 warp 3 0x80000248 0x00008067 Jump? 1  80000304
sm   0 warp 2 0x8000031c 0x020fc057 v  0 11111111111111111111111111111111 0000001f 0000001e 0000001d 0000001c 0000001b 0000001a 00000019 00000018 00000017 00000016 00000015 00000014 00000013 00000012 00000011 00000010 0000000f 0000000e 0000000d 0000000c 0000000b 0000000a 00000009 00000008 00000007 00000006 00000005 00000004 00000003 00000002 00000001 00000000 
sm   0 warp 0 0x80000178 0xffc12083 x  1  800000e0
sm   0 warp 3 0x8000023c 0x8a0e6057 v  0 11111111111111111111111111111111 0000001f 0000001e 0000001d 0000001c 0000001b 0000001a 00000019 00000018 00000017 00000016 00000015 00000014 00000013 00000012 00000011 00000010 0000000f 0000000e 0000000d 0000000c 0000000b 0000000a 00000009 00000008 00000007 00000006 00000005 00000004 00000003 00000002 00000001 00000000 
sm   0 warp 2 0x80000320 0xffc12083 lsu.r x   1 op 3 @ 70000818+fffffffc
[L1C] #    849 SM 0 CACHE 0 ADDR 80000180
sm   0 warp 2 0x80000324 0xffc10113 x  2  70000814
sm   0 warp 2 0x80000320 0xffc12083 x  1  8000015c
sm   0 warp 0 0x80000180 0x00008067 Jump? 1  800000e0
sm   0 warp 0 0x80000180 0x00008067 x  0  80000184
sm   0 warp 1 0x8000015c 0x0180006f Jump? 1  80000174
sm   0 warp 1 0x8000015c 0x0180006f x  0  80000160
sm   0 warp 0 0x800000e0 0x96013057 v  0 11111111111111111111111111111111 0000007c 00000078 00000074 00000070 0000006c 00000068 00000064 00000060 0000005c 00000058 00000054 00000050 0000004c 00000048 00000044 00000040 0000003c 00000038 00000034 00000030 0000002c 00000028 00000024 00000020 0000001c 00000018 00000014 00000010 0000000c 00000008 00000004 00000000 
sm   0 warp 1 0x80000174 0x0000205b Jump? 0  00000000
sm   0 warp 1 0x80000174 0x0000205b join    mask and npc:    11111101011010010111011011000101 0x12688d1a pop stack ? 0
sm   0 warp 0 0x800000e4 0xff412303 lsu.r x   6 op 3 @ 70000010+fffffff4
sm   0 warp 1 0x80000178 0xffc12083 lsu.r x   1 op 3 @ 70000414+fffffffc
sm   0 warp 0 0x800000e4 0xff412303 x  6  90000000
sm   0 warp 1 0x8000017c 0xffc10113 x  2  70000410
sm   0 warp 2 0x80000328 0x00008067 x  0  8000032c
sm   0 warp 2 0x80000328 0x00008067 Jump? 1  8000015c
sm   0 warp 1 0x80000178 0xffc12083 x  1  800000e0
sm   0 warp 0 0x800000e8 0x020340d7 v  1 11111111111111111111111111111111 9000007c 90000078 90000074 90000070 9000006c 90000068 90000064 90000060 9000005c 90000058 90000054 90000050 9000004c 90000048 90000044 90000040 9000003c 90000038 90000034 90000030 9000002c 90000028 90000024 90000020 9000001c 90000018 90000014 90000010 9000000c 90000008 90000004 90000000 
sm   0 warp 3 0x80000304 0x80302573 x 10  90404000
sm   0 warp 1 0x80000180 0x00008067 x  0  80000184
sm   0 warp 1 0x80000180 0x00008067 Jump? 1  800000e0
sm   0 warp 0 0x800000ec 0x0000a0fb lsu.r v  1 op 3 @ 9000007c 90000078 90000074 90000070 9000006c 90000068 90000064 90000060 9000005c 90000058 90000054 90000050 9000004c 90000048 90000044 90000040 9000003c 90000038 90000034 90000030 9000002c 90000028 90000024 90000020 9000001c 90000018 90000014 90000010 9000000c 90000008 90000004 90000000
sm   0 warp 2 0x8000015c 0x0180006f Jump? 1  80000174
sm   0 warp 2 0x8000015c 0x0180006f x  0  80000160
sm   0 warp 3 0x80000308 0x80802373 x  6  00000000
sm   0 warp 0 0x800000f0 0xff812283 lsu.r x   5 op 3 @ 70000010+fffffff8
[L1C] #    891 SM 0 CACHE 1 ADDR 90000000
sm   0 warp 3 0x8000030c 0x01852e03 lsu.r x  28 op 0 @ 90404000+00000018
sm   0 warp 0 0x800000f0 0xff812283 x  5  90001000
sm   0 warp 1 0x800000e0 0x96013057 v  0 11111111111111111111111111111111 0000007c 00000078 00000074 00000070 0000006c 00000068 00000064 00000060 0000005c 00000058 00000054 00000050 0000004c 00000048 00000044 00000040 0000003c 00000038 00000034 00000030 0000002c 00000028 00000024 00000020 0000001c 00000018 00000014 00000010 0000000c 00000008 00000004 00000000 
sm   0 warp 2 0x80000174 0x0000205b Jump? 0  00000000
sm   0 warp 2 0x80000174 0x0000205b join    mask and npc:    00001111011001011100110111010111 0xba1655f7 pop stack ? 0
sm   0 warp 3 0x8000030c 0x01852e03 x 28  00000020
sm   0 warp 1 0x800000e4 0xff412303 lsu.r x   6 op 3 @ 70000410+fffffff4
sm   0 warp 0 0x800000f4 0x0202c157 v  2 11111111111111111111111111111111 9000107c 90001078 90001074 90001070 9000106c 90001068 90001064 90001060 9000105c 90001058 90001054 90001050 9000104c 90001048 90001044 90001040 9000103c 90001038 90001034 90001030 9000102c 90001028 90001024 90001020 9000101c 90001018 90001014 90001010 9000100c 90001008 90001004 90001000 
sm   0 warp 2 0x80000178 0xffc12083 lsu.r x   1 op 3 @ 70000814+fffffffc
sm   0 warp 1 0x800000e4 0xff412303 x  6  90000000
sm   0 warp 2 0x8000017c 0xffc10113 x  2  70000810
sm   0 warp 0 0x800000f8 0x0001217b lsu.r v  2 op 3 @ 9000107c 90001078 90001074 90001070 9000106c 90001068 90001064 90001060 9000105c 90001058 90001054 90001050 9000104c 90001048 90001044 90001040 9000103c 90001038 90001034 90001030 9000102c 90001028 90001024 90001020 9000101c 90001018 90001014 90001010 9000100c 90001008 90001004 90001000
sm   0 warp 0 0x800000ec 0x0000a0fb v  1 11111111111111111111111111111111 41f80000 41f00000 41e80000 41e00000 41d80000 41d00000 41c80000 41c00000 41b80000 41b00000 41a80000 41a00000 41980000 41900000 41880000 41800000 41700000 41600000 41500000 41400000 41300000 41200000 41100000 41000000 40e00000 40c00000 40a00000 40800000 40400000 40000000 3f800000 00000000 
sm   0 warp 1 0x800000e8 0x020340d7 v  1 11111111111111111111111111111111 9000007c 90000078 90000074 90000070 9000006c 90000068 90000064 90000060 9000005c 90000058 90000054 90000050 9000004c 90000048 90000044 90000040 9000003c 90000038 90000034 90000030 9000002c 90000028 90000024 90000020 9000001c 90000018 90000014 90000010 9000000c 90000008 90000004 90000000 
sm   0 warp 3 0x80000310 0x02452e83 lsu.r x  29 op 0 @ 90404000+00000024
[L1C] #    912 SM 0 CACHE 1 ADDR 90001000
sm   0 warp 2 0x80000178 0xffc12083 x  1  800000e0
sm   0 warp 3 0x80000314 0x03c30fb3 x 31  00000000
sm   0 warp 3 0x80000310 0x02452e83 x 29  00000000
sm   0 warp 2 0x80000180 0x00008067 x  0  80000184
sm   0 warp 2 0x80000180 0x00008067 Jump? 1  800000e0
sm   0 warp 1 0x800000ec 0x0000a0fb lsu.r v  1 op 3 @ 9000007c 90000078 90000074 90000070 9000006c 90000068 90000064 90000060 9000005c 90000058 90000054 90000050 9000004c 90000048 90000044 90000040 9000003c 90000038 90000034 90000030 9000002c 90000028 90000024 90000020 9000001c 90000018 90000014 90000010 9000000c 90000008 90000004 90000000
sm   0 warp 3 0x80000318 0x01df8fb3 x 31  00000000
sm   0 warp 1 0x800000f0 0xff812283 lsu.r x   5 op 3 @ 70000410+fffffff8
sm   0 warp 1 0x800000ec 0x0000a0fb v  1 11111111111111111111111111111111 41f80000 41f00000 41e80000 41e00000 41d80000 41d00000 41c80000 41c00000 41b80000 41b00000 41a80000 41a00000 41980000 41900000 41880000 41800000 41700000 41600000 41500000 41400000 41300000 41200000 41100000 41000000 40e00000 40c00000 40a00000 40800000 40400000 40000000 3f800000 00000000 
sm   0 warp 1 0x800000f0 0xff812283 x  5  90001000
sm   0 warp 3 0x8000031c 0x020fc057 v  0 11111111111111111111111111111111 0000001f 0000001e 0000001d 0000001c 0000001b 0000001a 00000019 00000018 00000017 00000016 00000015 00000014 00000013 00000012 00000011 00000010 0000000f 0000000e 0000000d 0000000c 0000000b 0000000a 00000009 00000008 00000007 00000006 00000005 00000004 00000003 00000002 00000001 00000000 
sm   0 warp 2 0x800000e0 0x96013057 v  0 11111111111111111111111111111111 0000007c 00000078 00000074 00000070 0000006c 00000068 00000064 00000060 0000005c 00000058 00000054 00000050 0000004c 00000048 00000044 00000040 0000003c 00000038 00000034 00000030 0000002c 00000028 00000024 00000020 0000001c 00000018 00000014 00000010 0000000c 00000008 00000004 00000000 
sm   0 warp 0 0x800000f8 0x0001217b v  2 11111111111111111111111111111111 44784000 44788000 4478c000 44790000 44794000 44798000 4479c000 447a0000 447a4000 447a8000 447ac000 447b0000 447b4000 447b8000 447bc000 447c0000 447c4000 447c8000 447cc000 447d0000 447d4000 447d8000 447dc000 447e0000 447e4000 447e8000 447ec000 447f0000 447f4000 447f8000 447fc000 44800000 
sm   0 warp 3 0x80000320 0xffc12083 lsu.r x   1 op 3 @ 70000c18+fffffffc
sm   0 warp 1 0x800000f4 0x0202c157 v  2 11111111111111111111111111111111 9000107c 90001078 90001074 90001070 9000106c 90001068 90001064 90001060 9000105c 90001058 90001054 90001050 9000104c 90001048 90001044 90001040 9000103c 90001038 90001034 90001030 9000102c 90001028 90001024 90001020 9000101c 90001018 90001014 90001010 9000100c 90001008 90001004 90001000 
sm   0 warp 3 0x80000324 0xffc10113 x  2  70000c14
sm   0 warp 2 0x800000e4 0xff412303 lsu.r x   6 op 3 @ 70000810+fffffff4
sm   0 warp 3 0x80000320 0xffc12083 x  1  8000015c
sm   0 warp 0 0x800000fc 0x021110d7 v  1 11111111111111111111111111111111 44800000 44800000 44800000 44800000 44800000 44800000 44800000 44800000 44800000 44800000 44800000 44800000 44800000 44800000 44800000 44800000 44800000 44800000 44800000 44800000 44800000 44800000 44800000 44800000 44800000 44800000 44800000 44800000 44800000 44800000 44800000 44800000 
sm   0 warp 1 0x800000f8 0x0001217b lsu.r v  2 op 3 @ 9000107c 90001078 90001074 90001070 9000106c 90001068 90001064 90001060 9000105c 90001058 90001054 90001050 9000104c 90001048 90001044 90001040 9000103c 90001038 90001034 90001030 9000102c 90001028 90001024 90001020 9000101c 90001018 90001014 90001010 9000100c 90001008 90001004 90001000
sm   0 warp 2 0x800000e4 0xff412303 x  6  90000000
sm   0 warp 3 0x80000328 0x00008067 x  0  8000032c
sm   0 warp 3 0x80000328 0x00008067 Jump? 1  8000015c
sm   0 warp 0 0x80000100 0xffc12283 lsu.r x   5 op 3 @ 70000010+fffffffc
sm   0 warp 1 0x800000f8 0x0001217b v  2 11111111111111111111111111111111 44784000 44788000 4478c000 44790000 44794000 44798000 4479c000 447a0000 447a4000 447a8000 447ac000 447b0000 447b4000 447b8000 447bc000 447c0000 447c4000 447c8000 447cc000 447d0000 447d4000 447d8000 447dc000 447e0000 447e4000 447e8000 447ec000 447f0000 447f4000 447f8000 447fc000 44800000 
sm   0 warp 2 0x800000e8 0x020340d7 v  1 11111111111111111111111111111111 9000007c 90000078 90000074 90000070 9000006c 90000068 90000064 90000060 9000005c 90000058 90000054 90000050 9000004c 90000048 90000044 90000040 9000003c 90000038 90000034 90000030 9000002c 90000028 90000024 90000020 9000001c 90000018 90000014 90000010 9000000c 90000008 90000004 90000000 
sm   0 warp 0 0x80000100 0xffc12283 x  5  90002000
sm   0 warp 3 0x8000015c 0x0180006f x  0  80000160
sm   0 warp 3 0x8000015c 0x0180006f Jump? 1  80000174
sm   0 warp 1 0x800000fc 0x021110d7 v  1 11111111111111111111111111111111 44800000 44800000 44800000 44800000 44800000 44800000 44800000 44800000 44800000 44800000 44800000 44800000 44800000 44800000 44800000 44800000 44800000 44800000 44800000 44800000 44800000 44800000 44800000 44800000 44800000 44800000 44800000 44800000 44800000 44800000 44800000 44800000 
sm   0 warp 2 0x800000ec 0x0000a0fb lsu.r v  1 op 3 @ 9000007c 90000078 90000074 90000070 9000006c 90000068 90000064 90000060 9000005c 90000058 90000054 90000050 9000004c 90000048 90000044 90000040 9000003c 90000038 90000034 90000030 9000002c 90000028 90000024 90000020 9000001c 90000018 90000014 90000010 9000000c 90000008 90000004 90000000
sm   0 warp 0 0x80000104 0x0202c057 v  0 11111111111111111111111111111111 9000207c 90002078 90002074 90002070 9000206c 90002068 90002064 90002060 9000205c 90002058 90002054 90002050 9000204c 90002048 90002044 90002040 9000203c 90002038 90002034 90002030 9000202c 90002028 90002024 90002020 9000201c 90002018 90002014 90002010 9000200c 90002008 90002004 90002000 
sm   0 warp 1 0x80000100 0xffc12283 lsu.r x   5 op 3 @ 70000410+fffffffc
sm   0 warp 2 0x800000ec 0x0000a0fb v  1 11111111111111111111111111111111 41f80000 41f00000 41e80000 41e00000 41d80000 41d00000 41c80000 41c00000 41b80000 41b00000 41a80000 41a00000 41980000 41900000 41880000 41800000 41700000 41600000 41500000 41400000 41300000 41200000 41100000 41000000 40e00000 40c00000 40a00000 40800000 40400000 40000000 3f800000 00000000 
sm   0 warp 2 0x800000f0 0xff812283 lsu.r x   5 op 3 @ 70000810+fffffff8
sm   0 warp 3 0x80000174 0x0000205b Jump? 0  00000000
sm   0 warp 1 0x80000100 0xffc12283 x  5  90002000
sm   0 warp 3 0x80000174 0x0000205b join    mask and npc:    01001100010000011111010011000110 0xad1b04d7 pop stack ? 0
sm   0 warp 0 0x80000108 0x0010607b lsu.w v  1 op 3 mask 11111111111111111111111111111111 44800000 44800000 44800000 44800000 44800000 44800000 44800000 44800000 44800000 44800000 44800000 44800000 44800000 44800000 44800000 44800000 44800000 44800000 44800000 44800000 44800000 44800000 44800000 44800000 44800000 44800000 44800000 44800000 44800000 44800000 44800000 44800000 @ 9000207c 90002078 90002074 90002070 9000206c 90002068 90002064 90002060 9000205c 90002058 90002054 90002050 9000204c 90002048 90002044 90002040 9000203c 90002038 90002034 90002030 9000202c 90002028 90002024 90002020 9000201c 90002018 90002014 90002010 9000200c 90002008 90002004 90002000
sm   0 warp 2 0x800000f0 0xff812283 x  5  90001000
sm   0 warp 1 0x80000104 0x0202c057 v  0 11111111111111111111111111111111 9000207c 90002078 90002074 90002070 9000206c 90002068 90002064 90002060 9000205c 90002058 90002054 90002050 9000204c 90002048 90002044 90002040 9000203c 90002038 90002034 90002030 9000202c 90002028 90002024 90002020 9000201c 90002018 90002014 90002010 9000200c 90002008 90002004 90002000 
sm   0 warp 0 0x80000110 0xff010113 x  2  70000000
sm   0 warp 0 0x8000010c 0xff012083 lsu.r x   1 op 3 @ 70000010+fffffff0
[L1C] #    967 SM 0 CACHE 1 ADDR 90002000
sm   0 warp 0 0x80000108 0x0010607b lsu.w finish
sm   0 warp 2 0x800000f4 0x0202c157 v  2 11111111111111111111111111111111 9000107c 90001078 90001074 90001070 9000106c 90001068 90001064 90001060 9000105c 90001058 90001054 90001050 9000104c 90001048 90001044 90001040 9000103c 90001038 90001034 90001030 9000102c 90001028 90001024 90001020 9000101c 90001018 90001014 90001010 9000100c 90001008 90001004 90001000 
sm   0 warp 3 0x8000017c 0xffc10113 x  2  70000c10
sm   0 warp 3 0x80000178 0xffc12083 lsu.r x   1 op 3 @ 70000c14+fffffffc
sm   0 warp 0 0x8000010c 0xff012083 x  1  800000a0
sm   0 warp 1 0x80000108 0x0010607b lsu.w v  1 op 3 mask 11111111111111111111111111111111 44800000 44800000 44800000 44800000 44800000 44800000 44800000 44800000 44800000 44800000 44800000 44800000 44800000 44800000 44800000 44800000 44800000 44800000 44800000 44800000 44800000 44800000 44800000 44800000 44800000 44800000 44800000 44800000 44800000 44800000 44800000 44800000 @ 9000207c 90002078 90002074 90002070 9000206c 90002068 90002064 90002060 9000205c 90002058 90002054 90002050 9000204c 90002048 90002044 90002040 9000203c 90002038 90002034 90002030 9000202c 90002028 90002024 90002020 9000201c 90002018 90002014 90002010 9000200c 90002008 90002004 90002000
sm   0 warp 3 0x80000178 0xffc12083 x  1  800000e0
sm   0 warp 0 0x80000114 0x00008067 x  0  80000118
sm   0 warp 0 0x80000114 0x00008067 Jump? 1  800000a0
sm   0 warp 2 0x800000f8 0x0001217b lsu.r v  2 op 3 @ 9000107c 90001078 90001074 90001070 9000106c 90001068 90001064 90001060 9000105c 90001058 90001054 90001050 9000104c 90001048 90001044 90001040 9000103c 90001038 90001034 90001030 9000102c 90001028 90001024 90001020 9000101c 90001018 90001014 90001010 9000100c 90001008 90001004 90001000
[L1C] #    979 SM 0 CACHE 1 ADDR 90002000
sm   0 warp 1 0x80000108 0x0010607b lsu.w finish
sm   0 warp 1 0x80000110 0xff010113 x  2  70000400
sm   0 warp 3 0x80000180 0x00008067 x  0  80000184
sm   0 warp 3 0x80000180 0x00008067 Jump? 1  800000e0
sm   0 warp 1 0x8000010c 0xff012083 lsu.r x   1 op 3 @ 70000410+fffffff0
sm   0 warp 2 0x800000f8 0x0001217b v  2 11111111111111111111111111111111 44784000 44788000 4478c000 44790000 44794000 44798000 4479c000 447a0000 447a4000 447a8000 447ac000 447b0000 447b4000 447b8000 447bc000 447c0000 447c4000 447c8000 447cc000 447d0000 447d4000 447d8000 447dc000 447e0000 447e4000 447e8000 447ec000 447f0000 447f4000 447f8000 447fc000 44800000 
sm   0 warp 0 0x800000a0 0x0000400b endprg
sm   0 warp 1 0x8000010c 0xff012083 x  1  800000a0
sm   0 warp 2 0x800000fc 0x021110d7 v  1 11111111111111111111111111111111 44800000 44800000 44800000 44800000 44800000 44800000 44800000 44800000 44800000 44800000 44800000 44800000 44800000 44800000 44800000 44800000 44800000 44800000 44800000 44800000 44800000 44800000 44800000 44800000 44800000 44800000 44800000 44800000 44800000 44800000 44800000 44800000 
sm   0 warp 1 0x80000114 0x00008067 x  0  80000118
sm   0 warp 3 0x800000e0 0x96013057 v  0 11111111111111111111111111111111 0000007c 00000078 00000074 00000070 0000006c 00000068 00000064 00000060 0000005c 00000058 00000054 00000050 0000004c 00000048 00000044 00000040 0000003c 00000038 00000034 00000030 0000002c 00000028 00000024 00000020 0000001c 00000018 00000014 00000010 0000000c 00000008 00000004 00000000 
sm   0 warp 1 0x80000114 0x00008067 Jump? 1  800000a0
sm   0 warp 2 0x80000100 0xffc12283 lsu.r x   5 op 3 @ 70000810+fffffffc
sm   0 warp 3 0x800000e4 0xff412303 lsu.r x   6 op 3 @ 70000c10+fffffff4
sm   0 warp 2 0x80000100 0xffc12283 x  5  90002000
sm   0 warp 1 0x800000a0 0x0000400b endprg
sm   0 warp 3 0x800000e4 0xff412303 x  6  90000000
sm   0 warp 2 0x80000104 0x0202c057 v  0 11111111111111111111111111111111 9000207c 90002078 90002074 90002070 9000206c 90002068 90002064 90002060 9000205c 90002058 90002054 90002050 9000204c 90002048 90002044 90002040 9000203c 90002038 90002034 90002030 9000202c 90002028 90002024 90002020 9000201c 90002018 90002014 90002010 9000200c 90002008 90002004 90002000 
sm   0 warp 3 0x800000e8 0x020340d7 v  1 11111111111111111111111111111111 9000007c 90000078 90000074 90000070 9000006c 90000068 90000064 90000060 9000005c 90000058 90000054 90000050 9000004c 90000048 90000044 90000040 9000003c 90000038 90000034 90000030 9000002c 90000028 90000024 90000020 9000001c 90000018 90000014 90000010 9000000c 90000008 90000004 90000000 
sm   0 warp 2 0x80000108 0x0010607b lsu.w v  1 op 3 mask 11111111111111111111111111111111 44800000 44800000 44800000 44800000 44800000 44800000 44800000 44800000 44800000 44800000 44800000 44800000 44800000 44800000 44800000 44800000 44800000 44800000 44800000 44800000 44800000 44800000 44800000 44800000 44800000 44800000 44800000 44800000 44800000 44800000 44800000 44800000 @ 9000207c 90002078 90002074 90002070 9000206c 90002068 90002064 90002060 9000205c 90002058 90002054 90002050 9000204c 90002048 90002044 90002040 9000203c 90002038 90002034 90002030 9000202c 90002028 90002024 90002020 9000201c 90002018 90002014 90002010 9000200c 90002008 90002004 90002000
sm   0 warp 3 0x800000ec 0x0000a0fb lsu.r v  1 op 3 @ 9000007c 90000078 90000074 90000070 9000006c 90000068 90000064 90000060 9000005c 90000058 90000054 90000050 9000004c 90000048 90000044 90000040 9000003c 90000038 90000034 90000030 9000002c 90000028 90000024 90000020 9000001c 90000018 90000014 90000010 9000000c 90000008 90000004 90000000
[L1C] #   1015 SM 0 CACHE 1 ADDR 90002000
sm   0 warp 2 0x80000108 0x0010607b lsu.w finish
sm   0 warp 2 0x80000110 0xff010113 x  2  70000800
sm   0 warp 2 0x8000010c 0xff012083 lsu.r x   1 op 3 @ 70000810+fffffff0
sm   0 warp 3 0x800000ec 0x0000a0fb v  1 11111111111111111111111111111111 41f80000 41f00000 41e80000 41e00000 41d80000 41d00000 41c80000 41c00000 41b80000 41b00000 41a80000 41a00000 41980000 41900000 41880000 41800000 41700000 41600000 41500000 41400000 41300000 41200000 41100000 41000000 40e00000 40c00000 40a00000 40800000 40400000 40000000 3f800000 00000000 
sm   0 warp 3 0x800000f0 0xff812283 lsu.r x   5 op 3 @ 70000c10+fffffff8
sm   0 warp 2 0x8000010c 0xff012083 x  1  800000a0
sm   0 warp 3 0x800000f0 0xff812283 x  5  90001000
sm   0 warp 2 0x80000114 0x00008067 x  0  80000118
sm   0 warp 2 0x80000114 0x00008067 Jump? 1  800000a0
sm   0 warp 3 0x800000f4 0x0202c157 v  2 11111111111111111111111111111111 9000107c 90001078 90001074 90001070 9000106c 90001068 90001064 90001060 9000105c 90001058 90001054 90001050 9000104c 90001048 90001044 90001040 9000103c 90001038 90001034 90001030 9000102c 90001028 90001024 90001020 9000101c 90001018 90001014 90001010 9000100c 90001008 90001004 90001000 
sm   0 warp 2 0x800000a0 0x0000400b endprg
sm   0 warp 3 0x800000f8 0x0001217b lsu.r v  2 op 3 @ 9000107c 90001078 90001074 90001070 9000106c 90001068 90001064 90001060 9000105c 90001058 90001054 90001050 9000104c 90001048 90001044 90001040 9000103c 90001038 90001034 90001030 9000102c 90001028 90001024 90001020 9000101c 90001018 90001014 90001010 9000100c 90001008 90001004 90001000
sm   0 warp 3 0x800000f8 0x0001217b v  2 11111111111111111111111111111111 44784000 44788000 4478c000 44790000 44794000 44798000 4479c000 447a0000 447a4000 447a8000 447ac000 447b0000 447b4000 447b8000 447bc000 447c0000 447c4000 447c8000 447cc000 447d0000 447d4000 447d8000 447dc000 447e0000 447e4000 447e8000 447ec000 447f0000 447f4000 447f8000 447fc000 44800000 
sm   0 warp 3 0x800000fc 0x021110d7 v  1 11111111111111111111111111111111 44800000 44800000 44800000 44800000 44800000 44800000 44800000 44800000 44800000 44800000 44800000 44800000 44800000 44800000 44800000 44800000 44800000 44800000 44800000 44800000 44800000 44800000 44800000 44800000 44800000 44800000 44800000 44800000 44800000 44800000 44800000 44800000 
sm   0 warp 3 0x80000100 0xffc12283 lsu.r x   5 op 3 @ 70000c10+fffffffc
sm   0 warp 3 0x80000100 0xffc12283 x  5  90002000
sm   0 warp 3 0x80000104 0x0202c057 v  0 11111111111111111111111111111111 9000207c 90002078 90002074 90002070 9000206c 90002068 90002064 90002060 9000205c 90002058 90002054 90002050 9000204c 90002048 90002044 90002040 9000203c 90002038 90002034 90002030 9000202c 90002028 90002024 90002020 9000201c 90002018 90002014 90002010 9000200c 90002008 90002004 90002000 
sm   0 warp 3 0x80000108 0x0010607b lsu.w v  1 op 3 mask 11111111111111111111111111111111 44800000 44800000 44800000 44800000 44800000 44800000 44800000 44800000 44800000 44800000 44800000 44800000 44800000 44800000 44800000 44800000 44800000 44800000 44800000 44800000 44800000 44800000 44800000 44800000 44800000 44800000 44800000 44800000 44800000 44800000 44800000 44800000 @ 9000207c 90002078 90002074 90002070 9000206c 90002068 90002064 90002060 9000205c 90002058 90002054 90002050 9000204c 90002048 90002044 90002040 9000203c 90002038 90002034 90002030 9000202c 90002028 90002024 90002020 9000201c 90002018 90002014 90002010 9000200c 90002008 90002004 90002000
sm   0 warp 3 0x8000010c 0xff012083 lsu.r x   1 op 3 @ 70000c10+fffffff0
[L1C] #   1073 SM 0 CACHE 1 ADDR 90002000
sm   0 warp 3 0x80000108 0x0010607b lsu.w finish
sm   0 warp 3 0x80000110 0xff010113 x  2  70000c00
sm   0 warp 3 0x8000010c 0xff012083 x  1  800000a0
sm   0 warp 3 0x80000114 0x00008067 x  0  80000118
sm   0 warp 3 0x80000114 0x00008067 Jump? 1  800000a0
sm   0 warp 3 0x800000a0 0x0000400b endprg
[L1C] #   1096 SM 0 CACHE 1 ADDR 9d0f7f80
[L1C] #   2127 SM 0 CACHE 1 ADDR 9d0f7f80
