[L1C] #     65 SM 0 CACHE 0 ADDR 80000000
sm   0 warp 0 0x80000000 0x00000093 x  1  00000000
sm   0 warp 0 0x80000004 0x00108093 x  1  00000001
sm   0 warp 0 0x80000008 0x00108093 x  1  00000002
sm   0 warp 0 0x8000000c 0x00108093 x  1  00000003
sm   0 warp 0 0x80000010 0x00108093 x  1  00000004
sm   0 warp 0 0x80000014 0x00108093 x  1  00000005
sm   0 warp 0 0x80000018 0x00108093 x  1  00000006
sm   0 warp 0 0x8000001c 0x00108093 x  1  00000007
sm   0 warp 0 0x80000020 0x00108093 x  1  00000008
sm   0 warp 0 0x80000024 0x00108093 x  1  00000009
sm   0 warp 0 0x80000028 0x00108093 x  1  0000000a
sm   0 warp 0 0x8000002c 0x00108093 x  1  0000000b
sm   0 warp 0 0x80000030 0x00108093 x  1  0000000c
sm   0 warp 0 0x80000034 0x00108093 x  1  0000000d
sm   0 warp 0 0x80000038 0x00108093 x  1  0000000e
sm   0 warp 0 0x8000003c 0x00108093 x  1  0000000f
sm   0 warp 0 0x80000040 0x00108093 x  1  00000010
sm   0 warp 0 0x80000044 0x00108093 x  1  00000011
sm   0 warp 0 0x80000048 0x00108093 x  1  00000012
sm   0 warp 0 0x8000004c 0x00108093 x  1  00000013
sm   0 warp 0 0x80000050 0x00108093 x  1  00000014
sm   0 warp 0 0x80000054 0x00108093 x  1  00000015
sm   0 warp 0 0x80000058 0x00108093 x  1  00000016
sm   0 warp 0 0x8000005c 0x00108093 x  1  00000017
[L1C] #    204 SM 0 CACHE 0 ADDR 80000080
sm   0 warp 0 0x80000060 0x00108093 x  1  00000018
sm   0 warp 0 0x80000064 0x00108093 x  1  00000019
sm   0 warp 0 0x80000068 0x00108093 x  1  0000001a
sm   0 warp 0 0x8000006c 0x00108093 x  1  0000001b
sm   0 warp 0 0x80000070 0x00108093 x  1  0000001c
sm   0 warp 0 0x80000074 0x00108093 x  1  0000001d
sm   0 warp 0 0x80000078 0x00108093 x  1  0000001e
sm   0 warp 0 0x8000007c 0x00108093 x  1  0000001f
sm   0 warp 0 0x80000080 0x00108093 x  1  00000020
sm   0 warp 0 0x80000084 0x00108093 x  1  00000021
sm   0 warp 0 0x80000088 0x00108093 x  1  00000022
sm   0 warp 0 0x8000008c 0x00108093 x  1  00000023
sm   0 warp 0 0x80000090 0x00108093 x  1  00000024
sm   0 warp 0 0x80000094 0x00108093 x  1  00000025
sm   0 warp 0 0x80000098 0x00108093 x  1  00000026
sm   0 warp 0 0x8000009c 0x00108093 x  1  00000027
sm   0 warp 0 0x800000a0 0x00108093 x  1  00000028
sm   0 warp 0 0x800000a4 0x00108093 x  1  00000029
sm   0 warp 0 0x800000a8 0x00108093 x  1  0000002a
sm   0 warp 0 0x800000ac 0x00108093 x  1  0000002b
sm   0 warp 0 0x800000b0 0x00108093 x  1  0000002c
sm   0 warp 0 0x800000b4 0x00108093 x  1  0000002d
sm   0 warp 0 0x800000b8 0x00108093 x  1  0000002e
sm   0 warp 0 0x800000bc 0x00108093 x  1  0000002f
sm   0 warp 0 0x800000c0 0x00108093 x  1  00000030
sm   0 warp 0 0x800000c4 0x00108093 x  1  00000031
sm   0 warp 0 0x800000c8 0x00108093 x  1  00000032
sm   0 warp 0 0x800000cc 0x00108093 x  1  00000033
sm   0 warp 0 0x800000d0 0x00108093 x  1  00000034
sm   0 warp 0 0x800000d4 0x00108093 x  1  00000035
sm   0 warp 0 0x800000d8 0x00108093 x  1  00000036
sm   0 warp 0 0x800000dc 0x00108093 x  1  00000037
[L1C] #    364 SM 0 CACHE 0 ADDR 80000100
sm   0 warp 0 0x800000e0 0x00108093 x  1  00000038
sm   0 warp 0 0x800000e4 0x00108093 x  1  00000039
sm   0 warp 0 0x800000e8 0x00108093 x  1  0000003a
sm   0 warp 0 0x800000ec 0x00108093 x  1  0000003b
sm   0 warp 0 0x800000f0 0x00108093 x  1  0000003c
sm   0 warp 0 0x800000f4 0x00108093 x  1  0000003d
sm   0 warp 0 0x800000f8 0x00108093 x  1  0000003e
sm   0 warp 0 0x800000fc 0x00108093 x  1  0000003f
sm   0 warp 0 0x80000100 0x00108093 x  1  00000040
sm   0 warp 0 0x80000104 0x00108093 x  1  00000041
sm   0 warp 0 0x80000108 0x00108093 x  1  00000042
sm   0 warp 0 0x8000010c 0x00108093 x  1  00000043
sm   0 warp 0 0x80000110 0x00108093 x  1  00000044
sm   0 warp 0 0x80000114 0x00108093 x  1  00000045
sm   0 warp 0 0x80000118 0x00108093 x  1  00000046
sm   0 warp 0 0x8000011c 0x00108093 x  1  00000047
sm   0 warp 0 0x80000120 0x00108093 x  1  00000048
sm   0 warp 0 0x80000124 0x00108093 x  1  00000049
sm   0 warp 0 0x80000128 0x00108093 x  1  0000004a
sm   0 warp 0 0x8000012c 0x00108093 x  1  0000004b
sm   0 warp 0 0x80000130 0x00108093 x  1  0000004c
sm   0 warp 0 0x80000134 0x00108093 x  1  0000004d
sm   0 warp 0 0x80000138 0x00108093 x  1  0000004e
sm   0 warp 0 0x8000013c 0x00108093 x  1  0000004f
sm   0 warp 0 0x80000140 0x00108093 x  1  00000050
sm   0 warp 0 0x80000144 0x00108093 x  1  00000051
sm   0 warp 0 0x80000148 0x00108093 x  1  00000052
sm   0 warp 0 0x8000014c 0x00108093 x  1  00000053
sm   0 warp 0 0x80000150 0x00108093 x  1  00000054
sm   0 warp 0 0x80000154 0x00108093 x  1  00000055
sm   0 warp 0 0x80000158 0x00108093 x  1  00000056
sm   0 warp 0 0x8000015c 0x00108093 x  1  00000057
[L1C] #    524 SM 0 CACHE 0 ADDR 80000180
sm   0 warp 0 0x80000160 0x00108093 x  1  00000058
sm   0 warp 0 0x80000164 0x00108093 x  1  00000059
sm   0 warp 0 0x80000168 0x00108093 x  1  0000005a
sm   0 warp 0 0x8000016c 0x00108093 x  1  0000005b
sm   0 warp 0 0x80000170 0x00108093 x  1  0000005c
sm   0 warp 0 0x80000174 0x00108093 x  1  0000005d
sm   0 warp 0 0x80000178 0x00108093 x  1  0000005e
sm   0 warp 0 0x8000017c 0x00108093 x  1  0000005f
sm   0 warp 0 0x80000180 0x00108093 x  1  00000060
sm   0 warp 0 0x80000184 0x00108093 x  1  00000061
sm   0 warp 0 0x80000188 0x00108093 x  1  00000062
sm   0 warp 0 0x8000018c 0x00108093 x  1  00000063
sm   0 warp 0 0x80000190 0x00108093 x  1  00000064
sm   0 warp 0 0x80000194 0x00108093 x  1  00000065
sm   0 warp 0 0x80000198 0x00108093 x  1  00000066
sm   0 warp 0 0x8000019c 0x00108093 x  1  00000067
sm   0 warp 0 0x800001a0 0x00108093 x  1  00000068
sm   0 warp 0 0x800001a4 0x00108093 x  1  00000069
sm   0 warp 0 0x800001a8 0x00108093 x  1  0000006a
sm   0 warp 0 0x800001ac 0x00108093 x  1  0000006b
sm   0 warp 0 0x800001b0 0x00108093 x  1  0000006c
sm   0 warp 0 0x800001b4 0x00108093 x  1  0000006d
sm   0 warp 0 0x800001b8 0x00108093 x  1  0000006e
sm   0 warp 0 0x800001bc 0x00108093 x  1  0000006f
sm   0 warp 0 0x800001c0 0x00108093 x  1  00000070
sm   0 warp 0 0x800001c4 0x00108093 x  1  00000071
sm   0 warp 0 0x800001c8 0x00108093 x  1  00000072
sm   0 warp 0 0x800001cc 0x00108093 x  1  00000073
sm   0 warp 0 0x800001d0 0x00108093 x  1  00000074
sm   0 warp 0 0x800001d4 0x00108093 x  1  00000075
sm   0 warp 0 0x800001d8 0x00108093 x  1  00000076
sm   0 warp 0 0x800001dc 0x00108093 x  1  00000077
[L1C] #    684 SM 0 CACHE 0 ADDR 80000200
sm   0 warp 0 0x800001e0 0x00108093 x  1  00000078
sm   0 warp 0 0x800001e4 0x00108093 x  1  00000079
sm   0 warp 0 0x800001e8 0x00108093 x  1  0000007a
sm   0 warp 0 0x800001ec 0x00108093 x  1  0000007b
sm   0 warp 0 0x800001f0 0x00108093 x  1  0000007c
sm   0 warp 0 0x800001f4 0x00108093 x  1  0000007d
sm   0 warp 0 0x800001f8 0x00108093 x  1  0000007e
sm   0 warp 0 0x800001fc 0x00108093 x  1  0000007f
sm   0 warp 0 0x80000200 0x00108093 x  1  00000080
sm   0 warp 0 0x80000204 0x00108093 x  1  00000081
sm   0 warp 0 0x80000208 0x00108093 x  1  00000082
sm   0 warp 0 0x8000020c 0x00108093 x  1  00000083
sm   0 warp 0 0x80000210 0x00108093 x  1  00000084
sm   0 warp 0 0x80000214 0x00108093 x  1  00000085
sm   0 warp 0 0x80000218 0x00108093 x  1  00000086
sm   0 warp 0 0x8000021c 0x00108093 x  1  00000087
sm   0 warp 0 0x80000220 0x00108093 x  1  00000088
sm   0 warp 0 0x80000224 0x00108093 x  1  00000089
sm   0 warp 0 0x80000228 0x00108093 x  1  0000008a
sm   0 warp 0 0x8000022c 0x00108093 x  1  0000008b
sm   0 warp 0 0x80000230 0x00108093 x  1  0000008c
sm   0 warp 0 0x80000234 0x00108093 x  1  0000008d
sm   0 warp 0 0x80000238 0x00108093 x  1  0000008e
sm   0 warp 0 0x8000023c 0x00108093 x  1  0000008f
sm   0 warp 0 0x80000240 0x00108093 x  1  00000090
sm   0 warp 0 0x80000244 0x00108093 x  1  00000091
sm   0 warp 0 0x80000248 0x00108093 x  1  00000092
sm   0 warp 0 0x8000024c 0x00108093 x  1  00000093
sm   0 warp 0 0x80000250 0x00108093 x  1  00000094
sm   0 warp 0 0x80000254 0x00108093 x  1  00000095
sm   0 warp 0 0x80000258 0x00108093 x  1  00000096
sm   0 warp 0 0x8000025c 0x00108093 x  1  00000097
[L1C] #    844 SM 0 CACHE 0 ADDR 80000280
sm   0 warp 0 0x80000260 0x00108093 x  1  00000098
sm   0 warp 0 0x80000264 0x00108093 x  1  00000099
sm   0 warp 0 0x80000268 0x00108093 x  1  0000009a
sm   0 warp 0 0x8000026c 0x00108093 x  1  0000009b
sm   0 warp 0 0x80000270 0x00108093 x  1  0000009c
sm   0 warp 0 0x80000274 0x00108093 x  1  0000009d
sm   0 warp 0 0x80000278 0x00108093 x  1  0000009e
sm   0 warp 0 0x8000027c 0x00108093 x  1  0000009f
sm   0 warp 0 0x80000280 0x00108093 x  1  000000a0
sm   0 warp 0 0x80000284 0x00108093 x  1  000000a1
sm   0 warp 0 0x80000288 0x00108093 x  1  000000a2
sm   0 warp 0 0x8000028c 0x00108093 x  1  000000a3
sm   0 warp 0 0x80000290 0x00108093 x  1  000000a4
sm   0 warp 0 0x80000294 0x00108093 x  1  000000a5
sm   0 warp 0 0x80000298 0x00108093 x  1  000000a6
sm   0 warp 0 0x8000029c 0x00108093 x  1  000000a7
sm   0 warp 0 0x800002a0 0x00108093 x  1  000000a8
sm   0 warp 0 0x800002a4 0x00108093 x  1  000000a9
sm   0 warp 0 0x800002a8 0x00108093 x  1  000000aa
sm   0 warp 0 0x800002ac 0x00108093 x  1  000000ab
sm   0 warp 0 0x800002b0 0x00108093 x  1  000000ac
sm   0 warp 0 0x800002b4 0x00108093 x  1  000000ad
sm   0 warp 0 0x800002b8 0x00108093 x  1  000000ae
sm   0 warp 0 0x800002bc 0x00108093 x  1  000000af
sm   0 warp 0 0x800002c0 0x00108093 x  1  000000b0
sm   0 warp 0 0x800002c4 0x00108093 x  1  000000b1
sm   0 warp 0 0x800002c8 0x00108093 x  1  000000b2
sm   0 warp 0 0x800002cc 0x00108093 x  1  000000b3
sm   0 warp 0 0x800002d0 0x00108093 x  1  000000b4
sm   0 warp 0 0x800002d4 0x00108093 x  1  000000b5
sm   0 warp 0 0x800002d8 0x00108093 x  1  000000b6
sm   0 warp 0 0x800002dc 0x00108093 x  1  000000b7
[L1C] #   1004 SM 0 CACHE 0 ADDR 80000300
sm   0 warp 0 0x800002e0 0x00108093 x  1  000000b8
sm   0 warp 0 0x800002e4 0x00108093 x  1  000000b9
sm   0 warp 0 0x800002e8 0x00108093 x  1  000000ba
sm   0 warp 0 0x800002ec 0x00108093 x  1  000000bb
sm   0 warp 0 0x800002f0 0x00108093 x  1  000000bc
sm   0 warp 0 0x800002f4 0x00108093 x  1  000000bd
sm   0 warp 0 0x800002f8 0x00108093 x  1  000000be
sm   0 warp 0 0x800002fc 0x00108093 x  1  000000bf
sm   0 warp 0 0x80000300 0x00108093 x  1  000000c0
sm   0 warp 0 0x80000304 0x90002137 x  2  90002000
sm   0 warp 0 0x80000308 0x00112023 lsu.w x   1 op 0 000000c0 @ 90002000+00000000
sm   0 warp 0 0x8000030c 0x0000400b endprg
[L1C] #   1060 SM 0 CACHE 1 ADDR 90002000
sm   0 warp 0 0x80000308 0x00112023 lsu.w finish
[L1C] #   1077 SM 0 CACHE 1 ADDR 9d0f7f80
[L1C] #   2108 SM 0 CACHE 1 ADDR 9d0f7f80
