[L1C] #     65 SM 0 CACHE 0 ADDR 80000000
sm   0 warp 0 0x80000000 0x00000093 x  1  00000000
sm   0 warp 0 0x80000004 0x00108093 x  1  00000001
sm   0 warp 0 0x80000008 0x00108093 x  1  00000002
sm   0 warp 0 0x8000000c 0x00108093 x  1  00000003
sm   0 warp 0 0x80000010 0x00108093 x  1  00000004
sm   0 warp 0 0x80000014 0x00108093 x  1  00000005
sm   0 warp 0 0x80000018 0x00108093 x  1  00000006
sm   0 warp 0 0x8000001c 0x00108093 x  1  00000007
sm   0 warp 0 0x80000020 0x00108093 x  1  00000008
sm   0 warp 0 0x80000024 0x00108093 x  1  00000009
sm   0 warp 0 0x80000028 0x00108093 x  1  0000000a
sm   0 warp 0 0x8000002c 0x00108093 x  1  0000000b
sm   0 warp 0 0x80000030 0x00108093 x  1  0000000c
sm   0 warp 0 0x80000034 0x00108093 x  1  0000000d
sm   0 warp 0 0x80000038 0x00108093 x  1  0000000e
sm   0 warp 0 0x8000003c 0x00108093 x  1  0000000f
sm   0 warp 0 0x80000040 0x00108093 x  1  00000010
sm   0 warp 0 0x80000044 0x00108093 x  1  00000011
sm   0 warp 0 0x80000048 0x00108093 x  1  00000012
sm   0 warp 0 0x8000004c 0x00108093 x  1  00000013
sm   0 warp 0 0x80000050 0x00108093 x  1  00000014
sm   0 warp 0 0x80000054 0x00108093 x  1  00000015
sm   0 warp 0 0x80000058 0x00108093 x  1  00000016
sm   0 warp 0 0x8000005c 0x00108093 x  1  00000017
[L1C] #    204 SM 0 CACHE 0 ADDR 80000080
sm   0 warp 0 0x80000060 0x00108093 x  1  00000018
sm   0 warp 0 0x80000064 0x00108093 x  1  00000019
sm   0 warp 0 0x80000068 0x00108093 x  1  0000001a
sm   0 warp 0 0x8000006c 0x00108093 x  1  0000001b
sm   0 warp 0 0x80000070 0x00108093 x  1  0000001c
sm   0 warp 0 0x80000074 0x00108093 x  1  0000001d
sm   0 warp 0 0x80000078 0x00108093 x  1  0000001e
sm   0 warp 0 0x8000007c 0x00108093 x  1  0000001f
sm   0 warp 0 0x80000080 0x00108093 x  1  00000020
sm   0 warp 0 0x80000084 0x00108093 x  1  00000021
sm   0 warp 0 0x80000088 0x00108093 x  1  00000022
sm   0 warp 0 0x8000008c 0x00108093 x  1  00000023
sm   0 warp 0 0x80000090 0x00108093 x  1  00000024
sm   0 warp 0 0x80000094 0x00108093 x  1  00000025
sm   0 warp 0 0x80000098 0x00108093 x  1  00000026
sm   0 warp 0 0x8000009c 0x00108093 x  1  00000027
sm   0 warp 0 0x800000a0 0x00108093 x  1  00000028
sm   0 warp 0 0x800000a4 0x00108093 x  1  00000029
sm   0 warp 0 0x800000a8 0x00108093 x  1  0000002a
sm   0 warp 0 0x800000ac 0x00108093 x  1  0000002b
sm   0 warp 0 0x800000b0 0x00108093 x  1  0000002c
sm   0 warp 0 0x800000b4 0x00108093 x  1  0000002d
sm   0 warp 0 0x800000b8 0x00108093 x  1  0000002e
sm   0 warp 0 0x800000bc 0x00108093 x  1  0000002f
sm   0 warp 0 0x800000c0 0x00108093 x  1  00000030
sm   0 warp 0 0x800000c4 0x00108093 x  1  00000031
sm   0 warp 0 0x800000c8 0x00108093 x  1  00000032
sm   0 warp 0 0x800000cc 0x00108093 x  1  00000033
sm   0 warp 0 0x800000d0 0x00108093 x  1  00000034
sm   0 warp 0 0x800000d4 0x00108093 x  1  00000035
sm   0 warp 0 0x800000d8 0x00108093 x  1  00000036
sm   0 warp 0 0x800000dc 0x00108093 x  1  00000037
[L1C] #    364 SM 0 CACHE 0 ADDR 80000100
sm   0 warp 0 0x800000e0 0x00108093 x  1  00000038
sm   0 warp 0 0x800000e4 0x00108093 x  1  00000039
sm   0 warp 0 0x800000e8 0x00108093 x  1  0000003a
sm   0 warp 0 0x800000ec 0x00108093 x  1  0000003b
sm   0 warp 0 0x800000f0 0x00108093 x  1  0000003c
sm   0 warp 0 0x800000f4 0x00108093 x  1  0000003d
sm   0 warp 0 0x800000f8 0x00108093 x  1  0000003e
sm   0 warp 0 0x800000fc 0x00108093 x  1  0000003f
sm   0 warp 0 0x80000100 0x00108093 x  1  00000040
sm   0 warp 0 0x80000104 0x90002137 x  2  90002000
sm   0 warp 0 0x80000108 0x00112023 lsu.w x   1 op 0 00000040 @ 90002000+00000000
sm   0 warp 0 0x8000010c 0x0000400b endprg
[L1C] #    420 SM 0 CACHE 1 ADDR 90002000
sm   0 warp 0 0x80000108 0x00112023 lsu.w finish
[L1C] #    437 SM 0 CACHE 1 ADDR 9d0f7f80
[L1C] #   1468 SM 0 CACHE 1 ADDR 9d0f7f80
