
Warning: (W569) sc_module(const char*), sc_module(const std::string&) have been deprecated, use sc_module(const sc_module_name&): RamulatorWrapper
In file: ${REMOTE_FLOW_ROOT}/deps/systemc/src/sysc/kernel/sc_module.cpp:248
Create new vmem for kernel vector_add-64, ptroot=0x1000 [trace main.cpp:83]
Start loading data for kernel vector_add-64, ptroot=0x1000 [trace main.cpp:188]
kernel 0 vector_add-64 initialized, size={1,1,1} @0ns,0 [info context_model.cpp:23]

Warning: (W509) module construction not properly completed: did you forget to add a sc_module_name parameter to your module constructor?: module 'RamulatorWrapper'
In file: ${REMOTE_FLOW_ROOT}/deps/systemc/src/sysc/kernel/sc_module.cpp:409
SM 1 warp 1 receive kernel 0 vector_add-64 block 0 warp 0 @15ns,1 [trace BASE.cpp:244]
SM 1 warp 1 0x80000000           VXOR_VV_0x2e1080d7 mask=FFFFFFFF WB v[001]={00000000 00000000 00000000 00000000 00000000 00000000 00000000 00000000 00000000 00000000 00000000 00000000 00000000 00000000 00000000 00000000 00000000 00000000 00000000 00000000 00000000 00000000 00000000 00000000 00000000 00000000 00000000 00000000 00000000 00000000 00000000 00000000}; s1=1 s2=1 s3=1 @125ns,1 [trace regfile.cpp:109]
SM 1 warp 1 0x80000004           VADD_VI_0x0210b0d7 mask=FFFFFFFF WB v[001]={00000001 00000001 00000001 00000001 00000001 00000001 00000001 00000001 00000001 00000001 00000001 00000001 00000001 00000001 00000001 00000001 00000001 00000001 00000001 00000001 00000001 00000001 00000001 00000001 00000001 00000001 00000001 00000001 00000001 00000001 00000001 00000001}; s1=1 s2=1 s3=1 @205ns,1 [trace regfile.cpp:109]
SM 1 warp 1 0x80000008           VADD_VI_0x0210b0d7 mask=FFFFFFFF WB v[001]={00000002 00000002 00000002 00000002 00000002 00000002 00000002 00000002 00000002 00000002 00000002 00000002 00000002 00000002 00000002 00000002 00000002 00000002 00000002 00000002 00000002 00000002 00000002 00000002 00000002 00000002 00000002 00000002 00000002 00000002 00000002 00000002}; s1=1 s2=1 s3=1 @285ns,1 [trace regfile.cpp:109]
SM 1 warp 1 0x8000000c           VADD_VI_0x0210b0d7 mask=FFFFFFFF WB v[001]={00000003 00000003 00000003 00000003 00000003 00000003 00000003 00000003 00000003 00000003 00000003 00000003 00000003 00000003 00000003 00000003 00000003 00000003 00000003 00000003 00000003 00000003 00000003 00000003 00000003 00000003 00000003 00000003 00000003 00000003 00000003 00000003}; s1=1 s2=1 s3=1 @365ns,1 [trace regfile.cpp:109]
SM 1 warp 1 0x80000010           VADD_VI_0x0210b0d7 mask=FFFFFFFF WB v[001]={00000004 00000004 00000004 00000004 00000004 00000004 00000004 00000004 00000004 00000004 00000004 00000004 00000004 00000004 00000004 00000004 00000004 00000004 00000004 00000004 00000004 00000004 00000004 00000004 00000004 00000004 00000004 00000004 00000004 00000004 00000004 00000004}; s1=1 s2=1 s3=1 @445ns,1 [trace regfile.cpp:109]
SM 1 warp 1 0x80000014           VADD_VI_0x0210b0d7 mask=FFFFFFFF WB v[001]={00000005 00000005 00000005 00000005 00000005 00000005 00000005 00000005 00000005 00000005 00000005 00000005 00000005 00000005 00000005 00000005 00000005 00000005 00000005 00000005 00000005 00000005 00000005 00000005 00000005 00000005 00000005 00000005 00000005 00000005 00000005 00000005}; s1=1 s2=1 s3=1 @525ns,1 [trace regfile.cpp:109]
SM 1 warp 1 0x80000018           VADD_VI_0x0210b0d7 mask=FFFFFFFF WB v[001]={00000006 00000006 00000006 00000006 00000006 00000006 00000006 00000006 00000006 00000006 00000006 00000006 00000006 00000006 00000006 00000006 00000006 00000006 00000006 00000006 00000006 00000006 00000006 00000006 00000006 00000006 00000006 00000006 00000006 00000006 00000006 00000006}; s1=1 s2=1 s3=1 @605ns,1 [trace regfile.cpp:109]
SM 1 warp 1 0x8000001c           VADD_VI_0x0210b0d7 mask=FFFFFFFF WB v[001]={00000007 00000007 00000007 00000007 00000007 00000007 00000007 00000007 00000007 00000007 00000007 00000007 00000007 00000007 00000007 00000007 00000007 00000007 00000007 00000007 00000007 00000007 00000007 00000007 00000007 00000007 00000007 00000007 00000007 00000007 00000007 00000007}; s1=1 s2=1 s3=1 @685ns,1 [trace regfile.cpp:109]
SM 1 warp 1 0x80000020           VADD_VI_0x0210b0d7 mask=FFFFFFFF WB v[001]={00000008 00000008 00000008 00000008 00000008 00000008 00000008 00000008 00000008 00000008 00000008 00000008 00000008 00000008 00000008 00000008 00000008 00000008 00000008 00000008 00000008 00000008 00000008 00000008 00000008 00000008 00000008 00000008 00000008 00000008 00000008 00000008}; s1=1 s2=1 s3=1 @765ns,1 [trace regfile.cpp:109]
SM 1 warp 1 0x80000024           VADD_VI_0x0210b0d7 mask=FFFFFFFF WB v[001]={00000009 00000009 00000009 00000009 00000009 00000009 00000009 00000009 00000009 00000009 00000009 00000009 00000009 00000009 00000009 00000009 00000009 00000009 00000009 00000009 00000009 00000009 00000009 00000009 00000009 00000009 00000009 00000009 00000009 00000009 00000009 00000009}; s1=1 s2=1 s3=1 @845ns,1 [trace regfile.cpp:109]
SM 1 warp 1 0x80000028           VADD_VI_0x0210b0d7 mask=FFFFFFFF WB v[001]={0000000a 0000000a 0000000a 0000000a 0000000a 0000000a 0000000a 0000000a 0000000a 0000000a 0000000a 0000000a 0000000a 0000000a 0000000a 0000000a 0000000a 0000000a 0000000a 0000000a 0000000a 0000000a 0000000a 0000000a 0000000a 0000000a 0000000a 0000000a 0000000a 0000000a 0000000a 0000000a}; s1=1 s2=1 s3=1 @925ns,1 [trace regfile.cpp:109]
SM 1 warp 1 0x8000002c           VADD_VI_0x0210b0d7 mask=FFFFFFFF WB v[001]={0000000b 0000000b 0000000b 0000000b 0000000b 0000000b 0000000b 0000000b 0000000b 0000000b 0000000b 0000000b 0000000b 0000000b 0000000b 0000000b 0000000b 0000000b 0000000b 0000000b 0000000b 0000000b 0000000b 0000000b 0000000b 0000000b 0000000b 0000000b 0000000b 0000000b 0000000b 0000000b}; s1=1 s2=1 s3=1 @1005ns,1 [trace regfile.cpp:109]
SM 1 warp 1 0x80000030           VADD_VI_0x0210b0d7 mask=FFFFFFFF WB v[001]={0000000c 0000000c 0000000c 0000000c 0000000c 0000000c 0000000c 0000000c 0000000c 0000000c 0000000c 0000000c 0000000c 0000000c 0000000c 0000000c 0000000c 0000000c 0000000c 0000000c 0000000c 0000000c 0000000c 0000000c 0000000c 0000000c 0000000c 0000000c 0000000c 0000000c 0000000c 0000000c}; s1=1 s2=1 s3=1 @1085ns,1 [trace regfile.cpp:109]
SM 1 warp 1 0x80000034           VADD_VI_0x0210b0d7 mask=FFFFFFFF WB v[001]={0000000d 0000000d 0000000d 0000000d 0000000d 0000000d 0000000d 0000000d 0000000d 0000000d 0000000d 0000000d 0000000d 0000000d 0000000d 0000000d 0000000d 0000000d 0000000d 0000000d 0000000d 0000000d 0000000d 0000000d 0000000d 0000000d 0000000d 0000000d 0000000d 0000000d 0000000d 0000000d}; s1=1 s2=1 s3=1 @1165ns,1 [trace regfile.cpp:109]
SM 1 warp 1 0x80000038           VADD_VI_0x0210b0d7 mask=FFFFFFFF WB v[001]={0000000e 0000000e 0000000e 0000000e 0000000e 0000000e 0000000e 0000000e 0000000e 0000000e 0000000e 0000000e 0000000e 0000000e 0000000e 0000000e 0000000e 0000000e 0000000e 0000000e 0000000e 0000000e 0000000e 0000000e 0000000e 0000000e 0000000e 0000000e 0000000e 0000000e 0000000e 0000000e}; s1=1 s2=1 s3=1 @1245ns,1 [trace regfile.cpp:109]
SM 1 warp 1 0x8000003c           VADD_VI_0x0210b0d7 mask=FFFFFFFF WB v[001]={0000000f 0000000f 0000000f 0000000f 0000000f 0000000f 0000000f 0000000f 0000000f 0000000f 0000000f 0000000f 0000000f 0000000f 0000000f 0000000f 0000000f 0000000f 0000000f 0000000f 0000000f 0000000f 0000000f 0000000f 0000000f 0000000f 0000000f 0000000f 0000000f 0000000f 0000000f 0000000f}; s1=1 s2=1 s3=1 @1325ns,1 [trace regfile.cpp:109]
SM 1 warp 1 0x80000040           VADD_VI_0x0210b0d7 mask=FFFFFFFF WB v[001]={00000010 00000010 00000010 00000010 00000010 00000010 00000010 00000010 00000010 00000010 00000010 00000010 00000010 00000010 00000010 00000010 00000010 00000010 00000010 00000010 00000010 00000010 00000010 00000010 00000010 00000010 00000010 00000010 00000010 00000010 00000010 00000010}; s1=1 s2=1 s3=1 @1405ns,1 [trace regfile.cpp:109]
SM 1 warp 1 0x80000044           VADD_VI_0x0210b0d7 mask=FFFFFFFF WB v[001]={00000011 00000011 00000011 00000011 00000011 00000011 00000011 00000011 00000011 00000011 00000011 00000011 00000011 00000011 00000011 00000011 00000011 00000011 00000011 00000011 00000011 00000011 00000011 00000011 00000011 00000011 00000011 00000011 00000011 00000011 00000011 00000011}; s1=1 s2=1 s3=1 @1485ns,1 [trace regfile.cpp:109]
SM 1 warp 1 0x80000048           VADD_VI_0x0210b0d7 mask=FFFFFFFF WB v[001]={00000012 00000012 00000012 00000012 00000012 00000012 00000012 00000012 00000012 00000012 00000012 00000012 00000012 00000012 00000012 00000012 00000012 00000012 00000012 00000012 00000012 00000012 00000012 00000012 00000012 00000012 00000012 00000012 00000012 00000012 00000012 00000012}; s1=1 s2=1 s3=1 @1565ns,1 [trace regfile.cpp:109]
SM 1 warp 1 0x8000004c           VADD_VI_0x0210b0d7 mask=FFFFFFFF WB v[001]={00000013 00000013 00000013 00000013 00000013 00000013 00000013 00000013 00000013 00000013 00000013 00000013 00000013 00000013 00000013 00000013 00000013 00000013 00000013 00000013 00000013 00000013 00000013 00000013 00000013 00000013 00000013 00000013 00000013 00000013 00000013 00000013}; s1=1 s2=1 s3=1 @1645ns,1 [trace regfile.cpp:109]
SM 1 warp 1 0x80000050           VADD_VI_0x0210b0d7 mask=FFFFFFFF WB v[001]={00000014 00000014 00000014 00000014 00000014 00000014 00000014 00000014 00000014 00000014 00000014 00000014 00000014 00000014 00000014 00000014 00000014 00000014 00000014 00000014 00000014 00000014 00000014 00000014 00000014 00000014 00000014 00000014 00000014 00000014 00000014 00000014}; s1=1 s2=1 s3=1 @1725ns,1 [trace regfile.cpp:109]
SM 1 warp 1 0x80000054           VADD_VI_0x0210b0d7 mask=FFFFFFFF WB v[001]={00000015 00000015 00000015 00000015 00000015 00000015 00000015 00000015 00000015 00000015 00000015 00000015 00000015 00000015 00000015 00000015 00000015 00000015 00000015 00000015 00000015 00000015 00000015 00000015 00000015 00000015 00000015 00000015 00000015 00000015 00000015 00000015}; s1=1 s2=1 s3=1 @1805ns,1 [trace regfile.cpp:109]
SM 1 warp 1 0x80000058           VADD_VI_0x0210b0d7 mask=FFFFFFFF WB v[001]={00000016 00000016 00000016 00000016 00000016 00000016 00000016 00000016 00000016 00000016 00000016 00000016 00000016 00000016 00000016 00000016 00000016 00000016 00000016 00000016 00000016 00000016 00000016 00000016 00000016 00000016 00000016 00000016 00000016 00000016 00000016 00000016}; s1=1 s2=1 s3=1 @1885ns,1 [trace regfile.cpp:109]
SM 1 warp 1 0x8000005c           VADD_VI_0x0210b0d7 mask=FFFFFFFF WB v[001]={00000017 00000017 00000017 00000017 00000017 00000017 00000017 00000017 00000017 00000017 00000017 00000017 00000017 00000017 00000017 00000017 00000017 00000017 00000017 00000017 00000017 00000017 00000017 00000017 00000017 00000017 00000017 00000017 00000017 00000017 00000017 00000017}; s1=1 s2=1 s3=1 @1965ns,1 [trace regfile.cpp:109]
SM 1 warp 1 0x80000060           VADD_VI_0x0210b0d7 mask=FFFFFFFF WB v[001]={00000018 00000018 00000018 00000018 00000018 00000018 00000018 00000018 00000018 00000018 00000018 00000018 00000018 00000018 00000018 00000018 00000018 00000018 00000018 00000018 00000018 00000018 00000018 00000018 00000018 00000018 00000018 00000018 00000018 00000018 00000018 00000018}; s1=1 s2=1 s3=1 @2045ns,1 [trace regfile.cpp:109]
SM 1 warp 1 0x80000064           VADD_VI_0x0210b0d7 mask=FFFFFFFF WB v[001]={00000019 00000019 00000019 00000019 00000019 00000019 00000019 00000019 00000019 00000019 00000019 00000019 00000019 00000019 00000019 00000019 00000019 00000019 00000019 00000019 00000019 00000019 00000019 00000019 00000019 00000019 00000019 00000019 00000019 00000019 00000019 00000019}; s1=1 s2=1 s3=1 @2125ns,1 [trace regfile.cpp:109]
SM 1 warp 1 0x80000068           VADD_VI_0x0210b0d7 mask=FFFFFFFF WB v[001]={0000001a 0000001a 0000001a 0000001a 0000001a 0000001a 0000001a 0000001a 0000001a 0000001a 0000001a 0000001a 0000001a 0000001a 0000001a 0000001a 0000001a 0000001a 0000001a 0000001a 0000001a 0000001a 0000001a 0000001a 0000001a 0000001a 0000001a 0000001a 0000001a 0000001a 0000001a 0000001a}; s1=1 s2=1 s3=1 @2205ns,1 [trace regfile.cpp:109]
SM 1 warp 1 0x8000006c           VADD_VI_0x0210b0d7 mask=FFFFFFFF WB v[001]={0000001b 0000001b 0000001b 0000001b 0000001b 0000001b 0000001b 0000001b 0000001b 0000001b 0000001b 0000001b 0000001b 0000001b 0000001b 0000001b 0000001b 0000001b 0000001b 0000001b 0000001b 0000001b 0000001b 0000001b 0000001b 0000001b 0000001b 0000001b 0000001b 0000001b 0000001b 0000001b}; s1=1 s2=1 s3=1 @2285ns,1 [trace regfile.cpp:109]
SM 1 warp 1 0x80000070           VADD_VI_0x0210b0d7 mask=FFFFFFFF WB v[001]={0000001c 0000001c 0000001c 0000001c 0000001c 0000001c 0000001c 0000001c 0000001c 0000001c 0000001c 0000001c 0000001c 0000001c 0000001c 0000001c 0000001c 0000001c 0000001c 0000001c 0000001c 0000001c 0000001c 0000001c 0000001c 0000001c 0000001c 0000001c 0000001c 0000001c 0000001c 0000001c}; s1=1 s2=1 s3=1 @2365ns,1 [trace regfile.cpp:109]
SM 1 warp 1 0x80000074           VADD_VI_0x0210b0d7 mask=FFFFFFFF WB v[001]={0000001d 0000001d 0000001d 0000001d 0000001d 0000001d 0000001d 0000001d 0000001d 0000001d 0000001d 0000001d 0000001d 0000001d 0000001d 0000001d 0000001d 0000001d 0000001d 0000001d 0000001d 0000001d 0000001d 0000001d 0000001d 0000001d 0000001d 0000001d 0000001d 0000001d 0000001d 0000001d}; s1=1 s2=1 s3=1 @2445ns,1 [trace regfile.cpp:109]
SM 1 warp 1 0x80000078           VADD_VI_0x0210b0d7 mask=FFFFFFFF WB v[001]={0000001e 0000001e 0000001e 0000001e 0000001e 0000001e 0000001e 0000001e 0000001e 0000001e 0000001e 0000001e 0000001e 0000001e 0000001e 0000001e 0000001e 0000001e 0000001e 0000001e 0000001e 0000001e 0000001e 0000001e 0000001e 0000001e 0000001e 0000001e 0000001e 0000001e 0000001e 0000001e}; s1=1 s2=1 s3=1 @2525ns,1 [trace regfile.cpp:109]
SM 1 warp 1 0x8000007c           VADD_VI_0x0210b0d7 mask=FFFFFFFF WB v[001]={0000001f 0000001f 0000001f 0000001f 0000001f 0000001f 0000001f 0000001f 0000001f 0000001f 0000001f 0000001f 0000001f 0000001f 0000001f 0000001f 0000001f 0000001f 0000001f 0000001f 0000001f 0000001f 0000001f 0000001f 0000001f 0000001f 0000001f 0000001f 0000001f 0000001f 0000001f 0000001f}; s1=1 s2=1 s3=1 @2605ns,1 [trace regfile.cpp:109]
SM 1 warp 1 0x80000080           VADD_VI_0x0210b0d7 mask=FFFFFFFF WB v[001]={00000020 00000020 00000020 00000020 00000020 00000020 00000020 00000020 00000020 00000020 00000020 00000020 00000020 00000020 00000020 00000020 00000020 00000020 00000020 00000020 00000020 00000020 00000020 00000020 00000020 00000020 00000020 00000020 00000020 00000020 00000020 00000020}; s1=1 s2=1 s3=1 @2685ns,1 [trace regfile.cpp:109]
SM 1 warp 1 0x80000084           VADD_VI_0x0210b0d7 mask=FFFFFFFF WB v[001]={00000021 00000021 00000021 00000021 00000021 00000021 00000021 00000021 00000021 00000021 00000021 00000021 00000021 00000021 00000021 00000021 00000021 00000021 00000021 00000021 00000021 00000021 00000021 00000021 00000021 00000021 00000021 00000021 00000021 00000021 00000021 00000021}; s1=1 s2=1 s3=1 @2765ns,1 [trace regfile.cpp:109]
SM 1 warp 1 0x80000088           VADD_VI_0x0210b0d7 mask=FFFFFFFF WB v[001]={00000022 00000022 00000022 00000022 00000022 00000022 00000022 00000022 00000022 00000022 00000022 00000022 00000022 00000022 00000022 00000022 00000022 00000022 00000022 00000022 00000022 00000022 00000022 00000022 00000022 00000022 00000022 00000022 00000022 00000022 00000022 00000022}; s1=1 s2=1 s3=1 @2845ns,1 [trace regfile.cpp:109]
SM 1 warp 1 0x8000008c           VADD_VI_0x0210b0d7 mask=FFFFFFFF WB v[001]={00000023 00000023 00000023 00000023 00000023 00000023 00000023 00000023 00000023 00000023 00000023 00000023 00000023 00000023 00000023 00000023 00000023 00000023 00000023 00000023 00000023 00000023 00000023 00000023 00000023 00000023 00000023 00000023 00000023 00000023 00000023 00000023}; s1=1 s2=1 s3=1 @2925ns,1 [trace regfile.cpp:109]
SM 1 warp 1 0x80000090           VADD_VI_0x0210b0d7 mask=FFFFFFFF WB v[001]={00000024 00000024 00000024 00000024 00000024 00000024 00000024 00000024 00000024 00000024 00000024 00000024 00000024 00000024 00000024 00000024 00000024 00000024 00000024 00000024 00000024 00000024 00000024 00000024 00000024 00000024 00000024 00000024 00000024 00000024 00000024 00000024}; s1=1 s2=1 s3=1 @3005ns,1 [trace regfile.cpp:109]
SM 1 warp 1 0x80000094           VADD_VI_0x0210b0d7 mask=FFFFFFFF WB v[001]={00000025 00000025 00000025 00000025 00000025 00000025 00000025 00000025 00000025 00000025 00000025 00000025 00000025 00000025 00000025 00000025 00000025 00000025 00000025 00000025 00000025 00000025 00000025 00000025 00000025 00000025 00000025 00000025 00000025 00000025 00000025 00000025}; s1=1 s2=1 s3=1 @3085ns,1 [trace regfile.cpp:109]
SM 1 warp 1 0x80000098           VADD_VI_0x0210b0d7 mask=FFFFFFFF WB v[001]={00000026 00000026 00000026 00000026 00000026 00000026 00000026 00000026 00000026 00000026 00000026 00000026 00000026 00000026 00000026 00000026 00000026 00000026 00000026 00000026 00000026 00000026 00000026 00000026 00000026 00000026 00000026 00000026 00000026 00000026 00000026 00000026}; s1=1 s2=1 s3=1 @3165ns,1 [trace regfile.cpp:109]
SM 1 warp 1 0x8000009c           VADD_VI_0x0210b0d7 mask=FFFFFFFF WB v[001]={00000027 00000027 00000027 00000027 00000027 00000027 00000027 00000027 00000027 00000027 00000027 00000027 00000027 00000027 00000027 00000027 00000027 00000027 00000027 00000027 00000027 00000027 00000027 00000027 00000027 00000027 00000027 00000027 00000027 00000027 00000027 00000027}; s1=1 s2=1 s3=1 @3245ns,1 [trace regfile.cpp:109]
SM 1 warp 1 0x800000a0           VADD_VI_0x0210b0d7 mask=FFFFFFFF WB v[001]={00000028 00000028 00000028 00000028 00000028 00000028 00000028 00000028 00000028 00000028 00000028 00000028 00000028 00000028 00000028 00000028 00000028 00000028 00000028 00000028 00000028 00000028 00000028 00000028 00000028 00000028 00000028 00000028 00000028 00000028 00000028 00000028}; s1=1 s2=1 s3=1 @3325ns,1 [trace regfile.cpp:109]
SM 1 warp 1 0x800000a4           VADD_VI_0x0210b0d7 mask=FFFFFFFF WB v[001]={00000029 00000029 00000029 00000029 00000029 00000029 00000029 00000029 00000029 00000029 00000029 00000029 00000029 00000029 00000029 00000029 00000029 00000029 00000029 00000029 00000029 00000029 00000029 00000029 00000029 00000029 00000029 00000029 00000029 00000029 00000029 00000029}; s1=1 s2=1 s3=1 @3405ns,1 [trace regfile.cpp:109]
SM 1 warp 1 0x800000a8           VADD_VI_0x0210b0d7 mask=FFFFFFFF WB v[001]={0000002a 0000002a 0000002a 0000002a 0000002a 0000002a 0000002a 0000002a 0000002a 0000002a 0000002a 0000002a 0000002a 0000002a 0000002a 0000002a 0000002a 0000002a 0000002a 0000002a 0000002a 0000002a 0000002a 0000002a 0000002a 0000002a 0000002a 0000002a 0000002a 0000002a 0000002a 0000002a}; s1=1 s2=1 s3=1 @3485ns,1 [trace regfile.cpp:109]
SM 1 warp 1 0x800000ac           VADD_VI_0x0210b0d7 mask=FFFFFFFF WB v[001]={0000002b 0000002b 0000002b 0000002b 0000002b 0000002b 0000002b 0000002b 0000002b 0000002b 0000002b 0000002b 0000002b 0000002b 0000002b 0000002b 0000002b 0000002b 0000002b 0000002b 0000002b 0000002b 0000002b 0000002b 0000002b 0000002b 0000002b 0000002b 0000002b 0000002b 0000002b 0000002b}; s1=1 s2=1 s3=1 @3565ns,1 [trace regfile.cpp:109]
SM 1 warp 1 0x800000b0           VADD_VI_0x0210b0d7 mask=FFFFFFFF WB v[001]={0000002c 0000002c 0000002c 0000002c 0000002c 0000002c 0000002c 0000002c 0000002c 0000002c 0000002c 0000002c 0000002c 0000002c 0000002c 0000002c 0000002c 0000002c 0000002c 0000002c 0000002c 0000002c 0000002c 0000002c 0000002c 0000002c 0000002c 0000002c 0000002c 0000002c 0000002c 0000002c}; s1=1 s2=1 s3=1 @3645ns,1 [trace regfile.cpp:109]
SM 1 warp 1 0x800000b4           VADD_VI_0x0210b0d7 mask=FFFFFFFF WB v[001]={0000002d 0000002d 0000002d 0000002d 0000002d 0000002d 0000002d 0000002d 0000002d 0000002d 0000002d 0000002d 0000002d 0000002d 0000002d 0000002d 0000002d 0000002d 0000002d 0000002d 0000002d 0000002d 0000002d 0000002d 0000002d 0000002d 0000002d 0000002d 0000002d 0000002d 0000002d 0000002d}; s1=1 s2=1 s3=1 @3725ns,1 [trace regfile.cpp:109]
SM 1 warp 1 0x800000b8           VADD_VI_0x0210b0d7 mask=FFFFFFFF WB v[001]={0000002e 0000002e 0000002e 0000002e 0000002e 0000002e 0000002e 0000002e 0000002e 0000002e 0000002e 0000002e 0000002e 0000002e 0000002e 0000002e 0000002e 0000002e 0000002e 0000002e 0000002e 0000002e 0000002e 0000002e 0000002e 0000002e 0000002e 0000002e 0000002e 0000002e 0000002e 0000002e}; s1=1 s2=1 s3=1 @3805ns,1 [trace regfile.cpp:109]
SM 1 warp 1 0x800000bc           VADD_VI_0x0210b0d7 mask=FFFFFFFF WB v[001]={0000002f 0000002f 0000002f 0000002f 0000002f 0000002f 0000002f 0000002f 0000002f 0000002f 0000002f 0000002f 0000002f 0000002f 0000002f 0000002f 0000002f 0000002f 0000002f 0000002f 0000002f 0000002f 0000002f 0000002f 0000002f 0000002f 0000002f 0000002f 0000002f 0000002f 0000002f 0000002f}; s1=1 s2=1 s3=1 @3885ns,1 [trace regfile.cpp:109]
SM 1 warp 1 0x800000c0           VADD_VI_0x0210b0d7 mask=FFFFFFFF WB v[001]={00000030 00000030 00000030 00000030 00000030 00000030 00000030 00000030 00000030 00000030 00000030 00000030 00000030 00000030 00000030 00000030 00000030 00000030 00000030 00000030 00000030 00000030 00000030 00000030 00000030 00000030 00000030 00000030 00000030 00000030 00000030 00000030}; s1=1 s2=1 s3=1 @3965ns,1 [trace regfile.cpp:109]
SM 1 warp 1 0x800000c4           VADD_VI_0x0210b0d7 mask=FFFFFFFF WB v[001]={00000031 00000031 00000031 00000031 00000031 00000031 00000031 00000031 00000031 00000031 00000031 00000031 00000031 00000031 00000031 00000031 00000031 00000031 00000031 00000031 00000031 00000031 00000031 00000031 00000031 00000031 00000031 00000031 00000031 00000031 00000031 00000031}; s1=1 s2=1 s3=1 @4045ns,1 [trace regfile.cpp:109]
SM 1 warp 1 0x800000c8           VADD_VI_0x0210b0d7 mask=FFFFFFFF WB v[001]={00000032 00000032 00000032 00000032 00000032 00000032 00000032 00000032 00000032 00000032 00000032 00000032 00000032 00000032 00000032 00000032 00000032 00000032 00000032 00000032 00000032 00000032 00000032 00000032 00000032 00000032 00000032 00000032 00000032 00000032 00000032 00000032}; s1=1 s2=1 s3=1 @4125ns,1 [trace regfile.cpp:109]
SM 1 warp 1 0x800000cc           VADD_VI_0x0210b0d7 mask=FFFFFFFF WB v[001]={00000033 00000033 00000033 00000033 00000033 00000033 00000033 00000033 00000033 00000033 00000033 00000033 00000033 00000033 00000033 00000033 00000033 00000033 00000033 00000033 00000033 00000033 00000033 00000033 00000033 00000033 00000033 00000033 00000033 00000033 00000033 00000033}; s1=1 s2=1 s3=1 @4205ns,1 [trace regfile.cpp:109]
SM 1 warp 1 0x800000d0           VADD_VI_0x0210b0d7 mask=FFFFFFFF WB v[001]={00000034 00000034 00000034 00000034 00000034 00000034 00000034 00000034 00000034 00000034 00000034 00000034 00000034 00000034 00000034 00000034 00000034 00000034 00000034 00000034 00000034 00000034 00000034 00000034 00000034 00000034 00000034 00000034 00000034 00000034 00000034 00000034}; s1=1 s2=1 s3=1 @4285ns,1 [trace regfile.cpp:109]
SM 1 warp 1 0x800000d4           VADD_VI_0x0210b0d7 mask=FFFFFFFF WB v[001]={00000035 00000035 00000035 00000035 00000035 00000035 00000035 00000035 00000035 00000035 00000035 00000035 00000035 00000035 00000035 00000035 00000035 00000035 00000035 00000035 00000035 00000035 00000035 00000035 00000035 00000035 00000035 00000035 00000035 00000035 00000035 00000035}; s1=1 s2=1 s3=1 @4365ns,1 [trace regfile.cpp:109]
SM 1 warp 1 0x800000d8           VADD_VI_0x0210b0d7 mask=FFFFFFFF WB v[001]={00000036 00000036 00000036 00000036 00000036 00000036 00000036 00000036 00000036 00000036 00000036 00000036 00000036 00000036 00000036 00000036 00000036 00000036 00000036 00000036 00000036 00000036 00000036 00000036 00000036 00000036 00000036 00000036 00000036 00000036 00000036 00000036}; s1=1 s2=1 s3=1 @4445ns,1 [trace regfile.cpp:109]
SM 1 warp 1 0x800000dc           VADD_VI_0x0210b0d7 mask=FFFFFFFF WB v[001]={00000037 00000037 00000037 00000037 00000037 00000037 00000037 00000037 00000037 00000037 00000037 00000037 00000037 00000037 00000037 00000037 00000037 00000037 00000037 00000037 00000037 00000037 00000037 00000037 00000037 00000037 00000037 00000037 00000037 00000037 00000037 00000037}; s1=1 s2=1 s3=1 @4525ns,1 [trace regfile.cpp:109]
SM 1 warp 1 0x800000e0           VADD_VI_0x0210b0d7 mask=FFFFFFFF WB v[001]={00000038 00000038 00000038 00000038 00000038 00000038 00000038 00000038 00000038 00000038 00000038 00000038 00000038 00000038 00000038 00000038 00000038 00000038 00000038 00000038 00000038 00000038 00000038 00000038 00000038 00000038 00000038 00000038 00000038 00000038 00000038 00000038}; s1=1 s2=1 s3=1 @4605ns,1 [trace regfile.cpp:109]
SM 1 warp 1 0x800000e4           VADD_VI_0x0210b0d7 mask=FFFFFFFF WB v[001]={00000039 00000039 00000039 00000039 00000039 00000039 00000039 00000039 00000039 00000039 00000039 00000039 00000039 00000039 00000039 00000039 00000039 00000039 00000039 00000039 00000039 00000039 00000039 00000039 00000039 00000039 00000039 00000039 00000039 00000039 00000039 00000039}; s1=1 s2=1 s3=1 @4685ns,1 [trace regfile.cpp:109]
SM 1 warp 1 0x800000e8           VADD_VI_0x0210b0d7 mask=FFFFFFFF WB v[001]={0000003a 0000003a 0000003a 0000003a 0000003a 0000003a 0000003a 0000003a 0000003a 0000003a 0000003a 0000003a 0000003a 0000003a 0000003a 0000003a 0000003a 0000003a 0000003a 0000003a 0000003a 0000003a 0000003a 0000003a 0000003a 0000003a 0000003a 0000003a 0000003a 0000003a 0000003a 0000003a}; s1=1 s2=1 s3=1 @4765ns,1 [trace regfile.cpp:109]
SM 1 warp 1 0x800000ec           VADD_VI_0x0210b0d7 mask=FFFFFFFF WB v[001]={0000003b 0000003b 0000003b 0000003b 0000003b 0000003b 0000003b 0000003b 0000003b 0000003b 0000003b 0000003b 0000003b 0000003b 0000003b 0000003b 0000003b 0000003b 0000003b 0000003b 0000003b 0000003b 0000003b 0000003b 0000003b 0000003b 0000003b 0000003b 0000003b 0000003b 0000003b 0000003b}; s1=1 s2=1 s3=1 @4845ns,1 [trace regfile.cpp:109]
SM 1 warp 1 0x800000f0           VADD_VI_0x0210b0d7 mask=FFFFFFFF WB v[001]={0000003c 0000003c 0000003c 0000003c 0000003c 0000003c 0000003c 0000003c 0000003c 0000003c 0000003c 0000003c 0000003c 0000003c 0000003c 0000003c 0000003c 0000003c 0000003c 0000003c 0000003c 0000003c 0000003c 0000003c 0000003c 0000003c 0000003c 0000003c 0000003c 0000003c 0000003c 0000003c}; s1=1 s2=1 s3=1 @4925ns,1 [trace regfile.cpp:109]
SM 1 warp 1 0x800000f4           VADD_VI_0x0210b0d7 mask=FFFFFFFF WB v[001]={0000003d 0000003d 0000003d 0000003d 0000003d 0000003d 0000003d 0000003d 0000003d 0000003d 0000003d 0000003d 0000003d 0000003d 0000003d 0000003d 0000003d 0000003d 0000003d 0000003d 0000003d 0000003d 0000003d 0000003d 0000003d 0000003d 0000003d 0000003d 0000003d 0000003d 0000003d 0000003d}; s1=1 s2=1 s3=1 @5005ns,1 [trace regfile.cpp:109]
SM 1 warp 1 0x800000f8           VADD_VI_0x0210b0d7 mask=FFFFFFFF WB v[001]={0000003e 0000003e 0000003e 0000003e 0000003e 0000003e 0000003e 0000003e 0000003e 0000003e 0000003e 0000003e 0000003e 0000003e 0000003e 0000003e 0000003e 0000003e 0000003e 0000003e 0000003e 0000003e 0000003e 0000003e 0000003e 0000003e 0000003e 0000003e 0000003e 0000003e 0000003e 0000003e}; s1=1 s2=1 s3=1 @5085ns,1 [trace regfile.cpp:109]
SM 1 warp 1 0x800000fc           VADD_VI_0x0210b0d7 mask=FFFFFFFF WB v[001]={0000003f 0000003f 0000003f 0000003f 0000003f 0000003f 0000003f 0000003f 0000003f 0000003f 0000003f 0000003f 0000003f 0000003f 0000003f 0000003f 0000003f 0000003f 0000003f 0000003f 0000003f 0000003f 0000003f 0000003f 0000003f 0000003f 0000003f 0000003f 0000003f 0000003f 0000003f 0000003f}; s1=1 s2=1 s3=1 @5165ns,1 [trace regfile.cpp:109]
SM 1 warp 1 0x80000104               LUI_0x90002137 WB x[002]=0x90002000 @5245ns,1 [trace regfile.cpp:87]
SM 1 warp 1 0x80000100           VADD_VI_0x0210b0d7 mask=FFFFFFFF WB v[001]={00000040 00000040 00000040 00000040 00000040 00000040 00000040 00000040 00000040 00000040 00000040 00000040 00000040 00000040 00000040 00000040 00000040 00000040 00000040 00000040 00000040 00000040 00000040 00000040 00000040 00000040 00000040 00000040 00000040 00000040 00000040 00000040}; s1=1 s2=1 s3=1 @5255ns,1 [trace regfile.cpp:109]
SM 1 warp 1 0x80000108             VID_V_0x5208a557 mask=FFFFFFFF WB v[010]={00000000 00000001 00000002 00000003 00000004 00000005 00000006 00000007 00000008 00000009 0000000a 0000000b 0000000c 0000000d 0000000e 0000000f 00000010 00000011 00000012 00000013 00000014 00000015 00000016 00000017 00000018 00000019 0000001a 0000001b 0000001c 0000001d 0000001e 0000001f}; s1=17 s2=0 s3=10 @5285ns,1 [trace regfile.cpp:109]
SM 1 warp 1 0x8000010c           VSLL_VI_0x96a13557 mask=FFFFFFFF WB v[010]={00000000 00000004 00000008 0000000c 00000010 00000014 00000018 0000001c 00000020 00000024 00000028 0000002c 00000030 00000034 00000038 0000003c 00000040 00000044 00000048 0000004c 00000050 00000054 00000058 0000005c 00000060 00000064 00000068 0000006c 00000070 00000074 00000078 0000007c}; s1=2 s2=10 s3=10 @5365ns,1 [trace regfile.cpp:109]
SM 1 warp 1 0x80000110           VADD_VX_0x02a14557 mask=FFFFFFFF WB v[010]={90002000 90002004 90002008 9000200c 90002010 90002014 90002018 9000201c 90002020 90002024 90002028 9000202c 90002030 90002034 90002038 9000203c 90002040 90002044 90002048 9000204c 90002050 90002054 90002058 9000205c 90002060 90002064 90002068 9000206c 90002070 90002074 90002078 9000207c}; s1=2 s2=10 s3=10 @5455ns,1 [trace regfile.cpp:109]
SM 1 warp 1 0x80000114           VSW12_V_0x0015607b mask=FFFFFFFF ADDR 90002000 90002004 90002008 9000200c 90002010 90002014 90002018 9000201c 90002020 90002024 90002028 9000202c 90002030 90002034 90002038 9000203c 90002040 90002044 90002048 9000204c 90002050 90002054 90002058 9000205c 90002060 90002064 90002068 9000206c 90002070 90002074 90002078 9000207c, DATA 40 40 40 40 40 40 40 40 40 40 40 40 40 40 40 40 40 40 40 40 40 40 40 40 40 40 40 40 40 40 40 40 @5495ns,1 [trace exec_lsu.cpp:183]
SM 1 warp 1 0x80000118            ENDPRG_0x0000400b endprg @5515ns,1 [trace warp_scheduler.cpp:50]
kernel 0 vector_add-64 block 0 finished @5525ns,1 [debug CTA_Scheduler.cpp:179]
kernel 0 vector_add-64 finished @5525ns,1 [info context_model.cpp:32]
TEST_OUTPUT 0 40
TEST_OUTPUT 1 40
TEST_OUTPUT 2 40
TEST_OUTPUT 3 40
TEST_OUTPUT 4 40
TEST_OUTPUT 5 40
TEST_OUTPUT 6 40
TEST_OUTPUT 7 40
TEST_OUTPUT 8 40
TEST_OUTPUT 9 40
TEST_OUTPUT 10 40
TEST_OUTPUT 11 40
TEST_OUTPUT 12 40
TEST_OUTPUT 13 40
TEST_OUTPUT 14 40
TEST_OUTPUT 15 40
TEST_OUTPUT 16 40
TEST_OUTPUT 17 40
TEST_OUTPUT 18 40
TEST_OUTPUT 19 40
TEST_OUTPUT 20 40
TEST_OUTPUT 21 40
TEST_OUTPUT 22 40
TEST_OUTPUT 23 40
TEST_OUTPUT 24 40
TEST_OUTPUT 25 40
TEST_OUTPUT 26 40
TEST_OUTPUT 27 40
TEST_OUTPUT 28 40
TEST_OUTPUT 29 40
TEST_OUTPUT 30 40
TEST_OUTPUT 31 40
TEST_KERNEL_FINISH_NS 5525
Simulation finished at time 5530
