
Warning: (W569) sc_module(const char*), sc_module(const std::string&) have been deprecated, use sc_module(const sc_module_name&): RamulatorWrapper
In file: ${REMOTE_FLOW_ROOT}/deps/systemc/src/sysc/kernel/sc_module.cpp:248
Create new vmem for kernel vecadd-wg1, ptroot=0x1000 [trace main.cpp:83]
Start loading data for kernel vecadd-wg1, ptroot=0x1000 [trace main.cpp:188]
kernel 0 vecadd-wg1 initialized, size={1,1,1} @0ns,0 [info context_model.cpp:23]

Warning: (W509) module construction not properly completed: did you forget to add a sc_module_name parameter to your module constructor?: module 'RamulatorWrapper'
In file: ${REMOTE_FLOW_ROOT}/deps/systemc/src/sysc/kernel/sc_module.cpp:409
SM 1 warp 1 receive kernel 0 vecadd-wg1 block 0 warp 0 @15ns,1 [trace BASE.cpp:244]
SM 1 warp 2 receive kernel 0 vecadd-wg1 block 0 warp 1 @15ns,1 [trace BASE.cpp:244]
SM 1 warp 3 receive kernel 0 vecadd-wg1 block 0 warp 2 @15ns,1 [trace BASE.cpp:244]
SM 1 warp 4 receive kernel 0 vecadd-wg1 block 0 warp 3 @15ns,1 [trace BASE.cpp:244]
SM 1 warp 2 0x80000000             AUIPC_0x00004197 WB x[003]=0x80004000 @75ns,1 [trace regfile.cpp:87]
SM 1 warp 3 0x80000000             AUIPC_0x00004197 WB x[003]=0x80004000 @75ns,1 [trace regfile.cpp:87]
SM 1 warp 4 0x80000000             AUIPC_0x00004197 WB x[003]=0x80004000 @95ns,1 [trace regfile.cpp:87]
SM 1 warp 1 0x80000000             AUIPC_0x00004197 WB x[003]=0x80004000 @95ns,1 [trace regfile.cpp:87]
SM 1 warp 2 0x80000004              ADDI_0x80818193 WB x[003]=0x80003808 @135ns,1 [trace regfile.cpp:87]
SM 1 warp 3 0x80000004              ADDI_0x80818193 WB x[003]=0x80003808 @135ns,1 [trace regfile.cpp:87]
SM 1 warp 4 0x80000004              ADDI_0x80818193 WB x[003]=0x80003808 @155ns,1 [trace regfile.cpp:87]
SM 1 warp 1 0x80000004              ADDI_0x80818193 WB x[003]=0x80003808 @155ns,1 [trace regfile.cpp:87]
SM 1 warp 2 0x80000008              ADDI_0x02000e93 WB x[029]=0x00000020 @175ns,1 [trace regfile.cpp:87]
SM 1 warp 3 0x80000008              ADDI_0x02000e93 WB x[029]=0x00000020 @175ns,1 [trace regfile.cpp:87]
SM 1 warp 4 0x80000008              ADDI_0x02000e93 WB x[029]=0x00000020 @195ns,1 [trace regfile.cpp:87]
SM 1 warp 1 0x80000008              ADDI_0x02000e93 WB x[029]=0x00000020 @195ns,1 [trace regfile.cpp:87]
SM 1 warp 3 0x8000000c           VSETVLI_0x0d0efed7 WB x[029]=0x00000008 @225ns,1 [trace regfile.cpp:87]
SM 1 warp 2 0x8000000c           VSETVLI_0x0d0efed7 WB x[029]=0x00000008 @225ns,1 [trace regfile.cpp:87]
SM 1 warp 1 0x8000000c           VSETVLI_0x0d0efed7 WB x[029]=0x00000008 @245ns,1 [trace regfile.cpp:87]
SM 1 warp 4 0x8000000c           VSETVLI_0x0d0efed7 WB x[029]=0x00000008 @245ns,1 [trace regfile.cpp:87]
SM 1 warp 3 0x80000010               LUI_0x00002eb7 WB x[029]=0x00002000 @265ns,1 [trace regfile.cpp:87]
SM 1 warp 2 0x80000010               LUI_0x00002eb7 WB x[029]=0x00002000 @265ns,1 [trace regfile.cpp:87]
SM 1 warp 1 0x80000010               LUI_0x00002eb7 WB x[029]=0x00002000 @285ns,1 [trace regfile.cpp:87]
SM 1 warp 4 0x80000010               LUI_0x00002eb7 WB x[029]=0x00002000 @285ns,1 [trace regfile.cpp:87]
SM 1 warp 2 0x80000014             CSRRS_0x300eaef3 CSR[0x300]=0x3800 @305ns,1 [trace exec_csr.cpp:93]
SM 1 warp 3 0x80000014             CSRRS_0x300eaef3 CSR[0x300]=0x3800 @305ns,1 [trace exec_csr.cpp:93]
SM 1 warp 2 0x80000014             CSRRS_0x300eaef3 WB x[029]=0x00001800 @315ns,1 [trace regfile.cpp:87]
SM 1 warp 3 0x80000014             CSRRS_0x300eaef3 WB x[029]=0x00001800 @315ns,1 [trace regfile.cpp:87]
SM 1 warp 4 0x80000014             CSRRS_0x300eaef3 CSR[0x300]=0x3800 @325ns,1 [trace exec_csr.cpp:93]
SM 1 warp 1 0x80000014             CSRRS_0x300eaef3 CSR[0x300]=0x3800 @325ns,1 [trace exec_csr.cpp:93]
SM 1 warp 4 0x80000014             CSRRS_0x300eaef3 WB x[029]=0x00001800 @335ns,1 [trace regfile.cpp:87]
SM 1 warp 1 0x80000014             CSRRS_0x300eaef3 WB x[029]=0x00001800 @335ns,1 [trace regfile.cpp:87]
SM 1 warp 2 0x80000018              ADDI_0x00000e93 WB x[029]=0x00000000 @375ns,1 [trace regfile.cpp:87]
SM 1 warp 3 0x80000018              ADDI_0x00000e93 WB x[029]=0x00000000 @375ns,1 [trace regfile.cpp:87]
SM 1 warp 4 0x80000018              ADDI_0x00000e93 WB x[029]=0x00000000 @395ns,1 [trace regfile.cpp:87]
SM 1 warp 1 0x80000018              ADDI_0x00000e93 WB x[029]=0x00000000 @395ns,1 [trace regfile.cpp:87]
SM 1 warp 2 0x8000001c             CSRRS_0x80502373 CSR[0x805]=0x1 @395ns,1 [trace exec_csr.cpp:93]
SM 1 warp 3 0x8000001c             CSRRS_0x80502373 CSR[0x805]=0x2 @395ns,1 [trace exec_csr.cpp:93]
SM 1 warp 3 0x8000001c             CSRRS_0x80502373 WB x[006]=0x00000002 @405ns,1 [trace regfile.cpp:87]
SM 1 warp 2 0x8000001c             CSRRS_0x80502373 WB x[006]=0x00000001 @405ns,1 [trace regfile.cpp:87]
SM 1 warp 4 0x8000001c             CSRRS_0x80502373 CSR[0x805]=0x3 @415ns,1 [trace exec_csr.cpp:93]
SM 1 warp 1 0x8000001c             CSRRS_0x80502373 CSR[0x805]=0x0 @415ns,1 [trace exec_csr.cpp:93]
SM 1 warp 1 0x8000001c             CSRRS_0x80502373 WB x[006]=0x00000000 @425ns,1 [trace regfile.cpp:87]
SM 1 warp 4 0x8000001c             CSRRS_0x80502373 WB x[006]=0x00000003 @425ns,1 [trace regfile.cpp:87]
SM 1 warp 2 0x80000020             CSRRS_0x806023f3 CSR[0x806]=0x70000000 @435ns,1 [trace exec_csr.cpp:93]
SM 1 warp 3 0x80000020             CSRRS_0x806023f3 CSR[0x806]=0x70000000 @435ns,1 [trace exec_csr.cpp:93]
SM 1 warp 3 0x80000020             CSRRS_0x806023f3 WB x[007]=0x70000000 @445ns,1 [trace regfile.cpp:87]
SM 1 warp 2 0x80000020             CSRRS_0x806023f3 WB x[007]=0x70000000 @445ns,1 [trace regfile.cpp:87]
SM 1 warp 4 0x80000020             CSRRS_0x806023f3 CSR[0x806]=0x70000000 @455ns,1 [trace exec_csr.cpp:93]
SM 1 warp 1 0x80000020             CSRRS_0x806023f3 CSR[0x806]=0x70000000 @455ns,1 [trace exec_csr.cpp:93]
SM 1 warp 1 0x80000020             CSRRS_0x806023f3 WB x[007]=0x70000000 @465ns,1 [trace regfile.cpp:87]
SM 1 warp 4 0x80000020             CSRRS_0x806023f3 WB x[007]=0x70000000 @465ns,1 [trace regfile.cpp:87]
SM 1 warp 2 0x80000024              ADDI_0x40000e13 WB x[028]=0x00000400 @495ns,1 [trace regfile.cpp:87]
SM 1 warp 3 0x80000024              ADDI_0x40000e13 WB x[028]=0x00000400 @495ns,1 [trace regfile.cpp:87]
SM 1 warp 4 0x80000024              ADDI_0x40000e13 WB x[028]=0x00000400 @515ns,1 [trace regfile.cpp:87]
SM 1 warp 1 0x80000024              ADDI_0x40000e13 WB x[028]=0x00000400 @515ns,1 [trace regfile.cpp:87]
SM 1 warp 2 0x80000028               MUL_0x03c30333 WB x[006]=0x00000400 @575ns,1 [trace regfile.cpp:87]
SM 1 warp 3 0x80000028               MUL_0x03c30333 WB x[006]=0x00000800 @575ns,1 [trace regfile.cpp:87]
SM 1 warp 4 0x80000028               MUL_0x03c30333 WB x[006]=0x00000c00 @595ns,1 [trace regfile.cpp:87]
SM 1 warp 1 0x80000028               MUL_0x03c30333 WB x[006]=0x00000000 @595ns,1 [trace regfile.cpp:87]
SM 1 warp 2 0x8000002c               ADD_0x00730133 WB x[002]=0x70000400 @635ns,1 [trace regfile.cpp:87]
SM 1 warp 3 0x8000002c               ADD_0x00730133 WB x[002]=0x70000800 @635ns,1 [trace regfile.cpp:87]
SM 1 warp 4 0x8000002c               ADD_0x00730133 WB x[002]=0x70000c00 @655ns,1 [trace regfile.cpp:87]
SM 1 warp 1 0x8000002c               ADD_0x00730133 WB x[002]=0x70000000 @655ns,1 [trace regfile.cpp:87]
SM 1 warp 2 0x80000030              ADDI_0x00000213 WB x[004]=0x00000000 @675ns,1 [trace regfile.cpp:87]
SM 1 warp 3 0x80000030              ADDI_0x00000213 WB x[004]=0x00000000 @675ns,1 [trace regfile.cpp:87]
SM 1 warp 4 0x80000030              ADDI_0x00000213 WB x[004]=0x00000000 @695ns,1 [trace regfile.cpp:87]
SM 1 warp 1 0x80000030              ADDI_0x00000213 WB x[004]=0x00000000 @695ns,1 [trace regfile.cpp:87]
SM 1 warp 2 0x80000034             CSRRS_0x80102f73 CSR[0x801]=0x4 @695ns,1 [trace exec_csr.cpp:93]
SM 1 warp 3 0x80000034             CSRRS_0x80102f73 CSR[0x801]=0x4 @695ns,1 [trace exec_csr.cpp:93]
SM 1 warp 3 0x80000034             CSRRS_0x80102f73 WB x[030]=0x00000004 @705ns,1 [trace regfile.cpp:87]
SM 1 warp 2 0x80000034             CSRRS_0x80102f73 WB x[030]=0x00000004 @705ns,1 [trace regfile.cpp:87]
SM 1 warp 4 0x80000034             CSRRS_0x80102f73 CSR[0x801]=0x4 @715ns,1 [trace exec_csr.cpp:93]
SM 1 warp 1 0x80000034             CSRRS_0x80102f73 CSR[0x801]=0x4 @715ns,1 [trace exec_csr.cpp:93]
SM 1 warp 1 0x80000034             CSRRS_0x80102f73 WB x[030]=0x00000004 @725ns,1 [trace regfile.cpp:87]
SM 1 warp 4 0x80000034             CSRRS_0x80102f73 WB x[030]=0x00000004 @725ns,1 [trace regfile.cpp:87]
SM 1 warp 2 0x80000038              ADDI_0x40000e13 WB x[028]=0x00000400 @755ns,1 [trace regfile.cpp:87]
SM 1 warp 3 0x80000038              ADDI_0x40000e13 WB x[028]=0x00000400 @755ns,1 [trace regfile.cpp:87]
SM 1 warp 4 0x80000038              ADDI_0x40000e13 WB x[028]=0x00000400 @775ns,1 [trace regfile.cpp:87]
SM 1 warp 1 0x80000038              ADDI_0x40000e13 WB x[028]=0x00000400 @775ns,1 [trace regfile.cpp:87]
SM 1 warp 2 0x8000003c               MUL_0x03cf0f33 WB x[030]=0x00001000 @835ns,1 [trace regfile.cpp:87]
SM 1 warp 3 0x8000003c               MUL_0x03cf0f33 WB x[030]=0x00001000 @835ns,1 [trace regfile.cpp:87]
SM 1 warp 4 0x8000003c               MUL_0x03cf0f33 WB x[030]=0x00001000 @855ns,1 [trace regfile.cpp:87]
SM 1 warp 1 0x8000003c               MUL_0x03cf0f33 WB x[030]=0x00001000 @855ns,1 [trace regfile.cpp:87]
SM 1 warp 2 0x80000040               ADD_0x01e38433 WB x[008]=0x70001000 @895ns,1 [trace regfile.cpp:87]
SM 1 warp 3 0x80000040               ADD_0x01e38433 WB x[008]=0x70001000 @895ns,1 [trace regfile.cpp:87]
SM 1 warp 4 0x80000040               ADD_0x01e38433 WB x[008]=0x70001000 @915ns,1 [trace regfile.cpp:87]
SM 1 warp 1 0x80000040               ADD_0x01e38433 WB x[008]=0x70001000 @915ns,1 [trace regfile.cpp:87]
SM 1 warp 2 0x80000044             AUIPC_0x00003517 WB x[010]=0x80003044 @935ns,1 [trace regfile.cpp:87]
SM 1 warp 3 0x80000044             AUIPC_0x00003517 WB x[010]=0x80003044 @935ns,1 [trace regfile.cpp:87]
SM 1 warp 4 0x80000044             AUIPC_0x00003517 WB x[010]=0x80003044 @955ns,1 [trace regfile.cpp:87]
SM 1 warp 1 0x80000044             AUIPC_0x00003517 WB x[010]=0x80003044 @955ns,1 [trace regfile.cpp:87]
SM 1 warp 2 0x80000048              ADDI_0xfc450513 WB x[010]=0x80003008 @995ns,1 [trace regfile.cpp:87]
SM 1 warp 3 0x80000048              ADDI_0xfc450513 WB x[010]=0x80003008 @995ns,1 [trace regfile.cpp:87]
SM 1 warp 4 0x80000048              ADDI_0xfc450513 WB x[010]=0x80003008 @1015ns,1 [trace regfile.cpp:87]
SM 1 warp 1 0x80000048              ADDI_0xfc450513 WB x[010]=0x80003008 @1015ns,1 [trace regfile.cpp:87]
SM 1 warp 2 0x8000004c             AUIPC_0x00003617 WB x[012]=0x8000304c @1035ns,1 [trace regfile.cpp:87]
SM 1 warp 3 0x8000004c             AUIPC_0x00003617 WB x[012]=0x8000304c @1035ns,1 [trace regfile.cpp:87]
SM 1 warp 4 0x8000004c             AUIPC_0x00003617 WB x[012]=0x8000304c @1055ns,1 [trace regfile.cpp:87]
SM 1 warp 1 0x8000004c             AUIPC_0x00003617 WB x[012]=0x8000304c @1055ns,1 [trace regfile.cpp:87]
SM 1 warp 2 0x80000050              ADDI_0xfbc60613 WB x[012]=0x80003008 @1095ns,1 [trace regfile.cpp:87]
SM 1 warp 3 0x80000050              ADDI_0xfbc60613 WB x[012]=0x80003008 @1095ns,1 [trace regfile.cpp:87]
SM 1 warp 4 0x80000050              ADDI_0xfbc60613 WB x[012]=0x80003008 @1115ns,1 [trace regfile.cpp:87]
SM 1 warp 1 0x80000050              ADDI_0xfbc60613 WB x[012]=0x80003008 @1115ns,1 [trace regfile.cpp:87]
SM 1 warp 2 0x80000054               BEQ_0x00c50863 mask=FF, JUMP=true, jumpTO 0x80000064 @1145ns,1 [trace exec_salu.cpp:339]
SM 1 warp 3 0x80000054               BEQ_0x00c50863 mask=FF, JUMP=true, jumpTO 0x80000064 @1145ns,1 [trace exec_salu.cpp:339]
SM 1 warp 2 JUMP to 0x80000064 @1155ns,1 [trace subcore.cpp:245]
SM 1 warp 3 JUMP to 0x80000064 @1155ns,1 [trace subcore.cpp:245]
SM 1 warp 4 0x80000054               BEQ_0x00c50863 mask=FF, JUMP=true, jumpTO 0x80000064 @1165ns,1 [trace exec_salu.cpp:339]
SM 1 warp 1 0x80000054               BEQ_0x00c50863 mask=FF, JUMP=true, jumpTO 0x80000064 @1165ns,1 [trace exec_salu.cpp:339]
SM 1 warp 4 JUMP to 0x80000064 @1175ns,1 [trace subcore.cpp:245]
SM 1 warp 1 JUMP to 0x80000064 @1175ns,1 [trace subcore.cpp:245]
SM 1 warp 2 0x80000064             CSRRS_0x803022f3 CSR[0x803]=0x90404000 @1215ns,1 [trace exec_csr.cpp:93]
SM 1 warp 3 0x80000064             CSRRS_0x803022f3 CSR[0x803]=0x90404000 @1215ns,1 [trace exec_csr.cpp:93]
SM 1 warp 3 0x80000064             CSRRS_0x803022f3 WB x[005]=0x90404000 @1225ns,1 [trace regfile.cpp:87]
SM 1 warp 2 0x80000064             CSRRS_0x803022f3 WB x[005]=0x90404000 @1225ns,1 [trace regfile.cpp:87]
SM 1 warp 4 0x80000064             CSRRS_0x803022f3 CSR[0x803]=0x90404000 @1235ns,1 [trace exec_csr.cpp:93]
SM 1 warp 1 0x80000064             CSRRS_0x803022f3 CSR[0x803]=0x90404000 @1235ns,1 [trace exec_csr.cpp:93]
SM 1 warp 1 0x80000064             CSRRS_0x803022f3 WB x[005]=0x90404000 @1245ns,1 [trace regfile.cpp:87]
SM 1 warp 4 0x80000064             CSRRS_0x803022f3 WB x[005]=0x90404000 @1245ns,1 [trace regfile.cpp:87]
SM 1 warp 3 0x80000068                LW_0x0002a303 mask=FF MEMADDR 90404000 @1265ns,1 [trace exec_lsu.cpp:189]
SM 1 warp 3 0x80000068                LW_0x0002a303 WB x[006]=0x800000b8 @1275ns,1 [trace regfile.cpp:87]
SM 1 warp 2 0x80000068                LW_0x0002a303 mask=FF MEMADDR 90404000 @1275ns,1 [trace exec_lsu.cpp:189]
SM 1 warp 1 0x80000068                LW_0x0002a303 mask=FF MEMADDR 90404000 @1285ns,1 [trace exec_lsu.cpp:189]
SM 1 warp 2 0x80000068                LW_0x0002a303 WB x[006]=0x800000b8 @1285ns,1 [trace regfile.cpp:87]
SM 1 warp 1 0x80000068                LW_0x0002a303 WB x[006]=0x800000b8 @1295ns,1 [trace regfile.cpp:87]
SM 1 warp 4 0x80000068                LW_0x0002a303 mask=FF MEMADDR 90404000 @1295ns,1 [trace exec_lsu.cpp:189]
SM 1 warp 3 0x8000006c                LW_0x0042a503 mask=FF MEMADDR 90404004 @1305ns,1 [trace exec_lsu.cpp:189]
SM 1 warp 4 0x80000068                LW_0x0002a303 WB x[006]=0x800000b8 @1305ns,1 [trace regfile.cpp:87]
SM 1 warp 3 0x8000006c                LW_0x0042a503 WB x[010]=0x90003000 @1315ns,1 [trace regfile.cpp:87]
SM 1 warp 2 0x8000006c                LW_0x0042a503 mask=FF MEMADDR 90404004 @1315ns,1 [trace exec_lsu.cpp:189]
SM 1 warp 1 0x8000006c                LW_0x0042a503 mask=FF MEMADDR 90404004 @1325ns,1 [trace exec_lsu.cpp:189]
SM 1 warp 2 0x8000006c                LW_0x0042a503 WB x[010]=0x90003000 @1325ns,1 [trace regfile.cpp:87]
SM 1 warp 1 0x8000006c                LW_0x0042a503 WB x[010]=0x90003000 @1335ns,1 [trace regfile.cpp:87]
SM 1 warp 4 0x8000006c                LW_0x0042a503 mask=FF MEMADDR 90404004 @1335ns,1 [trace exec_lsu.cpp:189]
SM 1 warp 3 0x80000070                LW_0x0302a383 mask=FF MEMADDR 90404030 @1345ns,1 [trace exec_lsu.cpp:189]
SM 1 warp 4 0x8000006c                LW_0x0042a503 WB x[010]=0x90003000 @1345ns,1 [trace regfile.cpp:87]
SM 1 warp 3 0x80000070                LW_0x0302a383 WB x[007]=0x00000000 @1355ns,1 [trace regfile.cpp:87]
SM 1 warp 2 0x80000070                LW_0x0302a383 mask=FF MEMADDR 90404030 @1355ns,1 [trace exec_lsu.cpp:189]
SM 1 warp 1 0x80000070                LW_0x0302a383 mask=FF MEMADDR 90404030 @1365ns,1 [trace exec_lsu.cpp:189]
SM 1 warp 2 0x80000070                LW_0x0302a383 WB x[007]=0x00000000 @1365ns,1 [trace regfile.cpp:87]
SM 1 warp 1 0x80000070                LW_0x0302a383 WB x[007]=0x00000000 @1375ns,1 [trace regfile.cpp:87]
SM 1 warp 4 0x80000070                LW_0x0302a383 mask=FF MEMADDR 90404030 @1375ns,1 [trace exec_lsu.cpp:189]
SM 1 warp 3 0x80000074                LW_0x0342ae03 mask=FF MEMADDR 90404034 @1385ns,1 [trace exec_lsu.cpp:189]
SM 1 warp 4 0x80000070                LW_0x0302a383 WB x[007]=0x00000000 @1385ns,1 [trace regfile.cpp:87]
SM 1 warp 3 0x80000074                LW_0x0342ae03 WB x[028]=0x00000000 @1395ns,1 [trace regfile.cpp:87]
SM 1 warp 2 0x80000074                LW_0x0342ae03 mask=FF MEMADDR 90404034 @1395ns,1 [trace exec_lsu.cpp:189]
SM 1 warp 1 0x80000074                LW_0x0342ae03 mask=FF MEMADDR 90404034 @1405ns,1 [trace exec_lsu.cpp:189]
SM 1 warp 2 0x80000074                LW_0x0342ae03 WB x[028]=0x00000000 @1405ns,1 [trace regfile.cpp:87]
SM 1 warp 1 0x80000074                LW_0x0342ae03 WB x[028]=0x00000000 @1415ns,1 [trace regfile.cpp:87]
SM 1 warp 4 0x80000074                LW_0x0342ae03 mask=FF MEMADDR 90404034 @1415ns,1 [trace exec_lsu.cpp:189]
SM 1 warp 4 0x80000074                LW_0x0342ae03 WB x[028]=0x00000000 @1425ns,1 [trace regfile.cpp:87]
SM 1 warp 3 0x80000078             AUIPC_0x00003e97 WB x[029]=0x80003078 @1435ns,1 [trace regfile.cpp:87]
SM 1 warp 2 0x80000078             AUIPC_0x00003e97 WB x[029]=0x80003078 @1445ns,1 [trace regfile.cpp:87]
SM 1 warp 1 0x80000078             AUIPC_0x00003e97 WB x[029]=0x80003078 @1455ns,1 [trace regfile.cpp:87]
SM 1 warp 4 0x80000078             AUIPC_0x00003e97 WB x[029]=0x80003078 @1465ns,1 [trace regfile.cpp:87]
SM 1 warp 3 0x8000007c              ADDI_0xf88e8e93 WB x[029]=0x80003000 @1495ns,1 [trace regfile.cpp:87]
SM 1 warp 2 0x8000007c              ADDI_0xf88e8e93 WB x[029]=0x80003000 @1505ns,1 [trace regfile.cpp:87]
SM 1 warp 1 0x8000007c              ADDI_0xf88e8e93 WB x[029]=0x80003000 @1515ns,1 [trace regfile.cpp:87]
SM 1 warp 4 0x8000007c              ADDI_0xf88e8e93 WB x[029]=0x80003000 @1525ns,1 [trace regfile.cpp:87]
SM 1 warp 3 0x80000080             AUIPC_0x00003f17 WB x[030]=0x80003080 @1535ns,1 [trace regfile.cpp:87]
SM 1 warp 2 0x80000080             AUIPC_0x00003f17 WB x[030]=0x80003080 @1545ns,1 [trace regfile.cpp:87]
SM 1 warp 1 0x80000080             AUIPC_0x00003f17 WB x[030]=0x80003080 @1555ns,1 [trace regfile.cpp:87]
SM 1 warp 4 0x80000080             AUIPC_0x00003f17 WB x[030]=0x80003080 @1565ns,1 [trace regfile.cpp:87]
SM 1 warp 3 0x80000084              ADDI_0xf84f0f13 WB x[030]=0x80003004 @1595ns,1 [trace regfile.cpp:87]
SM 1 warp 2 0x80000084              ADDI_0xf84f0f13 WB x[030]=0x80003004 @1605ns,1 [trace regfile.cpp:87]
SM 1 warp 1 0x80000084              ADDI_0xf84f0f13 WB x[030]=0x80003004 @1615ns,1 [trace regfile.cpp:87]
SM 1 warp 3 0x80000088                SW_0x007ea023 mask=FF ADDR 80003000, DATA 0 @1615ns,1 [trace exec_lsu.cpp:183]
SM 1 warp 2 0x80000088                SW_0x007ea023 mask=FF ADDR 80003000, DATA 0 @1625ns,1 [trace exec_lsu.cpp:183]
SM 1 warp 4 0x80000084              ADDI_0xf84f0f13 WB x[030]=0x80003004 @1625ns,1 [trace regfile.cpp:87]
SM 1 warp 1 0x80000088                SW_0x007ea023 mask=FF ADDR 80003000, DATA 0 @1635ns,1 [trace exec_lsu.cpp:183]
SM 1 warp 4 0x80000088                SW_0x007ea023 mask=FF ADDR 80003000, DATA 0 @1645ns,1 [trace exec_lsu.cpp:183]
SM 1 warp 3 0x8000008c                SW_0x01cf2023 mask=FF ADDR 80003004, DATA 0 @1655ns,1 [trace exec_lsu.cpp:183]
SM 1 warp 2 0x8000008c                SW_0x01cf2023 mask=FF ADDR 80003004, DATA 0 @1665ns,1 [trace exec_lsu.cpp:183]
SM 1 warp 1 0x8000008c                SW_0x01cf2023 mask=FF ADDR 80003004, DATA 0 @1675ns,1 [trace exec_lsu.cpp:183]
SM 1 warp 4 0x8000008c                SW_0x01cf2023 mask=FF ADDR 80003004, DATA 0 @1685ns,1 [trace exec_lsu.cpp:183]
SM 1 warp 3 0x80000090             AUIPC_0x00000f97 WB x[031]=0x80000090 @1705ns,1 [trace regfile.cpp:87]
SM 1 warp 2 0x80000090             AUIPC_0x00000f97 WB x[031]=0x80000090 @1715ns,1 [trace regfile.cpp:87]
SM 1 warp 1 0x80000090             AUIPC_0x00000f97 WB x[031]=0x80000090 @1725ns,1 [trace regfile.cpp:87]
SM 1 warp 4 0x80000090             AUIPC_0x00000f97 WB x[031]=0x80000090 @1735ns,1 [trace regfile.cpp:87]
SM 1 warp 3 0x80000094              ADDI_0x018f8f93 WB x[031]=0x800000a8 @1765ns,1 [trace regfile.cpp:87]
SM 1 warp 2 0x80000094              ADDI_0x018f8f93 WB x[031]=0x800000a8 @1775ns,1 [trace regfile.cpp:87]
SM 1 warp 1 0x80000094              ADDI_0x018f8f93 WB x[031]=0x800000a8 @1785ns,1 [trace regfile.cpp:87]
SM 1 warp 4 0x80000094              ADDI_0x018f8f93 WB x[031]=0x800000a8 @1795ns,1 [trace regfile.cpp:87]
SM 1 warp 3 0x80000098             CSRRW_0x305f9073 CSR[0x305]=0x800000a8 @1805ns,1 [trace exec_csr.cpp:79]
SM 1 warp 3 0x80000098             CSRRW_0x305f9073 WB x[000]=0x00000000 @1815ns,1 [trace regfile.cpp:87]
SM 1 warp 2 0x80000098             CSRRW_0x305f9073 CSR[0x305]=0x800000a8 @1815ns,1 [trace exec_csr.cpp:79]
SM 1 warp 2 0x80000098             CSRRW_0x305f9073 WB x[000]=0x00000000 @1825ns,1 [trace regfile.cpp:87]
SM 1 warp 1 0x80000098             CSRRW_0x305f9073 CSR[0x305]=0x800000a8 @1825ns,1 [trace exec_csr.cpp:79]
SM 1 warp 1 0x80000098             CSRRW_0x305f9073 WB x[000]=0x00000000 @1835ns,1 [trace regfile.cpp:87]
SM 1 warp 4 0x80000098             CSRRW_0x305f9073 CSR[0x305]=0x800000a8 @1835ns,1 [trace exec_csr.cpp:79]
SM 1 warp 4 0x80000098             CSRRW_0x305f9073 WB x[000]=0x00000000 @1845ns,1 [trace regfile.cpp:87]
SM 1 warp 3 0x8000009c              JALR_0x000300e7 JUMP=true, jumpTO 0x800000b8 @1855ns,1 [trace exec_salu.cpp:121]
SM 1 warp 3 0x8000009c              JALR_0x000300e7 WB x[001]=0x800000a0 @1865ns,1 [trace regfile.cpp:87]
SM 1 warp 3 JUMP to 0x800000b8 @1865ns,1 [trace subcore.cpp:245]
SM 1 warp 2 0x8000009c              JALR_0x000300e7 JUMP=true, jumpTO 0x800000b8 @1865ns,1 [trace exec_salu.cpp:121]
SM 1 warp 2 JUMP to 0x800000b8 @1875ns,1 [trace subcore.cpp:245]
SM 1 warp 2 0x8000009c              JALR_0x000300e7 WB x[001]=0x800000a0 @1875ns,1 [trace regfile.cpp:87]
SM 1 warp 1 0x8000009c              JALR_0x000300e7 JUMP=true, jumpTO 0x800000b8 @1875ns,1 [trace exec_salu.cpp:121]
SM 1 warp 1 0x8000009c              JALR_0x000300e7 WB x[001]=0x800000a0 @1885ns,1 [trace regfile.cpp:87]
SM 1 warp 1 JUMP to 0x800000b8 @1885ns,1 [trace subcore.cpp:245]
SM 1 warp 4 0x8000009c              JALR_0x000300e7 JUMP=true, jumpTO 0x800000b8 @1885ns,1 [trace exec_salu.cpp:121]
SM 1 warp 4 JUMP to 0x800000b8 @1895ns,1 [trace subcore.cpp:245]
SM 1 warp 4 0x8000009c              JALR_0x000300e7 WB x[001]=0x800000a0 @1895ns,1 [trace regfile.cpp:87]
SM 1 warp 3 0x800000b8              ADDI_0x01010113 WB x[002]=0x70000810 @1945ns,1 [trace regfile.cpp:87]
SM 1 warp 2 0x800000b8              ADDI_0x01010113 WB x[002]=0x70000410 @1955ns,1 [trace regfile.cpp:87]
SM 1 warp 1 0x800000b8              ADDI_0x01010113 WB x[002]=0x70000010 @1965ns,1 [trace regfile.cpp:87]
SM 1 warp 4 0x800000b8              ADDI_0x01010113 WB x[002]=0x70000c10 @1975ns,1 [trace regfile.cpp:87]
SM 1 warp 3 0x800000bc                SW_0xfe112823 mask=FF ADDR 70000800, DATA 800000a0 @1985ns,1 [trace exec_lsu.cpp:183]
SM 1 warp 2 0x800000bc                SW_0xfe112823 mask=FF ADDR 70000400, DATA 800000a0 @1995ns,1 [trace exec_lsu.cpp:183]
SM 1 warp 1 0x800000bc                SW_0xfe112823 mask=FF ADDR 70000000, DATA 800000a0 @2005ns,1 [trace exec_lsu.cpp:183]
SM 1 warp 4 0x800000bc                SW_0xfe112823 mask=FF ADDR 70000c00, DATA 800000a0 @2015ns,1 [trace exec_lsu.cpp:183]
SM 1 warp 3 0x800000c0                LW_0x00852283 mask=FF MEMADDR 90003008 @2025ns,1 [trace exec_lsu.cpp:189]
SM 1 warp 3 0x800000c0                LW_0x00852283 WB x[005]=0x90002000 @2035ns,1 [trace regfile.cpp:87]
SM 1 warp 2 0x800000c0                LW_0x00852283 mask=FF MEMADDR 90003008 @2035ns,1 [trace exec_lsu.cpp:189]
SM 1 warp 1 0x800000c0                LW_0x00852283 mask=FF MEMADDR 90003008 @2045ns,1 [trace exec_lsu.cpp:189]
SM 1 warp 2 0x800000c0                LW_0x00852283 WB x[005]=0x90002000 @2045ns,1 [trace regfile.cpp:87]
SM 1 warp 1 0x800000c0                LW_0x00852283 WB x[005]=0x90002000 @2055ns,1 [trace regfile.cpp:87]
SM 1 warp 4 0x800000c0                LW_0x00852283 mask=FF MEMADDR 90003008 @2055ns,1 [trace exec_lsu.cpp:189]
SM 1 warp 4 0x800000c0                LW_0x00852283 WB x[005]=0x90002000 @2065ns,1 [trace regfile.cpp:87]
SM 1 warp 3 0x800000c4                SW_0xfe512e23 mask=FF ADDR 7000080c, DATA 90002000 @2075ns,1 [trace exec_lsu.cpp:183]
SM 1 warp 2 0x800000c4                SW_0xfe512e23 mask=FF ADDR 7000040c, DATA 90002000 @2085ns,1 [trace exec_lsu.cpp:183]
SM 1 warp 1 0x800000c4                SW_0xfe512e23 mask=FF ADDR 7000000c, DATA 90002000 @2095ns,1 [trace exec_lsu.cpp:183]
SM 1 warp 4 0x800000c4                SW_0xfe512e23 mask=FF ADDR 70000c0c, DATA 90002000 @2105ns,1 [trace exec_lsu.cpp:183]
SM 1 warp 3 0x800000c8                LW_0x00452283 mask=FF MEMADDR 90003004 @2115ns,1 [trace exec_lsu.cpp:189]
SM 1 warp 2 0x800000c8                LW_0x00452283 mask=FF MEMADDR 90003004 @2125ns,1 [trace exec_lsu.cpp:189]
SM 1 warp 3 0x800000c8                LW_0x00452283 WB x[005]=0x90001000 @2125ns,1 [trace regfile.cpp:87]
SM 1 warp 2 0x800000c8                LW_0x00452283 WB x[005]=0x90001000 @2135ns,1 [trace regfile.cpp:87]
SM 1 warp 1 0x800000c8                LW_0x00452283 mask=FF MEMADDR 90003004 @2135ns,1 [trace exec_lsu.cpp:189]
SM 1 warp 4 0x800000c8                LW_0x00452283 mask=FF MEMADDR 90003004 @2145ns,1 [trace exec_lsu.cpp:189]
SM 1 warp 1 0x800000c8                LW_0x00452283 WB x[005]=0x90001000 @2145ns,1 [trace regfile.cpp:87]
SM 1 warp 4 0x800000c8                LW_0x00452283 WB x[005]=0x90001000 @2155ns,1 [trace regfile.cpp:87]
SM 1 warp 3 0x800000cc                SW_0xfe512c23 mask=FF ADDR 70000808, DATA 90001000 @2165ns,1 [trace exec_lsu.cpp:183]
SM 1 warp 2 0x800000cc                SW_0xfe512c23 mask=FF ADDR 70000408, DATA 90001000 @2175ns,1 [trace exec_lsu.cpp:183]
SM 1 warp 1 0x800000cc                SW_0xfe512c23 mask=FF ADDR 70000008, DATA 90001000 @2185ns,1 [trace exec_lsu.cpp:183]
SM 1 warp 4 0x800000cc                SW_0xfe512c23 mask=FF ADDR 70000c08, DATA 90001000 @2195ns,1 [trace exec_lsu.cpp:183]
SM 1 warp 3 0x800000d0                LW_0x00052283 mask=FF MEMADDR 90003000 @2205ns,1 [trace exec_lsu.cpp:189]
SM 1 warp 3 0x800000d0                LW_0x00052283 WB x[005]=0x90000000 @2215ns,1 [trace regfile.cpp:87]
SM 1 warp 2 0x800000d0                LW_0x00052283 mask=FF MEMADDR 90003000 @2215ns,1 [trace exec_lsu.cpp:189]
SM 1 warp 1 0x800000d0                LW_0x00052283 mask=FF MEMADDR 90003000 @2225ns,1 [trace exec_lsu.cpp:189]
SM 1 warp 2 0x800000d0                LW_0x00052283 WB x[005]=0x90000000 @2225ns,1 [trace regfile.cpp:87]
SM 1 warp 1 0x800000d0                LW_0x00052283 WB x[005]=0x90000000 @2235ns,1 [trace regfile.cpp:87]
SM 1 warp 4 0x800000d0                LW_0x00052283 mask=FF MEMADDR 90003000 @2235ns,1 [trace exec_lsu.cpp:189]
SM 1 warp 4 0x800000d0                LW_0x00052283 WB x[005]=0x90000000 @2245ns,1 [trace regfile.cpp:87]
SM 1 warp 3 0x800000d4                SW_0xfe512a23 mask=FF ADDR 70000804, DATA 90000000 @2255ns,1 [trace exec_lsu.cpp:183]
SM 1 warp 2 0x800000d4                SW_0xfe512a23 mask=FF ADDR 70000404, DATA 90000000 @2265ns,1 [trace exec_lsu.cpp:183]
SM 1 warp 1 0x800000d4                SW_0xfe512a23 mask=FF ADDR 70000004, DATA 90000000 @2275ns,1 [trace exec_lsu.cpp:183]
SM 1 warp 4 0x800000d4                SW_0xfe512a23 mask=FF ADDR 70000c04, DATA 90000000 @2285ns,1 [trace exec_lsu.cpp:183]
SM 1 warp 3 0x800000d8           VMV_V_X_0x5e004057 mask=FF WB v[000]={00000000 00000000 00000000 00000000 00000000 00000000 00000000 00000000 00000000 00000000 00000000 00000000 00000000 00000000 00000000 00000000 00000000 00000000 00000000 00000000 00000000 00000000 00000000 00000000 00000000 00000000 00000000 00000000 00000000 00000000 00000000 00000000}; s1=0 s2=0 s3=0 @2335ns,1 [trace regfile.cpp:109]
SM 1 warp 3 0x800000dc               JAL_0x03c000ef JUMP=true, jumpTO 0x80000118 @2335ns,1 [trace exec_salu.cpp:108]
SM 1 warp 3 0x800000dc               JAL_0x03c000ef WB x[001]=0x800000e0 @2345ns,1 [trace regfile.cpp:87]
SM 1 warp 3 JUMP to 0x80000118 @2345ns,1 [trace subcore.cpp:245]
SM 1 warp 2 0x800000d8           VMV_V_X_0x5e004057 mask=FF WB v[000]={00000000 00000000 00000000 00000000 00000000 00000000 00000000 00000000 00000000 00000000 00000000 00000000 00000000 00000000 00000000 00000000 00000000 00000000 00000000 00000000 00000000 00000000 00000000 00000000 00000000 00000000 00000000 00000000 00000000 00000000 00000000 00000000}; s1=0 s2=0 s3=0 @2345ns,1 [trace regfile.cpp:109]
SM 1 warp 2 0x800000dc               JAL_0x03c000ef JUMP=true, jumpTO 0x80000118 @2345ns,1 [trace exec_salu.cpp:108]
SM 1 warp 2 JUMP to 0x80000118 @2355ns,1 [trace subcore.cpp:245]
SM 1 warp 2 0x800000dc               JAL_0x03c000ef WB x[001]=0x800000e0 @2355ns,1 [trace regfile.cpp:87]
SM 1 warp 1 0x800000d8           VMV_V_X_0x5e004057 mask=FF WB v[000]={00000000 00000000 00000000 00000000 00000000 00000000 00000000 00000000 00000000 00000000 00000000 00000000 00000000 00000000 00000000 00000000 00000000 00000000 00000000 00000000 00000000 00000000 00000000 00000000 00000000 00000000 00000000 00000000 00000000 00000000 00000000 00000000}; s1=0 s2=0 s3=0 @2355ns,1 [trace regfile.cpp:109]
SM 1 warp 1 0x800000dc               JAL_0x03c000ef JUMP=true, jumpTO 0x80000118 @2355ns,1 [trace exec_salu.cpp:108]
SM 1 warp 1 0x800000dc               JAL_0x03c000ef WB x[001]=0x800000e0 @2365ns,1 [trace regfile.cpp:87]
SM 1 warp 1 JUMP to 0x80000118 @2365ns,1 [trace subcore.cpp:245]
SM 1 warp 4 0x800000d8           VMV_V_X_0x5e004057 mask=FF WB v[000]={00000000 00000000 00000000 00000000 00000000 00000000 00000000 00000000 00000000 00000000 00000000 00000000 00000000 00000000 00000000 00000000 00000000 00000000 00000000 00000000 00000000 00000000 00000000 00000000 00000000 00000000 00000000 00000000 00000000 00000000 00000000 00000000}; s1=0 s2=0 s3=0 @2365ns,1 [trace regfile.cpp:109]
SM 1 warp 4 0x800000dc               JAL_0x03c000ef JUMP=true, jumpTO 0x80000118 @2365ns,1 [trace exec_salu.cpp:108]
SM 1 warp 4 JUMP to 0x80000118 @2375ns,1 [trace subcore.cpp:245]
SM 1 warp 4 0x800000dc               JAL_0x03c000ef WB x[001]=0x800000e0 @2375ns,1 [trace regfile.cpp:87]
SM 1 warp 3 0x80000118              ADDI_0x00410113 WB x[002]=0x70000814 @2425ns,1 [trace regfile.cpp:87]
SM 1 warp 2 0x80000118              ADDI_0x00410113 WB x[002]=0x70000414 @2435ns,1 [trace regfile.cpp:87]
SM 1 warp 1 0x80000118              ADDI_0x00410113 WB x[002]=0x70000014 @2445ns,1 [trace regfile.cpp:87]
SM 1 warp 4 0x80000118              ADDI_0x00410113 WB x[002]=0x70000c14 @2455ns,1 [trace regfile.cpp:87]
SM 1 warp 3 0x8000011c                SW_0xfe112e23 mask=FF ADDR 70000810, DATA 800000e0 @2465ns,1 [trace exec_lsu.cpp:183]
SM 1 warp 2 0x8000011c                SW_0xfe112e23 mask=FF ADDR 70000410, DATA 800000e0 @2475ns,1 [trace exec_lsu.cpp:183]
SM 1 warp 1 0x8000011c                SW_0xfe112e23 mask=FF ADDR 70000010, DATA 800000e0 @2485ns,1 [trace exec_lsu.cpp:183]
SM 1 warp 4 0x8000011c                SW_0xfe112e23 mask=FF ADDR 70000c10, DATA 800000e0 @2495ns,1 [trace exec_lsu.cpp:183]
SM 1 warp 3 0x80000120              ADDI_0x00200293 WB x[005]=0x00000002 @2525ns,1 [trace regfile.cpp:87]
SM 1 warp 2 0x80000120              ADDI_0x00200293 WB x[005]=0x00000002 @2535ns,1 [trace regfile.cpp:87]
SM 1 warp 1 0x80000120              ADDI_0x00200293 WB x[005]=0x00000002 @2545ns,1 [trace regfile.cpp:87]
SM 1 warp 4 0x80000120              ADDI_0x00200293 WB x[005]=0x00000002 @2555ns,1 [trace regfile.cpp:87]
SM 1 warp 3 0x80000124           VMV_V_X_0x5e02c0d7 mask=FF WB v[001]={00000002 00000002 00000002 00000002 00000002 00000002 00000002 00000002 00000000 00000000 00000000 00000000 00000000 00000000 00000000 00000000 00000000 00000000 00000000 00000000 00000000 00000000 00000000 00000000 00000000 00000000 00000000 00000000 00000000 00000000 00000000 00000000}; s1=5 s2=0 s3=1 @2605ns,1 [trace regfile.cpp:109]
SM 1 warp 2 0x80000124           VMV_V_X_0x5e02c0d7 mask=FF WB v[001]={00000002 00000002 00000002 00000002 00000002 00000002 00000002 00000002 00000000 00000000 00000000 00000000 00000000 00000000 00000000 00000000 00000000 00000000 00000000 00000000 00000000 00000000 00000000 00000000 00000000 00000000 00000000 00000000 00000000 00000000 00000000 00000000}; s1=5 s2=0 s3=1 @2615ns,1 [trace regfile.cpp:109]
SM 1 warp 3 0x80000128             AUIPC_0x00000317 WB x[006]=0x80000128 @2615ns,1 [trace regfile.cpp:87]
SM 1 warp 1 0x80000124           VMV_V_X_0x5e02c0d7 mask=FF WB v[001]={00000002 00000002 00000002 00000002 00000002 00000002 00000002 00000002 00000000 00000000 00000000 00000000 00000000 00000000 00000000 00000000 00000000 00000000 00000000 00000000 00000000 00000000 00000000 00000000 00000000 00000000 00000000 00000000 00000000 00000000 00000000 00000000}; s1=5 s2=0 s3=1 @2625ns,1 [trace regfile.cpp:109]
SM 1 warp 2 0x80000128             AUIPC_0x00000317 WB x[006]=0x80000128 @2625ns,1 [trace regfile.cpp:87]
SM 1 warp 4 0x80000124           VMV_V_X_0x5e02c0d7 mask=FF WB v[001]={00000002 00000002 00000002 00000002 00000002 00000002 00000002 00000002 00000000 00000000 00000000 00000000 00000000 00000000 00000000 00000000 00000000 00000000 00000000 00000000 00000000 00000000 00000000 00000000 00000000 00000000 00000000 00000000 00000000 00000000 00000000 00000000}; s1=5 s2=0 s3=1 @2635ns,1 [trace regfile.cpp:109]
SM 1 warp 1 0x80000128             AUIPC_0x00000317 WB x[006]=0x80000128 @2635ns,1 [trace regfile.cpp:87]
SM 1 warp 4 0x80000128             AUIPC_0x00000317 WB x[006]=0x80000128 @2645ns,1 [trace regfile.cpp:87]
SM 1 warp 3 0x8000012c            SETRPC_0x04c3305b CSR[0x4c]=0x0 @2655ns,1 [trace exec_csr.cpp:154]
SM 1 warp 3 0x8000012c            SETRPC_0x04c3305b WB x[000]=0x00000000 @2665ns,1 [trace regfile.cpp:87]
SM 1 warp 2 0x8000012c            SETRPC_0x04c3305b CSR[0x4c]=0x0 @2665ns,1 [trace exec_csr.cpp:154]
SM 1 warp 2 0x8000012c            SETRPC_0x04c3305b WB x[000]=0x00000000 @2675ns,1 [trace regfile.cpp:87]
SM 1 warp 1 0x8000012c            SETRPC_0x04c3305b CSR[0x4c]=0x0 @2675ns,1 [trace exec_csr.cpp:154]
SM 1 warp 1 0x8000012c            SETRPC_0x04c3305b WB x[000]=0x00000000 @2685ns,1 [trace regfile.cpp:87]
SM 1 warp 4 0x8000012c            SETRPC_0x04c3305b CSR[0x4c]=0x0 @2685ns,1 [trace exec_csr.cpp:154]
SM 1 warp 4 0x8000012c            SETRPC_0x04c3305b WB x[000]=0x00000000 @2695ns,1 [trace regfile.cpp:87]
SM 1 warp 3 0x80000130              VBEQ_0x0200885b from VALU, current_mask=FF, branch_mask=0, stack-size=0 @2735ns,1 [trace exec_simtstk.cpp:53]
SM 1 warp 3 0x80000130              VBEQ_0x0200885b join mask=FF stack-size=0 @2735ns,1 [trace exec_simtstk.cpp:65]
SM 1 warp 2 0x80000130              VBEQ_0x0200885b from VALU, current_mask=FF, branch_mask=0, stack-size=0 @2745ns,1 [trace exec_simtstk.cpp:53]
SM 1 warp 2 0x80000130              VBEQ_0x0200885b join mask=FF stack-size=0 @2745ns,1 [trace exec_simtstk.cpp:65]
SM 1 warp 1 0x80000130              VBEQ_0x0200885b from VALU, current_mask=FF, branch_mask=0, stack-size=0 @2755ns,1 [trace exec_simtstk.cpp:53]
SM 1 warp 1 0x80000130              VBEQ_0x0200885b join mask=FF stack-size=0 @2755ns,1 [trace exec_simtstk.cpp:65]
SM 1 warp 4 0x80000130              VBEQ_0x0200885b from VALU, current_mask=FF, branch_mask=0, stack-size=0 @2765ns,1 [trace exec_simtstk.cpp:53]
SM 1 warp 4 0x80000130              VBEQ_0x0200885b join mask=FF stack-size=0 @2765ns,1 [trace exec_simtstk.cpp:65]
SM 1 warp 3 0x80000134              ADDI_0x00100293 WB x[005]=0x00000001 @2805ns,1 [trace regfile.cpp:87]
SM 1 warp 2 0x80000134              ADDI_0x00100293 WB x[005]=0x00000001 @2815ns,1 [trace regfile.cpp:87]
SM 1 warp 1 0x80000134              ADDI_0x00100293 WB x[005]=0x00000001 @2825ns,1 [trace regfile.cpp:87]
SM 1 warp 4 0x80000134              ADDI_0x00100293 WB x[005]=0x00000001 @2835ns,1 [trace regfile.cpp:87]
SM 1 warp 3 0x80000138           VMV_V_X_0x5e02c0d7 mask=FF WB v[001]={00000001 00000001 00000001 00000001 00000001 00000001 00000001 00000001 00000000 00000000 00000000 00000000 00000000 00000000 00000000 00000000 00000000 00000000 00000000 00000000 00000000 00000000 00000000 00000000 00000000 00000000 00000000 00000000 00000000 00000000 00000000 00000000}; s1=5 s2=0 s3=1 @2885ns,1 [trace regfile.cpp:109]
SM 1 warp 2 0x80000138           VMV_V_X_0x5e02c0d7 mask=FF WB v[001]={00000001 00000001 00000001 00000001 00000001 00000001 00000001 00000001 00000000 00000000 00000000 00000000 00000000 00000000 00000000 00000000 00000000 00000000 00000000 00000000 00000000 00000000 00000000 00000000 00000000 00000000 00000000 00000000 00000000 00000000 00000000 00000000}; s1=5 s2=0 s3=1 @2895ns,1 [trace regfile.cpp:109]
SM 1 warp 3 0x8000013c             AUIPC_0x00000317 WB x[006]=0x8000013c @2895ns,1 [trace regfile.cpp:87]
SM 1 warp 1 0x80000138           VMV_V_X_0x5e02c0d7 mask=FF WB v[001]={00000001 00000001 00000001 00000001 00000001 00000001 00000001 00000001 00000000 00000000 00000000 00000000 00000000 00000000 00000000 00000000 00000000 00000000 00000000 00000000 00000000 00000000 00000000 00000000 00000000 00000000 00000000 00000000 00000000 00000000 00000000 00000000}; s1=5 s2=0 s3=1 @2905ns,1 [trace regfile.cpp:109]
SM 1 warp 2 0x8000013c             AUIPC_0x00000317 WB x[006]=0x8000013c @2905ns,1 [trace regfile.cpp:87]
SM 1 warp 4 0x80000138           VMV_V_X_0x5e02c0d7 mask=FF WB v[001]={00000001 00000001 00000001 00000001 00000001 00000001 00000001 00000001 00000000 00000000 00000000 00000000 00000000 00000000 00000000 00000000 00000000 00000000 00000000 00000000 00000000 00000000 00000000 00000000 00000000 00000000 00000000 00000000 00000000 00000000 00000000 00000000}; s1=5 s2=0 s3=1 @2915ns,1 [trace regfile.cpp:109]
SM 1 warp 1 0x8000013c             AUIPC_0x00000317 WB x[006]=0x8000013c @2915ns,1 [trace regfile.cpp:87]
SM 1 warp 4 0x8000013c             AUIPC_0x00000317 WB x[006]=0x8000013c @2925ns,1 [trace regfile.cpp:87]
SM 1 warp 3 0x80000140            SETRPC_0x0383305b CSR[0x38]=0x0 @2935ns,1 [trace exec_csr.cpp:154]
SM 1 warp 3 0x80000140            SETRPC_0x0383305b WB x[000]=0x00000000 @2945ns,1 [trace regfile.cpp:87]
SM 1 warp 2 0x80000140            SETRPC_0x0383305b CSR[0x38]=0x0 @2945ns,1 [trace exec_csr.cpp:154]
SM 1 warp 2 0x80000140            SETRPC_0x0383305b WB x[000]=0x00000000 @2955ns,1 [trace regfile.cpp:87]
SM 1 warp 1 0x80000140            SETRPC_0x0383305b CSR[0x38]=0x0 @2955ns,1 [trace exec_csr.cpp:154]
SM 1 warp 1 0x80000140            SETRPC_0x0383305b WB x[000]=0x00000000 @2965ns,1 [trace regfile.cpp:87]
SM 1 warp 4 0x80000140            SETRPC_0x0383305b CSR[0x38]=0x0 @2965ns,1 [trace exec_csr.cpp:154]
SM 1 warp 4 0x80000140            SETRPC_0x0383305b WB x[000]=0x00000000 @2975ns,1 [trace regfile.cpp:87]
SM 1 warp 3 0x80000144              VBEQ_0x0200825b from VALU, current_mask=FF, branch_mask=0, stack-size=0 @3015ns,1 [trace exec_simtstk.cpp:53]
SM 1 warp 3 0x80000144              VBEQ_0x0200825b join mask=FF stack-size=0 @3015ns,1 [trace exec_simtstk.cpp:65]
SM 1 warp 2 0x80000144              VBEQ_0x0200825b from VALU, current_mask=FF, branch_mask=0, stack-size=0 @3025ns,1 [trace exec_simtstk.cpp:53]
SM 1 warp 2 0x80000144              VBEQ_0x0200825b join mask=FF stack-size=0 @3025ns,1 [trace exec_simtstk.cpp:65]
SM 1 warp 1 0x80000144              VBEQ_0x0200825b from VALU, current_mask=FF, branch_mask=0, stack-size=0 @3035ns,1 [trace exec_simtstk.cpp:53]
SM 1 warp 1 0x80000144              VBEQ_0x0200825b join mask=FF stack-size=0 @3035ns,1 [trace exec_simtstk.cpp:65]
SM 1 warp 4 0x80000144              VBEQ_0x0200825b from VALU, current_mask=FF, branch_mask=0, stack-size=0 @3045ns,1 [trace exec_simtstk.cpp:53]
SM 1 warp 4 0x80000144              VBEQ_0x0200825b join mask=FF stack-size=0 @3045ns,1 [trace exec_simtstk.cpp:65]
SM 1 warp 3 0x80000148           VMV_V_X_0x5e0040d7 mask=FF WB v[001]={00000000 00000000 00000000 00000000 00000000 00000000 00000000 00000000 00000000 00000000 00000000 00000000 00000000 00000000 00000000 00000000 00000000 00000000 00000000 00000000 00000000 00000000 00000000 00000000 00000000 00000000 00000000 00000000 00000000 00000000 00000000 00000000}; s1=0 s2=0 s3=1 @3105ns,1 [trace regfile.cpp:109]
SM 1 warp 2 0x80000148           VMV_V_X_0x5e0040d7 mask=FF WB v[001]={00000000 00000000 00000000 00000000 00000000 00000000 00000000 00000000 00000000 00000000 00000000 00000000 00000000 00000000 00000000 00000000 00000000 00000000 00000000 00000000 00000000 00000000 00000000 00000000 00000000 00000000 00000000 00000000 00000000 00000000 00000000 00000000}; s1=0 s2=0 s3=1 @3115ns,1 [trace regfile.cpp:109]
SM 1 warp 3 0x8000014c             AUIPC_0x00000317 WB x[006]=0x8000014c @3115ns,1 [trace regfile.cpp:87]
SM 1 warp 1 0x80000148           VMV_V_X_0x5e0040d7 mask=FF WB v[001]={00000000 00000000 00000000 00000000 00000000 00000000 00000000 00000000 00000000 00000000 00000000 00000000 00000000 00000000 00000000 00000000 00000000 00000000 00000000 00000000 00000000 00000000 00000000 00000000 00000000 00000000 00000000 00000000 00000000 00000000 00000000 00000000}; s1=0 s2=0 s3=1 @3125ns,1 [trace regfile.cpp:109]
SM 1 warp 2 0x8000014c             AUIPC_0x00000317 WB x[006]=0x8000014c @3125ns,1 [trace regfile.cpp:87]
SM 1 warp 4 0x80000148           VMV_V_X_0x5e0040d7 mask=FF WB v[001]={00000000 00000000 00000000 00000000 00000000 00000000 00000000 00000000 00000000 00000000 00000000 00000000 00000000 00000000 00000000 00000000 00000000 00000000 00000000 00000000 00000000 00000000 00000000 00000000 00000000 00000000 00000000 00000000 00000000 00000000 00000000 00000000}; s1=0 s2=0 s3=1 @3135ns,1 [trace regfile.cpp:109]
SM 1 warp 1 0x8000014c             AUIPC_0x00000317 WB x[006]=0x8000014c @3135ns,1 [trace regfile.cpp:87]
SM 1 warp 4 0x8000014c             AUIPC_0x00000317 WB x[006]=0x8000014c @3145ns,1 [trace regfile.cpp:87]
SM 1 warp 3 0x80000150            SETRPC_0x0283305b CSR[0x28]=0x0 @3155ns,1 [trace exec_csr.cpp:154]
SM 1 warp 3 0x80000150            SETRPC_0x0283305b WB x[000]=0x00000000 @3165ns,1 [trace regfile.cpp:87]
SM 1 warp 2 0x80000150            SETRPC_0x0283305b CSR[0x28]=0x0 @3165ns,1 [trace exec_csr.cpp:154]
SM 1 warp 2 0x80000150            SETRPC_0x0283305b WB x[000]=0x00000000 @3175ns,1 [trace regfile.cpp:87]
SM 1 warp 1 0x80000150            SETRPC_0x0283305b CSR[0x28]=0x0 @3175ns,1 [trace exec_csr.cpp:154]
SM 1 warp 1 0x80000150            SETRPC_0x0283305b WB x[000]=0x00000000 @3185ns,1 [trace regfile.cpp:87]
SM 1 warp 4 0x80000150            SETRPC_0x0283305b CSR[0x28]=0x0 @3185ns,1 [trace exec_csr.cpp:154]
SM 1 warp 4 0x80000150            SETRPC_0x0283305b WB x[000]=0x00000000 @3195ns,1 [trace regfile.cpp:87]
SM 1 warp 3 0x80000154              VBNE_0x00009e5b from VALU, current_mask=FF, branch_mask=0, stack-size=0 @3235ns,1 [trace exec_simtstk.cpp:53]
SM 1 warp 3 0x80000154              VBNE_0x00009e5b join mask=FF stack-size=0 @3235ns,1 [trace exec_simtstk.cpp:65]
SM 1 warp 2 0x80000154              VBNE_0x00009e5b from VALU, current_mask=FF, branch_mask=0, stack-size=0 @3245ns,1 [trace exec_simtstk.cpp:53]
SM 1 warp 2 0x80000154              VBNE_0x00009e5b join mask=FF stack-size=0 @3245ns,1 [trace exec_simtstk.cpp:65]
SM 1 warp 1 0x80000154              VBNE_0x00009e5b from VALU, current_mask=FF, branch_mask=0, stack-size=0 @3255ns,1 [trace exec_simtstk.cpp:53]
SM 1 warp 1 0x80000154              VBNE_0x00009e5b join mask=FF stack-size=0 @3255ns,1 [trace exec_simtstk.cpp:65]
SM 1 warp 4 0x80000154              VBNE_0x00009e5b from VALU, current_mask=FF, branch_mask=0, stack-size=0 @3265ns,1 [trace exec_simtstk.cpp:53]
SM 1 warp 4 0x80000154              VBNE_0x00009e5b join mask=FF stack-size=0 @3265ns,1 [trace exec_simtstk.cpp:65]
SM 1 warp 3 0x80000158               JAL_0x1a0000ef JUMP=true, jumpTO 0x800002f8 @3275ns,1 [trace exec_salu.cpp:108]
SM 1 warp 3 0x80000158               JAL_0x1a0000ef WB x[001]=0x8000015c @3285ns,1 [trace regfile.cpp:87]
SM 1 warp 3 JUMP to 0x800002f8 @3285ns,1 [trace subcore.cpp:245]
SM 1 warp 2 0x80000158               JAL_0x1a0000ef JUMP=true, jumpTO 0x800002f8 @3285ns,1 [trace exec_salu.cpp:108]
SM 1 warp 2 JUMP to 0x800002f8 @3295ns,1 [trace subcore.cpp:245]
SM 1 warp 2 0x80000158               JAL_0x1a0000ef WB x[001]=0x8000015c @3295ns,1 [trace regfile.cpp:87]
SM 1 warp 1 0x80000158               JAL_0x1a0000ef JUMP=true, jumpTO 0x800002f8 @3295ns,1 [trace exec_salu.cpp:108]
SM 1 warp 1 0x80000158               JAL_0x1a0000ef WB x[001]=0x8000015c @3305ns,1 [trace regfile.cpp:87]
SM 1 warp 1 JUMP to 0x800002f8 @3305ns,1 [trace subcore.cpp:245]
SM 1 warp 4 0x80000158               JAL_0x1a0000ef JUMP=true, jumpTO 0x800002f8 @3305ns,1 [trace exec_salu.cpp:108]
SM 1 warp 4 JUMP to 0x800002f8 @3315ns,1 [trace subcore.cpp:245]
SM 1 warp 4 0x80000158               JAL_0x1a0000ef WB x[001]=0x8000015c @3315ns,1 [trace regfile.cpp:87]
SM 1 warp 3 0x800002f8              ADDI_0x00410113 WB x[002]=0x70000818 @3365ns,1 [trace regfile.cpp:87]
SM 1 warp 2 0x800002f8              ADDI_0x00410113 WB x[002]=0x70000418 @3375ns,1 [trace regfile.cpp:87]
SM 1 warp 1 0x800002f8              ADDI_0x00410113 WB x[002]=0x70000018 @3385ns,1 [trace regfile.cpp:87]
SM 1 warp 4 0x800002f8              ADDI_0x00410113 WB x[002]=0x70000c18 @3395ns,1 [trace regfile.cpp:87]
SM 1 warp 3 0x800002fc                SW_0xfe112e23 mask=FF ADDR 70000814, DATA 8000015c @3405ns,1 [trace exec_lsu.cpp:183]
SM 1 warp 2 0x800002fc                SW_0xfe112e23 mask=FF ADDR 70000414, DATA 8000015c @3415ns,1 [trace exec_lsu.cpp:183]
SM 1 warp 1 0x800002fc                SW_0xfe112e23 mask=FF ADDR 70000014, DATA 8000015c @3425ns,1 [trace exec_lsu.cpp:183]
SM 1 warp 4 0x800002fc                SW_0xfe112e23 mask=FF ADDR 70000c14, DATA 8000015c @3435ns,1 [trace exec_lsu.cpp:183]
SM 1 warp 3 0x80000300               JAL_0xf1dff0ef JUMP=true, jumpTO 0x8000021c @3445ns,1 [trace exec_salu.cpp:108]
SM 1 warp 3 JUMP to 0x8000021c @3455ns,1 [trace subcore.cpp:245]
SM 1 warp 3 0x80000300               JAL_0xf1dff0ef WB x[001]=0x80000304 @3455ns,1 [trace regfile.cpp:87]
SM 1 warp 2 0x80000300               JAL_0xf1dff0ef JUMP=true, jumpTO 0x8000021c @3455ns,1 [trace exec_salu.cpp:108]
SM 1 warp 2 0x80000300               JAL_0xf1dff0ef WB x[001]=0x80000304 @3465ns,1 [trace regfile.cpp:87]
SM 1 warp 2 JUMP to 0x8000021c @3465ns,1 [trace subcore.cpp:245]
SM 1 warp 1 0x80000300               JAL_0xf1dff0ef JUMP=true, jumpTO 0x8000021c @3465ns,1 [trace exec_salu.cpp:108]
SM 1 warp 1 JUMP to 0x8000021c @3475ns,1 [trace subcore.cpp:245]
SM 1 warp 1 0x80000300               JAL_0xf1dff0ef WB x[001]=0x80000304 @3475ns,1 [trace regfile.cpp:87]
SM 1 warp 4 0x80000300               JAL_0xf1dff0ef JUMP=true, jumpTO 0x8000021c @3475ns,1 [trace exec_salu.cpp:108]
SM 1 warp 4 0x80000300               JAL_0xf1dff0ef WB x[001]=0x80000304 @3485ns,1 [trace regfile.cpp:87]
SM 1 warp 4 JUMP to 0x8000021c @3485ns,1 [trace subcore.cpp:245]
SM 1 warp 3 0x8000021c              ADDI_0x00410113 WB x[002]=0x7000081c @3535ns,1 [trace regfile.cpp:87]
SM 1 warp 2 0x8000021c              ADDI_0x00410113 WB x[002]=0x7000041c @3545ns,1 [trace regfile.cpp:87]
SM 1 warp 1 0x8000021c              ADDI_0x00410113 WB x[002]=0x7000001c @3555ns,1 [trace regfile.cpp:87]
SM 1 warp 4 0x8000021c              ADDI_0x00410113 WB x[002]=0x70000c1c @3565ns,1 [trace regfile.cpp:87]
SM 1 warp 3 0x80000220                SW_0xfe112e23 mask=FF ADDR 70000818, DATA 80000304 @3575ns,1 [trace exec_lsu.cpp:183]
SM 1 warp 2 0x80000220                SW_0xfe112e23 mask=FF ADDR 70000418, DATA 80000304 @3585ns,1 [trace exec_lsu.cpp:183]
SM 1 warp 1 0x80000220                SW_0xfe112e23 mask=FF ADDR 70000018, DATA 80000304 @3595ns,1 [trace exec_lsu.cpp:183]
SM 1 warp 4 0x80000220                SW_0xfe112e23 mask=FF ADDR 70000c18, DATA 80000304 @3605ns,1 [trace exec_lsu.cpp:183]
SM 1 warp 3 0x80000224             CSRRS_0x80302573 CSR[0x803]=0x90404000 @3615ns,1 [trace exec_csr.cpp:93]
SM 1 warp 3 0x80000224             CSRRS_0x80302573 WB x[010]=0x90404000 @3625ns,1 [trace regfile.cpp:87]
SM 1 warp 2 0x80000224             CSRRS_0x80302573 CSR[0x803]=0x90404000 @3625ns,1 [trace exec_csr.cpp:93]
SM 1 warp 2 0x80000224             CSRRS_0x80302573 WB x[010]=0x90404000 @3635ns,1 [trace regfile.cpp:87]
SM 1 warp 1 0x80000224             CSRRS_0x80302573 CSR[0x803]=0x90404000 @3635ns,1 [trace exec_csr.cpp:93]
SM 1 warp 1 0x80000224             CSRRS_0x80302573 WB x[010]=0x90404000 @3645ns,1 [trace regfile.cpp:87]
SM 1 warp 4 0x80000224             CSRRS_0x80302573 CSR[0x803]=0x90404000 @3645ns,1 [trace exec_csr.cpp:93]
SM 1 warp 4 0x80000224             CSRRS_0x80302573 WB x[010]=0x90404000 @3655ns,1 [trace regfile.cpp:87]
SM 1 warp 3 0x80000228                LW_0x00852283 mask=FF MEMADDR 90404008 @3665ns,1 [trace exec_lsu.cpp:189]
SM 1 warp 3 0x80000228                LW_0x00852283 WB x[005]=0x00000001 @3675ns,1 [trace regfile.cpp:87]
SM 1 warp 2 0x80000228                LW_0x00852283 mask=FF MEMADDR 90404008 @3675ns,1 [trace exec_lsu.cpp:189]
SM 1 warp 1 0x80000228                LW_0x00852283 mask=FF MEMADDR 90404008 @3685ns,1 [trace exec_lsu.cpp:189]
SM 1 warp 2 0x80000228                LW_0x00852283 WB x[005]=0x00000001 @3685ns,1 [trace regfile.cpp:87]
SM 1 warp 1 0x80000228                LW_0x00852283 WB x[005]=0x00000001 @3695ns,1 [trace regfile.cpp:87]
SM 1 warp 4 0x80000228                LW_0x00852283 mask=FF MEMADDR 90404008 @3695ns,1 [trace exec_lsu.cpp:189]
SM 1 warp 4 0x80000228                LW_0x00852283 WB x[005]=0x00000001 @3705ns,1 [trace regfile.cpp:87]
SM 1 warp 3 0x8000022c             CSRRS_0x80002373 CSR[0x800]=0x10 @3705ns,1 [trace exec_csr.cpp:93]
SM 1 warp 3 0x8000022c             CSRRS_0x80002373 WB x[006]=0x00000010 @3715ns,1 [trace regfile.cpp:87]
SM 1 warp 2 0x8000022c             CSRRS_0x80002373 CSR[0x800]=0x8 @3715ns,1 [trace exec_csr.cpp:93]
SM 1 warp 2 0x8000022c             CSRRS_0x80002373 WB x[006]=0x00000008 @3725ns,1 [trace regfile.cpp:87]
SM 1 warp 1 0x8000022c             CSRRS_0x80002373 CSR[0x800]=0x0 @3725ns,1 [trace exec_csr.cpp:93]
SM 1 warp 1 0x8000022c             CSRRS_0x80002373 WB x[006]=0x00000000 @3735ns,1 [trace regfile.cpp:87]
SM 1 warp 4 0x8000022c             CSRRS_0x80002373 CSR[0x800]=0x18 @3735ns,1 [trace exec_csr.cpp:93]
SM 1 warp 4 0x8000022c             CSRRS_0x80002373 WB x[006]=0x00000018 @3745ns,1 [trace regfile.cpp:87]
SM 1 warp 3 0x80000230             VID_V_0x5208a157 mask=FF WB v[002]={00000000 00000001 00000002 00000003 00000004 00000005 00000006 00000007 00000000 00000000 00000000 00000000 00000000 00000000 00000000 00000000 00000000 00000000 00000000 00000000 00000000 00000000 00000000 00000000 00000000 00000000 00000000 00000000 00000000 00000000 00000000 00000000}; s1=17 s2=0 s3=2 @3775ns,1 [trace regfile.cpp:109]
SM 1 warp 2 0x80000230             VID_V_0x5208a157 mask=FF WB v[002]={00000000 00000001 00000002 00000003 00000004 00000005 00000006 00000007 00000000 00000000 00000000 00000000 00000000 00000000 00000000 00000000 00000000 00000000 00000000 00000000 00000000 00000000 00000000 00000000 00000000 00000000 00000000 00000000 00000000 00000000 00000000 00000000}; s1=17 s2=0 s3=2 @3785ns,1 [trace regfile.cpp:109]
SM 1 warp 1 0x80000230             VID_V_0x5208a157 mask=FF WB v[002]={00000000 00000001 00000002 00000003 00000004 00000005 00000006 00000007 00000000 00000000 00000000 00000000 00000000 00000000 00000000 00000000 00000000 00000000 00000000 00000000 00000000 00000000 00000000 00000000 00000000 00000000 00000000 00000000 00000000 00000000 00000000 00000000}; s1=17 s2=0 s3=2 @3795ns,1 [trace regfile.cpp:109]
SM 1 warp 4 0x80000230             VID_V_0x5208a157 mask=FF WB v[002]={00000000 00000001 00000002 00000003 00000004 00000005 00000006 00000007 00000000 00000000 00000000 00000000 00000000 00000000 00000000 00000000 00000000 00000000 00000000 00000000 00000000 00000000 00000000 00000000 00000000 00000000 00000000 00000000 00000000 00000000 00000000 00000000}; s1=17 s2=0 s3=2 @3805ns,1 [trace regfile.cpp:109]
SM 1 warp 3 0x80000238                LW_0x01852e03 mask=FF MEMADDR 90404018 @3865ns,1 [trace exec_lsu.cpp:189]
SM 1 warp 3 0x80000234           VADD_VX_0x02234057 mask=FF WB v[000]={00000010 00000011 00000012 00000013 00000014 00000015 00000016 00000017 00000000 00000000 00000000 00000000 00000000 00000000 00000000 00000000 00000000 00000000 00000000 00000000 00000000 00000000 00000000 00000000 00000000 00000000 00000000 00000000 00000000 00000000 00000000 00000000}; s1=6 s2=2 s3=0 @3865ns,1 [trace regfile.cpp:109]
SM 1 warp 2 0x80000234           VADD_VX_0x02234057 mask=FF WB v[000]={00000008 00000009 0000000a 0000000b 0000000c 0000000d 0000000e 0000000f 00000000 00000000 00000000 00000000 00000000 00000000 00000000 00000000 00000000 00000000 00000000 00000000 00000000 00000000 00000000 00000000 00000000 00000000 00000000 00000000 00000000 00000000 00000000 00000000}; s1=6 s2=2 s3=0 @3875ns,1 [trace regfile.cpp:109]
SM 1 warp 3 0x80000238                LW_0x01852e03 WB x[028]=0x00000020 @3875ns,1 [trace regfile.cpp:87]
SM 1 warp 2 0x80000238                LW_0x01852e03 mask=FF MEMADDR 90404018 @3875ns,1 [trace exec_lsu.cpp:189]
SM 1 warp 1 0x80000238                LW_0x01852e03 mask=FF MEMADDR 90404018 @3885ns,1 [trace exec_lsu.cpp:189]
SM 1 warp 1 0x80000234           VADD_VX_0x02234057 mask=FF WB v[000]={00000000 00000001 00000002 00000003 00000004 00000005 00000006 00000007 00000000 00000000 00000000 00000000 00000000 00000000 00000000 00000000 00000000 00000000 00000000 00000000 00000000 00000000 00000000 00000000 00000000 00000000 00000000 00000000 00000000 00000000 00000000 00000000}; s1=6 s2=2 s3=0 @3885ns,1 [trace regfile.cpp:109]
SM 1 warp 2 0x80000238                LW_0x01852e03 WB x[028]=0x00000020 @3885ns,1 [trace regfile.cpp:87]
SM 1 warp 4 0x80000234           VADD_VX_0x02234057 mask=FF WB v[000]={00000018 00000019 0000001a 0000001b 0000001c 0000001d 0000001e 0000001f 00000000 00000000 00000000 00000000 00000000 00000000 00000000 00000000 00000000 00000000 00000000 00000000 00000000 00000000 00000000 00000000 00000000 00000000 00000000 00000000 00000000 00000000 00000000 00000000}; s1=6 s2=2 s3=0 @3895ns,1 [trace regfile.cpp:109]
SM 1 warp 1 0x80000238                LW_0x01852e03 WB x[028]=0x00000020 @3895ns,1 [trace regfile.cpp:87]
SM 1 warp 4 0x80000238                LW_0x01852e03 mask=FF MEMADDR 90404018 @3895ns,1 [trace exec_lsu.cpp:189]
SM 1 warp 4 0x80000238                LW_0x01852e03 WB x[028]=0x00000020 @3905ns,1 [trace regfile.cpp:87]
SM 1 warp 3 0x80000240                LW_0xffc12083 mask=FF MEMADDR 70000818 @3965ns,1 [trace exec_lsu.cpp:189]
SM 1 warp 3 0x8000023c          VREMU_VX_0x8a0e6057 mask=FF WB v[000]={00000010 00000011 00000012 00000013 00000014 00000015 00000016 00000017 00000000 00000000 00000000 00000000 00000000 00000000 00000000 00000000 00000000 00000000 00000000 00000000 00000000 00000000 00000000 00000000 00000000 00000000 00000000 00000000 00000000 00000000 00000000 00000000}; s1=28 s2=0 s3=0 @3965ns,1 [trace regfile.cpp:109]
SM 1 warp 2 0x8000023c          VREMU_VX_0x8a0e6057 mask=FF WB v[000]={00000008 00000009 0000000a 0000000b 0000000c 0000000d 0000000e 0000000f 00000000 00000000 00000000 00000000 00000000 00000000 00000000 00000000 00000000 00000000 00000000 00000000 00000000 00000000 00000000 00000000 00000000 00000000 00000000 00000000 00000000 00000000 00000000 00000000}; s1=28 s2=0 s3=0 @3975ns,1 [trace regfile.cpp:109]
SM 1 warp 3 0x80000240                LW_0xffc12083 WB x[001]=0x80000304 @3975ns,1 [trace regfile.cpp:87]
SM 1 warp 2 0x80000240                LW_0xffc12083 mask=FF MEMADDR 70000418 @3975ns,1 [trace exec_lsu.cpp:189]
SM 1 warp 1 0x80000240                LW_0xffc12083 mask=FF MEMADDR 70000018 @3985ns,1 [trace exec_lsu.cpp:189]
SM 1 warp 1 0x8000023c          VREMU_VX_0x8a0e6057 mask=FF WB v[000]={00000000 00000001 00000002 00000003 00000004 00000005 00000006 00000007 00000000 00000000 00000000 00000000 00000000 00000000 00000000 00000000 00000000 00000000 00000000 00000000 00000000 00000000 00000000 00000000 00000000 00000000 00000000 00000000 00000000 00000000 00000000 00000000}; s1=28 s2=0 s3=0 @3985ns,1 [trace regfile.cpp:109]
SM 1 warp 2 0x80000240                LW_0xffc12083 WB x[001]=0x80000304 @3985ns,1 [trace regfile.cpp:87]
SM 1 warp 4 0x8000023c          VREMU_VX_0x8a0e6057 mask=FF WB v[000]={00000018 00000019 0000001a 0000001b 0000001c 0000001d 0000001e 0000001f 00000000 00000000 00000000 00000000 00000000 00000000 00000000 00000000 00000000 00000000 00000000 00000000 00000000 00000000 00000000 00000000 00000000 00000000 00000000 00000000 00000000 00000000 00000000 00000000}; s1=28 s2=0 s3=0 @3995ns,1 [trace regfile.cpp:109]
SM 1 warp 1 0x80000240                LW_0xffc12083 WB x[001]=0x80000304 @3995ns,1 [trace regfile.cpp:87]
SM 1 warp 4 0x80000240                LW_0xffc12083 mask=FF MEMADDR 70000c18 @3995ns,1 [trace exec_lsu.cpp:189]
SM 1 warp 4 0x80000240                LW_0xffc12083 WB x[001]=0x80000304 @4005ns,1 [trace regfile.cpp:87]
SM 1 warp 3 0x80000244              ADDI_0xffc10113 WB x[002]=0x70000818 @4025ns,1 [trace regfile.cpp:87]
SM 1 warp 2 0x80000244              ADDI_0xffc10113 WB x[002]=0x70000418 @4035ns,1 [trace regfile.cpp:87]
SM 1 warp 1 0x80000244              ADDI_0xffc10113 WB x[002]=0x70000018 @4045ns,1 [trace regfile.cpp:87]
SM 1 warp 4 0x80000244              ADDI_0xffc10113 WB x[002]=0x70000c18 @4055ns,1 [trace regfile.cpp:87]
SM 1 warp 3 0x80000248              JALR_0x00008067 JUMP=true, jumpTO 0x80000304 @4055ns,1 [trace exec_salu.cpp:121]
SM 1 warp 3 0x80000248              JALR_0x00008067 WB x[000]=0x8000024c @4065ns,1 [trace regfile.cpp:87]
SM 1 warp 3 JUMP to 0x80000304 @4065ns,1 [trace subcore.cpp:245]
SM 1 warp 2 0x80000248              JALR_0x00008067 JUMP=true, jumpTO 0x80000304 @4065ns,1 [trace exec_salu.cpp:121]
SM 1 warp 2 JUMP to 0x80000304 @4075ns,1 [trace subcore.cpp:245]
SM 1 warp 2 0x80000248              JALR_0x00008067 WB x[000]=0x8000024c @4075ns,1 [trace regfile.cpp:87]
SM 1 warp 1 0x80000248              JALR_0x00008067 JUMP=true, jumpTO 0x80000304 @4075ns,1 [trace exec_salu.cpp:121]
SM 1 warp 1 0x80000248              JALR_0x00008067 WB x[000]=0x8000024c @4085ns,1 [trace regfile.cpp:87]
SM 1 warp 1 JUMP to 0x80000304 @4085ns,1 [trace subcore.cpp:245]
SM 1 warp 4 0x80000248              JALR_0x00008067 JUMP=true, jumpTO 0x80000304 @4085ns,1 [trace exec_salu.cpp:121]
SM 1 warp 4 JUMP to 0x80000304 @4095ns,1 [trace subcore.cpp:245]
SM 1 warp 4 0x80000248              JALR_0x00008067 WB x[000]=0x8000024c @4095ns,1 [trace regfile.cpp:87]
SM 1 warp 3 0x80000304             CSRRS_0x80302573 CSR[0x803]=0x90404000 @4125ns,1 [trace exec_csr.cpp:93]
SM 1 warp 3 0x80000304             CSRRS_0x80302573 WB x[010]=0x90404000 @4135ns,1 [trace regfile.cpp:87]
SM 1 warp 2 0x80000304             CSRRS_0x80302573 CSR[0x803]=0x90404000 @4135ns,1 [trace exec_csr.cpp:93]
SM 1 warp 2 0x80000304             CSRRS_0x80302573 WB x[010]=0x90404000 @4145ns,1 [trace regfile.cpp:87]
SM 1 warp 1 0x80000304             CSRRS_0x80302573 CSR[0x803]=0x90404000 @4145ns,1 [trace exec_csr.cpp:93]
SM 1 warp 1 0x80000304             CSRRS_0x80302573 WB x[010]=0x90404000 @4155ns,1 [trace regfile.cpp:87]
SM 1 warp 4 0x80000304             CSRRS_0x80302573 CSR[0x803]=0x90404000 @4155ns,1 [trace exec_csr.cpp:93]
SM 1 warp 4 0x80000304             CSRRS_0x80302573 WB x[010]=0x90404000 @4165ns,1 [trace regfile.cpp:87]
SM 1 warp 3 0x80000308             CSRRS_0x80802373 CSR[0x808]=0x0 @4165ns,1 [trace exec_csr.cpp:93]
SM 1 warp 3 0x80000308             CSRRS_0x80802373 WB x[006]=0x00000000 @4175ns,1 [trace regfile.cpp:87]
SM 1 warp 2 0x80000308             CSRRS_0x80802373 CSR[0x808]=0x0 @4175ns,1 [trace exec_csr.cpp:93]
SM 1 warp 2 0x80000308             CSRRS_0x80802373 WB x[006]=0x00000000 @4185ns,1 [trace regfile.cpp:87]
SM 1 warp 1 0x80000308             CSRRS_0x80802373 CSR[0x808]=0x0 @4185ns,1 [trace exec_csr.cpp:93]
SM 1 warp 1 0x80000308             CSRRS_0x80802373 WB x[006]=0x00000000 @4195ns,1 [trace regfile.cpp:87]
SM 1 warp 4 0x80000308             CSRRS_0x80802373 CSR[0x808]=0x0 @4195ns,1 [trace exec_csr.cpp:93]
SM 1 warp 3 0x8000030c                LW_0x01852e03 mask=FF MEMADDR 90404018 @4205ns,1 [trace exec_lsu.cpp:189]
SM 1 warp 4 0x80000308             CSRRS_0x80802373 WB x[006]=0x00000000 @4205ns,1 [trace regfile.cpp:87]
SM 1 warp 3 0x8000030c                LW_0x01852e03 WB x[028]=0x00000020 @4215ns,1 [trace regfile.cpp:87]
SM 1 warp 2 0x8000030c                LW_0x01852e03 mask=FF MEMADDR 90404018 @4215ns,1 [trace exec_lsu.cpp:189]
SM 1 warp 1 0x8000030c                LW_0x01852e03 mask=FF MEMADDR 90404018 @4225ns,1 [trace exec_lsu.cpp:189]
SM 1 warp 2 0x8000030c                LW_0x01852e03 WB x[028]=0x00000020 @4225ns,1 [trace regfile.cpp:87]
SM 1 warp 1 0x8000030c                LW_0x01852e03 WB x[028]=0x00000020 @4235ns,1 [trace regfile.cpp:87]
SM 1 warp 4 0x8000030c                LW_0x01852e03 mask=FF MEMADDR 90404018 @4235ns,1 [trace exec_lsu.cpp:189]
SM 1 warp 3 0x80000310                LW_0x02452e83 mask=FF MEMADDR 90404024 @4245ns,1 [trace exec_lsu.cpp:189]
SM 1 warp 4 0x8000030c                LW_0x01852e03 WB x[028]=0x00000020 @4245ns,1 [trace regfile.cpp:87]
SM 1 warp 3 0x80000310                LW_0x02452e83 WB x[029]=0x00000000 @4255ns,1 [trace regfile.cpp:87]
SM 1 warp 2 0x80000310                LW_0x02452e83 mask=FF MEMADDR 90404024 @4255ns,1 [trace exec_lsu.cpp:189]
SM 1 warp 1 0x80000310                LW_0x02452e83 mask=FF MEMADDR 90404024 @4265ns,1 [trace exec_lsu.cpp:189]
SM 1 warp 2 0x80000310                LW_0x02452e83 WB x[029]=0x00000000 @4265ns,1 [trace regfile.cpp:87]
SM 1 warp 1 0x80000310                LW_0x02452e83 WB x[029]=0x00000000 @4275ns,1 [trace regfile.cpp:87]
SM 1 warp 4 0x80000310                LW_0x02452e83 mask=FF MEMADDR 90404024 @4275ns,1 [trace exec_lsu.cpp:189]
SM 1 warp 4 0x80000310                LW_0x02452e83 WB x[029]=0x00000000 @4285ns,1 [trace regfile.cpp:87]
SM 1 warp 3 0x80000314               MUL_0x03c30fb3 WB x[031]=0x00000000 @4325ns,1 [trace regfile.cpp:87]
SM 1 warp 2 0x80000314               MUL_0x03c30fb3 WB x[031]=0x00000000 @4335ns,1 [trace regfile.cpp:87]
SM 1 warp 1 0x80000314               MUL_0x03c30fb3 WB x[031]=0x00000000 @4345ns,1 [trace regfile.cpp:87]
SM 1 warp 4 0x80000314               MUL_0x03c30fb3 WB x[031]=0x00000000 @4355ns,1 [trace regfile.cpp:87]
SM 1 warp 3 0x80000318               ADD_0x01df8fb3 WB x[031]=0x00000000 @4385ns,1 [trace regfile.cpp:87]
SM 1 warp 2 0x80000318               ADD_0x01df8fb3 WB x[031]=0x00000000 @4395ns,1 [trace regfile.cpp:87]
SM 1 warp 1 0x80000318               ADD_0x01df8fb3 WB x[031]=0x00000000 @4405ns,1 [trace regfile.cpp:87]
SM 1 warp 4 0x80000318               ADD_0x01df8fb3 WB x[031]=0x00000000 @4415ns,1 [trace regfile.cpp:87]
SM 1 warp 3 0x80000320                LW_0xffc12083 mask=FF MEMADDR 70000814 @4465ns,1 [trace exec_lsu.cpp:189]
SM 1 warp 3 0x8000031c           VADD_VX_0x020fc057 mask=FF WB v[000]={00000010 00000011 00000012 00000013 00000014 00000015 00000016 00000017 00000000 00000000 00000000 00000000 00000000 00000000 00000000 00000000 00000000 00000000 00000000 00000000 00000000 00000000 00000000 00000000 00000000 00000000 00000000 00000000 00000000 00000000 00000000 00000000}; s1=31 s2=0 s3=0 @4465ns,1 [trace regfile.cpp:109]
SM 1 warp 2 0x8000031c           VADD_VX_0x020fc057 mask=FF WB v[000]={00000008 00000009 0000000a 0000000b 0000000c 0000000d 0000000e 0000000f 00000000 00000000 00000000 00000000 00000000 00000000 00000000 00000000 00000000 00000000 00000000 00000000 00000000 00000000 00000000 00000000 00000000 00000000 00000000 00000000 00000000 00000000 00000000 00000000}; s1=31 s2=0 s3=0 @4475ns,1 [trace regfile.cpp:109]
SM 1 warp 3 0x80000320                LW_0xffc12083 WB x[001]=0x8000015c @4475ns,1 [trace regfile.cpp:87]
SM 1 warp 2 0x80000320                LW_0xffc12083 mask=FF MEMADDR 70000414 @4475ns,1 [trace exec_lsu.cpp:189]
SM 1 warp 1 0x80000320                LW_0xffc12083 mask=FF MEMADDR 70000014 @4485ns,1 [trace exec_lsu.cpp:189]
SM 1 warp 1 0x8000031c           VADD_VX_0x020fc057 mask=FF WB v[000]={00000000 00000001 00000002 00000003 00000004 00000005 00000006 00000007 00000000 00000000 00000000 00000000 00000000 00000000 00000000 00000000 00000000 00000000 00000000 00000000 00000000 00000000 00000000 00000000 00000000 00000000 00000000 00000000 00000000 00000000 00000000 00000000}; s1=31 s2=0 s3=0 @4485ns,1 [trace regfile.cpp:109]
SM 1 warp 2 0x80000320                LW_0xffc12083 WB x[001]=0x8000015c @4485ns,1 [trace regfile.cpp:87]
SM 1 warp 4 0x8000031c           VADD_VX_0x020fc057 mask=FF WB v[000]={00000018 00000019 0000001a 0000001b 0000001c 0000001d 0000001e 0000001f 00000000 00000000 00000000 00000000 00000000 00000000 00000000 00000000 00000000 00000000 00000000 00000000 00000000 00000000 00000000 00000000 00000000 00000000 00000000 00000000 00000000 00000000 00000000 00000000}; s1=31 s2=0 s3=0 @4495ns,1 [trace regfile.cpp:109]
SM 1 warp 1 0x80000320                LW_0xffc12083 WB x[001]=0x8000015c @4495ns,1 [trace regfile.cpp:87]
SM 1 warp 4 0x80000320                LW_0xffc12083 mask=FF MEMADDR 70000c14 @4495ns,1 [trace exec_lsu.cpp:189]
SM 1 warp 4 0x80000320                LW_0xffc12083 WB x[001]=0x8000015c @4505ns,1 [trace regfile.cpp:87]
SM 1 warp 3 0x80000324              ADDI_0xffc10113 WB x[002]=0x70000814 @4525ns,1 [trace regfile.cpp:87]
SM 1 warp 2 0x80000324              ADDI_0xffc10113 WB x[002]=0x70000414 @4535ns,1 [trace regfile.cpp:87]
SM 1 warp 1 0x80000324              ADDI_0xffc10113 WB x[002]=0x70000014 @4545ns,1 [trace regfile.cpp:87]
SM 1 warp 4 0x80000324              ADDI_0xffc10113 WB x[002]=0x70000c14 @4555ns,1 [trace regfile.cpp:87]
SM 1 warp 3 0x80000328              JALR_0x00008067 JUMP=true, jumpTO 0x8000015c @4555ns,1 [trace exec_salu.cpp:121]
SM 1 warp 3 0x80000328              JALR_0x00008067 WB x[000]=0x8000032c @4565ns,1 [trace regfile.cpp:87]
SM 1 warp 3 JUMP to 0x8000015c @4565ns,1 [trace subcore.cpp:245]
SM 1 warp 2 0x80000328              JALR_0x00008067 JUMP=true, jumpTO 0x8000015c @4565ns,1 [trace exec_salu.cpp:121]
SM 1 warp 2 JUMP to 0x8000015c @4575ns,1 [trace subcore.cpp:245]
SM 1 warp 2 0x80000328              JALR_0x00008067 WB x[000]=0x8000032c @4575ns,1 [trace regfile.cpp:87]
SM 1 warp 1 0x80000328              JALR_0x00008067 JUMP=true, jumpTO 0x8000015c @4575ns,1 [trace exec_salu.cpp:121]
SM 1 warp 1 0x80000328              JALR_0x00008067 WB x[000]=0x8000032c @4585ns,1 [trace regfile.cpp:87]
SM 1 warp 1 JUMP to 0x8000015c @4585ns,1 [trace subcore.cpp:245]
SM 1 warp 4 0x80000328              JALR_0x00008067 JUMP=true, jumpTO 0x8000015c @4585ns,1 [trace exec_salu.cpp:121]
SM 1 warp 4 JUMP to 0x8000015c @4595ns,1 [trace subcore.cpp:245]
SM 1 warp 4 0x80000328              JALR_0x00008067 WB x[000]=0x8000032c @4595ns,1 [trace regfile.cpp:87]
SM 1 warp 3 0x8000015c               JAL_0x0180006f JUMP=true, jumpTO 0x80000174 @4615ns,1 [trace exec_salu.cpp:108]
SM 1 warp 3 0x8000015c               JAL_0x0180006f WB x[000]=0x80000160 @4625ns,1 [trace regfile.cpp:87]
SM 1 warp 3 JUMP to 0x80000174 @4625ns,1 [trace subcore.cpp:245]
SM 1 warp 2 0x8000015c               JAL_0x0180006f JUMP=true, jumpTO 0x80000174 @4625ns,1 [trace exec_salu.cpp:108]
SM 1 warp 2 JUMP to 0x80000174 @4635ns,1 [trace subcore.cpp:245]
SM 1 warp 2 0x8000015c               JAL_0x0180006f WB x[000]=0x80000160 @4635ns,1 [trace regfile.cpp:87]
SM 1 warp 1 0x8000015c               JAL_0x0180006f JUMP=true, jumpTO 0x80000174 @4635ns,1 [trace exec_salu.cpp:108]
SM 1 warp 1 0x8000015c               JAL_0x0180006f WB x[000]=0x80000160 @4645ns,1 [trace regfile.cpp:87]
SM 1 warp 1 JUMP to 0x80000174 @4645ns,1 [trace subcore.cpp:245]
SM 1 warp 4 0x8000015c               JAL_0x0180006f JUMP=true, jumpTO 0x80000174 @4645ns,1 [trace exec_salu.cpp:108]
SM 1 warp 4 JUMP to 0x80000174 @4655ns,1 [trace subcore.cpp:245]
SM 1 warp 4 0x8000015c               JAL_0x0180006f WB x[000]=0x80000160 @4655ns,1 [trace regfile.cpp:87]
SM 1 warp 3 0x80000174              JOIN_0x0000205b SIMTSTK receive join, stack-size=0 @4665ns,1 [trace exec_simtstk.cpp:154]
SM 1 warp 2 0x80000174              JOIN_0x0000205b SIMTSTK receive join, stack-size=0 @4675ns,1 [trace exec_simtstk.cpp:154]
SM 1 warp 1 0x80000174              JOIN_0x0000205b SIMTSTK receive join, stack-size=0 @4685ns,1 [trace exec_simtstk.cpp:154]
SM 1 warp 4 0x80000174              JOIN_0x0000205b SIMTSTK receive join, stack-size=0 @4695ns,1 [trace exec_simtstk.cpp:154]
SM 1 warp 3 0x80000178                LW_0xffc12083 mask=FF MEMADDR 70000810 @4715ns,1 [trace exec_lsu.cpp:189]
SM 1 warp 2 0x80000178                LW_0xffc12083 mask=FF MEMADDR 70000410 @4725ns,1 [trace exec_lsu.cpp:189]
SM 1 warp 3 0x80000178                LW_0xffc12083 WB x[001]=0x800000e0 @4725ns,1 [trace regfile.cpp:87]
SM 1 warp 2 0x80000178                LW_0xffc12083 WB x[001]=0x800000e0 @4735ns,1 [trace regfile.cpp:87]
SM 1 warp 1 0x80000178                LW_0xffc12083 mask=FF MEMADDR 70000010 @4735ns,1 [trace exec_lsu.cpp:189]
SM 1 warp 4 0x80000178                LW_0xffc12083 mask=FF MEMADDR 70000c10 @4745ns,1 [trace exec_lsu.cpp:189]
SM 1 warp 1 0x80000178                LW_0xffc12083 WB x[001]=0x800000e0 @4745ns,1 [trace regfile.cpp:87]
SM 1 warp 4 0x80000178                LW_0xffc12083 WB x[001]=0x800000e0 @4755ns,1 [trace regfile.cpp:87]
SM 1 warp 3 0x8000017c              ADDI_0xffc10113 WB x[002]=0x70000810 @4775ns,1 [trace regfile.cpp:87]
SM 1 warp 2 0x8000017c              ADDI_0xffc10113 WB x[002]=0x70000410 @4785ns,1 [trace regfile.cpp:87]
SM 1 warp 1 0x8000017c              ADDI_0xffc10113 WB x[002]=0x70000010 @4795ns,1 [trace regfile.cpp:87]
SM 1 warp 4 0x8000017c              ADDI_0xffc10113 WB x[002]=0x70000c10 @4805ns,1 [trace regfile.cpp:87]
SM 1 warp 3 0x80000180              JALR_0x00008067 JUMP=true, jumpTO 0x800000e0 @4805ns,1 [trace exec_salu.cpp:121]
SM 1 warp 3 JUMP to 0x800000e0 @4815ns,1 [trace subcore.cpp:245]
SM 1 warp 3 0x80000180              JALR_0x00008067 WB x[000]=0x80000184 @4815ns,1 [trace regfile.cpp:87]
SM 1 warp 2 0x80000180              JALR_0x00008067 JUMP=true, jumpTO 0x800000e0 @4815ns,1 [trace exec_salu.cpp:121]
SM 1 warp 2 0x80000180              JALR_0x00008067 WB x[000]=0x80000184 @4825ns,1 [trace regfile.cpp:87]
SM 1 warp 2 JUMP to 0x800000e0 @4825ns,1 [trace subcore.cpp:245]
SM 1 warp 1 0x80000180              JALR_0x00008067 JUMP=true, jumpTO 0x800000e0 @4825ns,1 [trace exec_salu.cpp:121]
SM 1 warp 1 JUMP to 0x800000e0 @4835ns,1 [trace subcore.cpp:245]
SM 1 warp 1 0x80000180              JALR_0x00008067 WB x[000]=0x80000184 @4835ns,1 [trace regfile.cpp:87]
SM 1 warp 4 0x80000180              JALR_0x00008067 JUMP=true, jumpTO 0x800000e0 @4835ns,1 [trace exec_salu.cpp:121]
SM 1 warp 4 0x80000180              JALR_0x00008067 WB x[000]=0x80000184 @4845ns,1 [trace regfile.cpp:87]
SM 1 warp 4 JUMP to 0x800000e0 @4845ns,1 [trace subcore.cpp:245]
SM 1 warp 3 0x800000e0           VSLL_VI_0x96013057 mask=FF WB v[000]={00000040 00000044 00000048 0000004c 00000050 00000054 00000058 0000005c 00000000 00000000 00000000 00000000 00000000 00000000 00000000 00000000 00000000 00000000 00000000 00000000 00000000 00000000 00000000 00000000 00000000 00000000 00000000 00000000 00000000 00000000 00000000 00000000}; s1=2 s2=0 s3=0 @4915ns,1 [trace regfile.cpp:109]
SM 1 warp 3 0x800000e4                LW_0xff412303 mask=FF MEMADDR 70000804 @4915ns,1 [trace exec_lsu.cpp:189]
SM 1 warp 2 0x800000e4                LW_0xff412303 mask=FF MEMADDR 70000404 @4925ns,1 [trace exec_lsu.cpp:189]
SM 1 warp 3 0x800000e4                LW_0xff412303 WB x[006]=0x90000000 @4925ns,1 [trace regfile.cpp:87]
SM 1 warp 2 0x800000e0           VSLL_VI_0x96013057 mask=FF WB v[000]={00000020 00000024 00000028 0000002c 00000030 00000034 00000038 0000003c 00000000 00000000 00000000 00000000 00000000 00000000 00000000 00000000 00000000 00000000 00000000 00000000 00000000 00000000 00000000 00000000 00000000 00000000 00000000 00000000 00000000 00000000 00000000 00000000}; s1=2 s2=0 s3=0 @4925ns,1 [trace regfile.cpp:109]
SM 1 warp 2 0x800000e4                LW_0xff412303 WB x[006]=0x90000000 @4935ns,1 [trace regfile.cpp:87]
SM 1 warp 1 0x800000e0           VSLL_VI_0x96013057 mask=FF WB v[000]={00000000 00000004 00000008 0000000c 00000010 00000014 00000018 0000001c 00000000 00000000 00000000 00000000 00000000 00000000 00000000 00000000 00000000 00000000 00000000 00000000 00000000 00000000 00000000 00000000 00000000 00000000 00000000 00000000 00000000 00000000 00000000 00000000}; s1=2 s2=0 s3=0 @4935ns,1 [trace regfile.cpp:109]
SM 1 warp 1 0x800000e4                LW_0xff412303 mask=FF MEMADDR 70000004 @4935ns,1 [trace exec_lsu.cpp:189]
SM 1 warp 4 0x800000e4                LW_0xff412303 mask=FF MEMADDR 70000c04 @4945ns,1 [trace exec_lsu.cpp:189]
SM 1 warp 1 0x800000e4                LW_0xff412303 WB x[006]=0x90000000 @4945ns,1 [trace regfile.cpp:87]
SM 1 warp 4 0x800000e0           VSLL_VI_0x96013057 mask=FF WB v[000]={00000060 00000064 00000068 0000006c 00000070 00000074 00000078 0000007c 00000000 00000000 00000000 00000000 00000000 00000000 00000000 00000000 00000000 00000000 00000000 00000000 00000000 00000000 00000000 00000000 00000000 00000000 00000000 00000000 00000000 00000000 00000000 00000000}; s1=2 s2=0 s3=0 @4945ns,1 [trace regfile.cpp:109]
SM 1 warp 4 0x800000e4                LW_0xff412303 WB x[006]=0x90000000 @4955ns,1 [trace regfile.cpp:87]
SM 1 warp 3 0x800000e8           VADD_VX_0x020340d7 mask=FF WB v[001]={90000040 90000044 90000048 9000004c 90000050 90000054 90000058 9000005c 00000000 00000000 00000000 00000000 00000000 00000000 00000000 00000000 00000000 00000000 00000000 00000000 00000000 00000000 00000000 00000000 00000000 00000000 00000000 00000000 00000000 00000000 00000000 00000000}; s1=6 s2=0 s3=1 @5005ns,1 [trace regfile.cpp:109]
SM 1 warp 2 0x800000e8           VADD_VX_0x020340d7 mask=FF WB v[001]={90000020 90000024 90000028 9000002c 90000030 90000034 90000038 9000003c 00000000 00000000 00000000 00000000 00000000 00000000 00000000 00000000 00000000 00000000 00000000 00000000 00000000 00000000 00000000 00000000 00000000 00000000 00000000 00000000 00000000 00000000 00000000 00000000}; s1=6 s2=0 s3=1 @5015ns,1 [trace regfile.cpp:109]
SM 1 warp 1 0x800000e8           VADD_VX_0x020340d7 mask=FF WB v[001]={90000000 90000004 90000008 9000000c 90000010 90000014 90000018 9000001c 00000000 00000000 00000000 00000000 00000000 00000000 00000000 00000000 00000000 00000000 00000000 00000000 00000000 00000000 00000000 00000000 00000000 00000000 00000000 00000000 00000000 00000000 00000000 00000000}; s1=6 s2=0 s3=1 @5025ns,1 [trace regfile.cpp:109]
SM 1 warp 4 0x800000e8           VADD_VX_0x020340d7 mask=FF WB v[001]={90000060 90000064 90000068 9000006c 90000070 90000074 90000078 9000007c 00000000 00000000 00000000 00000000 00000000 00000000 00000000 00000000 00000000 00000000 00000000 00000000 00000000 00000000 00000000 00000000 00000000 00000000 00000000 00000000 00000000 00000000 00000000 00000000}; s1=6 s2=0 s3=1 @5035ns,1 [trace regfile.cpp:109]
SM 1 warp 3 0x800000ec           VLW12_V_0x0000a0fb mask=FF MEMADDR 90000040 90000044 90000048 9000004c 90000050 90000054 90000058 9000005c 0 0 0 0 0 0 0 0 0 0 0 0 0 0 0 0 0 0 0 0 0 0 0 0 @5045ns,1 [trace exec_lsu.cpp:189]
SM 1 warp 3 0x800000ec           VLW12_V_0x0000a0fb mask=FF WB v[001]={41800000 41880000 41900000 41980000 41a00000 41a80000 41b00000 41b80000 00000000 00000000 00000000 00000000 00000000 00000000 00000000 00000000 00000000 00000000 00000000 00000000 00000000 00000000 00000000 00000000 00000000 00000000 00000000 00000000 00000000 00000000 00000000 00000000}; s1=1 s2=0 s3=1 @5055ns,1 [trace regfile.cpp:109]
SM 1 warp 2 0x800000ec           VLW12_V_0x0000a0fb mask=FF MEMADDR 90000020 90000024 90000028 9000002c 90000030 90000034 90000038 9000003c 0 0 0 0 0 0 0 0 0 0 0 0 0 0 0 0 0 0 0 0 0 0 0 0 @5055ns,1 [trace exec_lsu.cpp:189]
SM 1 warp 1 0x800000ec           VLW12_V_0x0000a0fb mask=FF MEMADDR 90000000 90000004 90000008 9000000c 90000010 90000014 90000018 9000001c 0 0 0 0 0 0 0 0 0 0 0 0 0 0 0 0 0 0 0 0 0 0 0 0 @5065ns,1 [trace exec_lsu.cpp:189]
SM 1 warp 2 0x800000ec           VLW12_V_0x0000a0fb mask=FF WB v[001]={41000000 41100000 41200000 41300000 41400000 41500000 41600000 41700000 00000000 00000000 00000000 00000000 00000000 00000000 00000000 00000000 00000000 00000000 00000000 00000000 00000000 00000000 00000000 00000000 00000000 00000000 00000000 00000000 00000000 00000000 00000000 00000000}; s1=1 s2=0 s3=1 @5065ns,1 [trace regfile.cpp:109]
SM 1 warp 1 0x800000ec           VLW12_V_0x0000a0fb mask=FF WB v[001]={00000000 3f800000 40000000 40400000 40800000 40a00000 40c00000 40e00000 00000000 00000000 00000000 00000000 00000000 00000000 00000000 00000000 00000000 00000000 00000000 00000000 00000000 00000000 00000000 00000000 00000000 00000000 00000000 00000000 00000000 00000000 00000000 00000000}; s1=1 s2=0 s3=1 @5075ns,1 [trace regfile.cpp:109]
SM 1 warp 4 0x800000ec           VLW12_V_0x0000a0fb mask=FF MEMADDR 90000060 90000064 90000068 9000006c 90000070 90000074 90000078 9000007c 0 0 0 0 0 0 0 0 0 0 0 0 0 0 0 0 0 0 0 0 0 0 0 0 @5075ns,1 [trace exec_lsu.cpp:189]
SM 1 warp 3 0x800000f0                LW_0xff812283 mask=FF MEMADDR 70000808 @5085ns,1 [trace exec_lsu.cpp:189]
SM 1 warp 4 0x800000ec           VLW12_V_0x0000a0fb mask=FF WB v[001]={41c00000 41c80000 41d00000 41d80000 41e00000 41e80000 41f00000 41f80000 00000000 00000000 00000000 00000000 00000000 00000000 00000000 00000000 00000000 00000000 00000000 00000000 00000000 00000000 00000000 00000000 00000000 00000000 00000000 00000000 00000000 00000000 00000000 00000000}; s1=1 s2=0 s3=1 @5085ns,1 [trace regfile.cpp:109]
SM 1 warp 3 0x800000f0                LW_0xff812283 WB x[005]=0x90001000 @5095ns,1 [trace regfile.cpp:87]
SM 1 warp 2 0x800000f0                LW_0xff812283 mask=FF MEMADDR 70000408 @5095ns,1 [trace exec_lsu.cpp:189]
SM 1 warp 1 0x800000f0                LW_0xff812283 mask=FF MEMADDR 70000008 @5105ns,1 [trace exec_lsu.cpp:189]
SM 1 warp 2 0x800000f0                LW_0xff812283 WB x[005]=0x90001000 @5105ns,1 [trace regfile.cpp:87]
SM 1 warp 1 0x800000f0                LW_0xff812283 WB x[005]=0x90001000 @5115ns,1 [trace regfile.cpp:87]
SM 1 warp 4 0x800000f0                LW_0xff812283 mask=FF MEMADDR 70000c08 @5115ns,1 [trace exec_lsu.cpp:189]
SM 1 warp 4 0x800000f0                LW_0xff812283 WB x[005]=0x90001000 @5125ns,1 [trace regfile.cpp:87]
SM 1 warp 3 0x800000f4           VADD_VX_0x0202c157 mask=FF WB v[002]={90001040 90001044 90001048 9000104c 90001050 90001054 90001058 9000105c 00000000 00000000 00000000 00000000 00000000 00000000 00000000 00000000 00000000 00000000 00000000 00000000 00000000 00000000 00000000 00000000 00000000 00000000 00000000 00000000 00000000 00000000 00000000 00000000}; s1=5 s2=0 s3=2 @5175ns,1 [trace regfile.cpp:109]
SM 1 warp 2 0x800000f4           VADD_VX_0x0202c157 mask=FF WB v[002]={90001020 90001024 90001028 9000102c 90001030 90001034 90001038 9000103c 00000000 00000000 00000000 00000000 00000000 00000000 00000000 00000000 00000000 00000000 00000000 00000000 00000000 00000000 00000000 00000000 00000000 00000000 00000000 00000000 00000000 00000000 00000000 00000000}; s1=5 s2=0 s3=2 @5185ns,1 [trace regfile.cpp:109]
SM 1 warp 1 0x800000f4           VADD_VX_0x0202c157 mask=FF WB v[002]={90001000 90001004 90001008 9000100c 90001010 90001014 90001018 9000101c 00000000 00000000 00000000 00000000 00000000 00000000 00000000 00000000 00000000 00000000 00000000 00000000 00000000 00000000 00000000 00000000 00000000 00000000 00000000 00000000 00000000 00000000 00000000 00000000}; s1=5 s2=0 s3=2 @5195ns,1 [trace regfile.cpp:109]
SM 1 warp 4 0x800000f4           VADD_VX_0x0202c157 mask=FF WB v[002]={90001060 90001064 90001068 9000106c 90001070 90001074 90001078 9000107c 00000000 00000000 00000000 00000000 00000000 00000000 00000000 00000000 00000000 00000000 00000000 00000000 00000000 00000000 00000000 00000000 00000000 00000000 00000000 00000000 00000000 00000000 00000000 00000000}; s1=5 s2=0 s3=2 @5205ns,1 [trace regfile.cpp:109]
SM 1 warp 3 0x800000f8           VLW12_V_0x0001217b mask=FF MEMADDR 90001040 90001044 90001048 9000104c 90001050 90001054 90001058 9000105c 0 0 0 0 0 0 0 0 0 0 0 0 0 0 0 0 0 0 0 0 0 0 0 0 @5215ns,1 [trace exec_lsu.cpp:189]
SM 1 warp 2 0x800000f8           VLW12_V_0x0001217b mask=FF MEMADDR 90001020 90001024 90001028 9000102c 90001030 90001034 90001038 9000103c 0 0 0 0 0 0 0 0 0 0 0 0 0 0 0 0 0 0 0 0 0 0 0 0 @5225ns,1 [trace exec_lsu.cpp:189]
SM 1 warp 3 0x800000f8           VLW12_V_0x0001217b mask=FF WB v[002]={447c0000 447bc000 447b8000 447b4000 447b0000 447ac000 447a8000 447a4000 00000000 00000000 00000000 00000000 00000000 00000000 00000000 00000000 00000000 00000000 00000000 00000000 00000000 00000000 00000000 00000000 00000000 00000000 00000000 00000000 00000000 00000000 00000000 00000000}; s1=2 s2=0 s3=2 @5225ns,1 [trace regfile.cpp:109]
SM 1 warp 2 0x800000f8           VLW12_V_0x0001217b mask=FF WB v[002]={447e0000 447dc000 447d8000 447d4000 447d0000 447cc000 447c8000 447c4000 00000000 00000000 00000000 00000000 00000000 00000000 00000000 00000000 00000000 00000000 00000000 00000000 00000000 00000000 00000000 00000000 00000000 00000000 00000000 00000000 00000000 00000000 00000000 00000000}; s1=2 s2=0 s3=2 @5235ns,1 [trace regfile.cpp:109]
SM 1 warp 1 0x800000f8           VLW12_V_0x0001217b mask=FF MEMADDR 90001000 90001004 90001008 9000100c 90001010 90001014 90001018 9000101c 0 0 0 0 0 0 0 0 0 0 0 0 0 0 0 0 0 0 0 0 0 0 0 0 @5235ns,1 [trace exec_lsu.cpp:189]
SM 1 warp 4 0x800000f8           VLW12_V_0x0001217b mask=FF MEMADDR 90001060 90001064 90001068 9000106c 90001070 90001074 90001078 9000107c 0 0 0 0 0 0 0 0 0 0 0 0 0 0 0 0 0 0 0 0 0 0 0 0 @5245ns,1 [trace exec_lsu.cpp:189]
SM 1 warp 1 0x800000f8           VLW12_V_0x0001217b mask=FF WB v[002]={44800000 447fc000 447f8000 447f4000 447f0000 447ec000 447e8000 447e4000 00000000 00000000 00000000 00000000 00000000 00000000 00000000 00000000 00000000 00000000 00000000 00000000 00000000 00000000 00000000 00000000 00000000 00000000 00000000 00000000 00000000 00000000 00000000 00000000}; s1=2 s2=0 s3=2 @5245ns,1 [trace regfile.cpp:109]
SM 1 warp 4 0x800000f8           VLW12_V_0x0001217b mask=FF WB v[002]={447a0000 4479c000 44798000 44794000 44790000 4478c000 44788000 44784000 00000000 00000000 00000000 00000000 00000000 00000000 00000000 00000000 00000000 00000000 00000000 00000000 00000000 00000000 00000000 00000000 00000000 00000000 00000000 00000000 00000000 00000000 00000000 00000000}; s1=2 s2=0 s3=2 @5255ns,1 [trace regfile.cpp:109]
SM 1 warp 3 0x80000100                LW_0xffc12283 mask=FF MEMADDR 7000080c @5305ns,1 [trace exec_lsu.cpp:189]
SM 1 warp 3 0x80000100                LW_0xffc12283 WB x[005]=0x90002000 @5315ns,1 [trace regfile.cpp:87]
SM 1 warp 2 0x80000100                LW_0xffc12283 mask=FF MEMADDR 7000040c @5315ns,1 [trace exec_lsu.cpp:189]
SM 1 warp 1 0x80000100                LW_0xffc12283 mask=FF MEMADDR 7000000c @5325ns,1 [trace exec_lsu.cpp:189]
SM 1 warp 3 0x800000fc          VFADD_VV_0x021110d7 mask=FF WB v[001]={44800000 44800000 44800000 44800000 44800000 44800000 44800000 44800000 00000000 00000000 00000000 00000000 00000000 00000000 00000000 00000000 00000000 00000000 00000000 00000000 00000000 00000000 00000000 00000000 00000000 00000000 00000000 00000000 00000000 00000000 00000000 00000000}; s1=2 s2=1 s3=1 @5325ns,1 [trace regfile.cpp:109]
SM 1 warp 2 0x80000100                LW_0xffc12283 WB x[005]=0x90002000 @5325ns,1 [trace regfile.cpp:87]
SM 1 warp 2 0x800000fc          VFADD_VV_0x021110d7 mask=FF WB v[001]={44800000 44800000 44800000 44800000 44800000 44800000 44800000 44800000 00000000 00000000 00000000 00000000 00000000 00000000 00000000 00000000 00000000 00000000 00000000 00000000 00000000 00000000 00000000 00000000 00000000 00000000 00000000 00000000 00000000 00000000 00000000 00000000}; s1=2 s2=1 s3=1 @5335ns,1 [trace regfile.cpp:109]
SM 1 warp 1 0x80000100                LW_0xffc12283 WB x[005]=0x90002000 @5335ns,1 [trace regfile.cpp:87]
SM 1 warp 4 0x80000100                LW_0xffc12283 mask=FF MEMADDR 70000c0c @5335ns,1 [trace exec_lsu.cpp:189]
SM 1 warp 1 0x800000fc          VFADD_VV_0x021110d7 mask=FF WB v[001]={44800000 44800000 44800000 44800000 44800000 44800000 44800000 44800000 00000000 00000000 00000000 00000000 00000000 00000000 00000000 00000000 00000000 00000000 00000000 00000000 00000000 00000000 00000000 00000000 00000000 00000000 00000000 00000000 00000000 00000000 00000000 00000000}; s1=2 s2=1 s3=1 @5345ns,1 [trace regfile.cpp:109]
SM 1 warp 4 0x80000100                LW_0xffc12283 WB x[005]=0x90002000 @5345ns,1 [trace regfile.cpp:87]
SM 1 warp 4 0x800000fc          VFADD_VV_0x021110d7 mask=FF WB v[001]={44800000 44800000 44800000 44800000 44800000 44800000 44800000 44800000 00000000 00000000 00000000 00000000 00000000 00000000 00000000 00000000 00000000 00000000 00000000 00000000 00000000 00000000 00000000 00000000 00000000 00000000 00000000 00000000 00000000 00000000 00000000 00000000}; s1=2 s2=1 s3=1 @5355ns,1 [trace regfile.cpp:109]
SM 1 warp 3 0x80000104           VADD_VX_0x0202c057 mask=FF WB v[000]={90002040 90002044 90002048 9000204c 90002050 90002054 90002058 9000205c 00000000 00000000 00000000 00000000 00000000 00000000 00000000 00000000 00000000 00000000 00000000 00000000 00000000 00000000 00000000 00000000 00000000 00000000 00000000 00000000 00000000 00000000 00000000 00000000}; s1=5 s2=0 s3=0 @5395ns,1 [trace regfile.cpp:109]
SM 1 warp 2 0x80000104           VADD_VX_0x0202c057 mask=FF WB v[000]={90002020 90002024 90002028 9000202c 90002030 90002034 90002038 9000203c 00000000 00000000 00000000 00000000 00000000 00000000 00000000 00000000 00000000 00000000 00000000 00000000 00000000 00000000 00000000 00000000 00000000 00000000 00000000 00000000 00000000 00000000 00000000 00000000}; s1=5 s2=0 s3=0 @5405ns,1 [trace regfile.cpp:109]
SM 1 warp 1 0x80000104           VADD_VX_0x0202c057 mask=FF WB v[000]={90002000 90002004 90002008 9000200c 90002010 90002014 90002018 9000201c 00000000 00000000 00000000 00000000 00000000 00000000 00000000 00000000 00000000 00000000 00000000 00000000 00000000 00000000 00000000 00000000 00000000 00000000 00000000 00000000 00000000 00000000 00000000 00000000}; s1=5 s2=0 s3=0 @5415ns,1 [trace regfile.cpp:109]
SM 1 warp 4 0x80000104           VADD_VX_0x0202c057 mask=FF WB v[000]={90002060 90002064 90002068 9000206c 90002070 90002074 90002078 9000207c 00000000 00000000 00000000 00000000 00000000 00000000 00000000 00000000 00000000 00000000 00000000 00000000 00000000 00000000 00000000 00000000 00000000 00000000 00000000 00000000 00000000 00000000 00000000 00000000}; s1=5 s2=0 s3=0 @5425ns,1 [trace regfile.cpp:109]
SM 1 warp 3 0x80000108           VSW12_V_0x0010607b mask=FF ADDR 90002040 90002044 90002048 9000204c 90002050 90002054 90002058 9000205c 0 0 0 0 0 0 0 0 0 0 0 0 0 0 0 0 0 0 0 0 0 0 0 0, DATA 44800000 44800000 44800000 44800000 44800000 44800000 44800000 44800000 @5435ns,1 [trace exec_lsu.cpp:183]
SM 1 warp 2 0x80000108           VSW12_V_0x0010607b mask=FF ADDR 90002020 90002024 90002028 9000202c 90002030 90002034 90002038 9000203c 0 0 0 0 0 0 0 0 0 0 0 0 0 0 0 0 0 0 0 0 0 0 0 0, DATA 44800000 44800000 44800000 44800000 44800000 44800000 44800000 44800000 @5445ns,1 [trace exec_lsu.cpp:183]
SM 1 warp 1 0x80000108           VSW12_V_0x0010607b mask=FF ADDR 90002000 90002004 90002008 9000200c 90002010 90002014 90002018 9000201c 0 0 0 0 0 0 0 0 0 0 0 0 0 0 0 0 0 0 0 0 0 0 0 0, DATA 44800000 44800000 44800000 44800000 44800000 44800000 44800000 44800000 @5455ns,1 [trace exec_lsu.cpp:183]
SM 1 warp 4 0x80000108           VSW12_V_0x0010607b mask=FF ADDR 90002060 90002064 90002068 9000206c 90002070 90002074 90002078 9000207c 0 0 0 0 0 0 0 0 0 0 0 0 0 0 0 0 0 0 0 0 0 0 0 0, DATA 44800000 44800000 44800000 44800000 44800000 44800000 44800000 44800000 @5465ns,1 [trace exec_lsu.cpp:183]
SM 1 warp 3 0x8000010c                LW_0xff012083 mask=FF MEMADDR 70000800 @5475ns,1 [trace exec_lsu.cpp:189]
SM 1 warp 2 0x8000010c                LW_0xff012083 mask=FF MEMADDR 70000400 @5485ns,1 [trace exec_lsu.cpp:189]
SM 1 warp 3 0x8000010c                LW_0xff012083 WB x[001]=0x800000a0 @5485ns,1 [trace regfile.cpp:87]
SM 1 warp 2 0x8000010c                LW_0xff012083 WB x[001]=0x800000a0 @5495ns,1 [trace regfile.cpp:87]
SM 1 warp 1 0x8000010c                LW_0xff012083 mask=FF MEMADDR 70000000 @5495ns,1 [trace exec_lsu.cpp:189]
SM 1 warp 4 0x8000010c                LW_0xff012083 mask=FF MEMADDR 70000c00 @5505ns,1 [trace exec_lsu.cpp:189]
SM 1 warp 1 0x8000010c                LW_0xff012083 WB x[001]=0x800000a0 @5505ns,1 [trace regfile.cpp:87]
SM 1 warp 4 0x8000010c                LW_0xff012083 WB x[001]=0x800000a0 @5515ns,1 [trace regfile.cpp:87]
SM 1 warp 3 0x80000110              ADDI_0xff010113 WB x[002]=0x70000800 @5535ns,1 [trace regfile.cpp:87]
SM 1 warp 2 0x80000110              ADDI_0xff010113 WB x[002]=0x70000400 @5545ns,1 [trace regfile.cpp:87]
SM 1 warp 1 0x80000110              ADDI_0xff010113 WB x[002]=0x70000000 @5555ns,1 [trace regfile.cpp:87]
SM 1 warp 4 0x80000110              ADDI_0xff010113 WB x[002]=0x70000c00 @5565ns,1 [trace regfile.cpp:87]
SM 1 warp 3 0x80000114              JALR_0x00008067 JUMP=true, jumpTO 0x800000a0 @5565ns,1 [trace exec_salu.cpp:121]
SM 1 warp 3 JUMP to 0x800000a0 @5575ns,1 [trace subcore.cpp:245]
SM 1 warp 3 0x80000114              JALR_0x00008067 WB x[000]=0x80000118 @5575ns,1 [trace regfile.cpp:87]
SM 1 warp 2 0x80000114              JALR_0x00008067 JUMP=true, jumpTO 0x800000a0 @5575ns,1 [trace exec_salu.cpp:121]
SM 1 warp 2 0x80000114              JALR_0x00008067 WB x[000]=0x80000118 @5585ns,1 [trace regfile.cpp:87]
SM 1 warp 2 JUMP to 0x800000a0 @5585ns,1 [trace subcore.cpp:245]
SM 1 warp 1 0x80000114              JALR_0x00008067 JUMP=true, jumpTO 0x800000a0 @5585ns,1 [trace exec_salu.cpp:121]
SM 1 warp 1 JUMP to 0x800000a0 @5595ns,1 [trace subcore.cpp:245]
SM 1 warp 1 0x80000114              JALR_0x00008067 WB x[000]=0x80000118 @5595ns,1 [trace regfile.cpp:87]
SM 1 warp 4 0x80000114              JALR_0x00008067 JUMP=true, jumpTO 0x800000a0 @5595ns,1 [trace exec_salu.cpp:121]
SM 1 warp 4 0x80000114              JALR_0x00008067 WB x[000]=0x80000118 @5605ns,1 [trace regfile.cpp:87]
SM 1 warp 4 JUMP to 0x800000a0 @5605ns,1 [trace subcore.cpp:245]
SM 1 warp 3 0x800000a0            ENDPRG_0x0000400b endprg @5615ns,1 [trace warp_scheduler.cpp:50]
SM 1 warp 2 0x800000a0            ENDPRG_0x0000400b endprg @5625ns,1 [trace warp_scheduler.cpp:50]
SM 1 warp 1 0x800000a0            ENDPRG_0x0000400b endprg @5635ns,1 [trace warp_scheduler.cpp:50]
SM 1 warp 4 0x800000a0            ENDPRG_0x0000400b endprg @5645ns,1 [trace warp_scheduler.cpp:50]
kernel 0 vecadd-wg1 block 0 finished @5655ns,1 [debug CTA_Scheduler.cpp:179]
kernel 0 vecadd-wg1 finished @5655ns,1 [info context_model.cpp:32]
TEST_OUTPUT 0 44800000
TEST_OUTPUT 1 44800000
TEST_OUTPUT 2 44800000
TEST_OUTPUT 3 44800000
TEST_OUTPUT 4 44800000
TEST_OUTPUT 5 44800000
TEST_OUTPUT 6 44800000
TEST_OUTPUT 7 44800000
TEST_OUTPUT 8 44800000
TEST_OUTPUT 9 44800000
TEST_OUTPUT 10 44800000
TEST_OUTPUT 11 44800000
TEST_OUTPUT 12 44800000
TEST_OUTPUT 13 44800000
TEST_OUTPUT 14 44800000
TEST_OUTPUT 15 44800000
TEST_OUTPUT 16 44800000
TEST_OUTPUT 17 44800000
TEST_OUTPUT 18 44800000
TEST_OUTPUT 19 44800000
TEST_OUTPUT 20 44800000
TEST_OUTPUT 21 44800000
TEST_OUTPUT 22 44800000
TEST_OUTPUT 23 44800000
TEST_OUTPUT 24 44800000
TEST_OUTPUT 25 44800000
TEST_OUTPUT 26 44800000
TEST_OUTPUT 27 44800000
TEST_OUTPUT 28 44800000
TEST_OUTPUT 29 44800000
TEST_OUTPUT 30 44800000
TEST_OUTPUT 31 44800000
TEST_KERNEL_FINISH_NS 5655
Simulation finished at time 5660
