[RTL     info]@0 SNAPSHOT created, pid=3360130
[RTL    trace]@20 Hardware reset ok
[RTL    trace]@30 kernel 0 vecadd-wg4 activate
[RTL    debug]@185 block0  dispatched to GPU (kernel0  vecadd-wg4 block0 )
[RTL    debug]@195 block1  dispatched to GPU (kernel0  vecadd-wg4 block1 )
[RTL    debug]@205 block2  dispatched to GPU (kernel0  vecadd-wg4 block2 )
[RTL    debug]@215 block3  dispatched to GPU (kernel0  vecadd-wg4 block3 )
[RTL    error]@3360 PMEM page at 0x80003000 not allocated, read as all zero
[RTL    debug]@10000 
[RTL    debug]@12205 block0  finished (kernel0  vecadd-wg4 block0 )
[RTL    debug]@12225 block1  finished (kernel0  vecadd-wg4 block1 )
[RTL    debug]@20000 
[RTL    debug]@30000 
[RTL    debug]@40000 
[RTL    debug]@50000 
[RTL    debug]@60000 
[RTL    debug]@67905 block2  finished (kernel0  vecadd-wg4 block2 )
[RTL    debug]@70000 
[RTL    debug]@80000 
[RTL    debug]@88575 block3  finished (kernel0  vecadd-wg4 block3 )
[RTL     info]@88575 kernel0  vecadd-wg4 finished
[RTL    debug]@90000 
[RTL    debug]@100000 
[RTL    debug]@110000 
[RTL    debug]@120000 
[RTL    debug]@130000 
[RTL     info]@138575 Simulation finished in 138575 unit time
[RTL    debug]@138575 All snapshot process are cleared, OK
