[RTL     info]@0 SNAPSHOT created, pid=3748804
[RTL    trace]@20 Hardware reset ok
[2026-10-06 12:59:18.817] [trace] kernel0 resident-w8-k64 data loaded from file
[RTL    trace]@30 kernel 0 resident-w8-k64 activate
[RTL    debug]@5125 block0  dispatched to GPU (kernel0  resident-w8-k64 block0 )
[RTL    debug]@8755 block0  finished (kernel0  resident-w8-k64 block0 )
[RTL     info]@8755 kernel0  resident-w8-k64 finished
[RTL    debug]@10000 
[RTL    debug]@20000 
[RTL    debug]@30000 
[RTL    debug]@40000 
[RTL    debug]@50000 
dump-mem: mem[0x90002000 +: 4] = 0x41C00000
dump-mem: mem[0x90002004 +: 4] = 0xC2800000
dump-mem: mem[0x90002008 +: 4] = 0x41000000
dump-mem: mem[0x9000200C +: 4] = 0xC2200000
dump-mem: mem[0x90002010 +: 4] = 0x41000000
dump-mem: mem[0x90002014 +: 4] = 0x41000000
dump-mem: mem[0x90002018 +: 4] = 0xC2900000
dump-mem: mem[0x9000201C +: 4] = 0x43000000
dump-mem: mem[0x90002020 +: 4] = 0xC2800000
dump-mem: mem[0x90002024 +: 4] = 0x41C00000
dump-mem: mem[0x90002028 +: 4] = 0x42900000
dump-mem: mem[0x9000202C +: 4] = 0xC2200000
dump-mem: mem[0x90002030 +: 4] = 0x43100000
dump-mem: mem[0x90002034 +: 4] = 0xC2900000
dump-mem: mem[0x90002038 +: 4] = 0xC1000000
dump-mem: mem[0x9000203C +: 4] = 0x41800000
dump-mem: mem[0x90002040 +: 4] = 0x00000000
dump-mem: mem[0x90002044 +: 4] = 0x00000000
dump-mem: mem[0x90002048 +: 4] = 0x00000000
dump-mem: mem[0x9000204C +: 4] = 0x00000000
dump-mem: mem[0x90002050 +: 4] = 0x00000000
dump-mem: mem[0x90002054 +: 4] = 0x00000000
dump-mem: mem[0x90002058 +: 4] = 0x00000000
dump-mem: mem[0x9000205C +: 4] = 0x00000000
dump-mem: mem[0x90002060 +: 4] = 0x00000000
dump-mem: mem[0x90002064 +: 4] = 0x00000000
dump-mem: mem[0x90002068 +: 4] = 0x00000000
dump-mem: mem[0x9000206C +: 4] = 0x00000000
dump-mem: mem[0x90002070 +: 4] = 0x00000000
dump-mem: mem[0x90002074 +: 4] = 0x00000000
dump-mem: mem[0x90002078 +: 4] = 0x00000000
dump-mem: mem[0x9000207C +: 4] = 0x00000000
dump-mem: mem[0x90002080 +: 4] = 0x41C00000
dump-mem: mem[0x90002084 +: 4] = 0xC2800000
dump-mem: mem[0x90002088 +: 4] = 0x41000000
dump-mem: mem[0x9000208C +: 4] = 0xC2200000
dump-mem: mem[0x90002090 +: 4] = 0x41000000
dump-mem: mem[0x90002094 +: 4] = 0x41000000
dump-mem: mem[0x90002098 +: 4] = 0xC2900000
dump-mem: mem[0x9000209C +: 4] = 0x43000000
dump-mem: mem[0x900020A0 +: 4] = 0xC2800000
dump-mem: mem[0x900020A4 +: 4] = 0x41C00000
dump-mem: mem[0x900020A8 +: 4] = 0x42900000
dump-mem: mem[0x900020AC +: 4] = 0xC2200000
dump-mem: mem[0x900020B0 +: 4] = 0x43100000
dump-mem: mem[0x900020B4 +: 4] = 0xC2900000
dump-mem: mem[0x900020B8 +: 4] = 0xC1000000
dump-mem: mem[0x900020BC +: 4] = 0x41800000
dump-mem: mem[0x900020C0 +: 4] = 0x00000000
dump-mem: mem[0x900020C4 +: 4] = 0x00000000
dump-mem: mem[0x900020C8 +: 4] = 0x00000000
dump-mem: mem[0x900020CC +: 4] = 0x00000000
dump-mem: mem[0x900020D0 +: 4] = 0x00000000
dump-mem: mem[0x900020D4 +: 4] = 0x00000000
dump-mem: mem[0x900020D8 +: 4] = 0x00000000
dump-mem: mem[0x900020DC +: 4] = 0x00000000
dump-mem: mem[0x900020E0 +: 4] = 0x00000000
dump-mem: mem[0x900020E4 +: 4] = 0x00000000
dump-mem: mem[0x900020E8 +: 4] = 0x00000000
dump-mem: mem[0x900020EC +: 4] = 0x00000000
dump-mem: mem[0x900020F0 +: 4] = 0x00000000
dump-mem: mem[0x900020F4 +: 4] = 0x00000000
dump-mem: mem[0x900020F8 +: 4] = 0x00000000
dump-mem: mem[0x900020FC +: 4] = 0x00000000
dump-mem: mem[0x90002100 +: 4] = 0x41C00000
dump-mem: mem[0x90002104 +: 4] = 0xC2800000
dump-mem: mem[0x90002108 +: 4] = 0x41000000
dump-mem: mem[0x9000210C +: 4] = 0xC2200000
dump-mem: mem[0x90002110 +: 4] = 0x41000000
dump-mem: mem[0x90002114 +: 4] = 0x41000000
dump-mem: mem[0x90002118 +: 4] = 0xC2900000
dump-mem: mem[0x9000211C +: 4] = 0x43000000
dump-mem: mem[0x90002120 +: 4] = 0xC2800000
dump-mem: mem[0x90002124 +: 4] = 0x41C00000
dump-mem: mem[0x90002128 +: 4] = 0x42900000
dump-mem: mem[0x9000212C +: 4] = 0xC2200000
dump-mem: mem[0x90002130 +: 4] = 0x43100000
dump-mem: mem[0x90002134 +: 4] = 0xC2900000
dump-mem: mem[0x90002138 +: 4] = 0xC1000000
dump-mem: mem[0x9000213C +: 4] = 0x41800000
dump-mem: mem[0x90002140 +: 4] = 0x00000000
dump-mem: mem[0x90002144 +: 4] = 0x00000000
dump-mem: mem[0x90002148 +: 4] = 0x00000000
dump-mem: mem[0x9000214C +: 4] = 0x00000000
dump-mem: mem[0x90002150 +: 4] = 0x00000000
dump-mem: mem[0x90002154 +: 4] = 0x00000000
dump-mem: mem[0x90002158 +: 4] = 0x00000000
dump-mem: mem[0x9000215C +: 4] = 0x00000000
dump-mem: mem[0x90002160 +: 4] = 0x00000000
dump-mem: mem[0x90002164 +: 4] = 0x00000000
dump-mem: mem[0x90002168 +: 4] = 0x00000000
dump-mem: mem[0x9000216C +: 4] = 0x00000000
dump-mem: mem[0x90002170 +: 4] = 0x00000000
dump-mem: mem[0x90002174 +: 4] = 0x00000000
dump-mem: mem[0x90002178 +: 4] = 0x00000000
dump-mem: mem[0x9000217C +: 4] = 0x00000000
dump-mem: mem[0x90002180 +: 4] = 0x41C00000
dump-mem: mem[0x90002184 +: 4] = 0xC2800000
dump-mem: mem[0x90002188 +: 4] = 0x41000000
dump-mem: mem[0x9000218C +: 4] = 0xC2200000
dump-mem: mem[0x90002190 +: 4] = 0x41000000
dump-mem: mem[0x90002194 +: 4] = 0x41000000
dump-mem: mem[0x90002198 +: 4] = 0xC2900000
dump-mem: mem[0x9000219C +: 4] = 0x43000000
dump-mem: mem[0x900021A0 +: 4] = 0xC2800000
dump-mem: mem[0x900021A4 +: 4] = 0x41C00000
dump-mem: mem[0x900021A8 +: 4] = 0x42900000
dump-mem: mem[0x900021AC +: 4] = 0xC2200000
dump-mem: mem[0x900021B0 +: 4] = 0x43100000
dump-mem: mem[0x900021B4 +: 4] = 0xC2900000
dump-mem: mem[0x900021B8 +: 4] = 0xC1000000
dump-mem: mem[0x900021BC +: 4] = 0x41800000
dump-mem: mem[0x900021C0 +: 4] = 0x00000000
dump-mem: mem[0x900021C4 +: 4] = 0x00000000
dump-mem: mem[0x900021C8 +: 4] = 0x00000000
dump-mem: mem[0x900021CC +: 4] = 0x00000000
dump-mem: mem[0x900021D0 +: 4] = 0x00000000
dump-mem: mem[0x900021D4 +: 4] = 0x00000000
dump-mem: mem[0x900021D8 +: 4] = 0x00000000
dump-mem: mem[0x900021DC +: 4] = 0x00000000
dump-mem: mem[0x900021E0 +: 4] = 0x00000000
dump-mem: mem[0x900021E4 +: 4] = 0x00000000
dump-mem: mem[0x900021E8 +: 4] = 0x00000000
dump-mem: mem[0x900021EC +: 4] = 0x00000000
dump-mem: mem[0x900021F0 +: 4] = 0x00000000
dump-mem: mem[0x900021F4 +: 4] = 0x00000000
dump-mem: mem[0x900021F8 +: 4] = 0x00000000
dump-mem: mem[0x900021FC +: 4] = 0x00000000
dump-mem: mem[0x90002200 +: 4] = 0x41C00000
dump-mem: mem[0x90002204 +: 4] = 0xC2800000
dump-mem: mem[0x90002208 +: 4] = 0x41000000
dump-mem: mem[0x9000220C +: 4] = 0xC2200000
dump-mem: mem[0x90002210 +: 4] = 0x41000000
dump-mem: mem[0x90002214 +: 4] = 0x41000000
dump-mem: mem[0x90002218 +: 4] = 0xC2900000
dump-mem: mem[0x9000221C +: 4] = 0x43000000
dump-mem: mem[0x90002220 +: 4] = 0xC2800000
dump-mem: mem[0x90002224 +: 4] = 0x41C00000
dump-mem: mem[0x90002228 +: 4] = 0x42900000
dump-mem: mem[0x9000222C +: 4] = 0xC2200000
dump-mem: mem[0x90002230 +: 4] = 0x43100000
dump-mem: mem[0x90002234 +: 4] = 0xC2900000
dump-mem: mem[0x90002238 +: 4] = 0xC1000000
dump-mem: mem[0x9000223C +: 4] = 0x41800000
dump-mem: mem[0x90002240 +: 4] = 0x00000000
dump-mem: mem[0x90002244 +: 4] = 0x00000000
dump-mem: mem[0x90002248 +: 4] = 0x00000000
dump-mem: mem[0x9000224C +: 4] = 0x00000000
dump-mem: mem[0x90002250 +: 4] = 0x00000000
dump-mem: mem[0x90002254 +: 4] = 0x00000000
dump-mem: mem[0x90002258 +: 4] = 0x00000000
dump-mem: mem[0x9000225C +: 4] = 0x00000000
dump-mem: mem[0x90002260 +: 4] = 0x00000000
dump-mem: mem[0x90002264 +: 4] = 0x00000000
dump-mem: mem[0x90002268 +: 4] = 0x00000000
dump-mem: mem[0x9000226C +: 4] = 0x00000000
dump-mem: mem[0x90002270 +: 4] = 0x00000000
dump-mem: mem[0x90002274 +: 4] = 0x00000000
dump-mem: mem[0x90002278 +: 4] = 0x00000000
dump-mem: mem[0x9000227C +: 4] = 0x00000000
dump-mem: mem[0x90002280 +: 4] = 0x41C00000
dump-mem: mem[0x90002284 +: 4] = 0xC2800000
dump-mem: mem[0x90002288 +: 4] = 0x41000000
dump-mem: mem[0x9000228C +: 4] = 0xC2200000
dump-mem: mem[0x90002290 +: 4] = 0x41000000
dump-mem: mem[0x90002294 +: 4] = 0x41000000
dump-mem: mem[0x90002298 +: 4] = 0xC2900000
dump-mem: mem[0x9000229C +: 4] = 0x43000000
dump-mem: mem[0x900022A0 +: 4] = 0xC2800000
dump-mem: mem[0x900022A4 +: 4] = 0x41C00000
dump-mem: mem[0x900022A8 +: 4] = 0x42900000
dump-mem: mem[0x900022AC +: 4] = 0xC2200000
dump-mem: mem[0x900022B0 +: 4] = 0x43100000
dump-mem: mem[0x900022B4 +: 4] = 0xC2900000
dump-mem: mem[0x900022B8 +: 4] = 0xC1000000
dump-mem: mem[0x900022BC +: 4] = 0x41800000
dump-mem: mem[0x900022C0 +: 4] = 0x00000000
dump-mem: mem[0x900022C4 +: 4] = 0x00000000
dump-mem: mem[0x900022C8 +: 4] = 0x00000000
dump-mem: mem[0x900022CC +: 4] = 0x00000000
dump-mem: mem[0x900022D0 +: 4] = 0x00000000
dump-mem: mem[0x900022D4 +: 4] = 0x00000000
dump-mem: mem[0x900022D8 +: 4] = 0x00000000
dump-mem: mem[0x900022DC +: 4] = 0x00000000
dump-mem: mem[0x900022E0 +: 4] = 0x00000000
dump-mem: mem[0x900022E4 +: 4] = 0x00000000
dump-mem: mem[0x900022E8 +: 4] = 0x00000000
dump-mem: mem[0x900022EC +: 4] = 0x00000000
dump-mem: mem[0x900022F0 +: 4] = 0x00000000
dump-mem: mem[0x900022F4 +: 4] = 0x00000000
dump-mem: mem[0x900022F8 +: 4] = 0x00000000
dump-mem: mem[0x900022FC +: 4] = 0x00000000
dump-mem: mem[0x90002300 +: 4] = 0x41C00000
dump-mem: mem[0x90002304 +: 4] = 0xC2800000
dump-mem: mem[0x90002308 +: 4] = 0x41000000
dump-mem: mem[0x9000230C +: 4] = 0xC2200000
dump-mem: mem[0x90002310 +: 4] = 0x41000000
dump-mem: mem[0x90002314 +: 4] = 0x41000000
dump-mem: mem[0x90002318 +: 4] = 0xC2900000
dump-mem: mem[0x9000231C +: 4] = 0x43000000
dump-mem: mem[0x90002320 +: 4] = 0xC2800000
dump-mem: mem[0x90002324 +: 4] = 0x41C00000
dump-mem: mem[0x90002328 +: 4] = 0x42900000
dump-mem: mem[0x9000232C +: 4] = 0xC2200000
dump-mem: mem[0x90002330 +: 4] = 0x43100000
dump-mem: mem[0x90002334 +: 4] = 0xC2900000
dump-mem: mem[0x90002338 +: 4] = 0xC1000000
dump-mem: mem[0x9000233C +: 4] = 0x41800000
dump-mem: mem[0x90002340 +: 4] = 0x00000000
dump-mem: mem[0x90002344 +: 4] = 0x00000000
dump-mem: mem[0x90002348 +: 4] = 0x00000000
dump-mem: mem[0x9000234C +: 4] = 0x00000000
dump-mem: mem[0x90002350 +: 4] = 0x00000000
dump-mem: mem[0x90002354 +: 4] = 0x00000000
dump-mem: mem[0x90002358 +: 4] = 0x00000000
dump-mem: mem[0x9000235C +: 4] = 0x00000000
dump-mem: mem[0x90002360 +: 4] = 0x00000000
dump-mem: mem[0x90002364 +: 4] = 0x00000000
dump-mem: mem[0x90002368 +: 4] = 0x00000000
dump-mem: mem[0x9000236C +: 4] = 0x00000000
dump-mem: mem[0x90002370 +: 4] = 0x00000000
dump-mem: mem[0x90002374 +: 4] = 0x00000000
dump-mem: mem[0x90002378 +: 4] = 0x00000000
dump-mem: mem[0x9000237C +: 4] = 0x00000000
dump-mem: mem[0x90002380 +: 4] = 0x41C00000
dump-mem: mem[0x90002384 +: 4] = 0xC2800000
dump-mem: mem[0x90002388 +: 4] = 0x41000000
dump-mem: mem[0x9000238C +: 4] = 0xC2200000
dump-mem: mem[0x90002390 +: 4] = 0x41000000
dump-mem: mem[0x90002394 +: 4] = 0x41000000
dump-mem: mem[0x90002398 +: 4] = 0xC2900000
dump-mem: mem[0x9000239C +: 4] = 0x43000000
dump-mem: mem[0x900023A0 +: 4] = 0xC2800000
dump-mem: mem[0x900023A4 +: 4] = 0x41C00000
dump-mem: mem[0x900023A8 +: 4] = 0x42900000
dump-mem: mem[0x900023AC +: 4] = 0xC2200000
dump-mem: mem[0x900023B0 +: 4] = 0x43100000
dump-mem: mem[0x900023B4 +: 4] = 0xC2900000
dump-mem: mem[0x900023B8 +: 4] = 0xC1000000
dump-mem: mem[0x900023BC +: 4] = 0x41800000
dump-mem: mem[0x900023C0 +: 4] = 0x00000000
dump-mem: mem[0x900023C4 +: 4] = 0x00000000
dump-mem: mem[0x900023C8 +: 4] = 0x00000000
dump-mem: mem[0x900023CC +: 4] = 0x00000000
dump-mem: mem[0x900023D0 +: 4] = 0x00000000
dump-mem: mem[0x900023D4 +: 4] = 0x00000000
dump-mem: mem[0x900023D8 +: 4] = 0x00000000
dump-mem: mem[0x900023DC +: 4] = 0x00000000
dump-mem: mem[0x900023E0 +: 4] = 0x00000000
dump-mem: mem[0x900023E4 +: 4] = 0x00000000
dump-mem: mem[0x900023E8 +: 4] = 0x00000000
dump-mem: mem[0x900023EC +: 4] = 0x00000000
dump-mem: mem[0x900023F0 +: 4] = 0x00000000
dump-mem: mem[0x900023F4 +: 4] = 0x00000000
dump-mem: mem[0x900023F8 +: 4] = 0x00000000
dump-mem: mem[0x900023FC +: 4] = 0x00000000
[RTL     info]@58755 Simulation finished in 58755 unit time
- S i m u l a t i o n   R e p o r t: Verilator 5.049 devel
- Verilator: end at 59ns; walltime 23.194 s; speed 2.533 ns/s
- Verilator: cpu 92.523 s on 4 threads; allocated 583 MB
[RTL    debug]@58755 All snapshot process are cleared, OK
